Component: ARM Compiler 5.06 update 6 (build 750) Tool: armlink [4d35ed]

==============================================================================

Section Cross References

    app_can.o(i.app_Can_Init) refers to can_node.o(i.CAN_NODE_Init) for CAN_NODE_Init
    app_can.o(i.app_Can_Init) refers to can_node_conf.o(.constdata) for CAN_NODE_0
    app_dac.o(i.app_DacInit) refers to bsp_dac.o(i.bsp_DacInit) for bsp_DacInit
    app_dac.o(i.app_DacInit) refers to bsp_dac.o(i.bsp_DacSetValue) for bsp_DacSetValue
    app_dac.o(i.app_DacSetValue) refers to bsp_dac.o(i.bsp_DacSetValue) for bsp_DacSetValue
    app_dac.o(i.app_DacSetValue_da0) refers to bsp_dac.o(i.bsp_DacSetValue) for bsp_DacSetValue
    app_delay.o(i.app_DelayMs) refers to bsp_delay.o(i.bsp_DelayMs) for bsp_DelayMs
    app_delay.o(i.app_DelayUs) refers to bsp_delay.o(i.bsp_DelayUs) for bsp_DelayUs
    app_gpio.o(i.Control_DCT1) refers to app_gpio.o(i.XMC_GPIO_SetOutputLow) for XMC_GPIO_SetOutputLow
    app_gpio.o(i.Control_DCT1) refers to app_gpio.o(i.XMC_GPIO_SetOutputHigh) for XMC_GPIO_SetOutputHigh
    app_gpio.o(i.Control_DCT1) refers to app_gpio.o(i.XMC_GPIO_ToggleOutput) for XMC_GPIO_ToggleOutput
    app_gpio.o(i.Control_DCT2) refers to app_gpio.o(i.XMC_GPIO_SetOutputLow) for XMC_GPIO_SetOutputLow
    app_gpio.o(i.Control_DCT2) refers to app_gpio.o(i.XMC_GPIO_SetOutputHigh) for XMC_GPIO_SetOutputHigh
    app_gpio.o(i.Control_DCT2) refers to app_gpio.o(i.XMC_GPIO_ToggleOutput) for XMC_GPIO_ToggleOutput
    app_gpio.o(i.Control_QF1) refers to app_gpio.o(i.XMC_GPIO_SetOutputLow) for XMC_GPIO_SetOutputLow
    app_gpio.o(i.Control_QF1) refers to app_gpio.o(i.XMC_GPIO_SetOutputHigh) for XMC_GPIO_SetOutputHigh
    app_gpio.o(i.Control_QF1) refers to app_gpio.o(i.XMC_GPIO_ToggleOutput) for XMC_GPIO_ToggleOutput
    app_gpio.o(i.Control_QF2) refers to app_gpio.o(i.XMC_GPIO_SetOutputLow) for XMC_GPIO_SetOutputLow
    app_gpio.o(i.Control_QF2) refers to app_gpio.o(i.XMC_GPIO_SetOutputHigh) for XMC_GPIO_SetOutputHigh
    app_gpio.o(i.Control_QF2) refers to app_gpio.o(i.XMC_GPIO_ToggleOutput) for XMC_GPIO_ToggleOutput
    app_gpio.o(i.Control_QF3) refers to app_gpio.o(i.XMC_GPIO_SetOutputLow) for XMC_GPIO_SetOutputLow
    app_gpio.o(i.Control_QF3) refers to app_gpio.o(i.XMC_GPIO_SetOutputHigh) for XMC_GPIO_SetOutputHigh
    app_gpio.o(i.Control_QF3) refers to app_gpio.o(i.XMC_GPIO_ToggleOutput) for XMC_GPIO_ToggleOutput
    app_gpio.o(i.Control_QF4) refers to app_gpio.o(i.XMC_GPIO_SetOutputLow) for XMC_GPIO_SetOutputLow
    app_gpio.o(i.Control_QF4) refers to app_gpio.o(i.XMC_GPIO_SetOutputHigh) for XMC_GPIO_SetOutputHigh
    app_gpio.o(i.Control_QF4) refers to app_gpio.o(i.XMC_GPIO_ToggleOutput) for XMC_GPIO_ToggleOutput
    app_gpio.o(i.Control_QF5) refers to app_gpio.o(i.XMC_GPIO_SetOutputLow) for XMC_GPIO_SetOutputLow
    app_gpio.o(i.Control_QF5) refers to app_gpio.o(i.XMC_GPIO_SetOutputHigh) for XMC_GPIO_SetOutputHigh
    app_gpio.o(i.Control_QF5) refers to app_gpio.o(i.XMC_GPIO_ToggleOutput) for XMC_GPIO_ToggleOutput
    app_gpio.o(i.Get_Dig_DV) refers to app_gpio.o(i.XMC_GPIO_GetInput) for XMC_GPIO_GetInput
    app_gpio.o(i.Get_Dig_Err) refers to app_gpio.o(i.XMC_GPIO_GetInput) for XMC_GPIO_GetInput
    app_gpio.o(i.Get_Org_Senser) refers to app_gpio.o(i.XMC_GPIO_GetInput) for XMC_GPIO_GetInput
    app_flash.o(i.app_FlashRead) refers to bsp_flash.o(i.bsp_FlashRead) for bsp_FlashRead
    app_flash.o(i.app_FlashWrite_ParaQD) refers to bsp_flash.o(i.bsp_FlashWrite) for bsp_FlashWrite
    app_flash.o(i.app_FlashWrite_ParaZK) refers to bsp_flash.o(i.bsp_FlashWrite) for bsp_FlashWrite
    app_flash.o(i.app_Flash_ALLWrite_Para) refers to bsp_flash.o(i.bsp_FlashWrite) for bsp_FlashWrite
    app_spiflash.o(i.app_SpiFlashRead) refers to bsp_spiflash.o(i.bsp_SpiFlashReadBuffer) for bsp_SpiFlashReadBuffer
    app_spiflash.o(i.app_spiFlash_Write) refers to bsp_spiflash.o(i.bsp_SpiFlashWriteBuffer) for bsp_SpiFlashWriteBuffer
    app_spiflash.o(i.app_spiFlash_WritePara) refers to bsp_spiflash.o(i.bsp_SpiFlashWriteBuffer) for bsp_SpiFlashWriteBuffer
    app_spiflash.o(i.bsp_SpiFlashTest) refers to app_spiflash.o(i.app_spiFlash_WritePara) for app_spiFlash_WritePara
    app_spiflash.o(i.bsp_SpiFlashTest) refers to app_spiflash.o(i.app_SpiFlashRead) for app_SpiFlashRead
    app_init.o(i.System_Init) refers to bsp_scu.o(i.SCU_Config_Init) for SCU_Config_Init
    app_init.o(i.System_Init) refers to app_can.o(i.app_Can_Init) for app_Can_Init
    app_init.o(i.System_Init) refers to bsp_delay.o(i.bsp_DelayInit) for bsp_DelayInit
    app_init.o(i.System_Init) refers to bsp_gpio.o(i.SingleIo_Init) for SingleIo_Init
    app_init.o(i.System_Init) refers to bsp_adc.o(i.VADC_Config_Init) for VADC_Config_Init
    app_init.o(i.System_Init) refers to bsp_watch.o(i.bsp_Watch_Init) for bsp_Watch_Init
    app_init.o(i.System_Init) refers to bsp_rs485.o(i.bsp_Rs485Init) for bsp_Rs485Init
[...]
    GPIO_Input_config                        0x20000a70   Data          12  bsp_posif.o(.data)
    SLICE8_config                            0x20000a7c   Data          16  bsp_svpwm.o(.data)
    SLICE8_Stepconfig                        0x20000a8c   Data          16  bsp_svpwm.o(.data)
    SLICE8_dt_config                         0x20000a9c   Data          12  bsp_svpwm.o(.data)
    SLICE8_dt_config2                        0x20000aa8   Data          12  bsp_svpwm.o(.data)
    SLICE8_event0_config                     0x20000ab4   Data           4  bsp_svpwm.o(.data)
    TRAP_config                              0x20000ab8   Data           4  bsp_svpwm.o(.data)
    OUTPUT8_strong_sharp_config              0x20000abc   Data          12  bsp_svpwm.o(.data)
    OUTPUT8_strong_soft_config               0x20000ac8   Data          12  bsp_svpwm.o(.data)
    OUTPUT8_GPIO_config                      0x20000ad4   Data          12  bsp_svpwm.o(.data)
    OUTPUT8_STEPIO_config                    0x20000ae0   Data          12  bsp_svpwm.o(.data)
    OUTPUT8_Input_config                     0x20000aec   Data          12  bsp_svpwm.o(.data)
    StMTempadc                               0x20000afc   Data           4  all_globalvars.o(.data)
    Send_Data                                0x20000b00   Data           2  all_globalvars.o(.data)
    g_SPIRxBuffer                            0x20000b02   Data           6  all_globalvars.o(.data)
    ZeroAngle                                0x20000b08   Data           2  all_globalvars.o(.data)
    srch_phsflg                              0x20000b0a   Data           2  all_globalvars.o(.data)
    StepM1_SPWM_config                       0x20000b0c   Data          36  all_globalvars.o(.data)
    StepM1V                                  0x20000b30   Data         148  all_globalvars.o(.data)
    StepM1P                                  0x20000bc4   Data          60  all_globalvars.o(.data)
    motor1_FindStar                          0x20000c00   Data          14  all_globalvars.o(.data)
    g_IntCount1                              0x20000c10   Data           4  all_globalvars.o(.data)
    g_TimeRealOneStep1                       0x20000c14   Data           4  all_globalvars.o(.data)
    g_Wht_Step1                              0x20000c18   Data           4  all_globalvars.o(.data)
    g_Recive_Distance1                       0x20000c1c   Data           4  all_globalvars.o(.data)
    g_TotalOneDis1                           0x20000c20   Data           4  all_globalvars.o(.data)
    g_TotalDis1                              0x20000c24   Data           4  all_globalvars.o(.data)
    subsection1                              0x20000c28   Data           4  all_globalvars.o(.data)
    g_TemptC1                                0x20000c2c   Data           2  all_globalvars.o(.data)
    motorstopcount1                          0x20000c2e   Data           2  all_globalvars.o(.data)
    linkage                                  0x20000c30   Data           2  all_globalvars.o(.data)
    pattern_sta                              0x20000c32   Data           2  all_globalvars.o(.data)
    StopCount1                               0x20000c34   Data           4  all_globalvars.o(.data)
    g_ErrorFlag                              0x20000c38   Data           4  all_globalvars.o(.data)
    g_OneStepFlag1                           0x20000c3c   Data           1  all_globalvars.o(.data)
    brake_flagx                              0x20000c3d   Data           1  all_globalvars.o(.data)
    double_x                                 0x20000c3e   Data           2  all_globalvars.o(.data)
    remainx_step                             0x20000c40   Data           2  all_globalvars.o(.data)
    remain_temp                              0x20000c44   Data           4  all_globalvars.o(.data)
    reload_PidI_Kp                           0x20000c48   Data           4  all_globalvars.o(.data)
    xpattern_index                           0x20000c4c   Data           2  all_globalvars.o(.data)
    pattern_index_last                       0x20000c4e   Data           2  all_globalvars.o(.data)
    Holdtimer                                0x20000c50   Data           2  all_globalvars.o(.data)
    stepcurrent1                             0x20000c52   Data           2  all_globalvars.o(.data)
    g_Step1temp                              0x20000c54   Data           4  all_globalvars.o(.data)
    xstart_set                               0x20000c58   Data           2  all_globalvars.o(.data)
    Posarve1                                 0x20000c5a   Data           2  all_globalvars.o(.data)
    para                                     0x20000c5c   Data         120  all_globalvars.o(.data)
    g_StepMotor1                             0x20000cd4   Data         228  all_globalvars.o(.data)
    g_SpiMode                                0x20000db8   Data          24  all_globalvars.o(.data)
    g_SpiMode_m2temp1                        0x20000dd0   Data          24  all_globalvars.o(.data)
    g_PulseMode1                             0x20000de8   Data          16  all_globalvars.o(.data)
    g_MainQepData                            0x20000df8   Data          24  all_globalvars.o(.data)
    mainqep_test                             0x20000e10   Data           4  all_globalvars.o(.data)
    test1                                    0x20000e14   Data           2  all_globalvars.o(.data)
    axis_xnohold                             0x20000e16   Data           2  all_globalvars.o(.data)
    current_ratio                            0x20000e18   Data           2  all_globalvars.o(.data)
    g_Version                                0x20000e1a   Data           2  all_globalvars.o(.data)
    pattern_restart_index                    0x20000e1c   Data           2  all_globalvars.o(.data)
    pattern_restop_index                     0x20000e1e   Data           2  all_globalvars.o(.data)
    pattern_re_sta                           0x20000e20   Data           2  all_globalvars.o(.data)
    Poweron_flag                             0x20000e22   Data           2  all_globalvars.o(.data)
    jump_flag                                0x20000e24   Data           2  all_globalvars.o(.data)
    para_count                               0x20000e26   Data           2  all_globalvars.o(.data)
    m_p_ptr                                  0x20000e28   Data           4  all_globalvars.o(.data)
    Line_Transf                              0x20000e2c   Data           4  all_globalvars.o(.data)
    SLICE4_config                            0x20000e30   Data           8  bsp_ccu4.o(.data)
    capture4_config                          0x20000e38   Data           8  bsp_ccu4.o(.data)
    Count4_event0_config                     0x20000e40   Data           4  bsp_ccu4.o(.data)
    Direct4_event1_config                    0x20000e44   Data           4  bsp_ccu4.o(.data)
    Start4_event2_config                     0x20000e48   Data           4  bsp_ccu4.o(.data)
    count4speed_event0_config                0x20000e4c   Data           4  bsp_ccu4.o(.data)
    capture4_eventST_config                  0x20000e50   Data           4  bsp_ccu4.o(.data)
    capture4_eventA_config                   0x20000e54   Data           4  bsp_ccu4.o(.data)
    SLICE4_INPUT_config                      0x20000e58   Data          12  bsp_ccu4.o(.data)
    slice2_config                            0x20000e64   Data           8  bsp_ccu4.o(.data)
    g_time                                   0x20000e70   Data           4  mc_curve.o(.data)
    g_spd                                    0x20000e74   Data           4  mc_curve.o(.data)
    StepM_Posref                             0x20000e98   Data           4  mc_stamach.o(.data)
    uart_tx_buf                              0x20000e9c   Data         300  bsp_uart.o(.bss)
    rec1_buf                                 0x20000fc8   Data         300  bsp_uart.o(.bss)
    SPI_MASTER_0_MISO_Config                 0x200020f4   Data          20  spi_master_conf.o(.bss)
    pat_buf                                  0x20002108   Data       24004  sys_variable.o(.bss)
    SpeedRange                               0x20007ecc   Data          20  sys_variable.o(.bss)
    motor_para                               0x20007ee0   Data          10  sys_variable.o(.bss)
    svpara_buf                               0x20007eea   Data         100  sys_variable.o(.bss)
    svpara_disp_buf                          0x20007f4e   Data         256  sys_variable.o(.bss)
    ratio_array                              0x2000804e   Data          34  sys_variable.o(.bss)
    sys_para                                 0x20008070   Data         214  sys_variable.o(.bss)
    tra1_buf                                 0x20008146   Data         255  sys_variable.o(.bss)
    x_move_frame_para                        0x20008246   Data         200  sys_variable.o(.bss)
    y_move_frame_para                        0x2000830e   Data         200  sys_variable.o(.bss)
    ui_comm                                  0x200083d8   Data          16  sys_variable.o(.bss)
    _debug_buf_disp                          0x200083e8   Data          40  sys_variable.o(.bss)
    tra_buf                                  0x20008410   Data         301  communication.o(.bss)
    rec_buf                                  0x2000853d   Data         301  communication.o(.bss)
    send_command                             0x2000866a   Data         301  communication.o(.bss)
    ee                                       0x20008797   Data           9  initial.o(.bss)
    io_out_reflection_table                  0x200087a0   Data         512  io_function.o(.bss)
    io_in_reflection_table                   0x200089a0   Data         512  io_function.o(.bss)
    x_motor_handle                           0x20008ba0   Data         120  stepper_function.o(.bss)
    y_motor_handle                           0x20008c18   Data         120  stepper_function.o(.bss)
    z_motor_handle                           0x20008c90   Data         120  stepper_function.o(.bss)
    debug                                    0x20008d08   Data          12  debug.o(.bss)
    dma0_event_handlers                      0x20008d14   Data          32  xmc_dma.o(.bss)
    m1_p                                     0x20008d34   Data          20  mc_pmsm.o(.bss)
    pmsm1                                    0x20008d54   Data          68  mc_pmsm.o(.bss)
    timer_buf                                0x20008d98   Data          32  mc_pmsm.o(.bss)
    Pmsm1Z_pin_config                        0x20008db8   Data          12  bsp_posif.o(.bss)
    pattern_buf                              0x20008dc4   Data         400  all_globalvars.o(.bss)
    __libspace_start                         0x20008f54   Data          96  libspace.o(.bss)
    __temporary_stack_top$libspace           0x20008fb4   Data           0  libspace.o(.bss)
    SystemCoreClock                          0x2000ffc0   Data           4  system_xmc4400.o(.ARM.__AT_0x2000FFC0)
    g_chipid                                 0x2000ffc4   Data          16  system_xmc4400.o(.ARM.__AT_0x2000FFC4)
    g_hrpwm_char_data                        0x2000ffd4   Data          12  system_xmc4400.o(.ARM.__AT_0x2000FFD4)



==============================================================================

Memory Map of the image

  Image Entry point : 0x08000201

  Load Region LR_IROM1 (Base: 0x08000000, Size: 0x00024e44, Max: 0x00040000, ABSOLUTE, COMPRESSED[0x00024208])

    Execution Region ER_IROM1 (Exec base: 0x08000000, Load base: 0x08000000, Size: 0x00023fa8, Max: 0x00040000, ABSOLUTE)

    Exec Addr    Load Addr    Size         Type   Attr      Idx    E Section Name        Object

    0x08000000   0x08000000   0x00000200   Data   RO         3671    RESET               startup_xmc4402.o
    0x08000200   0x08000200   0x00000008   Code   RO         9196  * !!!main             c_w.l(__main.o)
    0x08000208   0x08000208   0x00000034   Code   RO         9412    !!!scatter          c_w.l(__scatter.o)
    0x0800023c   0x0800023c   0x0000005a   Code   RO         9410    !!dczerorl2         c_w.l(__dczerorl2.o)
    0x08000296   0x08000296   0x00000002   PAD
    0x08000298   0x08000298   0x0000001c   Code   RO         9414    !!handler_zi        c_w.l(__scatter_zi.o)
    0x080002b4   0x080002b4   0x00000002   Code   RO         9268    .ARM.Collect$$libinit$$00000000  c_w.l(libinit.o)
    0x080002b6   0x080002b6   0x00000004   Code   RO         9286    .ARM.Collect$$libinit$$00000001  c_w.l(libinit2.o)
    0x080002ba   0x080002ba   0x00000000   Code   RO         9289    .ARM.Collect$$libinit$$00000004  c_w.l(libinit2.o)
    0x080002ba   0x080002ba   0x00000000   Code   RO         9292    .ARM.Collect$$libinit$$0000000A  c_w.l(libinit2.o)
    0x080002ba   0x080002ba   0x00000000   Code   RO         9294    .ARM.Collect$$libinit$$0000000C  c_w.l(libinit2.o)
    0x080002ba   0x080002ba   0x00000000   Code   RO         9296    .ARM.Collect$$libinit$$0000000E  c_w.l(libinit2.o)
    0x080002ba   0x080002ba   0x00000000   Code   RO         9299    .ARM.Collect$$libinit$$00000011  c_w.l(libinit2.o)
    0x080002ba   0x080002ba   0x00000000   Code   RO         9301    .ARM.Collect$$libinit$$00000013  c_w.l(libinit2.o)
    0x080002ba   0x080002ba   0x00000000   Code   RO         9303    .ARM.Collect$$libinit$$00000015  c_w.l(libinit2.o)
    0x080002ba   0x080002ba   0x00000000   Code   RO         9305    .ARM.Collect$$libinit$$00000017  c_w.l(libinit2.o)
    0x080002ba   0x080002ba   0x00000000   Code   RO         9307    .ARM.Collect$$libinit$$00000019  c_w.l(libinit2.o)
    0x080002ba   0x080002ba   0x00000000   Code   RO         9309    .ARM.Collect$$libinit$$0000001B  c_w.l(libinit2.o)
    0x080002ba   0x080002ba   0x00000000   Code   RO         9311    .ARM.Collect$$libinit$$0000001D  c_w.l(libinit2.o)
    0x080002ba   0x080002ba   0x00000000   Code   RO         9313    .ARM.Collect$$libinit$$0000001F  c_w.l(libinit2.o)
    0x080002ba   0x080002ba   0x00000000   Code   RO         9315    .ARM.Collect$$libinit$$00000021  c_w.l(libinit2.o)
    0x080002ba   0x080002ba   0x00000000   Code   RO         9317    .ARM.Collect$$libinit$$00000023  c_w.l(libinit2.o)
    0x080002ba   0x080002ba   0x00000000   Code   RO         9319    .ARM.Collect$$libinit$$00000025  c_w.l(libinit2.o)
    0x080002ba   0x080002ba   0x00000000   Code   RO         9323    .ARM.Collect$$libinit$$0000002C  c_w.l(libinit2.o)
    0x080002ba   0x080002ba   0x00000000   Code   RO         9325    .ARM.Collect$$libinit$$0000002E  c_w.l(libinit2.o)
    0x080002ba   0x080002ba   0x00000000   Code   RO         9327    .ARM.Collect$$libinit$$00000030  c_w.l(libinit2.o)
    0x080002ba   0x080002ba   0x00000000   Code   RO         9329    .ARM.Collect$$libinit$$00000032  c_w.l(libinit2.o)
    0x080002ba   0x080002ba   0x00000002   Code   RO         9330    .ARM.Collect$$libinit$$00000033  c_w.l(libinit2.o)
    0x080002bc   0x080002bc   0x00000002   Code   RO         9360    .ARM.Collect$$libshutdown$$00000000  c_w.l(libshutdown.o)
    0x080002be   0x080002be   0x00000000   Code   RO         9377    .ARM.Collect$$libshutdown$$00000002  c_w.l(libshutdown2.o)
    0x080002be   0x080002be   0x00000000   Code   RO         9379    .ARM.Collect$$libshutdown$$00000004  c_w.l(libshutdown2.o)
    0x080002be   0x080002be   0x00000000   Code   RO         9382    .ARM.Collect$$libshutdown$$00000007  c_w.l(libshutdown2.o)
    0x080002be   0x080002be   0x00000000   Code   RO         9385    .ARM.Collect$$libshutdown$$0000000A  c_w.l(libshutdown2.o)
    0x080002be   0x080002be   0x00000000   Code   RO         9387    .ARM.Collect$$libshutdown$$0000000C  c_w.l(libshutdown2.o)
    0x080002be   0x080002be   0x00000000   Code   RO         9390    .ARM.Collect$$libshutdown$$0000000F  c_w.l(libshutdown2.o)
    0x080002be   0x080002be   0x00000002   Code   RO         9391    .ARM.Collect$$libshutdown$$00000010  c_w.l(libshutdown2.o)
    0x080002c0   0x080002c0   0x00000000   Code   RO         9214    .ARM.Collect$$rtentry$$00000000  c_w.l(__rtentry.o)
    0x080002c0   0x080002c0   0x00000000   Code   RO         9233    .ARM.Collect$$rtentry$$00000002  c_w.l(__rtentry2.o)
    0x080002c0   0x080002c0   0x00000006   Code   RO         9245    .ARM.Collect$$rtentry$$00000004  c_w.l(__rtentry4.o)
    0x080002c6   0x080002c6   0x00000000   Code   RO         9235    .ARM.Collect$$rtentry$$00000009  c_w.l(__rtentry2.o)
    0x080002c6   0x080002c6   0x00000004   Code   RO         9236    .ARM.Collect$$rtentry$$0000000A  c_w.l(__rtentry2.o)
    0x080002ca   0x080002ca   0x00000000   Code   RO         9238    .ARM.Collect$$rtentry$$0000000C  c_w.l(__rtentry2.o)
    0x080002ca   0x080002ca   0x00000008   Code   RO         9239    .ARM.Collect$$rtentry$$0000000D  c_w.l(__rtentry2.o)
    0x080002d2   0x080002d2   0x00000002   Code   RO         9278    .ARM.Collect$$rtexit$$00000000  c_w.l(rtexit.o)
    0x080002d4   0x080002d4   0x00000000   Code   RO         9332    .ARM.Collect$$rtexit$$00000002  c_w.l(rtexit2.o)
    0x080002d4   0x080002d4   0x00000004   Code   RO         9333    .ARM.Collect$$rtexit$$00000003  c_w.l(rtexit2.o)
    0x080002d8   0x080002d8   0x00000006   Code   RO         9334    .ARM.Collect$$rtexit$$00000004  c_w.l(rtexit2.o)
    0x080002de   0x080002de   0x00000002   PAD
    0x080002e0   0x080002e0   0x00000038   Code   RO         3672    .text               startup_xmc4402.o
    0x08000318   0x08000318   0x00000078   Code   RO         8921    .text               arm_cortexM4lf_math.lib(arm_cos_f32.o)
    0x08000390   0x08000390   0x00000094   Code   RO         8971    .text               arm_cortexM4lf_math.lib(arm_sin_f32.o)
    0x08000424   0x08000424   0x00000048   Code   RO         9184    .text               c_w.l(llsdiv.o)
    0x0800046c   0x0800046c   0x00000058   Code   RO         9186    .text               c_w.l(memcmp.o)
    0x080004c4   0x080004c4   0x0000008a   Code   RO         9188    .text               c_w.l(rt_memcpy_v6.o)
    0x0800054e   0x0800054e   0x00000064   Code   RO         9190    .text               c_w.l(rt_memcpy_w.o)
    0x080005b2   0x080005b2   0x0000004e   Code   RO         9192    .text               c_w.l(rt_memclr_w.o)
    0x08000600   0x08000600   0x00000006   Code   RO         9194    .text               c_w.l(heapauxi.o)
    0x08000606   0x08000606   0x000000ee   Code   RO         9215    .text               c_w.l(lludivv7m.o)
    0x080006f4   0x080006f4   0x0000004a   Code   RO         9257    .text               c_w.l(sys_stackheap_outer.o)
    0x0800073e   0x0800073e   0x00000012   Code   RO         9261    .text               c_w.l(exit.o)
    0x08000750   0x08000750   0x00000008   Code   RO         9275    .text               c_w.l(libspace.o)
    0x08000758   0x08000758   0x0000000c   Code   RO         9348    .text               c_w.l(sys_exit.o)
    0x08000764   0x08000764   0x00000002   Code   RO         9365    .text               c_w.l(use_no_semi.o)
    0x08000766   0x08000766   0x00000000   Code   RO         9367    .text               c_w.l(indicate_semi.o)
    0x08000766   0x08000766   0x00000002   PAD
    0x08000768   0x08000768   0x00000090   Code   RO         8747    _IQ10div            motor_drive.lib(IQNdiv.o)
    0x080007f8   0x080007f8   0x00000010   Code   RO         8837    _IQ10mpy            motor_drive.lib(IQNmpy.o)
    0x08000808   0x08000808   0x0000006c   Code   RO         9001    _IQ10sqrt           motor_drive.lib(IQNsqrt.o)
    0x08000874   0x08000874   0x00000090   Code   RO         8757    _IQ20div            motor_drive.lib(IQNdiv.o)
    0x08000904   0x08000904   0x00000010   Code   RO         8847    _IQ20mpy            motor_drive.lib(IQNmpy.o)
    0x08000914   0x08000914   0x00000018   Code   RO         8175    i.BackData_version  motor_drive.lib(app_spi.o)
    0x0800092c   0x0800092c   0x000000d8   Code   RO         1626    i.CAN_NODE_Init     can_node.o
    0x08000a04   0x08000a04   0x0000004c   Code   RO         1629    i.CAN_NODE_MO_Init  can_node.o
    0x08000a50   0x08000a50   0x0000004c   Code   RO         1634    i.CAN_NODE_SetNodeEvents  can_node.o
    0x08000a9c   0x08000a9c   0x0000003e   Code   RO         1635    i.CAN_NODE_SetNodePointer  can_node.o
    0x08000ada   0x08000ada   0x00000002   PAD
    0x08000adc   0x08000adc   0x000001b8   Code   RO         7574    i.CCU40_2_IRQHandler  motor_drive.lib(mc_pmsm.o)
    0x08000c94   0x08000c94   0x00000050   Code   RO         1881    i.CCU43_2_IRQHandler  watch.o
    0x08000ce4   0x08000ce4   0x00000298   Code   RO         8522    i.CCU4_Config_Init  motor_drive.lib(bsp_ccu4.o)
    0x08000f7c   0x08000f7c   0x000002f0   Code   RO         8313    i.CCU80_CC80_Config_Init  motor_drive.lib(bsp_svpwm.o)
    0x0800126c   0x0800126c   0x00000308   Code   RO         8608    i.CalculateCurve1   motor_drive.lib(mc_curve.o)
    0x08001574   0x08001574   0x00000178   Code   RO         8609    i.CalculateCurve_pattern1  motor_drive.lib(mc_curve.o)
    0x080016ec   0x080016ec   0x00000134   Code   RO         2905    i.Calculate_QuickMove_Time  step_motor_drv.o
    0x08001820   0x08001820   0x00000020   Code   RO         2045    i.ChangeX           action.o
    0x08001840   0x08001840   0x00000022   Code   RO         2046    i.ChangeY           action.o
    0x08001862   0x08001862   0x00000002   PAD
    0x08001864   0x08001864   0x00000034   Code   RO         8176    i.CheckOut          motor_drive.lib(app_spi.o)
    0x08001898   0x08001898   0x0000008c   Code   RO         7575    i.ERU0_0_IRQHandler  motor_drive.lib(mc_pmsm.o)
    0x08001924   0x08001924   0x000000dc   Code   RO         8148    i.Encoder_Capt      motor_drive.lib(app_stepposif.o)
    0x08001a00   0x08001a00   0x00000080   Code   RO         8177    i.ExtractionCurve   motor_drive.lib(app_spi.o)
    0x08001a80   0x08001a80   0x00000124   Code   RO         8577    i.Find_InitPos      motor_drive.lib(mc_config.o)
    0x08001ba4   0x08001ba4   0x00000164   Code   RO         8578    i.Find_StartPoint   motor_drive.lib(mc_config.o)
    0x08001d08   0x08001d08   0x00000068   Code   RO         7911    i.ForFunc           motor_drive.lib(motor_drive.o)
    0x08001d70   0x08001d70   0x0000001e   Code   RO         1784    i.GLOBAL_CAN_Init   global_can.o
    0x08001d8e   0x08001d8e   0x00000002   PAD
    0x08001d90   0x08001d90   0x00000010   Code   RO         1108    i.GPDMA0_0_IRQHandler  bsp_spiflash.o
    0x08001da0   0x08001da0   0x000000ec   Code   RO         8178    i.GetCurve          motor_drive.lib(app_spi.o)
    0x08001e8c   0x08001e8c   0x0000000c   Code   RO         7578    i.GetPmsm1Angle     motor_drive.lib(mc_pmsm.o)
    0x08001e98   0x08001e98   0x00000030   Code   RO         2047    i.GetPmsm1Angle_Adjust  action.o
    0x08001ec8   0x08001ec8   0x0000000c   Code   RO         7580    i.GetPmsm1SpeedRef  motor_drive.lib(mc_pmsm.o)
    0x08001ed4   0x08001ed4   0x00000008   Code   RO         7581    i.GetPmsm1Version   motor_drive.lib(mc_pmsm.o)
    0x08001edc   0x08001edc   0x00000020   Code   RO         7582    i.Install_MC_Int_Fun  motor_drive.lib(mc_pmsm.o)
    0x08001efc   0x08001efc   0x0000001e   Code   RO         2048    i.Judge_Quadrant    action.o
    0x08001f1a   0x08001f1a   0x00000040   Code   RO         1016    i.NVIC_EncodePriority  bsp_spibus.o
    0x08001f5a   0x08001f5a   0x00000002   PAD
    0x08001f5c   0x08001f5c   0x00000008   Code   RO         3679    i.OSCHP_GetFrequency  system_xmc4400.o
    0x08001f64   0x08001f64   0x000000e4   Code   RO         2049    i.PBP_Line          action.o
    0x08002048   0x08002048   0x000000ae   Code   RO         7584    i.Pid_calc          motor_drive.lib(mc_pmsm.o)
    0x080020f6   0x080020f6   0x00000002   PAD
    0x080020f8   0x080020f8   0x0000007c   Code   RO         7585    i.Pmsm1Control      motor_drive.lib(mc_pmsm.o)
    0x08002174   0x08002174   0x000000b0   Code   RO         7586    i.Pmsm1FindZero     motor_drive.lib(mc_pmsm.o)
    0x08002224   0x08002224   0x00000058   Code   RO         7587    i.Pmsm1Initial      motor_drive.lib(mc_pmsm.o)
    0x0800227c   0x0800227c   0x0000003c   Code   RO         7588    i.Pmsm1ParaAddSend  motor_drive.lib(mc_pmsm.o)
    0x080022b8   0x080022b8   0x00000018   Code   RO         7589    i.Pmsm1PowerOnWatch  motor_drive.lib(mc_pmsm.o)
    0x080022d0   0x080022d0   0x00000054   Code   RO         7590    i.Pmsm1RunningWatch  motor_drive.lib(mc_pmsm.o)
    0x08002324   0x08002324   0x0000000c   Code   RO         7591    i.Pmsm1TaskCheck    motor_drive.lib(mc_pmsm.o)
    0x08002330   0x08002330   0x0000000c   Code   RO         7592    i.Pmsm1_Run_State   motor_drive.lib(mc_pmsm.o)
    0x0800233c   0x0800233c   0x00000170   Code   RO         8268    i.Posif_Config_Init  motor_drive.lib(bsp_posif.o)
    0x080024ac   0x080024ac   0x00000038   Code   RO         8701    i.Quard_decode_check_false  motor_drive.lib(mc_stamach.o)
    0x080024e4   0x080024e4   0x00000010   Code   RO          786    i.Rs485_ReceiveEn   bsp_rs485.o
    0x080024f4   0x080024f4   0x00000010   Code   RO          787    i.Rs485_WriteEn     bsp_rs485.o
    0x08002504   0x08002504   0x00000274   Code   RO         8659    i.Run_move          motor_drive.lib(mc_driver.o)
    0x08002778   0x08002778   0x00000130   Code   RO         8660    i.Run_pattern       motor_drive.lib(mc_driver.o)
    0x080028a8   0x080028a8   0x000002e0   Code   RO         8661    i.Run_quick         motor_drive.lib(mc_driver.o)
    0x08002b88   0x08002b88   0x000001b0   Code   RO         8662    i.Run_step          motor_drive.lib(mc_driver.o)
    0x08002d38   0x08002d38   0x0000001c   Code   RO         1279    i.SCU_Config_Init   bsp_scu.o
    0x08002d54   0x08002d54   0x0000017c   Code   RO         1531    i.SPI_MASTER_0_lInit  spi_master_conf.o
    0x08002ed0   0x08002ed0   0x0000006a   Code   RO         1369    i.SPI_MASTER_Transfer  spi_master.o
    0x08002f3a   0x08002f3a   0x00000236   Code   RO         1374    i.SPI_MASTER_lReceivePolling  spi_master.o
    0x08003170   0x08003170   0x00000012   Code   RO         1377    i.SPI_MASTER_lStdRBUFFlush  spi_master.o
    0x08003182   0x08003182   0x00000002   PAD
    0x08003184   0x08003184   0x00000830   Code   RO         8065    i.SVPWM_t_calc      motor_drive.lib(app_svpwm.o)
    0x080039b4   0x080039b4   0x000000e8   Code   RO         2050    i.SewingReverse     action.o
    0x08003a9c   0x08003a9c   0x00000078   Code   RO         7912    i.SimulateSpiCmd    motor_drive.lib(motor_drive.o)
    0x08003b14   0x08003b14   0x0000010c   Code   RO          659    i.SingleIo_Init     bsp_gpio.o
    0x08003c20   0x08003c20   0x00000014   Code   RO         8066    i.Start_Pwm         motor_drive.lib(app_svpwm.o)
    0x08003c34   0x08003c34   0x00000014   Code   RO         8468    i.Start_StepPwm     motor_drive.lib(app_stepwm.o)
    0x08003c48   0x08003c48   0x000000ec   Code   RO         8414    i.StepContrl        motor_drive.lib(mc_step.o)
    0x08003d34   0x08003d34   0x00000064   Code   RO         8610    i.StepLoop_Init     motor_drive.lib(mc_curve.o)
    0x08003d98   0x08003d98   0x000000c0   Code   RO         8612    i.StepLoop_Init_reload  motor_drive.lib(mc_curve.o)
    0x08003e58   0x08003e58   0x0000022c   Code   RO         8702    i.StepLoop_Update_close  motor_drive.lib(mc_stamach.o)
    0x08004084   0x08004084   0x000001a6   Code   RO         8372    i.StepM_CurCtrl     motor_drive.lib(mc_control.o)
    0x0800422a   0x0800422a   0x00000002   PAD
    0x0800422c   0x0800422c   0x000001e0   Code   RO         8373    i.StepM_Para_init   motor_drive.lib(mc_control.o)
    0x0800440c   0x0800440c   0x00000072   Code   RO         8374    i.StepM_PosCtrl     motor_drive.lib(mc_control.o)
    0x0800447e   0x0800447e   0x00000002   PAD
    0x08004480   0x08004480   0x00000250   Code   RO         8469    i.StepM_SPWM_calc   motor_drive.lib(app_stepwm.o)
    0x080046d0   0x080046d0   0x000000b6   Code   RO         8375    i.StepM_SpdCtrl     motor_drive.lib(mc_control.o)
    0x08004786   0x08004786   0x00000002   PAD
    0x08004788   0x08004788   0x0000000c   Code   RO         7913    i.StepMotor1CurveBind  motor_drive.lib(motor_drive.o)
    0x08004794   0x08004794   0x00000024   Code   RO         7914    i.StepMotor1ParamBind  motor_drive.lib(motor_drive.o)
    0x080047b8   0x080047b8   0x00000048   Code   RO         8470    i.StepPwm_Update    motor_drive.lib(app_stepwm.o)
    0x08004800   0x08004800   0x00000090   Code   RO         8067    i.Stop_Pwm          motor_drive.lib(app_svpwm.o)
    0x08004890   0x08004890   0x00000058   Code   RO         8471    i.Stop_StepPwm      motor_drive.lib(app_stepwm.o)
    0x080048e8   0x080048e8   0x00000844   Code   RO         8703    i.Stp_StaMach       motor_drive.lib(mc_stamach.o)
    0x0800512c   0x0800512c   0x00000058   Code   RO         8068    i.Svpwm_Update      motor_drive.lib(app_svpwm.o)
    0x08005184   0x08005184   0x00000114   Code   RO         1882    i.Sys_Watch         watch.o
    0x08005298   0x08005298   0x00000214   Code   RO         3680    i.SystemCoreClockSetup  system_xmc4400.o
    0x080054ac   0x080054ac   0x000000a4   Code   RO         3681    i.SystemCoreClockUpdate  system_xmc4400.o
    0x08005550   0x08005550   0x00000058   Code   RO         3682    i.SystemCoreSetup   system_xmc4400.o
    0x080055a8   0x080055a8   0x0000002c   Code   RO         3683    i.SystemInit        system_xmc4400.o
    0x080055d4   0x080055d4   0x00000070   Code   RO          445    i.System_Init       app_init.o
    0x08005644   0x08005644   0x0000005c   Code   RO         2671    i.USIC0_0_IRQHandler  communication.o
    0x080056a0   0x080056a0   0x00000018   Code   RO         2672    i.USIC0_1_IRQHandler  communication.o
    0x080056b8   0x080056b8   0x00000002   Code   RO         1532    i.USIC0_3_IRQHandler  spi_master_conf.o
    0x080056ba   0x080056ba   0x00000002   Code   RO         1533    i.USIC0_5_IRQHandler  spi_master_conf.o
    0x080056bc   0x080056bc   0x00000002   Code   RO          879    i.USIC1_3_IRQHandler  bsp_uart.o
    0x080056be   0x080056be   0x00000002   PAD
    0x080056c0   0x080056c0   0x0000006c   Code   RO          880    i.USIC1_4_IRQHandler  bsp_uart.o
    0x0800572c   0x0800572c   0x00000048   Code   RO         3583    i.Us100_Int_Hook    debug.o
    0x08005774   0x08005774   0x00000002   Code   RO         3584    i.Us500_Int_Hook    debug.o
    0x08005776   0x08005776   0x00000002   PAD
    0x08005778   0x08005778   0x00000200   Code   RO         7251    i.VADC0_G0_0_IRQHandler  motor_drive.lib(app_adc.o)
    0x08005978   0x08005978   0x00000224   Code   RO         7504    i.VADC_Config_Init  motor_drive.lib(bsp_adc.o)
    0x08005b9c   0x08005b9c   0x0000003e   Code   RO         3793    i.XMC_CAN_AllocateMOtoNodeList  xmc_can.o
    0x08005bda   0x08005bda   0x00000002   PAD
    0x08005bdc   0x08005bdc   0x0000002c   Code   RO         3795    i.XMC_CAN_Enable    xmc_can.o
    0x08005c08   0x08005c08   0x000000ba   Code   RO         3797    i.XMC_CAN_Init      xmc_can.o
    0x08005cc2   0x08005cc2   0x00000002   PAD
    0x08005cc4   0x08005cc4   0x000000b8   Code   RO         3798    i.XMC_CAN_MO_Config  xmc_can.o
    0x08005d7c   0x08005d7c   0x0000000c   Code   RO         1636    i.XMC_CAN_MO_EnableEvent  can_node.o
    0x08005d88   0x08005d88   0x00000018   Code   RO         1637    i.XMC_CAN_MO_SetEventNodePointer  can_node.o
    0x08005da0   0x08005da0   0x0000003c   Code   RO         3806    i.XMC_CAN_MO_UpdateData  xmc_can.o
    0x08005ddc   0x08005ddc   0x00000016   Code   RO         3808    i.XMC_CAN_NODE_EnableEvent  xmc_can.o
    0x08005df2   0x08005df2   0x00000144   Code   RO         3809    i.XMC_CAN_NODE_NominalBitTimeConfigure  xmc_can.o
    0x08005f36   0x08005f36   0x00000014   Code   RO         1638    i.XMC_CAN_NODE_SetEventNodePointer  can_node.o
    0x08005f4a   0x08005f4a   0x0000000c   Code   RO         8523    i.XMC_CCU4_EnableClock  motor_drive.lib(bsp_ccu4.o)
    0x08005f56   0x08005f56   0x00000002   PAD
    0x08005f58   0x08005f58   0x00000094   Code   RO         3946    i.XMC_CCU4_EnableModule  xmc_ccu4.o
    0x08005fec   0x08005fec   0x00000004   Code   RO         8524    i.XMC_CCU4_EnableShadowTransfer  motor_drive.lib(bsp_ccu4.o)
    0x08005ff0   0x08005ff0   0x00000026   Code   RO         3948    i.XMC_CCU4_Init     xmc_ccu4.o
    0x08006016   0x08006016   0x00000010   Code   RO         3949    i.XMC_CCU4_SLICE_Capture0Config  xmc_ccu4.o
    0x08006026   0x08006026   0x00000010   Code   RO         3950    i.XMC_CCU4_SLICE_Capture1Config  xmc_ccu4.o
    0x08006036   0x08006036   0x00000020   Code   RO         3951    i.XMC_CCU4_SLICE_CaptureInit  xmc_ccu4.o
    0x08006056   0x08006056   0x00000010   Code   RO         1306    i.XMC_CCU4_SLICE_ClearEvent  bsp_delay.o
    0x08006066   0x08006066   0x00000030   Code   RO         3952    i.XMC_CCU4_SLICE_CompareInit  xmc_ccu4.o
    0x08006096   0x08006096   0x0000005e   Code   RO         3953    i.XMC_CCU4_SLICE_ConfigureEvent  xmc_ccu4.o
    0x080060f4   0x080060f4   0x00000010   Code   RO         3955    i.XMC_CCU4_SLICE_CountConfig  xmc_ccu4.o
    0x08006104   0x08006104   0x00000010   Code   RO         3956    i.XMC_CCU4_SLICE_DirectionConfig  xmc_ccu4.o
    0x08006114   0x08006114   0x0000000c   Code   RO         3959    i.XMC_CCU4_SLICE_GetCaptureRegisterValue  xmc_ccu4.o
    0x08006120   0x08006120   0x00000016   Code   RO         1307    i.XMC_CCU4_SLICE_GetEvent  bsp_delay.o
    0x08006136   0x08006136   0x00000056   Code   RO         3964    i.XMC_CCU4_SLICE_SetInterruptNode  xmc_ccu4.o
    0x0800618c   0x0800618c   0x00000004   Code   RO         8525    i.XMC_CCU4_SLICE_SetTimerCompareMatch  motor_drive.lib(bsp_ccu4.o)
    0x08006190   0x08006190   0x00000016   Code   RO         3967    i.XMC_CCU4_SLICE_SetTimerCountingMode  xmc_ccu4.o
    0x080061a6   0x080061a6   0x00000004   Code   RO         8526    i.XMC_CCU4_SLICE_SetTimerPeriodMatch  motor_drive.lib(bsp_ccu4.o)
    0x080061aa   0x080061aa   0x00000004   Code   RO         1308    i.XMC_CCU4_SLICE_SetTimerValue  bsp_delay.o
    0x080061ae   0x080061ae   0x00000006   Code   RO         8269    i.XMC_CCU4_SLICE_StartTimer  motor_drive.lib(bsp_posif.o)
    0x080061b4   0x080061b4   0x00000010   Code   RO         3973    i.XMC_CCU4_SetModuleClock  xmc_ccu4.o
    0x080061c4   0x080061c4   0x0000000a   Code   RO         8527    i.XMC_CCU4_StartPrescaler  motor_drive.lib(bsp_ccu4.o)
    0x080061ce   0x080061ce   0x0000000c   Code   RO         8314    i.XMC_CCU8_EnableClock  motor_drive.lib(bsp_svpwm.o)
    0x080061da   0x080061da   0x00000002   PAD
    0x080061dc   0x080061dc   0x00000050   Code   RO         4147    i.XMC_CCU8_EnableModule  xmc_ccu8.o
    0x0800622c   0x0800622c   0x00000004   Code   RO         8069    i.XMC_CCU8_EnableShadowTransfer  motor_drive.lib(app_svpwm.o)
    0x08006230   0x08006230   0x00000004   Code   RO         8315    i.XMC_CCU8_EnableShadowTransfer  motor_drive.lib(bsp_svpwm.o)
    0x08006234   0x08006234   0x00000004   Code   RO         8472    i.XMC_CCU8_EnableShadowTransfer  motor_drive.lib(app_stepwm.o)
    0x08006238   0x08006238   0x00000026   Code   RO         4149    i.XMC_CCU8_Init     xmc_ccu8.o
    0x0800625e   0x0800625e   0x0000003c   Code   RO         4153    i.XMC_CCU8_SLICE_CompareInit  xmc_ccu8.o
    0x0800629a   0x0800629a   0x0000005e   Code   RO         4155    i.XMC_CCU8_SLICE_ConfigureEvent  xmc_ccu8.o
    0x080062f8   0x080062f8   0x0000000e   Code   RO         4159    i.XMC_CCU8_SLICE_DeadTimeInit  xmc_ccu8.o
    0x08006306   0x08006306   0x0000005e   Code   RO         4172    i.XMC_CCU8_SLICE_SetInterruptNode  xmc_ccu8.o
    0x08006364   0x08006364   0x00000016   Code   RO         8316    i.XMC_CCU8_SLICE_SetShadowTransferMode  motor_drive.lib(bsp_svpwm.o)
    0x0800637a   0x0800637a   0x0000000a   Code   RO         4176    i.XMC_CCU8_SLICE_SetTimerCompareMatch  xmc_ccu8.o
    0x08006384   0x08006384   0x00000004   Code   RO         4178    i.XMC_CCU8_SLICE_SetTimerPeriodMatch  xmc_ccu8.o
    0x08006388   0x08006388   0x00000024   Code   RO         4180    i.XMC_CCU8_SLICE_StartConfig  xmc_ccu8.o
    0x080063ac   0x080063ac   0x00000010   Code   RO         4184    i.XMC_CCU8_SetModuleClock  xmc_ccu8.o
    0x080063bc   0x080063bc   0x0000000a   Code   RO         8317    i.XMC_CCU8_StartPrescaler  motor_drive.lib(bsp_svpwm.o)
    0x080063c6   0x080063c6   0x0000003e   Code   RO         4485    i.XMC_DAC_CH_Init   xmc_dac.o
    0x08006404   0x08006404   0x0000003e   Code   RO         4486    i.XMC_DAC_CH_SetFrequency  xmc_dac.o
    0x08006442   0x08006442   0x00000016   Code   RO         4487    i.XMC_DAC_CH_SetMode  xmc_dac.o
    0x08006458   0x08006458   0x0000001a   Code   RO         4490    i.XMC_DAC_CH_SetTrigger  xmc_dac.o
    0x08006472   0x08006472   0x00000044   Code   RO         4491    i.XMC_DAC_CH_StartDataMode  xmc_dac.o
    0x080064b6   0x080064b6   0x00000002   PAD
    0x080064b8   0x080064b8   0x00000018   Code   RO         4497    i.XMC_DAC_Enable    xmc_dac.o
    0x080064d0   0x080064d0   0x00000026   Code   RO         4589    i.XMC_DMA_CH_ClearEventStatus  xmc_dma.o
    0x080064f6   0x080064f6   0x0000000c   Code   RO         1109    i.XMC_DMA_CH_Enable  bsp_spiflash.o
    0x08006502   0x08006502   0x00000028   Code   RO         4599    i.XMC_DMA_CH_EnableEvent  xmc_dma.o
    0x0800652a   0x0800652a   0x00000002   PAD
    0x0800652c   0x0800652c   0x00000324   Code   RO         4603    i.XMC_DMA_CH_Init   xmc_dma.o
    0x08006850   0x08006850   0x00000016   Code   RO         4604    i.XMC_DMA_CH_IsEnabled  xmc_dma.o
    0x08006866   0x08006866   0x00000010   Code   RO         1110    i.XMC_DMA_CH_SetBlockSize  bsp_spiflash.o
    0x08006876   0x08006876   0x00000010   Code   RO         1111    i.XMC_DMA_CH_SetDestinationAddress  bsp_spiflash.o
    0x08006886   0x08006886   0x00000002   PAD
    0x08006888   0x08006888   0x0000000c   Code   RO         4608    i.XMC_DMA_CH_SetEventHandler  xmc_dma.o
    0x08006894   0x08006894   0x0000000e   Code   RO         1112    i.XMC_DMA_CH_SetSourceAddress  bsp_spiflash.o
    0x080068a2   0x080068a2   0x00000002   PAD
    0x080068a4   0x080068a4   0x0000001c   Code   RO         4616    i.XMC_DMA_Enable    xmc_dma.o
    0x080068c0   0x080068c0   0x00000038   Code   RO         4617    i.XMC_DMA_EnableRequestLine  xmc_dma.o
    0x080068f8   0x080068f8   0x00000148   Code   RO         4619    i.XMC_DMA_IRQHandler  xmc_dma.o
    0x08006a40   0x08006a40   0x0000000c   Code   RO         4620    i.XMC_DMA_Init      xmc_dma.o
    0x08006a4c   0x08006a4c   0x0000003c   Code   RO         4621    i.XMC_DMA_IsEnabled  xmc_dma.o
    0x08006a88   0x08006a88   0x0000002e   Code   RO         4951    i.XMC_ERU_ETL_Init  xmc_eru.o
    0x08006ab6   0x08006ab6   0x00000002   PAD
    0x08006ab8   0x08006ab8   0x00000020   Code   RO         6157    i.XMC_ERU_Enable    xmc4_eru.o
    0x08006ad8   0x08006ad8   0x0000001a   Code   RO         4960    i.XMC_ERU_OGU_Init  xmc_eru.o
    0x08006af2   0x08006af2   0x0000000c   Code   RO         1884    i.XMC_GPIO_GetInput  watch.o
    0x08006afe   0x08006afe   0x0000000c   Code   RO         3293    i.XMC_GPIO_GetInput  io_function.o
    0x08006b0a   0x08006b0a   0x0000000c   Code   RO         7595    i.XMC_GPIO_GetInput  motor_drive.lib(mc_pmsm.o)
    0x08006b16   0x08006b16   0x0000000c   Code   RO         8179    i.XMC_GPIO_GetInput  motor_drive.lib(app_spi.o)
    0x08006b22   0x08006b22   0x0000000c   Code   RO         3294    i.XMC_GPIO_GetOutput  io_function.o
    0x08006b2e   0x08006b2e   0x00000002   PAD
    0x08006b30   0x08006b30   0x000000b0   Code   RO         6354    i.XMC_GPIO_Init     xmc4_gpio.o
    0x08006be0   0x08006be0   0x00000008   Code   RO          788    i.XMC_GPIO_SetOutputHigh  bsp_rs485.o
    0x08006be8   0x08006be8   0x00000008   Code   RO         3295    i.XMC_GPIO_SetOutputLevel  io_function.o
    0x08006bf0   0x08006bf0   0x0000000a   Code   RO          446    i.XMC_GPIO_SetOutputLow  app_init.o
    0x08006bfa   0x08006bfa   0x0000000a   Code   RO          789    i.XMC_GPIO_SetOutputLow  bsp_rs485.o
    0x08006c04   0x08006c04   0x0000000a   Code   RO         7596    i.XMC_GPIO_SetOutputLow  motor_drive.lib(mc_pmsm.o)
    0x08006c0e   0x08006c0e   0x0000000a   Code   RO         3296    i.XMC_GPIO_ToggleOutput  io_function.o
    0x08006c18   0x08006c18   0x0000003c   Code   RO         5293    i.XMC_POSIF_Enable  xmc_posif.o
    0x08006c54   0x08006c54   0x0000001a   Code   RO         5295    i.XMC_POSIF_Init    xmc_posif.o
    0x08006c6e   0x08006c6e   0x00000028   Code   RO         5297    i.XMC_POSIF_QD_Init  xmc_posif.o
    0x08006c96   0x08006c96   0x00000002   PAD
    0x08006c98   0x08006c98   0x00000018   Code   RO         6469    i.XMC_SCU_CLOCK_DisableSystemPll  xmc4_scu.o
    0x08006cb0   0x08006cb0   0x0000000c   Code   RO         6471    i.XMC_SCU_CLOCK_EnableClock  xmc4_scu.o
    0x08006cbc   0x08006cbc   0x00000048   Code   RO         6472    i.XMC_SCU_CLOCK_EnableHighPerformanceOscillator  xmc4_scu.o
    0x08006d04   0x08006d04   0x0000006c   Code   RO         6474    i.XMC_SCU_CLOCK_EnableLowPowerOscillator  xmc4_scu.o
    0x08006d70   0x08006d70   0x00000018   Code   RO         6476    i.XMC_SCU_CLOCK_EnableSystemPll  xmc4_scu.o
    0x08006d88   0x08006d88   0x0000001c   Code   RO         6483    i.XMC_SCU_CLOCK_GetPeripheralClockFrequency  xmc4_scu.o
    0x08006da4   0x08006da4   0x000000a0   Code   RO         6490    i.XMC_SCU_CLOCK_Init  xmc4_scu.o
    0x08006e44   0x08006e44   0x0000001c   Code   RO         6492    i.XMC_SCU_CLOCK_IsHighPerformanceOscillatorStable  xmc4_scu.o
    0x08006e60   0x08006e60   0x00000010   Code   RO         6493    i.XMC_SCU_CLOCK_IsLowPowerOscillatorStable  xmc4_scu.o
    0x08006e70   0x08006e70   0x00000024   Code   RO         6494    i.XMC_SCU_CLOCK_IsPeripheralClockGated  xmc4_scu.o
    0x08006e94   0x08006e94   0x0000003c   Code   RO         6497    i.XMC_SCU_CLOCK_SetBackupClockCalibrationMode  xmc4_scu.o
    0x08006ed0   0x08006ed0   0x00000018   Code   RO         6498    i.XMC_SCU_CLOCK_SetCcuClockDivider  xmc4_scu.o
    0x08006ee8   0x08006ee8   0x00000018   Code   RO         6499    i.XMC_SCU_CLOCK_SetCpuClockDivider  xmc4_scu.o
    0x08006f00   0x08006f00   0x00000018   Code   RO         6502    i.XMC_SCU_CLOCK_SetPeripheralClockDivider  xmc4_scu.o
    0x08006f18   0x08006f18   0x00000018   Code   RO         6503    i.XMC_SCU_CLOCK_SetSystemClockDivider  xmc4_scu.o
    0x08006f30   0x08006f30   0x00000014   Code   RO         6504    i.XMC_SCU_CLOCK_SetSystemClockSource  xmc4_scu.o
    0x08006f44   0x08006f44   0x00000028   Code   RO         6505    i.XMC_SCU_CLOCK_SetSystemPllClockSource  xmc4_scu.o
    0x08006f6c   0x08006f6c   0x00000134   Code   RO         6510    i.XMC_SCU_CLOCK_StartSystemPll  xmc4_scu.o
    0x080070a0   0x080070a0   0x00000058   Code   RO         6511    i.XMC_SCU_CLOCK_StartUsbPll  xmc4_scu.o
    0x080070f8   0x080070f8   0x00000024   Code   RO         6512    i.XMC_SCU_CLOCK_StepSystemPllFrequency  xmc4_scu.o
    0x0800711c   0x0800711c   0x00000018   Code   RO         6515    i.XMC_SCU_CLOCK_UngatePeripheralClock  xmc4_scu.o
    0x08007134   0x08007134   0x0000004c   Code   RO         6528    i.XMC_SCU_HIB_EnableHibernateDomain  xmc4_scu.o
    0x08007180   0x08007180   0x0000002c   Code   RO         6545    i.XMC_SCU_HIB_SetRtcClockSource  xmc4_scu.o
    0x080071ac   0x080071ac   0x0000002c   Code   RO         6548    i.XMC_SCU_HIB_SetStandbyClockSource  xmc4_scu.o
    0x080071d8   0x080071d8   0x00000018   Code   RO         6576    i.XMC_SCU_RESET_DeassertPeripheralReset  xmc4_scu.o
    0x080071f0   0x080071f0   0x00000024   Code   RO         6577    i.XMC_SCU_RESET_IsPeripheralResetAsserted  xmc4_scu.o
    0x08007214   0x08007214   0x0000002c   Code   RO         6590    i.XMC_SCU_lDelay    xmc4_scu.o
    0x08007240   0x08007240   0x00000008   Code   RO         1379    i.XMC_SPI_CH_ClearStatusFlag  spi_master.o
    0x08007248   0x08007248   0x00000008   Code   RO         5056    i.XMC_SPI_CH_ClearStatusFlag  xmc_spi.o
    0x08007250   0x08007250   0x0000001a   Code   RO         5057    i.XMC_SPI_CH_DisableEvent  xmc_spi.o
    0x0800726a   0x0800726a   0x00000016   Code   RO         5058    i.XMC_SPI_CH_DisableSlaveSelect  xmc_spi.o
    0x08007280   0x08007280   0x0000001a   Code   RO         5059    i.XMC_SPI_CH_EnableEvent  xmc_spi.o
    0x0800729a   0x0800729a   0x00000010   Code   RO         5060    i.XMC_SPI_CH_EnableSlaveSelect  xmc_spi.o
    0x080072aa   0x080072aa   0x0000001a   Code   RO         5061    i.XMC_SPI_CH_GetReceivedData  xmc_spi.o
    0x080072c4   0x080072c4   0x00000040   Code   RO         5062    i.XMC_SPI_CH_Init   xmc_spi.o
    0x08007304   0x08007304   0x0000000a   Code   RO         1113    i.XMC_SPI_CH_SetTransmitMode  bsp_spiflash.o
    0x0800730e   0x0800730e   0x0000000a   Code   RO         1381    i.XMC_SPI_CH_SetTransmitMode  spi_master.o
    0x08007318   0x08007318   0x0000001a   Code   RO         5494    i.XMC_UART_CH_GetReceivedData  xmc_uart.o
    0x08007332   0x08007332   0x00000074   Code   RO         5495    i.XMC_UART_CH_Init  xmc_uart.o
    0x080073a6   0x080073a6   0x0000002c   Code   RO         5498    i.XMC_UART_CH_Transmit  xmc_uart.o
    0x080073d2   0x080073d2   0x00000002   PAD
    0x080073d4   0x080073d4   0x00000058   Code   RO         5557    i.XMC_USIC_CH_Enable  xmc_usic.o
    0x0800742c   0x0800742c   0x00000008   Code   RO          790    i.XMC_USIC_CH_EnableEvent  bsp_rs485.o
    0x08007434   0x08007434   0x00000008   Code   RO          881    i.XMC_USIC_CH_EnableEvent  bsp_uart.o
    0x0800743c   0x0800743c   0x0000000a   Code   RO         1382    i.XMC_USIC_CH_GetReceiveBufferStatus  spi_master.o
    0x08007446   0x08007446   0x0000000a   Code   RO         1383    i.XMC_USIC_CH_GetTransmitBufferStatus  spi_master.o
    0x08007450   0x08007450   0x00000030   Code   RO         5558    i.XMC_USIC_CH_RXFIFO_Configure  xmc_usic.o
    0x08007480   0x08007480   0x0000000c   Code   RO         1384    i.XMC_USIC_CH_RXFIFO_IsEmpty  spi_master.o
    0x0800748c   0x0800748c   0x00000018   Code   RO         5559    i.XMC_USIC_CH_RXFIFO_SetInterruptNodePointer  xmc_usic.o
    0x080074a4   0x080074a4   0x00000098   Code   RO         5561    i.XMC_USIC_CH_SetBaudrate  xmc_usic.o
    0x0800753c   0x0800753c   0x00000014   Code   RO         5562    i.XMC_USIC_CH_SetInterruptNodePointer  xmc_usic.o
    0x08007550   0x08007550   0x0000002c   Code   RO         5563    i.XMC_USIC_CH_TXFIFO_Configure  xmc_usic.o
    0x0800757c   0x0800757c   0x0000000a   Code   RO         1386    i.XMC_USIC_CH_TXFIFO_PutDataHPCMode  spi_master.o
    0x08007586   0x08007586   0x00000018   Code   RO         5564    i.XMC_USIC_CH_TXFIFO_SetInterruptNodePointer  xmc_usic.o
    0x0800759e   0x0800759e   0x0000000a   Code   RO         1387    i.XMC_USIC_CH_WriteToTBUFTCI  spi_master.o
    0x080075a8   0x080075a8   0x00000038   Code   RO         5567    i.XMC_USIC_Enable   xmc_usic.o
    0x080075e0   0x080075e0   0x00000010   Code   RO         5663    i.XMC_VADC_GLOBAL_EnableModule  xmc_vadc.o
    0x080075f0   0x080075f0   0x00000032   Code   RO         5665    i.XMC_VADC_GLOBAL_Init  xmc_vadc.o
    0x08007622   0x08007622   0x00000002   PAD
    0x08007624   0x08007624   0x0000003c   Code   RO         5671    i.XMC_VADC_GLOBAL_StartupCalibration  xmc_vadc.o
    0x08007660   0x08007660   0x00000076   Code   RO         5676    i.XMC_VADC_GROUP_ChannelInit  xmc_vadc.o
    0x080076d6   0x080076d6   0x0000000e   Code   RO         7252    i.XMC_VADC_GROUP_GetResult  motor_drive.lib(app_adc.o)
    0x080076e4   0x080076e4   0x00000092   Code   RO         5692    i.XMC_VADC_GROUP_Init  xmc_vadc.o
    0x08007776   0x08007776   0x0000006e   Code   RO         5693    i.XMC_VADC_GROUP_InputClassInit  xmc_vadc.o
    0x080077e4   0x080077e4   0x0000000e   Code   RO         5697    i.XMC_VADC_GROUP_QueueDisableArbitrationSlot  xmc_vadc.o
    0x080077f2   0x080077f2   0x0000006c   Code   RO         5701    i.XMC_VADC_GROUP_QueueInit  xmc_vadc.o
    0x0800785e   0x0800785e   0x0000000a   Code   RO         7505    i.XMC_VADC_GROUP_QueueInsertChannel  motor_drive.lib(bsp_adc.o)
    0x08007868   0x08007868   0x00000012   Code   RO         5706    i.XMC_VADC_GROUP_QueueSetReqSrcEventInterruptNode  xmc_vadc.o
    0x0800787a   0x0800787a   0x0000000e   Code   RO         7506    i.XMC_VADC_GROUP_ResultInit  motor_drive.lib(bsp_adc.o)
    0x08007888   0x08007888   0x00000012   Code   RO         5720    i.XMC_VADC_GROUP_SetPowerMode  xmc_vadc.o
    0x0800789a   0x0800789a   0x00000002   Code   RO         3585    i.Z_Int_Hook        debug.o
    0x0800789c   0x0800789c   0x0000001a   Code   RO          791    i.__NVIC_EnableIRQ  bsp_rs485.o
    0x080078b6   0x080078b6   0x0000001a   Code   RO          882    i.__NVIC_EnableIRQ  bsp_uart.o
    0x080078d0   0x080078d0   0x0000001a   Code   RO         1017    i.__NVIC_EnableIRQ  bsp_spibus.o
    0x080078ea   0x080078ea   0x00000002   PAD
    0x080078ec   0x080078ec   0x00000010   Code   RO         1018    i.__NVIC_GetPriorityGrouping  bsp_spibus.o
    0x080078fc   0x080078fc   0x00000028   Code   RO          792    i.__NVIC_SetPriority  bsp_rs485.o
    0x08007924   0x08007924   0x00000028   Code   RO          883    i.__NVIC_SetPriority  bsp_uart.o
    0x0800794c   0x0800794c   0x00000028   Code   RO         1019    i.__NVIC_SetPriority  bsp_spibus.o
    0x08007974   0x08007974   0x00000070   Code   RO         9208    i.__hardfp_floorf   m_wm.l(floorf.o)
    0x080079e4   0x080079e4   0x00000058   Code   RO         2051    i.add_one_action    action.o
    0x08007a3c   0x08007a3c   0x00000010   Code   RO            4    i.app_Can_Init      app_can.o
    0x08007a4c   0x08007a4c   0x00000018   Code   RO          116    i.app_DacInit       app_dac.o
    0x08007a64   0x08007a64   0x0000000e   Code   RO          117    i.app_DacSetValue   app_dac.o
    0x08007a72   0x08007a72   0x0000000e   Code   RO          118    i.app_DacSetValue_da0  app_dac.o
    0x08007a80   0x08007a80   0x0000001e   Code   RO          400    i.app_SpiFlashRead  app_spiflash.o
    0x08007a9e   0x08007a9e   0x00000024   Code   RO          402    i.app_spiFlash_WritePara  app_spiflash.o
    0x08007ac2   0x08007ac2   0x00000002   PAD
    0x08007ac4   0x08007ac4   0x00000040   Code   RO         2052    i.at_solenoid       action.o
    0x08007b04   0x08007b04   0x00000044   Code   RO         2053    i.back_startpoint   action.o
    0x08007b48   0x08007b48   0x00000040   Code   RO          539    i.bsp_DacInit       bsp_dac.o
    0x08007b88   0x08007b88   0x00000014   Code   RO          540    i.bsp_DacSetValue   bsp_dac.o
    0x08007b9c   0x08007b9c   0x000000c8   Code   RO         1309    i.bsp_DelayInit     bsp_delay.o
    0x08007c64   0x08007c64   0x00000050   Code   RO         1310    i.bsp_DelayMs       bsp_delay.o
    0x08007cb4   0x08007cb4   0x00000088   Code   RO         1311    i.bsp_DelayUs       bsp_delay.o
    0x08007d3c   0x08007d3c   0x00000010   Code   RO         1020    i.bsp_Disable_slave  bsp_spibus.o
    0x08007d4c   0x08007d4c   0x00000064   Code   RO         1580    i.bsp_GpioWatchInit  bsp_watch.o
    0x08007db0   0x08007db0   0x0000001c   Code   RO         1023    i.bsp_Mster_WR      bsp_spibus.o
    0x08007dcc   0x08007dcc   0x0000011c   Code   RO          793    i.bsp_Rs485Init     bsp_rs485.o
    0x08007ee8   0x08007ee8   0x00000034   Code   RO         1024    i.bsp_Slave_Select  bsp_spibus.o
    0x08007f1c   0x08007f1c   0x00000100   Code   RO         1115    i.bsp_SpiFlashAutoWritePage  bsp_spiflash.o
    0x0800801c   0x0800801c   0x0000006c   Code   RO         1116    i.bsp_SpiFlashCmpData  bsp_spiflash.o
    0x08008088   0x08008088   0x00000010   Code   RO         1117    i.bsp_SpiFlashCsnDisable  bsp_spiflash.o
    0x08008098   0x08008098   0x00000014   Code   RO         1118    i.bsp_SpiFlashCsnEnable  bsp_spiflash.o
    0x080080ac   0x080080ac   0x00000048   Code   RO         1120    i.bsp_SpiFlashEraseSector  bsp_spiflash.o
    0x080080f4   0x080080f4   0x000002ac   Code   RO         1121    i.bsp_SpiFlashInit  bsp_spiflash.o
    0x080083a0   0x080083a0   0x00000028   Code   RO         1122    i.bsp_SpiFlashNeedErase  bsp_spiflash.o
    0x080083c8   0x080083c8   0x0000008a   Code   RO         1123    i.bsp_SpiFlashPageWrite  bsp_spiflash.o
    0x08008452   0x08008452   0x0000004a   Code   RO         1124    i.bsp_SpiFlashReadBuffer  bsp_spiflash.o
    0x0800849c   0x0800849c   0x00000148   Code   RO         1125    i.bsp_SpiFlashReceive  bsp_spiflash.o
    0x080085e4   0x080085e4   0x00000148   Code   RO         1127    i.bsp_SpiFlashTransmit  bsp_spiflash.o
    0x0800872c   0x0800872c   0x00000030   Code   RO         1128    i.bsp_SpiFlashWaitForWriteEnd  bsp_spiflash.o
    0x0800875c   0x0800875c   0x00000152   Code   RO         1129    i.bsp_SpiFlashWriteBuffer  bsp_spiflash.o
    0x080088ae   0x080088ae   0x00000002   PAD
    0x080088b0   0x080088b0   0x000001f0   Code   RO         1025    i.bsp_Spi_Master_Init  bsp_spibus.o
    0x08008aa0   0x08008aa0   0x000000ec   Code   RO          885    i.bsp_UartInit      bsp_uart.o
    0x08008b8c   0x08008b8c   0x000000f0   Code   RO         1581    i.bsp_Watch_Init    bsp_watch.o
    0x08008c7c   0x08008c7c   0x00000108   Code   RO         7597    i.cal_pid_p_stopn   motor_drive.lib(mc_pmsm.o)
    0x08008d84   0x08008d84   0x000002bc   Code   RO         2054    i.calculate_angle   action.o
    0x08009040   0x08009040   0x00000074   Code   RO         2055    i.calculate_continue_move_time  action.o
    0x080090b4   0x080090b4   0x00000ae0   Code   RO         2056    i.check_data        action.o
    0x08009b94   0x08009b94   0x00000054   Code   RO         2057    i.check_foot_status  action.o
    0x08009be8   0x08009be8   0x000001ca   Code   RO         3448    i.check_motor_cfg_para  stepper_function.o
    0x08009db2   0x08009db2   0x00000002   PAD
    0x08009db4   0x08009db4   0x00000058   Code   RO         3449    i.check_physical_port_used_or_not  stepper_function.o
    0x08009e0c   0x08009e0c   0x00000078   Code   RO         2058    i.check_sewing_range  action.o
    0x08009e84   0x08009e84   0x00000024   Code   RO         3142    i.checki03_status   system.o
    0x08009ea8   0x08009ea8   0x0000055c   Code   RO         3143    i.checki04_status   system.o
    0x0800a404   0x0800a404   0x000001e8   Code   RO         3144    i.checki05_status   system.o
    0x0800a5ec   0x0800a5ec   0x0000027c   Code   RO         3145    i.checki06_status   system.o
    0x0800a868   0x0800a868   0x00000024   Code   RO         3146    i.checki07_status   system.o
    0x0800a88c   0x0800a88c   0x00000070   Code   RO         3147    i.checki08_status   system.o
    0x0800a8fc   0x0800a8fc   0x0000029c   Code   RO         3148    i.checki10_status   system.o
    0x0800ab98   0x0800ab98   0x00000024   Code   RO         3149    i.checki11_status   system.o
    0x0800abbc   0x0800abbc   0x00000050   Code   RO         8070    i.clarke_calc       motor_drive.lib(app_svpwm.o)
    0x0800ac0c   0x0800ac0c   0x00000024   Code   RO         2673    i.com_error         communication.o
    0x0800ac30   0x0800ac30   0x00000094   Code   RO         2783    i.config_mainmotor  initial.o
    0x0800acc4   0x0800acc4   0x00000400   Code   RO         2059    i.conprocess_data   action.o
    0x0800b0c4   0x0800b0c4   0x00000044   Code   RO         2060    i.coor_com_fun      action.o
    0x0800b108   0x0800b108   0x000002ec   Code   RO         2061    i.course_back       action.o
    0x0800b3f4   0x0800b3f4   0x00000020   Code   RO         2827    i.cpy_para_buff     parameter.o
    0x0800b414   0x0800b414   0x0000003a   Code   RO         2908    i.crc_calcu1        step_motor_drv.o
    0x0800b44e   0x0800b44e   0x00000002   PAD
    0x0800b450   0x0800b450   0x00000028   Code   RO         3586    i.debug_mode_init   debug.o
    0x0800b478   0x0800b478   0x00000018   Code   RO         3684    i.delay             system_xmc4400.o
    0x0800b490   0x0800b490   0x0000001e   Code   RO         2753    i.delay_ms          delay.o
    0x0800b4ae   0x0800b4ae   0x00000002   PAD
    0x0800b4b0   0x0800b4b0   0x0000018c   Code   RO         2064    i.delay_process     action.o
    0x0800b63c   0x0800b63c   0x0000000c   Code   RO         2754    i.delay_us          delay.o
    0x0800b648   0x0800b648   0x00000070   Code   RO         2065    i.detect_position   action.o
    0x0800b6b8   0x0800b6b8   0x00000044   Code   RO         2066    i.do_pat_point_add_one  action.o
    0x0800b6fc   0x0800b6fc   0x00000064   Code   RO         2067    i.do_pat_point_sub_one  action.o
    0x0800b760   0x0800b760   0x000001c0   Code   RO         3150    i.download_drv_status  system.o
    0x0800b920   0x0800b920   0x000000c0   Code   RO         3151    i.download_multipul_program_status  system.o
    0x0800b9e0   0x0800b9e0   0x00000002   Code   RO         3152    i.download_status   system.o
    0x0800b9e2   0x0800b9e2   0x0000002a   Code   RO         3297    i.dsp1_output_control  io_function.o
    0x0800ba0c   0x0800ba0c   0x00000002   Code   RO         2068    i.emergency         action.o
    0x0800ba0e   0x0800ba0e   0x00000002   PAD
    0x0800ba10   0x0800ba10   0x00000370   Code   RO         3153    i.error_status      system.o
    0x0800bd80   0x0800bd80   0x00000150   Code   RO         2069    i.find_dead_center  action.o
    0x0800bed0   0x0800bed0   0x00000310   Code   RO         3154    i.finish_status     system.o
    0x0800c1e0   0x0800c1e0   0x00000060   Code   RO         2070    i.foot_down         action.o
    0x0800c240   0x0800c240   0x00000030   Code   RO         2071    i.foot_half_down    action.o
    0x0800c270   0x0800c270   0x00000028   Code   RO         2072    i.foot_half_up      action.o
    0x0800c298   0x0800c298   0x00000068   Code   RO         2073    i.foot_up           action.o
    0x0800c300   0x0800c300   0x00000058   Code   RO         2074    i.footer_both_down  action.o
    0x0800c358   0x0800c358   0x00000058   Code   RO         2075    i.footer_both_up    action.o
    0x0800c3b0   0x0800c3b0   0x00000130   Code   RO         2076    i.footer_procedure  action.o
    0x0800c4e0   0x0800c4e0   0x0000079c   Code   RO         1963    i.function_1ms_hook  main.o
    0x0800cc7c   0x0800cc7c   0x00000038   Code   RO         8181    i.g_SpiMode_CmdTip  motor_drive.lib(app_spi.o)
    0x0800ccb4   0x0800ccb4   0x00000040   Code   RO         3450    i.get_motor_cfg     stepper_function.o
    0x0800ccf4   0x0800ccf4   0x00000032   Code   RO         3451    i.get_origin_state  stepper_function.o
    0x0800cd26   0x0800cd26   0x00000092   Code   RO         3452    i.get_physical_num_and_channel  stepper_function.o
    0x0800cdb8   0x0800cdb8   0x000004a4   Code   RO         2077    i.go_beginpoint     action.o
    0x0800d25c   0x0800d25c   0x00000134   Code   RO         2078    i.go_commandpoint   action.o
    0x0800d390   0x0800d390   0x000002b8   Code   RO         2079    i.go_origin_allmotor  action.o
    0x0800d648   0x0800d648   0x0000003c   Code   RO         2080    i.go_origin_x       action.o
    0x0800d684   0x0800d684   0x00000258   Code   RO         2081    i.go_origin_xy      action.o
    0x0800d8dc   0x0800d8dc   0x00000074   Code   RO         2082    i.go_origin_xy_both  action.o
    0x0800d950   0x0800d950   0x0000003c   Code   RO         2083    i.go_origin_y       action.o
    0x0800d98c   0x0800d98c   0x00000074   Code   RO         2084    i.go_origin_zx      action.o
    0x0800da00   0x0800da00   0x000002e4   Code   RO         2085    i.go_setoutpoint    action.o
    0x0800dce4   0x0800dce4   0x00000164   Code   RO         2086    i.go_startpoint     action.o
    0x0800de48   0x0800de48   0x0000007e   Code   RO         7598    i.holding_axes      motor_drive.lib(mc_pmsm.o)
    0x0800dec6   0x0800dec6   0x00000002   PAD
    0x0800dec8   0x0800dec8   0x00000068   Code   RO         2674    i.init_comm         communication.o
    0x0800df30   0x0800df30   0x00000096   Code   RO         3453    i.init_motor_handler_sturct  stepper_function.o
    0x0800dfc6   0x0800dfc6   0x00000002   PAD
    0x0800dfc8   0x0800dfc8   0x0000116c   Code   RO         2784    i.init_var          initial.o
    0x0800f134   0x0800f134   0x00000018   Code   RO         2785    i.initial           initial.o
    0x0800f14c   0x0800f14c   0x0000003c   Code   RO         2087    i.initial_mainmotor  action.o
    0x0800f188   0x0800f188   0x000000ac   Code   RO         2088    i.inpress_down      action.o
    0x0800f234   0x0800f234   0x000000a0   Code   RO         2089    i.inpress_to        action.o
    0x0800f2d4   0x0800f2d4   0x000000bc   Code   RO         2091    i.inpress_up        action.o
    0x0800f390   0x0800f390   0x000007f4   Code   RO         3298    i.io_function_init  io_function.o
    0x0800fb84   0x0800fb84   0x00000090   Code   RO         3299    i.io_get_logic_inout  io_function.o
    0x0800fc14   0x0800fc14   0x000001f4   Code   RO         3300    i.io_get_physical_input  io_function.o
    0x0800fe08   0x0800fe08   0x000001fc   Code   RO         3301    i.io_get_physical_output  io_function.o
    0x08010004   0x08010004   0x0000015c   Code   RO         3303    i.io_sc0719_bsp_init  io_function.o
    0x08010160   0x08010160   0x00000150   Code   RO         3304    i.io_sc0720_bsp_init  io_function.o
    0x080102b0   0x080102b0   0x00000148   Code   RO         3305    i.io_sc0720a_bsp_init  io_function.o
    0x080103f8   0x080103f8   0x00000148   Code   RO         3306    i.io_sc0723_bsp_init  io_function.o
    0x08010540   0x08010540   0x000000cc   Code   RO         3307    i.io_set_logic_output  io_function.o
    0x0801060c   0x0801060c   0x00000280   Code   RO         3308    i.io_set_physical_output  io_function.o
    0x0801088c   0x0801088c   0x00000098   Code   RO         3309    i.io_toggle_logic_output  io_function.o
    0x08010924   0x08010924   0x0000022c   Code   RO         3310    i.io_toggle_physical_output  io_function.o
    0x08010b50   0x08010b50   0x00000048   Code   RO         3311    i.io_translate_logic_to_physical  io_function.o
    0x08010b98   0x08010b98   0x0000008c   Code   RO         8071    i.ipark_calc        motor_drive.lib(app_svpwm.o)
    0x08010c24   0x08010c24   0x000000e4   Code   RO         2913    i.jump_to_begin     step_motor_drv.o
    0x08010d08   0x08010d08   0x000000e8   Code   RO         2092    i.keep_running_for_dead_center  action.o
    0x08010df0   0x08010df0   0x00000002   Code   RO         2094    i.laser_timer_start  action.o
    0x08010df2   0x08010df2   0x00000002   Code   RO         2095    i.laser_timer_stop  action.o
    0x08010df4   0x08010df4   0x00000130   Code   RO         7599    i.mPmsm1ParaActive  motor_drive.lib(mc_pmsm.o)
    0x08010f24   0x08010f24   0x0000043a   Code   RO         7600    i.m_start           motor_drive.lib(mc_pmsm.o)
    0x0801135e   0x0801135e   0x00000002   PAD
    0x08011360   0x08011360   0x0000029c   Code   RO         1964    i.main              main.o
    0x080115fc   0x080115fc   0x0000000e   Code   RO         3814    i.min               xmc_can.o
    0x0801160a   0x0801160a   0x00000002   PAD
    0x0801160c   0x0801160c   0x000005f8   Code   RO         7602    i.motor1_control    motor_drive.lib(mc_pmsm.o)
    0x08011c04   0x08011c04   0x00000080   Code   RO         2096    i.move_back         action.o
    0x08011c84   0x08011c84   0x000000f4   Code   RO         2097    i.move_continue_back  action.o
    0x08011d78   0x08011d78   0x000000f0   Code   RO         2098    i.move_continue_next  action.o
    0x08011e68   0x08011e68   0x00000068   Code   RO         2099    i.move_next         action.o
    0x08011ed0   0x08011ed0   0x00000064   Code   RO         2100    i.move_startpoint   action.o
    0x08011f34   0x08011f34   0x00000324   Code   RO         2101    i.move_xy           action.o
    0x08012258   0x08012258   0x00000080   Code   RO         2915    i.movestep_x        step_motor_drv.o
    0x080122d8   0x080122d8   0x00000088   Code   RO         2916    i.movestep_y        step_motor_drv.o
    0x08012360   0x08012360   0x00000020   Code   RO         2918    i.movestep_zx       step_motor_drv.o
    0x08012380   0x08012380   0x0000002c   Code   RO         2919    i.multipule_program_beginning  step_motor_drv.o
    0x080123ac   0x080123ac   0x00000028   Code   RO         2920    i.multipule_program_end  step_motor_drv.o
    0x080123d4   0x080123d4   0x00000014   Code   RO         2828    i.mymemcpy          parameter.o
    0x080123e8   0x080123e8   0x00000010   Code   RO         2829    i.mymemset          parameter.o
    0x080123f8   0x080123f8   0x00000070   Code   RO         2102    i.needle_down       action.o
    0x08012468   0x08012468   0x00000090   Code   RO         8072    i.park_calc         motor_drive.lib(app_svpwm.o)
    0x080124f8   0x080124f8   0x000001f0   Code   RO         2103    i.pause_stop        action.o
    0x080126e8   0x080126e8   0x0000079c   Code   RO         7603    i.pmsm1_100us_task  motor_drive.lib(mc_pmsm.o)
    0x08012e84   0x08012e84   0x00000002   Code   RO         3155    i.poweroff_status   system.o
    0x08012e86   0x08012e86   0x00000002   PAD
    0x08012e88   0x08012e88   0x000003c0   Code   RO         3156    i.pre_running       system.o
    0x08013248   0x08013248   0x000005d8   Code   RO         3157    i.preedit_status    system.o
    0x08013820   0x08013820   0x00000190   Code   RO         3158    i.prewind_status    system.o
    0x080139b0   0x080139b0   0x000003c4   Code   RO         2104    i.process_data      action.o
    0x08013d74   0x08013d74   0x0000036c   Code   RO         2105    i.process_making_pen_signal  action.o
    0x080140e0   0x080140e0   0x0000028c   Code   RO         2106    i.process_nop_move_pause  action.o
    0x0801436c   0x0801436c   0x00003718   Code   RO         2675    i.protocol          communication.o
    0x08017a84   0x08017a84   0x0000002c   Code   RO         2922    i.read_multipule_program_status  step_motor_drv.o
    0x08017ab0   0x08017ab0   0x00000022   Code   RO         2830    i.read_par          parameter.o
    0x08017ad2   0x08017ad2   0x00000014   Code   RO         2831    i.read_para_group   parameter.o
    0x08017ae6   0x08017ae6   0x00000002   PAD
    0x08017ae8   0x08017ae8   0x00000090   Code   RO         2923    i.read_stepmotor_config_para  step_motor_drv.o
    0x08017b78   0x08017b78   0x00000054   Code   RO         2924    i.read_stepmotor_curve_crc  step_motor_drv.o
    0x08017bcc   0x08017bcc   0x00000058   Code   RO         2925    i.read_stepmotor_up_drv  step_motor_drv.o
    0x08017c24   0x08017c24   0x0000113c   Code   RO         3159    i.ready_status      system.o
    0x08018d60   0x08018d60   0x00000020   Code   RO         2676    i.rec_com           communication.o
    0x08018d80   0x08018d80   0x00000080   Code   RO         2107    i.remove_01         action.o
    0x08018e00   0x08018e00   0x0000004c   Code   RO         2108    i.remove_03         action.o
    0x08018e4c   0x08018e4c   0x00000080   Code   RO         2109    i.remove_04         action.o
    0x08018ecc   0x08018ecc   0x00000048   Code   RO         2110    i.remove_06         action.o
    0x08018f14   0x08018f14   0x00000080   Code   RO         2111    i.remove_07         action.o
    0x08018f94   0x08018f94   0x00000048   Code   RO         2112    i.remove_09         action.o
    0x08018fdc   0x08018fdc   0x00000080   Code   RO         2113    i.remove_10         action.o
    0x0801905c   0x0801905c   0x00000048   Code   RO         2114    i.remove_12         action.o
    0x080190a4   0x080190a4   0x0000001c   Code   RO         2115    i.remove_stop       action.o
    0x080190c0   0x080190c0   0x00000070   Code   RO         2832    i.restore_para45_from_eeprom  parameter.o
    0x08019130   0x08019130   0x0000003c   Code   RO         2833    i.restore_para_from_eeprom  parameter.o
    0x0801916c   0x0801916c   0x00001690   Code   RO         3160    i.run_status        system.o
    0x0801a7fc   0x0801a7fc   0x00000030   Code   RO         2926    i.send_dsp1_command  step_motor_drv.o
    0x0801a82c   0x0801a82c   0x00000030   Code   RO         2927    i.send_dsp2_command  step_motor_drv.o
    0x0801a85c   0x0801a85c   0x00000030   Code   RO         2928    i.send_dsp3_command  step_motor_drv.o
    0x0801a88c   0x0801a88c   0x00000030   Code   RO         2929    i.send_dsp4_command  step_motor_drv.o
    0x0801a8bc   0x0801a8bc   0x000000ec   Code   RO         2930    i.send_dsp_command  step_motor_drv.o
    0x0801a9a8   0x0801a9a8   0x0000005c   Code   RO         2931    i.send_multipule_program_data  step_motor_drv.o
    0x0801aa04   0x0801aa04   0x0000002c   Code   RO         2932    i.send_stepmotor_end_drv  step_motor_drv.o
    0x0801aa30   0x0801aa30   0x00000060   Code   RO         2933    i.send_stepmotor_up_drv  step_motor_drv.o
    0x0801aa90   0x0801aa90   0x00000044   Code   RO         2116    i.set_mainmotor_stop_angle  action.o
    0x0801aad4   0x0801aad4   0x0000005c   Code   RO         2117    i.set_tension_value  action.o
    0x0801ab30   0x0801ab30   0x00000494   Code   RO         3161    i.setout_status     system.o
    0x0801afc4   0x0801afc4   0x00000018   Code   RO         2118    i.sewing_stop       action.o
    0x0801afdc   0x0801afdc   0x00000090   Code   RO         2119    i.shift_01          action.o
    0x0801b06c   0x0801b06c   0x0000005c   Code   RO         2120    i.shift_03          action.o
    0x0801b0c8   0x0801b0c8   0x0000008c   Code   RO         2121    i.shift_04          action.o
    0x0801b154   0x0801b154   0x00000058   Code   RO         2122    i.shift_06          action.o
    0x0801b1ac   0x0801b1ac   0x0000008c   Code   RO         2123    i.shift_07          action.o
    0x0801b238   0x0801b238   0x00000058   Code   RO         2124    i.shift_09          action.o
    0x0801b290   0x0801b290   0x0000008c   Code   RO         2125    i.shift_10          action.o
    0x0801b31c   0x0801b31c   0x0000005c   Code   RO         2126    i.shift_12          action.o
    0x0801b378   0x0801b378   0x00000158   Code   RO         2127    i.shift_func        action.o
    0x0801b4d0   0x0801b4d0   0x000001e0   Code   RO         2128    i.single_back       action.o
    0x0801b6b0   0x0801b6b0   0x000001a0   Code   RO         2129    i.single_continue_back  action.o
    0x0801b850   0x0801b850   0x00000250   Code   RO         2130    i.single_continue_next  action.o
    0x0801baa0   0x0801baa0   0x00000044   Code   RO         2131    i.single_end        action.o
    0x0801bae4   0x0801bae4   0x00000584   Code   RO         2132    i.single_move_func  action.o
    0x0801c068   0x0801c068   0x00000144   Code   RO         2133    i.single_move_xy    action.o
    0x0801c1ac   0x0801c1ac   0x00000190   Code   RO         2134    i.single_next       action.o
    0x0801c33c   0x0801c33c   0x00000044   Code   RO         2135    i.single_start      action.o
    0x0801c380   0x0801c380   0x00000030   Code   RO         2136    i.single_stop       action.o
    0x0801c3b0   0x0801c3b0   0x00000494   Code   RO         3162    i.slack_status      system.o
    0x0801c844   0x0801c844   0x00000384   Code   RO         2137    i.special_sewing    action.o
    0x0801cbc8   0x0801cbc8   0x00001058   Code   RO         8182    i.spi_fifo_recISR   motor_drive.lib(app_spi.o)
    0x0801dc20   0x0801dc20   0x00000024   Code   RO         1130    i.spi_flash_dma_rx_handler  bsp_spiflash.o
    0x0801dc44   0x0801dc44   0x00000002   Code   RO         1131    i.spi_flash_dma_tx_handler  bsp_spiflash.o
    0x0801dc46   0x0801dc46   0x00000002   PAD
    0x0801dc48   0x0801dc48   0x000000a0   Code   RO         2934    i.spi_read_wirte_lowlevel  step_motor_drv.o
    0x0801dce8   0x0801dce8   0x000002f0   Code   RO         3454    i.stepper_check_error  stepper_function.o
    0x0801dfd8   0x0801dfd8   0x00000078   Code   RO         3455    i.stepper_check_motion_done  stepper_function.o
    0x0801e050   0x0801e050   0x000000b4   Code   RO         3456    i.stepper_get_z_status  stepper_function.o
    0x0801e104   0x0801e104   0x000001be   Code   RO         3457    i.stepper_go_origin  stepper_function.o
    0x0801e2c2   0x0801e2c2   0x00000002   PAD
    0x0801e2c4   0x0801e2c4   0x00000928   Code   RO         3458    i.stepper_go_origin_multiple  stepper_function.o
    0x0801ebec   0x0801ebec   0x0000024c   Code   RO         3459    i.stepper_init      stepper_function.o
    0x0801ee38   0x0801ee38   0x00000170   Code   RO         3460    i.stepper_motor_move  stepper_function.o
    0x0801efa8   0x0801efa8   0x000000c0   Code   RO         3461    i.stepper_motor_move_sync  stepper_function.o
    0x0801f068   0x0801f068   0x0000006e   Code   RO         3462    i.stepper_motor_sync_angle  stepper_function.o
    0x0801f0d6   0x0801f0d6   0x00000002   PAD
    0x0801f0d8   0x0801f0d8   0x00000140   Code   RO         3463    i.stepper_pause     stepper_function.o
    0x0801f218   0x0801f218   0x00000054   Code   RO         3464    i.stepper_refresh_mc_para  stepper_function.o
    0x0801f26c   0x0801f26c   0x000000f8   Code   RO         3465    i.stepper_refresh_para  stepper_function.o
    0x0801f364   0x0801f364   0x00000136   Code   RO         3466    i.stepper_setup_motor  stepper_function.o
    0x0801f49a   0x0801f49a   0x00000002   PAD
    0x0801f49c   0x0801f49c   0x00000040   Code   RO         2138    i.stretch_foot_in   action.o
    0x0801f4dc   0x0801f4dc   0x00000040   Code   RO         2139    i.stretch_foot_out  action.o
    0x0801f51c   0x0801f51c   0x000000f4   Code   RO         2140    i.tail_sewing       action.o
    0x0801f610   0x0801f610   0x00000084   Code   RO         2677    i.tra_com           communication.o
    0x0801f694   0x0801f694   0x00000244   Code   RO         2141    i.trim_action       action.o
    0x0801f8d8   0x0801f8d8   0x0000016c   Code   RO         2678    i.ui_receive_fsm    communication.o
    0x0801fa44   0x0801fa44   0x0000001a   Code   RO         2679    i.verify            communication.o
    0x0801fa5e   0x0801fa5e   0x00000002   PAD
    0x0801fa60   0x0801fa60   0x00000020   Code   RO         2680    i.verify_code       communication.o
    0x0801fa80   0x0801fa80   0x00000078   Code   RO         2935    i.version_check     step_motor_drv.o
    0x0801faf8   0x0801faf8   0x000000e8   Code   RO         3163    i.wind_status       system.o
    0x0801fbe0   0x0801fbe0   0x00000034   Code   RO         2835    i.write_par         parameter.o
    0x0801fc14   0x0801fc14   0x00000014   Code   RO         2836    i.write_para_group  parameter.o
    0x0801fc28   0x0801fc28   0x000000b0   Code   RO         2936    i.write_stepmotor_config_para  step_motor_drv.o
    0x0801fcd8   0x0801fcd8   0x000000ec   Code   RO         2937    i.write_stepmotor_curve  step_motor_drv.o
    0x0801fdc4   0x0801fdc4   0x00000018   Code   RO         2938    i.x_quickmove       step_motor_drv.o
    0x0801fddc   0x0801fddc   0x00000018   Code   RO         2939    i.y_quickmove       step_motor_drv.o
    0x0801fdf4   0x0801fdf4   0x000000d8   Code   RO         2142    i.yj_follow_udctos  action.o
    0x0801fecc   0x0801fecc   0x00000178   Code   RO         2143    i.zoom_in_one_stitch  action.o
    0x08020044   0x08020044   0x000000d0   Code   RO         2144    i.zpl_process       action.o
    0x08020114   0x08020114   0x00000018   Code   RO         2940    i.zx_quickmove      step_motor_drv.o
    0x0802012c   0x0802012c   0x00000800   Code   RO         9168    isqrt_table         motor_drive.lib(IQtables.o)
    0x0802092c   0x0802092c   0x0000000a   Code   RO         9346    x$fpl$fpinit        g_wm.l(fpinit.o)
    0x08020936   0x08020936   0x00000000   Code   RO         9231    x$fpl$usenofp       g_wm.l(usenofp.o)
    0x08020936   0x08020936   0x00000002   PAD
    0x08020938   0x08020938   0x00000018   Data   RO          660    .constdata          bsp_gpio.o
    0x08020950   0x08020950   0x00000030   Data   RO          798    .constdata          bsp_rs485.o
    0x08020980   0x08020980   0x00000024   Data   RO          889    .constdata          bsp_uart.o
    0x080209a4   0x080209a4   0x0000006c   Data   RO         1026    .constdata          bsp_spibus.o
    0x08020a10   0x08020a10   0x00000074   Data   RO         1133    .constdata          bsp_spiflash.o
    0x08020a84   0x08020a84   0x00000014   Data   RO         1280    .constdata          bsp_scu.o
    0x08020a98   0x08020a98   0x000000f8   Data   RO         1535    .constdata          spi_master_conf.o
    0x08020b90   0x08020b90   0x0000000c   Data   RO         1582    .constdata          bsp_watch.o
    0x08020b9c   0x08020b9c   0x000000e0   Data   RO         1759    .constdata          can_node_conf.o
    0x08020c7c   0x08020c7c   0x000003e7   Data   RO         2145    .constdata          action.o
    0x08021063   0x08021063   0x00000001   PAD
    0x08021064   0x08021064   0x00002710   Data   RO         3468    .constdata          stepper_function.o
    0x08023774   0x08023774   0x00000010   Data   RO         5728    .constdata          xmc_vadc.o
    0x08023784   0x08023784   0x00000804   Data   RO         9141    .constdata          arm_cortexM4lf_math.lib(arm_common_tables.o)
    0x08023f88   0x08023f88   0x00000020   Data   RO         9408    Region$$Table       anon$$obj.o


    Execution Region RW_IRAM1 (Exec base: 0x20000000, Load base: 0x08023fa8, Size: 0x000099b8, Max: 0x0000ffc0, ABSOLUTE, COMPRESSED[0x00000260])

    Exec Addr    Load Addr    Size         Type   Attr      Idx    E Section Name        Object

    0x20000000   COMPRESSED   0x00000008   Data   RW          890    .data               bsp_uart.o
    0x20000008   COMPRESSED   0x00000007   Data   RW         1134    .data               bsp_spiflash.o
    0x2000000f   COMPRESSED   0x00000001   PAD
    0x20000010   COMPRESSED   0x0000000c   Data   RW         1312    .data               bsp_delay.o
    0x2000001c   COMPRESSED   0x00000060   Data   RW         1536    .data               spi_master_conf.o
    0x2000007c   COMPRESSED   0x00000008   Data   RW         1583    .data               bsp_watch.o
    0x20000084   COMPRESSED   0x00000004   PAD
    0x20000088   COMPRESSED   0x00000030   Data   RW         1760    .data               can_node_conf.o
    0x200000b8   COMPRESSED   0x0000000c   Data   RW         1818    .data               global_can_conf.o
    0x200000c4   COMPRESSED   0x00000424   Data   RW         1844    .data               sys_variable.o
    0x200004e8   COMPRESSED   0x00000013   Data   RW         1885    .data               watch.o
    0x200004fb   COMPRESSED   0x00000001   PAD
    0x200004fc   COMPRESSED   0x00000024   Data   RW         1965    .data               main.o
    0x20000520   COMPRESSED   0x0000000c   Data   RW         2682    .data               communication.o
    0x2000052c   COMPRESSED   0x00000012   Data   RW         2787    .data               initial.o
    0x2000053e   COMPRESSED   0x0000002c   Data   RW         2941    .data               step_motor_drv.o
    0x2000056a   COMPRESSED   0x0000000a   Data   RW         3313    .data               io_function.o
    0x20000574   COMPRESSED   0x0000014c   Data   RW         3469    .data               stepper_function.o
    0x200006c0   COMPRESSED   0x00000038   Data   RW         7253    .data               motor_drive.lib(app_adc.o)
    0x200006f8   COMPRESSED   0x000000e4   Data   RW         7509    .data               motor_drive.lib(bsp_adc.o)
    0x200007dc   COMPRESSED   0x0000018c   Data   RW         7605    .data               motor_drive.lib(mc_pmsm.o)
    0x20000968   COMPRESSED   0x000000b0   Data   RW         8073    .data               motor_drive.lib(app_svpwm.o)
    0x20000a18   COMPRESSED   0x00000014   Data   RW         8149    .data               motor_drive.lib(app_stepposif.o)
    0x20000a2c   COMPRESSED   0x00000006   Data   RW         8183    .data               motor_drive.lib(app_spi.o)
    0x20000a32   COMPRESSED   0x00000002   PAD
    0x20000a34   COMPRESSED   0x00000048   Data   RW         8271    .data               motor_drive.lib(bsp_posif.o)
    0x20000a7c   COMPRESSED   0x0000007c   Data   RW         8318    .data               motor_drive.lib(bsp_svpwm.o)
    0x20000af8   COMPRESSED   0x00000004   Data   RW         8415    .data               motor_drive.lib(mc_step.o)
    0x20000afc   COMPRESSED   0x00000334   Data   RW         8444    .data               motor_drive.lib(all_globalvars.o)
    0x20000e30   COMPRESSED   0x0000003c   Data   RW         8528    .data               motor_drive.lib(bsp_ccu4.o)
    0x20000e6c   COMPRESSED   0x00000002   Data   RW         8579    .data               motor_drive.lib(mc_config.o)
    0x20000e6e   COMPRESSED   0x00000002   PAD
    0x20000e70   COMPRESSED   0x00000008   Data   RW         8613    .data               motor_drive.lib(mc_curve.o)
    0x20000e78   COMPRESSED   0x00000024   Data   RW         8704    .data               motor_drive.lib(mc_stamach.o)
    0x20000e9c        -       0x00000258   Zero   RW          888    .bss                bsp_uart.o
    0x200010f4        -       0x00001000   Zero   RW         1132    .bss                bsp_spiflash.o
    0x200020f4        -       0x00000014   Zero   RW         1534    .bss                spi_master_conf.o
    0x20002108        -       0x00006308   Zero   RW         1843    .bss                sys_variable.o
    0x20008410        -       0x00000387   Zero   RW         2681    .bss                communication.o
    0x20008797        -       0x00000009   Zero   RW         2786    .bss                initial.o
    0x200087a0        -       0x00000400   Zero   RW         3312    .bss                io_function.o
    0x20008ba0        -       0x00000168   Zero   RW         3467    .bss                stepper_function.o
    0x20008d08        -       0x0000000c   Zero   RW         3587    .bss                debug.o
    0x20008d14        -       0x00000020   Zero   RW         4622    .bss                xmc_dma.o
    0x20008d34        -       0x00000084   Zero   RW         7604    .bss                motor_drive.lib(mc_pmsm.o)
    0x20008db8        -       0x0000000c   Zero   RW         8270    .bss                motor_drive.lib(bsp_posif.o)
    0x20008dc4        -       0x00000190   Zero   RW         8443    .bss                motor_drive.lib(all_globalvars.o)
    0x20008f54        -       0x00000060   Zero   RW         9276    .bss                c_w.l(libspace.o)
    0x20008fb4   COMPRESSED   0x00000004   PAD
    0x20008fb8        -       0x00000200   Zero   RW         3670    HEAP                startup_xmc4402.o
    0x200091b8        -       0x00000800   Zero   RW         3669    STACK               startup_xmc4402.o



  Load Region LR$$.ARM.__AT_0x2000FFC0 (Base: 0x2000ffc0, Size: 0x00000000, Max: 0x00000004, ABSOLUTE)

    Execution Region ER$$.ARM.__AT_0x2000FFC0 (Exec base: 0x2000ffc0, Load base: 0x2000ffc0, Size: 0x00000004, Max: 0x00000004, ABSOLUTE, UNINIT)

    Exec Addr    Load Addr    Size         Type   Attr      Idx    E Section Name        Object

    0x2000ffc0        -       0x00000004   Zero   RW         3685    .ARM.__AT_0x2000FFC0  system_xmc4400.o



  Load Region LR$$.ARM.__AT_0x2000FFC4 (Base: 0x2000ffc4, Size: 0x00000000, Max: 0x00000010, ABSOLUTE)

    Execution Region ER$$.ARM.__AT_0x2000FFC4 (Exec base: 0x2000ffc4, Load base: 0x2000ffc4, Size: 0x00000010, Max: 0x00000010, ABSOLUTE, UNINIT)

    Exec Addr    Load Addr    Size         Type   Attr      Idx    E Section Name        Object

    0x2000ffc4        -       0x00000010   Zero   RW         3686    .ARM.__AT_0x2000FFC4  system_xmc4400.o



  Load Region LR$$.ARM.__AT_0x2000FFD4 (Base: 0x2000ffd4, Size: 0x00000000, Max: 0x0000000c, ABSOLUTE)

    Execution Region ER$$.ARM.__AT_0x2000FFD4 (Exec base: 0x2000ffd4, Load base: 0x2000ffd4, Size: 0x0000000c, Max: 0x0000000c, ABSOLUTE, UNINIT)

    Exec Addr    Load Addr    Size         Type   Attr      Idx    E Section Name        Object

    0x2000ffd4        -       0x0000000c   Zero   RW         3687    .ARM.__AT_0x2000FFD4  system_xmc4400.o


==============================================================================

Image component sizes


      Code (inc. data)   RO Data    RW Data    ZI Data      Debug   Object Name

     26770       4028        999          0          0      76240   action.o
        16          6          0          0          0     505891   app_can.o
        52          0          0          0          0       1714   app_dac.o
       122         14          0          0          0       8174   app_init.o
        66          0          0          0          0       1984   app_spiflash.o
        84         16          0          0          0       8100   bsp_dac.o
       458         34          0         12          0      15639   bsp_delay.o
       268         34         24          0          0       1417   bsp_gpio.o
       408         30         48          0          0      51133   bsp_rs485.o
        28          4         20          0          0        816   bsp_scu.o
       738         50        108          0          0      58927   bsp_spibus.o
      2572        134        116          7       4096      72768   bsp_spiflash.o
       420         48         36          8        600      14437   bsp_uart.o
       340         44         12          8          0      43413   bsp_watch.o
       486          0          0          0          0      18087   can_node.o
         0          0        224         48          0       1251   can_node_conf.o
     14946       2118          0         12        903      16570   communication.o
       116         20          0          0         12       2409   debug.o
        42          0          0          0          0       1206   delay.o
        30          0          0          0          0       1826   global_can.o
         0          0          0         12          0        275   global_can_conf.o
      4632       2076          0         18          9       5112   initial.o
      6236        480          0         10       1024      21433   io_function.o
      2616        394          0         36          0      17147   main.o
       366         30          0          0          0       6422   parameter.o
       760          0          0          0          0      30282   spi_master.o
       384         46        248         96         20      14746   spi_master_conf.o
        56         32        512          0       2560        488   startup_xmc4402.o
      2758        368          0         44          0      20274   step_motor_drv.o
      7018        140      10000        332        360      25685   stepper_function.o
         0          0          0       1060      25352      35116   sys_variable.o
     21312       3206          0          0          0      29480   system.o
       860         96          0          0         32       7176   system_xmc4400.o
       368         48          0         19          0      19886   watch.o
        32          4          0          0          0        597   xmc4_eru.o
       176         10          0          0          0       1268   xmc4_gpio.o
      1448        190          0          0          0      33018   xmc4_scu.o
       896         18          0          0          0      17821   xmc_can.o
       560         30          0          0          0      23095   xmc_ccu4.o
       446         18          0          0          0      25991   xmc_ccu8.o
       264          6          0          0          0      11160   xmc_dac.o
      1400         36          0          0         32      15692   xmc_dma.o
        72          0          0          0          0       8518   xmc_eru.o
       126         10          0          0          0       7876   xmc_posif.o
       188          4          0          0          0      22993   xmc_spi.o
       186          0          0          0          0       6908   xmc_uart.o
       456         46          0          0          0      18267   xmc_usic.o
       658          4         16          0          0      26785   xmc_vadc.o

    ----------------------------------------------------------------------
    102304      13872      12396       1728      35000    1355513   Object Totals
         0          0         32          0          0          0   (incl. Generated)
        68          0          1          6          0          0   (incl. Padding)

    ----------------------------------------------------------------------

      Code (inc. data)   RO Data    RW Data    ZI Data      Debug   Library Member Name

         0          0       2052          0          0       4704   arm_common_tables.o
       120         12          0          0          0      17170   arm_cos_f32.o
       148         18          0          0          0        814   arm_sin_f32.o
        90          0          0          0          0          0   __dczerorl2.o
         8          0          0          0          0         68   __main.o
         0          0          0          0          0          0   __rtentry.o
        12          0          0          0          0          0   __rtentry2.o
         6          0          0          0          0          0   __rtentry4.o
        52          8          0          0          0          0   __scatter.o
        28          0          0          0          0          0   __scatter_zi.o
        18          0          0          0          0         80   exit.o
         6          0          0          0          0        152   heapauxi.o
         0          0          0          0          0          0   indicate_semi.o
         2          0          0          0          0          0   libinit.o
         6          0          0          0          0          0   libinit2.o
         2          0          0          0          0          0   libshutdown.o
         2          0          0          0          0          0   libshutdown2.o
         8          4          0          0         96         68   libspace.o
        72          0          0          0          0         76   llsdiv.o
       238          0          0          0          0        100   lludivv7m.o
        88          0          0          0          0         76   memcmp.o
        78          0          0          0          0         80   rt_memclr_w.o
       138          0          0          0          0         68   rt_memcpy_v6.o
       100          0          0          0          0         80   rt_memcpy_w.o
         2          0          0          0          0          0   rtexit.o
        10          0          0          0          0          0   rtexit2.o
        12          4          0          0          0         68   sys_exit.o
        74          0          0          0          0         80   sys_stackheap_outer.o
         2          0          0          0          0         68   use_no_semi.o
        10          0          0          0          0        116   fpinit.o
         0          0          0          0          0          0   usenofp.o
       112         14          0          0          0        116   floorf.o
       288          4          0          0          0        480   IQNdiv.o
        32          4          0          0          0        360   IQNmpy.o
       108         10          0          0          0        220   IQNsqrt.o
      2048       2048          0          0          0        148   IQtables.o
         0          0          0        820        400       3690   all_globalvars.o
       526         94          0         56          0     521257   app_adc.o
      4692        464          0          6          0      19885   app_spi.o
       220         42          0         20          0        906   app_stepposif.o
       776         46          0          0          0       3630   app_stepwm.o
      2716        196          0        176          0      28356   app_svpwm.o
       572        118          0        228          0      51547   bsp_adc.o
       698         82          0         60          0      15574   bsp_ccu4.o
       374         96          0         72         12      24306   bsp_posif.o
       800         86          0        124          0      24981   bsp_svpwm.o
       648         58          0          2          0       2233   mc_config.o
      1198         50          0          0          0       3502   mc_control.o
      1444        148          0          8          0       3734   mc_curve.o
      2100        240          0          0          0       4240   mc_driver.o
      6672        910          0        396        132     534326   mc_pmsm.o
      2728        228          0         36          0       4171   mc_stamach.o
       236         52          0          4          0       1001   mc_step.o
       272         50          0          0          0       4918   motor_drive.o

    ----------------------------------------------------------------------
     30616       5086       2052       2012        644    1277449   Library Totals
        24          0          0          4          4          0   (incl. Padding)

    ----------------------------------------------------------------------

      Code (inc. data)   RO Data    RW Data    ZI Data      Debug   Library Name

       268         30       2052          0          0      22688   arm_cortexM4lf_math.lib
      1054         16          0          0         96       1064   c_w.l
        10          0          0          0          0        116   g_wm.l
       112         14          0          0          0        116   m_wm.l
     29148       5026          0       2008        544    1253465   motor_drive.lib

    ----------------------------------------------------------------------
     30616       5086       2052       2012        644    1277449   Library Totals

    ----------------------------------------------------------------------

==============================================================================


      Code (inc. data)   RO Data    RW Data    ZI Data      Debug   

    132920      18958      14448       3740      35644    2583794   Grand Totals
    132920      18958      14448        608      35644    2583794   ELF Image Totals (compressed)
    132920      18958      14448        608          0          0   ROM Totals

==============================================================================

    Total RO  Size (Code + RO Data)               147368 ( 143.91kB)
    Total RW  Size (RW Data + ZI Data)             39384 (  38.46kB)
    Total ROM Size (Code + RO Data + RW Data)     147976 ( 144.51kB)

==============================================================================

