Component: ARM Compiler 5.06 update 6 (build 750) Tool: armlink [4d35ed]

==============================================================================

Section Cross References

    app_can.o(i.app_Can_Init) refers to can_node.o(i.CAN_NODE_Init) for CAN_NODE_Init
    app_can.o(i.app_Can_Init) refers to can_node_conf.o(.constdata) for CAN_NODE_0
    app_dac.o(i.app_DacInit) refers to bsp_dac.o(i.bsp_DacInit) for bsp_DacInit
    app_dac.o(i.app_DacInit) refers to bsp_dac.o(i.bsp_DacSetValue) for bsp_DacSetValue
    app_dac.o(i.app_DacSetValue) refers to bsp_dac.o(i.bsp_DacSetValue) for bsp_DacSetValue
    app_dac.o(i.app_DacSetValue_da0) refers to bsp_dac.o(i.bsp_DacSetValue) for bsp_DacSetValue
    app_delay.o(i.app_DelayMs) refers to bsp_delay.o(i.bsp_DelayMs) for bsp_DelayMs
    app_delay.o(i.app_DelayUs) refers to bsp_delay.o(i.bsp_DelayUs) for bsp_DelayUs
    app_gpio.o(i.Control_DCT1) refers to app_gpio.o(i.XMC_GPIO_SetOutputLow) for XMC_GPIO_SetOutputLow
    app_gpio.o(i.Control_DCT1) refers to app_gpio.o(i.XMC_GPIO_SetOutputHigh) for XMC_GPIO_SetOutputHigh
    app_gpio.o(i.Control_DCT1) refers to app_gpio.o(i.XMC_GPIO_ToggleOutput) for XMC_GPIO_ToggleOutput
    app_gpio.o(i.Control_DCT2) refers to app_gpio.o(i.XMC_GPIO_SetOutputLow) for XMC_GPIO_SetOutputLow
    app_gpio.o(i.Control_DCT2) refers to app_gpio.o(i.XMC_GPIO_SetOutputHigh) for XMC_GPIO_SetOutputHigh
    app_gpio.o(i.Control_DCT2) refers to app_gpio.o(i.XMC_GPIO_ToggleOutput) for XMC_GPIO_ToggleOutput
    app_gpio.o(i.Control_QF1) refers to app_gpio.o(i.XMC_GPIO_SetOutputLow) for XMC_GPIO_SetOutputLow
    app_gpio.o(i.Control_QF1) refers to app_gpio.o(i.XMC_GPIO_SetOutputHigh) for XMC_GPIO_SetOutputHigh
    app_gpio.o(i.Control_QF1) refers to app_gpio.o(i.XMC_GPIO_ToggleOutput) for XMC_GPIO_ToggleOutput
    app_gpio.o(i.Control_QF2) refers to app_gpio.o(i.XMC_GPIO_SetOutputLow) for XMC_GPIO_SetOutputLow
    app_gpio.o(i.Control_QF2) refers to app_gpio.o(i.XMC_GPIO_SetOutputHigh) for XMC_GPIO_SetOutputHigh
    app_gpio.o(i.Control_QF2) refers to app_gpio.o(i.XMC_GPIO_ToggleOutput) for XMC_GPIO_ToggleOutput
    app_gpio.o(i.Control_QF3) refers to app_gpio.o(i.XMC_GPIO_SetOutputLow) for XMC_GPIO_SetOutputLow
    app_gpio.o(i.Control_QF3) refers to app_gpio.o(i.XMC_GPIO_SetOutputHigh) for XMC_GPIO_SetOutputHigh
    app_gpio.o(i.Control_QF3) refers to app_gpio.o(i.XMC_GPIO_ToggleOutput) for XMC_GPIO_ToggleOutput
    app_gpio.o(i.Control_QF4) refers to app_gpio.o(i.XMC_GPIO_SetOutputLow) for XMC_GPIO_SetOutputLow
    app_gpio.o(i.Control_QF4) refers to app_gpio.o(i.XMC_GPIO_SetOutputHigh) for XMC_GPIO_SetOutputHigh
    app_gpio.o(i.Control_QF4) refers to app_gpio.o(i.XMC_GPIO_ToggleOutput) for XMC_GPIO_ToggleOutput
    app_gpio.o(i.Control_QF5) refers to app_gpio.o(i.XMC_GPIO_SetOutputLow) for XMC_GPIO_SetOutputLow
    app_gpio.o(i.Control_QF5) refers to app_gpio.o(i.XMC_GPIO_SetOutputHigh) for XMC_GPIO_SetOutputHigh
    app_gpio.o(i.Control_QF5) refers to app_gpio.o(i.XMC_GPIO_ToggleOutput) for XMC_GPIO_ToggleOutput
    app_gpio.o(i.Get_Dig_DV) refers to app_gpio.o(i.XMC_GPIO_GetInput) for XMC_GPIO_GetInput
    app_gpio.o(i.Get_Dig_Err) refers to app_gpio.o(i.XMC_GPIO_GetInput) for XMC_GPIO_GetInput
    app_gpio.o(i.Get_Org_Senser) refers to app_gpio.o(i.XMC_GPIO_GetInput) for XMC_GPIO_GetInput
    app_flash.o(i.app_FlashRead) refers to bsp_flash.o(i.bsp_FlashRead) for bsp_FlashRead
    app_flash.o(i.app_FlashWrite_ParaQD) refers to bsp_flash.o(i.bsp_FlashWrite) for bsp_FlashWrite
    app_flash.o(i.app_FlashWrite_ParaZK) refers to bsp_flash.o(i.bsp_FlashWrite) for bsp_FlashWrite
    app_flash.o(i.app_Flash_ALLWrite_Para) refers to bsp_flash.o(i.bsp_FlashWrite) for bsp_FlashWrite
    app_spiflash.o(i.app_SpiFlashRead) refers to bsp_spiflash.o(i.bsp_SpiFlashReadBuffer) for bsp_SpiFlashReadBuffer
    app_spiflash.o(i.app_spiFlash_Write) refers to bsp_spiflash.o(i.bsp_SpiFlashWriteBuffer) for bsp_SpiFlashWriteBuffer
    app_spiflash.o(i.app_spiFlash_WritePara) refers to bsp_spiflash.o(i.bsp_SpiFlashWriteBuffer) for bsp_SpiFlashWriteBuffer
    app_spiflash.o(i.bsp_SpiFlashTest) refers to app_spiflash.o(i.app_spiFlash_WritePara) for app_spiFlash_WritePara
    app_spiflash.o(i.bsp_SpiFlashTest) refers to app_spiflash.o(i.app_SpiFlashRead) for app_SpiFlashRead
    app_init.o(i.System_Init) refers to bsp_scu.o(i.SCU_Config_Init) for SCU_Config_Init
    app_init.o(i.System_Init) refers to app_can.o(i.app_Can_Init) for app_Can_Init
    app_init.o(i.System_Init) refers to bsp_delay.o(i.bsp_DelayInit) for bsp_DelayInit
    app_init.o(i.System_Init) refers to bsp_gpio.o(i.SingleIo_Init) for SingleIo_Init
    app_init.o(i.System_Init) refers to bsp_adc.o(i.VADC_Config_Init) for VADC_Config_Init
    app_init.o(i.System_Init) refers to bsp_watch.o(i.bsp_Watch_Init) for bsp_Watch_Init
    app_init.o(i.System_Init) refers to bsp_rs485.o(i.bsp_Rs485Init) for bsp_Rs485Init
[...]
    StMTempadc                               0x20000b14   Data           4  all_globalvars.o(.data)
    Send_Data                                0x20000b18   Data           2  all_globalvars.o(.data)
    g_SPIRxBuffer                            0x20000b1a   Data           6  all_globalvars.o(.data)
    ZeroAngle                                0x20000b20   Data           2  all_globalvars.o(.data)
    srch_phsflg                              0x20000b22   Data           2  all_globalvars.o(.data)
    StepM1_SPWM_config                       0x20000b24   Data          36  all_globalvars.o(.data)
    StepM1V                                  0x20000b48   Data         148  all_globalvars.o(.data)
    StepM1P                                  0x20000bdc   Data          60  all_globalvars.o(.data)
    motor1_FindStar                          0x20000c18   Data          14  all_globalvars.o(.data)
    g_IntCount1                              0x20000c28   Data           4  all_globalvars.o(.data)
    g_TimeRealOneStep1                       0x20000c2c   Data           4  all_globalvars.o(.data)
    g_Wht_Step1                              0x20000c30   Data           4  all_globalvars.o(.data)
    g_Recive_Distance1                       0x20000c34   Data           4  all_globalvars.o(.data)
    g_TotalOneDis1                           0x20000c38   Data           4  all_globalvars.o(.data)
    g_TotalDis1                              0x20000c3c   Data           4  all_globalvars.o(.data)
    subsection1                              0x20000c40   Data           4  all_globalvars.o(.data)
    g_TemptC1                                0x20000c44   Data           2  all_globalvars.o(.data)
    motorstopcount1                          0x20000c46   Data           2  all_globalvars.o(.data)
    linkage                                  0x20000c48   Data           2  all_globalvars.o(.data)
    pattern_sta                              0x20000c4a   Data           2  all_globalvars.o(.data)
    StopCount1                               0x20000c4c   Data           4  all_globalvars.o(.data)
    g_ErrorFlag                              0x20000c50   Data           4  all_globalvars.o(.data)
    g_OneStepFlag1                           0x20000c54   Data           1  all_globalvars.o(.data)
    brake_flagx                              0x20000c55   Data           1  all_globalvars.o(.data)
    double_x                                 0x20000c56   Data           2  all_globalvars.o(.data)
    remainx_step                             0x20000c58   Data           2  all_globalvars.o(.data)
    remain_temp                              0x20000c5c   Data           4  all_globalvars.o(.data)
    reload_PidI_Kp                           0x20000c60   Data           4  all_globalvars.o(.data)
    xpattern_index                           0x20000c64   Data           2  all_globalvars.o(.data)
    pattern_index_last                       0x20000c66   Data           2  all_globalvars.o(.data)
    Holdtimer                                0x20000c68   Data           2  all_globalvars.o(.data)
    stepcurrent1                             0x20000c6a   Data           2  all_globalvars.o(.data)
    g_Step1temp                              0x20000c6c   Data           4  all_globalvars.o(.data)
    xstart_set                               0x20000c70   Data           2  all_globalvars.o(.data)
    Posarve1                                 0x20000c72   Data           2  all_globalvars.o(.data)
    para                                     0x20000c74   Data         120  all_globalvars.o(.data)
    g_StepMotor1                             0x20000cec   Data         228  all_globalvars.o(.data)
    g_SpiMode                                0x20000dd0   Data          24  all_globalvars.o(.data)
    g_SpiMode_m2temp1                        0x20000de8   Data          24  all_globalvars.o(.data)
    g_PulseMode1                             0x20000e00   Data          16  all_globalvars.o(.data)
    g_MainQepData                            0x20000e10   Data          24  all_globalvars.o(.data)
    mainqep_test                             0x20000e28   Data           4  all_globalvars.o(.data)
    test1                                    0x20000e2c   Data           2  all_globalvars.o(.data)
    axis_xnohold                             0x20000e2e   Data           2  all_globalvars.o(.data)
    current_ratio                            0x20000e30   Data           2  all_globalvars.o(.data)
    g_Version                                0x20000e32   Data           2  all_globalvars.o(.data)
    pattern_restart_index                    0x20000e34   Data           2  all_globalvars.o(.data)
    pattern_restop_index                     0x20000e36   Data           2  all_globalvars.o(.data)
    pattern_re_sta                           0x20000e38   Data           2  all_globalvars.o(.data)
    Poweron_flag                             0x20000e3a   Data           2  all_globalvars.o(.data)
    jump_flag                                0x20000e3c   Data           2  all_globalvars.o(.data)
    para_count                               0x20000e3e   Data           2  all_globalvars.o(.data)
    m_p_ptr                                  0x20000e40   Data           4  all_globalvars.o(.data)
    Line_Transf                              0x20000e44   Data           4  all_globalvars.o(.data)
    SLICE4_config                            0x20000e48   Data           8  bsp_ccu4.o(.data)
    capture4_config                          0x20000e50   Data           8  bsp_ccu4.o(.data)
    Count4_event0_config                     0x20000e58   Data           4  bsp_ccu4.o(.data)
    Direct4_event1_config                    0x20000e5c   Data           4  bsp_ccu4.o(.data)
    Start4_event2_config                     0x20000e60   Data           4  bsp_ccu4.o(.data)
    count4speed_event0_config                0x20000e64   Data           4  bsp_ccu4.o(.data)
    capture4_eventST_config                  0x20000e68   Data           4  bsp_ccu4.o(.data)
    capture4_eventA_config                   0x20000e6c   Data           4  bsp_ccu4.o(.data)
    SLICE4_INPUT_config                      0x20000e70   Data          12  bsp_ccu4.o(.data)
    slice2_config                            0x20000e7c   Data           8  bsp_ccu4.o(.data)
    g_time                                   0x20000e88   Data           4  mc_curve.o(.data)
    g_spd                                    0x20000e8c   Data           4  mc_curve.o(.data)
    StepM_Posref                             0x20000eb0   Data           4  mc_stamach.o(.data)
    uart_tx_buf                              0x20000eb4   Data         300  bsp_uart.o(.bss)
    rec1_buf                                 0x20000fe0   Data         300  bsp_uart.o(.bss)
    SPI_MASTER_0_MISO_Config                 0x2000210c   Data          20  spi_master_conf.o(.bss)
    pat_buf                                  0x20002120   Data       24004  sys_variable.o(.bss)
    SpeedRange                               0x20007ee4   Data          20  sys_variable.o(.bss)
    motor_para                               0x20007ef8   Data          10  sys_variable.o(.bss)
    svpara_buf                               0x20007f02   Data         100  sys_variable.o(.bss)
    svpara_disp_buf                          0x20007f66   Data         256  sys_variable.o(.bss)
    ratio_array                              0x20008066   Data          34  sys_variable.o(.bss)
    sys_para                                 0x20008088   Data         214  sys_variable.o(.bss)
    tra1_buf                                 0x2000815e   Data         255  sys_variable.o(.bss)
    x_move_frame_para                        0x2000825e   Data         200  sys_variable.o(.bss)
    y_move_frame_para                        0x20008326   Data         200  sys_variable.o(.bss)
    ui_comm                                  0x200083f0   Data          16  sys_variable.o(.bss)
    _debug_buf_disp                          0x20008400   Data          40  sys_variable.o(.bss)
    tra_buf                                  0x20008428   Data         301  communication.o(.bss)
    rec_buf                                  0x20008555   Data         301  communication.o(.bss)
    send_command                             0x20008682   Data         301  communication.o(.bss)
    ee                                       0x200087af   Data           9  initial.o(.bss)
    io_out_reflection_table                  0x200087b8   Data         512  io_function.o(.bss)
    io_in_reflection_table                   0x200089b8   Data         512  io_function.o(.bss)
    x_motor_handle                           0x20008bb8   Data         120  stepper_function.o(.bss)
    y_motor_handle                           0x20008c30   Data         120  stepper_function.o(.bss)
    z_motor_handle                           0x20008ca8   Data         120  stepper_function.o(.bss)
    debug                                    0x20008d20   Data          12  debug.o(.bss)
    nopmove_speed_para                       0x20008d2c   Data         200  nopmove_speed.o(.bss)
    dma0_event_handlers                      0x20008e94   Data          32  xmc_dma.o(.bss)
    m1_p                                     0x20008eb4   Data          20  mc_pmsm.o(.bss)
    pmsm1                                    0x20008ed4   Data          68  mc_pmsm.o(.bss)
    timer_buf                                0x20008f18   Data          32  mc_pmsm.o(.bss)
    Pmsm1Z_pin_config                        0x20008f38   Data          12  bsp_posif.o(.bss)
    pattern_buf                              0x20008f44   Data         400  all_globalvars.o(.bss)
    __libspace_start                         0x200090d4   Data          96  libspace.o(.bss)
    __temporary_stack_top$libspace           0x20009134   Data           0  libspace.o(.bss)
    SystemCoreClock                          0x2000ffc0   Data           4  system_xmc4400.o(.ARM.__AT_0x2000FFC0)
    g_chipid                                 0x2000ffc4   Data          16  system_xmc4400.o(.ARM.__AT_0x2000FFC4)
    g_hrpwm_char_data                        0x2000ffd4   Data          12  system_xmc4400.o(.ARM.__AT_0x2000FFD4)



==============================================================================

Memory Map of the image

  Image Entry point : 0x08000201

  Load Region LR_IROM1 (Base: 0x08000000, Size: 0x0002554c, Max: 0x00040000, ABSOLUTE, COMPRESSED[0x00024904])

    Execution Region ER_IROM1 (Exec base: 0x08000000, Load base: 0x08000000, Size: 0x00024698, Max: 0x00040000, ABSOLUTE)

    Exec Addr    Load Addr    Size         Type   Attr      Idx    E Section Name        Object

    0x08000000   0x08000000   0x00000200   Data   RO         3736    RESET               startup_xmc4402.o
    0x08000200   0x08000200   0x00000008   Code   RO         9261  * !!!main             c_w.l(__main.o)
    0x08000208   0x08000208   0x00000034   Code   RO         9477    !!!scatter          c_w.l(__scatter.o)
    0x0800023c   0x0800023c   0x0000005a   Code   RO         9475    !!dczerorl2         c_w.l(__dczerorl2.o)
    0x08000296   0x08000296   0x00000002   PAD
    0x08000298   0x08000298   0x0000001c   Code   RO         9479    !!handler_zi        c_w.l(__scatter_zi.o)
    0x080002b4   0x080002b4   0x00000002   Code   RO         9333    .ARM.Collect$$libinit$$00000000  c_w.l(libinit.o)
    0x080002b6   0x080002b6   0x00000004   Code   RO         9351    .ARM.Collect$$libinit$$00000001  c_w.l(libinit2.o)
    0x080002ba   0x080002ba   0x00000000   Code   RO         9354    .ARM.Collect$$libinit$$00000004  c_w.l(libinit2.o)
    0x080002ba   0x080002ba   0x00000000   Code   RO         9357    .ARM.Collect$$libinit$$0000000A  c_w.l(libinit2.o)
    0x080002ba   0x080002ba   0x00000000   Code   RO         9359    .ARM.Collect$$libinit$$0000000C  c_w.l(libinit2.o)
    0x080002ba   0x080002ba   0x00000000   Code   RO         9361    .ARM.Collect$$libinit$$0000000E  c_w.l(libinit2.o)
    0x080002ba   0x080002ba   0x00000000   Code   RO         9364    .ARM.Collect$$libinit$$00000011  c_w.l(libinit2.o)
    0x080002ba   0x080002ba   0x00000000   Code   RO         9366    .ARM.Collect$$libinit$$00000013  c_w.l(libinit2.o)
    0x080002ba   0x080002ba   0x00000000   Code   RO         9368    .ARM.Collect$$libinit$$00000015  c_w.l(libinit2.o)
    0x080002ba   0x080002ba   0x00000000   Code   RO         9370    .ARM.Collect$$libinit$$00000017  c_w.l(libinit2.o)
    0x080002ba   0x080002ba   0x00000000   Code   RO         9372    .ARM.Collect$$libinit$$00000019  c_w.l(libinit2.o)
    0x080002ba   0x080002ba   0x00000000   Code   RO         9374    .ARM.Collect$$libinit$$0000001B  c_w.l(libinit2.o)
    0x080002ba   0x080002ba   0x00000000   Code   RO         9376    .ARM.Collect$$libinit$$0000001D  c_w.l(libinit2.o)
    0x080002ba   0x080002ba   0x00000000   Code   RO         9378    .ARM.Collect$$libinit$$0000001F  c_w.l(libinit2.o)
    0x080002ba   0x080002ba   0x00000000   Code   RO         9380    .ARM.Collect$$libinit$$00000021  c_w.l(libinit2.o)
    0x080002ba   0x080002ba   0x00000000   Code   RO         9382    .ARM.Collect$$libinit$$00000023  c_w.l(libinit2.o)
    0x080002ba   0x080002ba   0x00000000   Code   RO         9384    .ARM.Collect$$libinit$$00000025  c_w.l(libinit2.o)
    0x080002ba   0x080002ba   0x00000000   Code   RO         9388    .ARM.Collect$$libinit$$0000002C  c_w.l(libinit2.o)
    0x080002ba   0x080002ba   0x00000000   Code   RO         9390    .ARM.Collect$$libinit$$0000002E  c_w.l(libinit2.o)
    0x080002ba   0x080002ba   0x00000000   Code   RO         9392    .ARM.Collect$$libinit$$00000030  c_w.l(libinit2.o)
    0x080002ba   0x080002ba   0x00000000   Code   RO         9394    .ARM.Collect$$libinit$$00000032  c_w.l(libinit2.o)
    0x080002ba   0x080002ba   0x00000002   Code   RO         9395    .ARM.Collect$$libinit$$00000033  c_w.l(libinit2.o)
    0x080002bc   0x080002bc   0x00000002   Code   RO         9425    .ARM.Collect$$libshutdown$$00000000  c_w.l(libshutdown.o)
    0x080002be   0x080002be   0x00000000   Code   RO         9442    .ARM.Collect$$libshutdown$$00000002  c_w.l(libshutdown2.o)
    0x080002be   0x080002be   0x00000000   Code   RO         9444    .ARM.Collect$$libshutdown$$00000004  c_w.l(libshutdown2.o)
    0x080002be   0x080002be   0x00000000   Code   RO         9447    .ARM.Collect$$libshutdown$$00000007  c_w.l(libshutdown2.o)
    0x080002be   0x080002be   0x00000000   Code   RO         9450    .ARM.Collect$$libshutdown$$0000000A  c_w.l(libshutdown2.o)
    0x080002be   0x080002be   0x00000000   Code   RO         9452    .ARM.Collect$$libshutdown$$0000000C  c_w.l(libshutdown2.o)
    0x080002be   0x080002be   0x00000000   Code   RO         9455    .ARM.Collect$$libshutdown$$0000000F  c_w.l(libshutdown2.o)
    0x080002be   0x080002be   0x00000002   Code   RO         9456    .ARM.Collect$$libshutdown$$00000010  c_w.l(libshutdown2.o)
    0x080002c0   0x080002c0   0x00000000   Code   RO         9279    .ARM.Collect$$rtentry$$00000000  c_w.l(__rtentry.o)
    0x080002c0   0x080002c0   0x00000000   Code   RO         9298    .ARM.Collect$$rtentry$$00000002  c_w.l(__rtentry2.o)
    0x080002c0   0x080002c0   0x00000006   Code   RO         9310    .ARM.Collect$$rtentry$$00000004  c_w.l(__rtentry4.o)
    0x080002c6   0x080002c6   0x00000000   Code   RO         9300    .ARM.Collect$$rtentry$$00000009  c_w.l(__rtentry2.o)
    0x080002c6   0x080002c6   0x00000004   Code   RO         9301    .ARM.Collect$$rtentry$$0000000A  c_w.l(__rtentry2.o)
    0x080002ca   0x080002ca   0x00000000   Code   RO         9303    .ARM.Collect$$rtentry$$0000000C  c_w.l(__rtentry2.o)
    0x080002ca   0x080002ca   0x00000008   Code   RO         9304    .ARM.Collect$$rtentry$$0000000D  c_w.l(__rtentry2.o)
    0x080002d2   0x080002d2   0x00000002   Code   RO         9343    .ARM.Collect$$rtexit$$00000000  c_w.l(rtexit.o)
    0x080002d4   0x080002d4   0x00000000   Code   RO         9397    .ARM.Collect$$rtexit$$00000002  c_w.l(rtexit2.o)
    0x080002d4   0x080002d4   0x00000004   Code   RO         9398    .ARM.Collect$$rtexit$$00000003  c_w.l(rtexit2.o)
    0x080002d8   0x080002d8   0x00000006   Code   RO         9399    .ARM.Collect$$rtexit$$00000004  c_w.l(rtexit2.o)
    0x080002de   0x080002de   0x00000002   PAD
    0x080002e0   0x080002e0   0x00000038   Code   RO         3737    .text               startup_xmc4402.o
    0x08000318   0x08000318   0x00000078   Code   RO         8986    .text               arm_cortexM4lf_math.lib(arm_cos_f32.o)
    0x08000390   0x08000390   0x00000094   Code   RO         9036    .text               arm_cortexM4lf_math.lib(arm_sin_f32.o)
    0x08000424   0x08000424   0x00000048   Code   RO         9249    .text               c_w.l(llsdiv.o)
    0x0800046c   0x0800046c   0x00000058   Code   RO         9251    .text               c_w.l(memcmp.o)
    0x080004c4   0x080004c4   0x0000008a   Code   RO         9253    .text               c_w.l(rt_memcpy_v6.o)
    0x0800054e   0x0800054e   0x00000064   Code   RO         9255    .text               c_w.l(rt_memcpy_w.o)
    0x080005b2   0x080005b2   0x0000004e   Code   RO         9257    .text               c_w.l(rt_memclr_w.o)
    0x08000600   0x08000600   0x00000006   Code   RO         9259    .text               c_w.l(heapauxi.o)
    0x08000606   0x08000606   0x000000ee   Code   RO         9280    .text               c_w.l(lludivv7m.o)
    0x080006f4   0x080006f4   0x0000004a   Code   RO         9322    .text               c_w.l(sys_stackheap_outer.o)
    0x0800073e   0x0800073e   0x00000012   Code   RO         9326    .text               c_w.l(exit.o)
    0x08000750   0x08000750   0x00000008   Code   RO         9340    .text               c_w.l(libspace.o)
    0x08000758   0x08000758   0x0000000c   Code   RO         9413    .text               c_w.l(sys_exit.o)
    0x08000764   0x08000764   0x00000002   Code   RO         9430    .text               c_w.l(use_no_semi.o)
    0x08000766   0x08000766   0x00000000   Code   RO         9432    .text               c_w.l(indicate_semi.o)
    0x08000766   0x08000766   0x00000002   PAD
    0x08000768   0x08000768   0x00000090   Code   RO         8812    _IQ10div            motor_drive.lib(IQNdiv.o)
    0x080007f8   0x080007f8   0x00000010   Code   RO         8902    _IQ10mpy            motor_drive.lib(IQNmpy.o)
    0x08000808   0x08000808   0x0000006c   Code   RO         9066    _IQ10sqrt           motor_drive.lib(IQNsqrt.o)
    0x08000874   0x08000874   0x00000090   Code   RO         8822    _IQ20div            motor_drive.lib(IQNdiv.o)
    0x08000904   0x08000904   0x00000010   Code   RO         8912    _IQ20mpy            motor_drive.lib(IQNmpy.o)
    0x08000914   0x08000914   0x00000018   Code   RO         8240    i.BackData_version  motor_drive.lib(app_spi.o)
    0x0800092c   0x0800092c   0x000000d8   Code   RO         1626    i.CAN_NODE_Init     can_node.o
    0x08000a04   0x08000a04   0x0000004c   Code   RO         1629    i.CAN_NODE_MO_Init  can_node.o
    0x08000a50   0x08000a50   0x0000004c   Code   RO         1634    i.CAN_NODE_SetNodeEvents  can_node.o
    0x08000a9c   0x08000a9c   0x0000003e   Code   RO         1635    i.CAN_NODE_SetNodePointer  can_node.o
    0x08000ada   0x08000ada   0x00000002   PAD
    0x08000adc   0x08000adc   0x000001b8   Code   RO         7639    i.CCU40_2_IRQHandler  motor_drive.lib(mc_pmsm.o)
    0x08000c94   0x08000c94   0x00000050   Code   RO         1881    i.CCU43_2_IRQHandler  watch.o
    0x08000ce4   0x08000ce4   0x00000298   Code   RO         8587    i.CCU4_Config_Init  motor_drive.lib(bsp_ccu4.o)
    0x08000f7c   0x08000f7c   0x000002f0   Code   RO         8378    i.CCU80_CC80_Config_Init  motor_drive.lib(bsp_svpwm.o)
    0x0800126c   0x0800126c   0x00000308   Code   RO         8673    i.CalculateCurve1   motor_drive.lib(mc_curve.o)
    0x08001574   0x08001574   0x00000178   Code   RO         8674    i.CalculateCurve_pattern1  motor_drive.lib(mc_curve.o)
    0x080016ec   0x080016ec   0x00000020   Code   RO         2045    i.ChangeX           action.o
    0x0800170c   0x0800170c   0x00000022   Code   RO         2046    i.ChangeY           action.o
    0x0800172e   0x0800172e   0x00000002   PAD
    0x08001730   0x08001730   0x00000034   Code   RO         8241    i.CheckOut          motor_drive.lib(app_spi.o)
    0x08001764   0x08001764   0x0000008c   Code   RO         7640    i.ERU0_0_IRQHandler  motor_drive.lib(mc_pmsm.o)
    0x080017f0   0x080017f0   0x000000dc   Code   RO         8213    i.Encoder_Capt      motor_drive.lib(app_stepposif.o)
    0x080018cc   0x080018cc   0x00000080   Code   RO         8242    i.ExtractionCurve   motor_drive.lib(app_spi.o)
    0x0800194c   0x0800194c   0x00000124   Code   RO         8642    i.Find_InitPos      motor_drive.lib(mc_config.o)
    0x08001a70   0x08001a70   0x00000164   Code   RO         8643    i.Find_StartPoint   motor_drive.lib(mc_config.o)
    0x08001bd4   0x08001bd4   0x00000068   Code   RO         7976    i.ForFunc           motor_drive.lib(motor_drive.o)
    0x08001c3c   0x08001c3c   0x0000001e   Code   RO         1784    i.GLOBAL_CAN_Init   global_can.o
    0x08001c5a   0x08001c5a   0x00000002   PAD
    0x08001c5c   0x08001c5c   0x00000010   Code   RO         1108    i.GPDMA0_0_IRQHandler  bsp_spiflash.o
    0x08001c6c   0x08001c6c   0x000000ec   Code   RO         8243    i.GetCurve          motor_drive.lib(app_spi.o)
    0x08001d58   0x08001d58   0x0000000c   Code   RO         7643    i.GetPmsm1Angle     motor_drive.lib(mc_pmsm.o)
    0x08001d64   0x08001d64   0x00000030   Code   RO         2047    i.GetPmsm1Angle_Adjust  action.o
    0x08001d94   0x08001d94   0x0000000c   Code   RO         7645    i.GetPmsm1SpeedRef  motor_drive.lib(mc_pmsm.o)
    0x08001da0   0x08001da0   0x00000008   Code   RO         7646    i.GetPmsm1Version   motor_drive.lib(mc_pmsm.o)
    0x08001da8   0x08001da8   0x00000020   Code   RO         7647    i.Install_MC_Int_Fun  motor_drive.lib(mc_pmsm.o)
    0x08001dc8   0x08001dc8   0x0000001e   Code   RO         2048    i.Judge_Quadrant    action.o
    0x08001de6   0x08001de6   0x00000040   Code   RO         1016    i.NVIC_EncodePriority  bsp_spibus.o
    0x08001e26   0x08001e26   0x00000002   PAD
    0x08001e28   0x08001e28   0x00000008   Code   RO         3744    i.OSCHP_GetFrequency  system_xmc4400.o
    0x08001e30   0x08001e30   0x000000e4   Code   RO         2049    i.PBP_Line          action.o
    0x08001f14   0x08001f14   0x000000ae   Code   RO         7649    i.Pid_calc          motor_drive.lib(mc_pmsm.o)
    0x08001fc2   0x08001fc2   0x00000002   PAD
    0x08001fc4   0x08001fc4   0x0000007c   Code   RO         7650    i.Pmsm1Control      motor_drive.lib(mc_pmsm.o)
    0x08002040   0x08002040   0x000000b0   Code   RO         7651    i.Pmsm1FindZero     motor_drive.lib(mc_pmsm.o)
    0x080020f0   0x080020f0   0x00000058   Code   RO         7652    i.Pmsm1Initial      motor_drive.lib(mc_pmsm.o)
    0x08002148   0x08002148   0x0000003c   Code   RO         7653    i.Pmsm1ParaAddSend  motor_drive.lib(mc_pmsm.o)
    0x08002184   0x08002184   0x00000018   Code   RO         7654    i.Pmsm1PowerOnWatch  motor_drive.lib(mc_pmsm.o)
    0x0800219c   0x0800219c   0x00000054   Code   RO         7655    i.Pmsm1RunningWatch  motor_drive.lib(mc_pmsm.o)
    0x080021f0   0x080021f0   0x0000000c   Code   RO         7656    i.Pmsm1TaskCheck    motor_drive.lib(mc_pmsm.o)
    0x080021fc   0x080021fc   0x0000000c   Code   RO         7657    i.Pmsm1_Run_State   motor_drive.lib(mc_pmsm.o)
    0x08002208   0x08002208   0x00000170   Code   RO         8333    i.Posif_Config_Init  motor_drive.lib(bsp_posif.o)
    0x08002378   0x08002378   0x00000038   Code   RO         8766    i.Quard_decode_check_false  motor_drive.lib(mc_stamach.o)
    0x080023b0   0x080023b0   0x00000010   Code   RO          786    i.Rs485_ReceiveEn   bsp_rs485.o
    0x080023c0   0x080023c0   0x00000010   Code   RO          787    i.Rs485_WriteEn     bsp_rs485.o
    0x080023d0   0x080023d0   0x00000274   Code   RO         8724    i.Run_move          motor_drive.lib(mc_driver.o)
    0x08002644   0x08002644   0x00000130   Code   RO         8725    i.Run_pattern       motor_drive.lib(mc_driver.o)
    0x08002774   0x08002774   0x000002e0   Code   RO         8726    i.Run_quick         motor_drive.lib(mc_driver.o)
    0x08002a54   0x08002a54   0x000001b0   Code   RO         8727    i.Run_step          motor_drive.lib(mc_driver.o)
    0x08002c04   0x08002c04   0x0000001c   Code   RO         1279    i.SCU_Config_Init   bsp_scu.o
    0x08002c20   0x08002c20   0x0000017c   Code   RO         1531    i.SPI_MASTER_0_lInit  spi_master_conf.o
    0x08002d9c   0x08002d9c   0x0000006a   Code   RO         1369    i.SPI_MASTER_Transfer  spi_master.o
    0x08002e06   0x08002e06   0x00000236   Code   RO         1374    i.SPI_MASTER_lReceivePolling  spi_master.o
    0x0800303c   0x0800303c   0x00000012   Code   RO         1377    i.SPI_MASTER_lStdRBUFFlush  spi_master.o
    0x0800304e   0x0800304e   0x00000002   PAD
    0x08003050   0x08003050   0x00000830   Code   RO         8130    i.SVPWM_t_calc      motor_drive.lib(app_svpwm.o)
    0x08003880   0x08003880   0x000000e8   Code   RO         2050    i.SewingReverse     action.o
    0x08003968   0x08003968   0x00000078   Code   RO         7977    i.SimulateSpiCmd    motor_drive.lib(motor_drive.o)
    0x080039e0   0x080039e0   0x0000010c   Code   RO          659    i.SingleIo_Init     bsp_gpio.o
    0x08003aec   0x08003aec   0x00000014   Code   RO         8131    i.Start_Pwm         motor_drive.lib(app_svpwm.o)
    0x08003b00   0x08003b00   0x00000014   Code   RO         8533    i.Start_StepPwm     motor_drive.lib(app_stepwm.o)
    0x08003b14   0x08003b14   0x000000ec   Code   RO         8479    i.StepContrl        motor_drive.lib(mc_step.o)
    0x08003c00   0x08003c00   0x00000064   Code   RO         8675    i.StepLoop_Init     motor_drive.lib(mc_curve.o)
    0x08003c64   0x08003c64   0x000000c0   Code   RO         8677    i.StepLoop_Init_reload  motor_drive.lib(mc_curve.o)
    0x08003d24   0x08003d24   0x0000022c   Code   RO         8767    i.StepLoop_Update_close  motor_drive.lib(mc_stamach.o)
    0x08003f50   0x08003f50   0x000001a6   Code   RO         8437    i.StepM_CurCtrl     motor_drive.lib(mc_control.o)
    0x080040f6   0x080040f6   0x00000002   PAD
    0x080040f8   0x080040f8   0x000001e0   Code   RO         8438    i.StepM_Para_init   motor_drive.lib(mc_control.o)
    0x080042d8   0x080042d8   0x00000072   Code   RO         8439    i.StepM_PosCtrl     motor_drive.lib(mc_control.o)
    0x0800434a   0x0800434a   0x00000002   PAD
    0x0800434c   0x0800434c   0x00000250   Code   RO         8534    i.StepM_SPWM_calc   motor_drive.lib(app_stepwm.o)
    0x0800459c   0x0800459c   0x000000b6   Code   RO         8440    i.StepM_SpdCtrl     motor_drive.lib(mc_control.o)
    0x08004652   0x08004652   0x00000002   PAD
    0x08004654   0x08004654   0x0000000c   Code   RO         7978    i.StepMotor1CurveBind  motor_drive.lib(motor_drive.o)
    0x08004660   0x08004660   0x00000024   Code   RO         7979    i.StepMotor1ParamBind  motor_drive.lib(motor_drive.o)
    0x08004684   0x08004684   0x00000048   Code   RO         8535    i.StepPwm_Update    motor_drive.lib(app_stepwm.o)
    0x080046cc   0x080046cc   0x00000090   Code   RO         8132    i.Stop_Pwm          motor_drive.lib(app_svpwm.o)
    0x0800475c   0x0800475c   0x00000058   Code   RO         8536    i.Stop_StepPwm      motor_drive.lib(app_stepwm.o)
    0x080047b4   0x080047b4   0x00000844   Code   RO         8768    i.Stp_StaMach       motor_drive.lib(mc_stamach.o)
    0x08004ff8   0x08004ff8   0x00000058   Code   RO         8133    i.Svpwm_Update      motor_drive.lib(app_svpwm.o)
    0x08005050   0x08005050   0x00000114   Code   RO         1882    i.Sys_Watch         watch.o
    0x08005164   0x08005164   0x00000214   Code   RO         3745    i.SystemCoreClockSetup  system_xmc4400.o
    0x08005378   0x08005378   0x000000a4   Code   RO         3746    i.SystemCoreClockUpdate  system_xmc4400.o
    0x0800541c   0x0800541c   0x00000058   Code   RO         3747    i.SystemCoreSetup   system_xmc4400.o
    0x08005474   0x08005474   0x0000002c   Code   RO         3748    i.SystemInit        system_xmc4400.o
    0x080054a0   0x080054a0   0x00000070   Code   RO          445    i.System_Init       app_init.o
    0x08005510   0x08005510   0x0000005c   Code   RO         2679    i.USIC0_0_IRQHandler  communication.o
    0x0800556c   0x0800556c   0x00000018   Code   RO         2680    i.USIC0_1_IRQHandler  communication.o
    0x08005584   0x08005584   0x00000002   Code   RO         1532    i.USIC0_3_IRQHandler  spi_master_conf.o
    0x08005586   0x08005586   0x00000002   Code   RO         1533    i.USIC0_5_IRQHandler  spi_master_conf.o
    0x08005588   0x08005588   0x00000002   Code   RO          879    i.USIC1_3_IRQHandler  bsp_uart.o
    0x0800558a   0x0800558a   0x00000002   PAD
    0x0800558c   0x0800558c   0x0000006c   Code   RO          880    i.USIC1_4_IRQHandler  bsp_uart.o
    0x080055f8   0x080055f8   0x00000048   Code   RO         3591    i.Us100_Int_Hook    debug.o
    0x08005640   0x08005640   0x00000002   Code   RO         3592    i.Us500_Int_Hook    debug.o
    0x08005642   0x08005642   0x00000002   PAD
    0x08005644   0x08005644   0x00000200   Code   RO         7316    i.VADC0_G0_0_IRQHandler  motor_drive.lib(app_adc.o)
    0x08005844   0x08005844   0x00000224   Code   RO         7569    i.VADC_Config_Init  motor_drive.lib(bsp_adc.o)
    0x08005a68   0x08005a68   0x0000003e   Code   RO         3858    i.XMC_CAN_AllocateMOtoNodeList  xmc_can.o
    0x08005aa6   0x08005aa6   0x00000002   PAD
    0x08005aa8   0x08005aa8   0x0000002c   Code   RO         3860    i.XMC_CAN_Enable    xmc_can.o
    0x08005ad4   0x08005ad4   0x000000ba   Code   RO         3862    i.XMC_CAN_Init      xmc_can.o
    0x08005b8e   0x08005b8e   0x00000002   PAD
    0x08005b90   0x08005b90   0x000000b8   Code   RO         3863    i.XMC_CAN_MO_Config  xmc_can.o
    0x08005c48   0x08005c48   0x0000000c   Code   RO         1636    i.XMC_CAN_MO_EnableEvent  can_node.o
    0x08005c54   0x08005c54   0x00000018   Code   RO         1637    i.XMC_CAN_MO_SetEventNodePointer  can_node.o
    0x08005c6c   0x08005c6c   0x0000003c   Code   RO         3871    i.XMC_CAN_MO_UpdateData  xmc_can.o
    0x08005ca8   0x08005ca8   0x00000016   Code   RO         3873    i.XMC_CAN_NODE_EnableEvent  xmc_can.o
    0x08005cbe   0x08005cbe   0x00000144   Code   RO         3874    i.XMC_CAN_NODE_NominalBitTimeConfigure  xmc_can.o
    0x08005e02   0x08005e02   0x00000014   Code   RO         1638    i.XMC_CAN_NODE_SetEventNodePointer  can_node.o
    0x08005e16   0x08005e16   0x0000000c   Code   RO         8588    i.XMC_CCU4_EnableClock  motor_drive.lib(bsp_ccu4.o)
    0x08005e22   0x08005e22   0x00000002   PAD
    0x08005e24   0x08005e24   0x00000094   Code   RO         4011    i.XMC_CCU4_EnableModule  xmc_ccu4.o
    0x08005eb8   0x08005eb8   0x00000004   Code   RO         8589    i.XMC_CCU4_EnableShadowTransfer  motor_drive.lib(bsp_ccu4.o)
    0x08005ebc   0x08005ebc   0x00000026   Code   RO         4013    i.XMC_CCU4_Init     xmc_ccu4.o
    0x08005ee2   0x08005ee2   0x00000010   Code   RO         4014    i.XMC_CCU4_SLICE_Capture0Config  xmc_ccu4.o
    0x08005ef2   0x08005ef2   0x00000010   Code   RO         4015    i.XMC_CCU4_SLICE_Capture1Config  xmc_ccu4.o
    0x08005f02   0x08005f02   0x00000020   Code   RO         4016    i.XMC_CCU4_SLICE_CaptureInit  xmc_ccu4.o
    0x08005f22   0x08005f22   0x00000010   Code   RO         1306    i.XMC_CCU4_SLICE_ClearEvent  bsp_delay.o
    0x08005f32   0x08005f32   0x00000030   Code   RO         4017    i.XMC_CCU4_SLICE_CompareInit  xmc_ccu4.o
    0x08005f62   0x08005f62   0x0000005e   Code   RO         4018    i.XMC_CCU4_SLICE_ConfigureEvent  xmc_ccu4.o
    0x08005fc0   0x08005fc0   0x00000010   Code   RO         4020    i.XMC_CCU4_SLICE_CountConfig  xmc_ccu4.o
    0x08005fd0   0x08005fd0   0x00000010   Code   RO         4021    i.XMC_CCU4_SLICE_DirectionConfig  xmc_ccu4.o
    0x08005fe0   0x08005fe0   0x0000000c   Code   RO         4024    i.XMC_CCU4_SLICE_GetCaptureRegisterValue  xmc_ccu4.o
    0x08005fec   0x08005fec   0x00000016   Code   RO         1307    i.XMC_CCU4_SLICE_GetEvent  bsp_delay.o
    0x08006002   0x08006002   0x00000056   Code   RO         4029    i.XMC_CCU4_SLICE_SetInterruptNode  xmc_ccu4.o
    0x08006058   0x08006058   0x00000004   Code   RO         8590    i.XMC_CCU4_SLICE_SetTimerCompareMatch  motor_drive.lib(bsp_ccu4.o)
    0x0800605c   0x0800605c   0x00000016   Code   RO         4032    i.XMC_CCU4_SLICE_SetTimerCountingMode  xmc_ccu4.o
    0x08006072   0x08006072   0x00000004   Code   RO         8591    i.XMC_CCU4_SLICE_SetTimerPeriodMatch  motor_drive.lib(bsp_ccu4.o)
    0x08006076   0x08006076   0x00000004   Code   RO         1308    i.XMC_CCU4_SLICE_SetTimerValue  bsp_delay.o
    0x0800607a   0x0800607a   0x00000006   Code   RO         8334    i.XMC_CCU4_SLICE_StartTimer  motor_drive.lib(bsp_posif.o)
    0x08006080   0x08006080   0x00000010   Code   RO         4038    i.XMC_CCU4_SetModuleClock  xmc_ccu4.o
    0x08006090   0x08006090   0x0000000a   Code   RO         8592    i.XMC_CCU4_StartPrescaler  motor_drive.lib(bsp_ccu4.o)
    0x0800609a   0x0800609a   0x0000000c   Code   RO         8379    i.XMC_CCU8_EnableClock  motor_drive.lib(bsp_svpwm.o)
    0x080060a6   0x080060a6   0x00000002   PAD
    0x080060a8   0x080060a8   0x00000050   Code   RO         4212    i.XMC_CCU8_EnableModule  xmc_ccu8.o
    0x080060f8   0x080060f8   0x00000004   Code   RO         8134    i.XMC_CCU8_EnableShadowTransfer  motor_drive.lib(app_svpwm.o)
    0x080060fc   0x080060fc   0x00000004   Code   RO         8380    i.XMC_CCU8_EnableShadowTransfer  motor_drive.lib(bsp_svpwm.o)
    0x08006100   0x08006100   0x00000004   Code   RO         8537    i.XMC_CCU8_EnableShadowTransfer  motor_drive.lib(app_stepwm.o)
    0x08006104   0x08006104   0x00000026   Code   RO         4214    i.XMC_CCU8_Init     xmc_ccu8.o
    0x0800612a   0x0800612a   0x0000003c   Code   RO         4218    i.XMC_CCU8_SLICE_CompareInit  xmc_ccu8.o
    0x08006166   0x08006166   0x0000005e   Code   RO         4220    i.XMC_CCU8_SLICE_ConfigureEvent  xmc_ccu8.o
    0x080061c4   0x080061c4   0x0000000e   Code   RO         4224    i.XMC_CCU8_SLICE_DeadTimeInit  xmc_ccu8.o
    0x080061d2   0x080061d2   0x0000005e   Code   RO         4237    i.XMC_CCU8_SLICE_SetInterruptNode  xmc_ccu8.o
    0x08006230   0x08006230   0x00000016   Code   RO         8381    i.XMC_CCU8_SLICE_SetShadowTransferMode  motor_drive.lib(bsp_svpwm.o)
    0x08006246   0x08006246   0x0000000a   Code   RO         4241    i.XMC_CCU8_SLICE_SetTimerCompareMatch  xmc_ccu8.o
    0x08006250   0x08006250   0x00000004   Code   RO         4243    i.XMC_CCU8_SLICE_SetTimerPeriodMatch  xmc_ccu8.o
    0x08006254   0x08006254   0x00000024   Code   RO         4245    i.XMC_CCU8_SLICE_StartConfig  xmc_ccu8.o
    0x08006278   0x08006278   0x00000010   Code   RO         4249    i.XMC_CCU8_SetModuleClock  xmc_ccu8.o
    0x08006288   0x08006288   0x0000000a   Code   RO         8382    i.XMC_CCU8_StartPrescaler  motor_drive.lib(bsp_svpwm.o)
    0x08006292   0x08006292   0x0000003e   Code   RO         4550    i.XMC_DAC_CH_Init   xmc_dac.o
    0x080062d0   0x080062d0   0x0000003e   Code   RO         4551    i.XMC_DAC_CH_SetFrequency  xmc_dac.o
    0x0800630e   0x0800630e   0x00000016   Code   RO         4552    i.XMC_DAC_CH_SetMode  xmc_dac.o
    0x08006324   0x08006324   0x0000001a   Code   RO         4555    i.XMC_DAC_CH_SetTrigger  xmc_dac.o
    0x0800633e   0x0800633e   0x00000044   Code   RO         4556    i.XMC_DAC_CH_StartDataMode  xmc_dac.o
    0x08006382   0x08006382   0x00000002   PAD
    0x08006384   0x08006384   0x00000018   Code   RO         4562    i.XMC_DAC_Enable    xmc_dac.o
    0x0800639c   0x0800639c   0x00000026   Code   RO         4654    i.XMC_DMA_CH_ClearEventStatus  xmc_dma.o
    0x080063c2   0x080063c2   0x0000000c   Code   RO         1109    i.XMC_DMA_CH_Enable  bsp_spiflash.o
    0x080063ce   0x080063ce   0x00000028   Code   RO         4664    i.XMC_DMA_CH_EnableEvent  xmc_dma.o
    0x080063f6   0x080063f6   0x00000002   PAD
    0x080063f8   0x080063f8   0x00000324   Code   RO         4668    i.XMC_DMA_CH_Init   xmc_dma.o
    0x0800671c   0x0800671c   0x00000016   Code   RO         4669    i.XMC_DMA_CH_IsEnabled  xmc_dma.o
    0x08006732   0x08006732   0x00000010   Code   RO         1110    i.XMC_DMA_CH_SetBlockSize  bsp_spiflash.o
    0x08006742   0x08006742   0x00000010   Code   RO         1111    i.XMC_DMA_CH_SetDestinationAddress  bsp_spiflash.o
    0x08006752   0x08006752   0x00000002   PAD
    0x08006754   0x08006754   0x0000000c   Code   RO         4673    i.XMC_DMA_CH_SetEventHandler  xmc_dma.o
    0x08006760   0x08006760   0x0000000e   Code   RO         1112    i.XMC_DMA_CH_SetSourceAddress  bsp_spiflash.o
    0x0800676e   0x0800676e   0x00000002   PAD
    0x08006770   0x08006770   0x0000001c   Code   RO         4681    i.XMC_DMA_Enable    xmc_dma.o
    0x0800678c   0x0800678c   0x00000038   Code   RO         4682    i.XMC_DMA_EnableRequestLine  xmc_dma.o
    0x080067c4   0x080067c4   0x00000148   Code   RO         4684    i.XMC_DMA_IRQHandler  xmc_dma.o
    0x0800690c   0x0800690c   0x0000000c   Code   RO         4685    i.XMC_DMA_Init      xmc_dma.o
    0x08006918   0x08006918   0x0000003c   Code   RO         4686    i.XMC_DMA_IsEnabled  xmc_dma.o
    0x08006954   0x08006954   0x0000002e   Code   RO         5016    i.XMC_ERU_ETL_Init  xmc_eru.o
    0x08006982   0x08006982   0x00000002   PAD
    0x08006984   0x08006984   0x00000020   Code   RO         6222    i.XMC_ERU_Enable    xmc4_eru.o
    0x080069a4   0x080069a4   0x0000001a   Code   RO         5025    i.XMC_ERU_OGU_Init  xmc_eru.o
    0x080069be   0x080069be   0x0000000c   Code   RO         1884    i.XMC_GPIO_GetInput  watch.o
    0x080069ca   0x080069ca   0x0000000c   Code   RO         3301    i.XMC_GPIO_GetInput  io_function.o
    0x080069d6   0x080069d6   0x0000000c   Code   RO         7660    i.XMC_GPIO_GetInput  motor_drive.lib(mc_pmsm.o)
    0x080069e2   0x080069e2   0x0000000c   Code   RO         8244    i.XMC_GPIO_GetInput  motor_drive.lib(app_spi.o)
    0x080069ee   0x080069ee   0x0000000c   Code   RO         3302    i.XMC_GPIO_GetOutput  io_function.o
    0x080069fa   0x080069fa   0x00000002   PAD
    0x080069fc   0x080069fc   0x000000b0   Code   RO         6419    i.XMC_GPIO_Init     xmc4_gpio.o
    0x08006aac   0x08006aac   0x00000008   Code   RO          788    i.XMC_GPIO_SetOutputHigh  bsp_rs485.o
    0x08006ab4   0x08006ab4   0x00000008   Code   RO         3303    i.XMC_GPIO_SetOutputLevel  io_function.o
    0x08006abc   0x08006abc   0x0000000a   Code   RO          446    i.XMC_GPIO_SetOutputLow  app_init.o
    0x08006ac6   0x08006ac6   0x0000000a   Code   RO          789    i.XMC_GPIO_SetOutputLow  bsp_rs485.o
    0x08006ad0   0x08006ad0   0x0000000a   Code   RO         7661    i.XMC_GPIO_SetOutputLow  motor_drive.lib(mc_pmsm.o)
    0x08006ada   0x08006ada   0x0000000a   Code   RO         3304    i.XMC_GPIO_ToggleOutput  io_function.o
    0x08006ae4   0x08006ae4   0x0000003c   Code   RO         5358    i.XMC_POSIF_Enable  xmc_posif.o
    0x08006b20   0x08006b20   0x0000001a   Code   RO         5360    i.XMC_POSIF_Init    xmc_posif.o
    0x08006b3a   0x08006b3a   0x00000028   Code   RO         5362    i.XMC_POSIF_QD_Init  xmc_posif.o
    0x08006b62   0x08006b62   0x00000002   PAD
    0x08006b64   0x08006b64   0x00000018   Code   RO         6534    i.XMC_SCU_CLOCK_DisableSystemPll  xmc4_scu.o
    0x08006b7c   0x08006b7c   0x0000000c   Code   RO         6536    i.XMC_SCU_CLOCK_EnableClock  xmc4_scu.o
    0x08006b88   0x08006b88   0x00000048   Code   RO         6537    i.XMC_SCU_CLOCK_EnableHighPerformanceOscillator  xmc4_scu.o
    0x08006bd0   0x08006bd0   0x0000006c   Code   RO         6539    i.XMC_SCU_CLOCK_EnableLowPowerOscillator  xmc4_scu.o
    0x08006c3c   0x08006c3c   0x00000018   Code   RO         6541    i.XMC_SCU_CLOCK_EnableSystemPll  xmc4_scu.o
    0x08006c54   0x08006c54   0x0000001c   Code   RO         6548    i.XMC_SCU_CLOCK_GetPeripheralClockFrequency  xmc4_scu.o
    0x08006c70   0x08006c70   0x000000a0   Code   RO         6555    i.XMC_SCU_CLOCK_Init  xmc4_scu.o
    0x08006d10   0x08006d10   0x0000001c   Code   RO         6557    i.XMC_SCU_CLOCK_IsHighPerformanceOscillatorStable  xmc4_scu.o
    0x08006d2c   0x08006d2c   0x00000010   Code   RO         6558    i.XMC_SCU_CLOCK_IsLowPowerOscillatorStable  xmc4_scu.o
    0x08006d3c   0x08006d3c   0x00000024   Code   RO         6559    i.XMC_SCU_CLOCK_IsPeripheralClockGated  xmc4_scu.o
    0x08006d60   0x08006d60   0x0000003c   Code   RO         6562    i.XMC_SCU_CLOCK_SetBackupClockCalibrationMode  xmc4_scu.o
    0x08006d9c   0x08006d9c   0x00000018   Code   RO         6563    i.XMC_SCU_CLOCK_SetCcuClockDivider  xmc4_scu.o
    0x08006db4   0x08006db4   0x00000018   Code   RO         6564    i.XMC_SCU_CLOCK_SetCpuClockDivider  xmc4_scu.o
    0x08006dcc   0x08006dcc   0x00000018   Code   RO         6567    i.XMC_SCU_CLOCK_SetPeripheralClockDivider  xmc4_scu.o
    0x08006de4   0x08006de4   0x00000018   Code   RO         6568    i.XMC_SCU_CLOCK_SetSystemClockDivider  xmc4_scu.o
    0x08006dfc   0x08006dfc   0x00000014   Code   RO         6569    i.XMC_SCU_CLOCK_SetSystemClockSource  xmc4_scu.o
    0x08006e10   0x08006e10   0x00000028   Code   RO         6570    i.XMC_SCU_CLOCK_SetSystemPllClockSource  xmc4_scu.o
    0x08006e38   0x08006e38   0x00000134   Code   RO         6575    i.XMC_SCU_CLOCK_StartSystemPll  xmc4_scu.o
    0x08006f6c   0x08006f6c   0x00000058   Code   RO         6576    i.XMC_SCU_CLOCK_StartUsbPll  xmc4_scu.o
    0x08006fc4   0x08006fc4   0x00000024   Code   RO         6577    i.XMC_SCU_CLOCK_StepSystemPllFrequency  xmc4_scu.o
    0x08006fe8   0x08006fe8   0x00000018   Code   RO         6580    i.XMC_SCU_CLOCK_UngatePeripheralClock  xmc4_scu.o
    0x08007000   0x08007000   0x0000004c   Code   RO         6593    i.XMC_SCU_HIB_EnableHibernateDomain  xmc4_scu.o
    0x0800704c   0x0800704c   0x0000002c   Code   RO         6610    i.XMC_SCU_HIB_SetRtcClockSource  xmc4_scu.o
    0x08007078   0x08007078   0x0000002c   Code   RO         6613    i.XMC_SCU_HIB_SetStandbyClockSource  xmc4_scu.o
    0x080070a4   0x080070a4   0x00000018   Code   RO         6641    i.XMC_SCU_RESET_DeassertPeripheralReset  xmc4_scu.o
    0x080070bc   0x080070bc   0x00000024   Code   RO         6642    i.XMC_SCU_RESET_IsPeripheralResetAsserted  xmc4_scu.o
    0x080070e0   0x080070e0   0x0000002c   Code   RO         6655    i.XMC_SCU_lDelay    xmc4_scu.o
    0x0800710c   0x0800710c   0x00000008   Code   RO         1379    i.XMC_SPI_CH_ClearStatusFlag  spi_master.o
    0x08007114   0x08007114   0x00000008   Code   RO         5121    i.XMC_SPI_CH_ClearStatusFlag  xmc_spi.o
    0x0800711c   0x0800711c   0x0000001a   Code   RO         5122    i.XMC_SPI_CH_DisableEvent  xmc_spi.o
    0x08007136   0x08007136   0x00000016   Code   RO         5123    i.XMC_SPI_CH_DisableSlaveSelect  xmc_spi.o
    0x0800714c   0x0800714c   0x0000001a   Code   RO         5124    i.XMC_SPI_CH_EnableEvent  xmc_spi.o
    0x08007166   0x08007166   0x00000010   Code   RO         5125    i.XMC_SPI_CH_EnableSlaveSelect  xmc_spi.o
    0x08007176   0x08007176   0x0000001a   Code   RO         5126    i.XMC_SPI_CH_GetReceivedData  xmc_spi.o
    0x08007190   0x08007190   0x00000040   Code   RO         5127    i.XMC_SPI_CH_Init   xmc_spi.o
    0x080071d0   0x080071d0   0x0000000a   Code   RO         1113    i.XMC_SPI_CH_SetTransmitMode  bsp_spiflash.o
    0x080071da   0x080071da   0x0000000a   Code   RO         1381    i.XMC_SPI_CH_SetTransmitMode  spi_master.o
    0x080071e4   0x080071e4   0x0000001a   Code   RO         5559    i.XMC_UART_CH_GetReceivedData  xmc_uart.o
    0x080071fe   0x080071fe   0x00000074   Code   RO         5560    i.XMC_UART_CH_Init  xmc_uart.o
    0x08007272   0x08007272   0x0000002c   Code   RO         5563    i.XMC_UART_CH_Transmit  xmc_uart.o
    0x0800729e   0x0800729e   0x00000002   PAD
    0x080072a0   0x080072a0   0x00000058   Code   RO         5622    i.XMC_USIC_CH_Enable  xmc_usic.o
    0x080072f8   0x080072f8   0x00000008   Code   RO          790    i.XMC_USIC_CH_EnableEvent  bsp_rs485.o
    0x08007300   0x08007300   0x00000008   Code   RO          881    i.XMC_USIC_CH_EnableEvent  bsp_uart.o
    0x08007308   0x08007308   0x0000000a   Code   RO         1382    i.XMC_USIC_CH_GetReceiveBufferStatus  spi_master.o
    0x08007312   0x08007312   0x0000000a   Code   RO         1383    i.XMC_USIC_CH_GetTransmitBufferStatus  spi_master.o
    0x0800731c   0x0800731c   0x00000030   Code   RO         5623    i.XMC_USIC_CH_RXFIFO_Configure  xmc_usic.o
    0x0800734c   0x0800734c   0x0000000c   Code   RO         1384    i.XMC_USIC_CH_RXFIFO_IsEmpty  spi_master.o
    0x08007358   0x08007358   0x00000018   Code   RO         5624    i.XMC_USIC_CH_RXFIFO_SetInterruptNodePointer  xmc_usic.o
    0x08007370   0x08007370   0x00000098   Code   RO         5626    i.XMC_USIC_CH_SetBaudrate  xmc_usic.o
    0x08007408   0x08007408   0x00000014   Code   RO         5627    i.XMC_USIC_CH_SetInterruptNodePointer  xmc_usic.o
    0x0800741c   0x0800741c   0x0000002c   Code   RO         5628    i.XMC_USIC_CH_TXFIFO_Configure  xmc_usic.o
    0x08007448   0x08007448   0x0000000a   Code   RO         1386    i.XMC_USIC_CH_TXFIFO_PutDataHPCMode  spi_master.o
    0x08007452   0x08007452   0x00000018   Code   RO         5629    i.XMC_USIC_CH_TXFIFO_SetInterruptNodePointer  xmc_usic.o
    0x0800746a   0x0800746a   0x0000000a   Code   RO         1387    i.XMC_USIC_CH_WriteToTBUFTCI  spi_master.o
    0x08007474   0x08007474   0x00000038   Code   RO         5632    i.XMC_USIC_Enable   xmc_usic.o
    0x080074ac   0x080074ac   0x00000010   Code   RO         5728    i.XMC_VADC_GLOBAL_EnableModule  xmc_vadc.o
    0x080074bc   0x080074bc   0x00000032   Code   RO         5730    i.XMC_VADC_GLOBAL_Init  xmc_vadc.o
    0x080074ee   0x080074ee   0x00000002   PAD
    0x080074f0   0x080074f0   0x0000003c   Code   RO         5736    i.XMC_VADC_GLOBAL_StartupCalibration  xmc_vadc.o
    0x0800752c   0x0800752c   0x00000076   Code   RO         5741    i.XMC_VADC_GROUP_ChannelInit  xmc_vadc.o
    0x080075a2   0x080075a2   0x0000000e   Code   RO         7317    i.XMC_VADC_GROUP_GetResult  motor_drive.lib(app_adc.o)
    0x080075b0   0x080075b0   0x00000092   Code   RO         5757    i.XMC_VADC_GROUP_Init  xmc_vadc.o
    0x08007642   0x08007642   0x0000006e   Code   RO         5758    i.XMC_VADC_GROUP_InputClassInit  xmc_vadc.o
    0x080076b0   0x080076b0   0x0000000e   Code   RO         5762    i.XMC_VADC_GROUP_QueueDisableArbitrationSlot  xmc_vadc.o
    0x080076be   0x080076be   0x0000006c   Code   RO         5766    i.XMC_VADC_GROUP_QueueInit  xmc_vadc.o
    0x0800772a   0x0800772a   0x0000000a   Code   RO         7570    i.XMC_VADC_GROUP_QueueInsertChannel  motor_drive.lib(bsp_adc.o)
    0x08007734   0x08007734   0x00000012   Code   RO         5771    i.XMC_VADC_GROUP_QueueSetReqSrcEventInterruptNode  xmc_vadc.o
    0x08007746   0x08007746   0x0000000e   Code   RO         7571    i.XMC_VADC_GROUP_ResultInit  motor_drive.lib(bsp_adc.o)
    0x08007754   0x08007754   0x00000012   Code   RO         5785    i.XMC_VADC_GROUP_SetPowerMode  xmc_vadc.o
    0x08007766   0x08007766   0x00000002   Code   RO         3593    i.Z_Int_Hook        debug.o
    0x08007768   0x08007768   0x0000001a   Code   RO          791    i.__NVIC_EnableIRQ  bsp_rs485.o
    0x08007782   0x08007782   0x0000001a   Code   RO          882    i.__NVIC_EnableIRQ  bsp_uart.o
    0x0800779c   0x0800779c   0x0000001a   Code   RO         1017    i.__NVIC_EnableIRQ  bsp_spibus.o
    0x080077b6   0x080077b6   0x00000002   PAD
    0x080077b8   0x080077b8   0x00000010   Code   RO         1018    i.__NVIC_GetPriorityGrouping  bsp_spibus.o
    0x080077c8   0x080077c8   0x00000028   Code   RO          792    i.__NVIC_SetPriority  bsp_rs485.o
    0x080077f0   0x080077f0   0x00000028   Code   RO          883    i.__NVIC_SetPriority  bsp_uart.o
    0x08007818   0x08007818   0x00000028   Code   RO         1019    i.__NVIC_SetPriority  bsp_spibus.o
    0x08007840   0x08007840   0x00000070   Code   RO         9273    i.__hardfp_floorf   m_wm.l(floorf.o)
    0x080078b0   0x080078b0   0x0000006a   Code   RO         3680    i._nopmove_get_length  nopmove_speed.o
    0x0800791a   0x0800791a   0x00000094   Code   RO         3681    i._nopmove_get_speed  nopmove_speed.o
    0x080079ae   0x080079ae   0x00000138   Code   RO         3682    i._nopmove_sort_speed_point  nopmove_speed.o
    0x08007ae6   0x08007ae6   0x00000002   PAD
    0x08007ae8   0x08007ae8   0x00000058   Code   RO         2051    i.add_one_action    action.o
    0x08007b40   0x08007b40   0x00000010   Code   RO            4    i.app_Can_Init      app_can.o
    0x08007b50   0x08007b50   0x00000018   Code   RO          116    i.app_DacInit       app_dac.o
    0x08007b68   0x08007b68   0x0000000e   Code   RO          117    i.app_DacSetValue   app_dac.o
    0x08007b76   0x08007b76   0x0000000e   Code   RO          118    i.app_DacSetValue_da0  app_dac.o
    0x08007b84   0x08007b84   0x0000001e   Code   RO          400    i.app_SpiFlashRead  app_spiflash.o
    0x08007ba2   0x08007ba2   0x00000024   Code   RO          402    i.app_spiFlash_WritePara  app_spiflash.o
    0x08007bc6   0x08007bc6   0x00000002   PAD
    0x08007bc8   0x08007bc8   0x00000040   Code   RO         2052    i.at_solenoid       action.o
    0x08007c08   0x08007c08   0x00000044   Code   RO         2053    i.back_startpoint   action.o
    0x08007c4c   0x08007c4c   0x00000040   Code   RO          539    i.bsp_DacInit       bsp_dac.o
    0x08007c8c   0x08007c8c   0x00000014   Code   RO          540    i.bsp_DacSetValue   bsp_dac.o
    0x08007ca0   0x08007ca0   0x000000c8   Code   RO         1309    i.bsp_DelayInit     bsp_delay.o
    0x08007d68   0x08007d68   0x00000050   Code   RO         1310    i.bsp_DelayMs       bsp_delay.o
    0x08007db8   0x08007db8   0x00000088   Code   RO         1311    i.bsp_DelayUs       bsp_delay.o
    0x08007e40   0x08007e40   0x00000010   Code   RO         1020    i.bsp_Disable_slave  bsp_spibus.o
    0x08007e50   0x08007e50   0x00000064   Code   RO         1580    i.bsp_GpioWatchInit  bsp_watch.o
    0x08007eb4   0x08007eb4   0x0000001c   Code   RO         1023    i.bsp_Mster_WR      bsp_spibus.o
    0x08007ed0   0x08007ed0   0x0000011c   Code   RO          793    i.bsp_Rs485Init     bsp_rs485.o
    0x08007fec   0x08007fec   0x00000034   Code   RO         1024    i.bsp_Slave_Select  bsp_spibus.o
    0x08008020   0x08008020   0x00000100   Code   RO         1115    i.bsp_SpiFlashAutoWritePage  bsp_spiflash.o
    0x08008120   0x08008120   0x0000006c   Code   RO         1116    i.bsp_SpiFlashCmpData  bsp_spiflash.o
    0x0800818c   0x0800818c   0x00000010   Code   RO         1117    i.bsp_SpiFlashCsnDisable  bsp_spiflash.o
    0x0800819c   0x0800819c   0x00000014   Code   RO         1118    i.bsp_SpiFlashCsnEnable  bsp_spiflash.o
    0x080081b0   0x080081b0   0x00000048   Code   RO         1120    i.bsp_SpiFlashEraseSector  bsp_spiflash.o
    0x080081f8   0x080081f8   0x000002ac   Code   RO         1121    i.bsp_SpiFlashInit  bsp_spiflash.o
    0x080084a4   0x080084a4   0x00000028   Code   RO         1122    i.bsp_SpiFlashNeedErase  bsp_spiflash.o
    0x080084cc   0x080084cc   0x0000008a   Code   RO         1123    i.bsp_SpiFlashPageWrite  bsp_spiflash.o
    0x08008556   0x08008556   0x0000004a   Code   RO         1124    i.bsp_SpiFlashReadBuffer  bsp_spiflash.o
    0x080085a0   0x080085a0   0x00000148   Code   RO         1125    i.bsp_SpiFlashReceive  bsp_spiflash.o
    0x080086e8   0x080086e8   0x00000148   Code   RO         1127    i.bsp_SpiFlashTransmit  bsp_spiflash.o
    0x08008830   0x08008830   0x00000030   Code   RO         1128    i.bsp_SpiFlashWaitForWriteEnd  bsp_spiflash.o
    0x08008860   0x08008860   0x00000152   Code   RO         1129    i.bsp_SpiFlashWriteBuffer  bsp_spiflash.o
    0x080089b2   0x080089b2   0x00000002   PAD
    0x080089b4   0x080089b4   0x000001f0   Code   RO         1025    i.bsp_Spi_Master_Init  bsp_spibus.o
    0x08008ba4   0x08008ba4   0x000000ec   Code   RO          885    i.bsp_UartInit      bsp_uart.o
    0x08008c90   0x08008c90   0x000000f0   Code   RO         1581    i.bsp_Watch_Init    bsp_watch.o
    0x08008d80   0x08008d80   0x00000108   Code   RO         7662    i.cal_pid_p_stopn   motor_drive.lib(mc_pmsm.o)
    0x08008e88   0x08008e88   0x000002bc   Code   RO         2054    i.calculate_angle   action.o
    0x08009144   0x08009144   0x00000074   Code   RO         2055    i.calculate_continue_move_time  action.o
    0x080091b8   0x080091b8   0x00000ae0   Code   RO         2056    i.check_data        action.o
    0x08009c98   0x08009c98   0x00000054   Code   RO         2057    i.check_foot_status  action.o
    0x08009cec   0x08009cec   0x000001ca   Code   RO         3456    i.check_motor_cfg_para  stepper_function.o
    0x08009eb6   0x08009eb6   0x00000002   PAD
    0x08009eb8   0x08009eb8   0x00000058   Code   RO         3457    i.check_physical_port_used_or_not  stepper_function.o
    0x08009f10   0x08009f10   0x00000078   Code   RO         2058    i.check_sewing_range  action.o
    0x08009f88   0x08009f88   0x00000024   Code   RO         3150    i.checki03_status   system.o
    0x08009fac   0x08009fac   0x0000055c   Code   RO         3151    i.checki04_status   system.o
    0x0800a508   0x0800a508   0x000001e8   Code   RO         3152    i.checki05_status   system.o
    0x0800a6f0   0x0800a6f0   0x0000027c   Code   RO         3153    i.checki06_status   system.o
    0x0800a96c   0x0800a96c   0x00000024   Code   RO         3154    i.checki07_status   system.o
    0x0800a990   0x0800a990   0x00000070   Code   RO         3155    i.checki08_status   system.o
    0x0800aa00   0x0800aa00   0x0000029c   Code   RO         3156    i.checki10_status   system.o
    0x0800ac9c   0x0800ac9c   0x00000024   Code   RO         3157    i.checki11_status   system.o
    0x0800acc0   0x0800acc0   0x00000050   Code   RO         8135    i.clarke_calc       motor_drive.lib(app_svpwm.o)
    0x0800ad10   0x0800ad10   0x00000024   Code   RO         2681    i.com_error         communication.o
    0x0800ad34   0x0800ad34   0x00000094   Code   RO         2791    i.config_mainmotor  initial.o
    0x0800adc8   0x0800adc8   0x00000400   Code   RO         2059    i.conprocess_data   action.o
    0x0800b1c8   0x0800b1c8   0x00000044   Code   RO         2060    i.coor_com_fun      action.o
    0x0800b20c   0x0800b20c   0x000002ec   Code   RO         2061    i.course_back       action.o
    0x0800b4f8   0x0800b4f8   0x00000020   Code   RO         2835    i.cpy_para_buff     parameter.o
    0x0800b518   0x0800b518   0x0000003a   Code   RO         2916    i.crc_calcu1        step_motor_drv.o
    0x0800b552   0x0800b552   0x00000002   PAD
    0x0800b554   0x0800b554   0x00000028   Code   RO         3594    i.debug_mode_init   debug.o
    0x0800b57c   0x0800b57c   0x00000018   Code   RO         3749    i.delay             system_xmc4400.o
    0x0800b594   0x0800b594   0x0000001e   Code   RO         2761    i.delay_ms          delay.o
    0x0800b5b2   0x0800b5b2   0x00000002   PAD
    0x0800b5b4   0x0800b5b4   0x0000018c   Code   RO         2064    i.delay_process     action.o
    0x0800b740   0x0800b740   0x0000000c   Code   RO         2762    i.delay_us          delay.o
    0x0800b74c   0x0800b74c   0x00000070   Code   RO         2065    i.detect_position   action.o
    0x0800b7bc   0x0800b7bc   0x00000044   Code   RO         2066    i.do_pat_point_add_one  action.o
    0x0800b800   0x0800b800   0x00000064   Code   RO         2067    i.do_pat_point_sub_one  action.o
    0x0800b864   0x0800b864   0x000001c0   Code   RO         3158    i.download_drv_status  system.o
    0x0800ba24   0x0800ba24   0x000000c0   Code   RO         3159    i.download_multipul_program_status  system.o
    0x0800bae4   0x0800bae4   0x00000002   Code   RO         3160    i.download_status   system.o
    0x0800bae6   0x0800bae6   0x0000002a   Code   RO         3305    i.dsp1_output_control  io_function.o
    0x0800bb10   0x0800bb10   0x00000002   Code   RO         2068    i.emergency         action.o
    0x0800bb12   0x0800bb12   0x00000002   PAD
    0x0800bb14   0x0800bb14   0x00000370   Code   RO         3161    i.error_status      system.o
    0x0800be84   0x0800be84   0x00000150   Code   RO         2069    i.find_dead_center  action.o
    0x0800bfd4   0x0800bfd4   0x00000310   Code   RO         3162    i.finish_status     system.o
    0x0800c2e4   0x0800c2e4   0x00000060   Code   RO         2070    i.foot_down         action.o
    0x0800c344   0x0800c344   0x00000030   Code   RO         2071    i.foot_half_down    action.o
    0x0800c374   0x0800c374   0x00000028   Code   RO         2072    i.foot_half_up      action.o
    0x0800c39c   0x0800c39c   0x00000068   Code   RO         2073    i.foot_up           action.o
    0x0800c404   0x0800c404   0x00000058   Code   RO         2074    i.footer_both_down  action.o
    0x0800c45c   0x0800c45c   0x00000058   Code   RO         2075    i.footer_both_up    action.o
    0x0800c4b4   0x0800c4b4   0x00000130   Code   RO         2076    i.footer_procedure  action.o
    0x0800c5e4   0x0800c5e4   0x0000079c   Code   RO         1963    i.function_1ms_hook  main.o
    0x0800cd80   0x0800cd80   0x00000038   Code   RO         8246    i.g_SpiMode_CmdTip  motor_drive.lib(app_spi.o)
    0x0800cdb8   0x0800cdb8   0x00000040   Code   RO         3458    i.get_motor_cfg     stepper_function.o
    0x0800cdf8   0x0800cdf8   0x00000032   Code   RO         3459    i.get_origin_state  stepper_function.o
    0x0800ce2a   0x0800ce2a   0x00000092   Code   RO         3460    i.get_physical_num_and_channel  stepper_function.o
    0x0800cebc   0x0800cebc   0x0000050c   Code   RO         2077    i.go_beginpoint     action.o
    0x0800d3c8   0x0800d3c8   0x0000019c   Code   RO         2078    i.go_commandpoint   action.o
    0x0800d564   0x0800d564   0x000002b8   Code   RO         2079    i.go_origin_allmotor  action.o
    0x0800d81c   0x0800d81c   0x0000003c   Code   RO         2080    i.go_origin_x       action.o
    0x0800d858   0x0800d858   0x00000258   Code   RO         2081    i.go_origin_xy      action.o
    0x0800dab0   0x0800dab0   0x00000074   Code   RO         2082    i.go_origin_xy_both  action.o
    0x0800db24   0x0800db24   0x0000003c   Code   RO         2083    i.go_origin_y       action.o
    0x0800db60   0x0800db60   0x00000074   Code   RO         2084    i.go_origin_zx      action.o
    0x0800dbd4   0x0800dbd4   0x0000034c   Code   RO         2085    i.go_setoutpoint    action.o
    0x0800df20   0x0800df20   0x00000164   Code   RO         2086    i.go_startpoint     action.o
    0x0800e084   0x0800e084   0x0000007e   Code   RO         7663    i.holding_axes      motor_drive.lib(mc_pmsm.o)
    0x0800e102   0x0800e102   0x00000002   PAD
    0x0800e104   0x0800e104   0x00000068   Code   RO         2682    i.init_comm         communication.o
    0x0800e16c   0x0800e16c   0x00000096   Code   RO         3461    i.init_motor_handler_sturct  stepper_function.o
    0x0800e202   0x0800e202   0x00000002   PAD
    0x0800e204   0x0800e204   0x0000116c   Code   RO         2792    i.init_var          initial.o
    0x0800f370   0x0800f370   0x0000001e   Code   RO         2793    i.initial           initial.o
    0x0800f38e   0x0800f38e   0x00000002   PAD
    0x0800f390   0x0800f390   0x0000003c   Code   RO         2087    i.initial_mainmotor  action.o
    0x0800f3cc   0x0800f3cc   0x000000ac   Code   RO         2088    i.inpress_down      action.o
    0x0800f478   0x0800f478   0x000000a0   Code   RO         2089    i.inpress_to        action.o
    0x0800f518   0x0800f518   0x000000bc   Code   RO         2091    i.inpress_up        action.o
    0x0800f5d4   0x0800f5d4   0x000007f4   Code   RO         3306    i.io_function_init  io_function.o
    0x0800fdc8   0x0800fdc8   0x00000090   Code   RO         3307    i.io_get_logic_inout  io_function.o
    0x0800fe58   0x0800fe58   0x000001f4   Code   RO         3308    i.io_get_physical_input  io_function.o
    0x0801004c   0x0801004c   0x000001fc   Code   RO         3309    i.io_get_physical_output  io_function.o
    0x08010248   0x08010248   0x0000015c   Code   RO         3311    i.io_sc0719_bsp_init  io_function.o
    0x080103a4   0x080103a4   0x00000150   Code   RO         3312    i.io_sc0720_bsp_init  io_function.o
    0x080104f4   0x080104f4   0x00000148   Code   RO         3313    i.io_sc0720a_bsp_init  io_function.o
    0x0801063c   0x0801063c   0x00000148   Code   RO         3314    i.io_sc0723_bsp_init  io_function.o
    0x08010784   0x08010784   0x000000cc   Code   RO         3315    i.io_set_logic_output  io_function.o
    0x08010850   0x08010850   0x00000280   Code   RO         3316    i.io_set_physical_output  io_function.o
    0x08010ad0   0x08010ad0   0x00000098   Code   RO         3317    i.io_toggle_logic_output  io_function.o
    0x08010b68   0x08010b68   0x0000022c   Code   RO         3318    i.io_toggle_physical_output  io_function.o
    0x08010d94   0x08010d94   0x00000048   Code   RO         3319    i.io_translate_logic_to_physical  io_function.o
    0x08010ddc   0x08010ddc   0x0000008c   Code   RO         8136    i.ipark_calc        motor_drive.lib(app_svpwm.o)
    0x08010e68   0x08010e68   0x000000e4   Code   RO         2921    i.jump_to_begin     step_motor_drv.o
    0x08010f4c   0x08010f4c   0x000000e8   Code   RO         2092    i.keep_running_for_dead_center  action.o
    0x08011034   0x08011034   0x00000002   Code   RO         2094    i.laser_timer_start  action.o
    0x08011036   0x08011036   0x00000002   Code   RO         2095    i.laser_timer_stop  action.o
    0x08011038   0x08011038   0x00000130   Code   RO         7664    i.mPmsm1ParaActive  motor_drive.lib(mc_pmsm.o)
    0x08011168   0x08011168   0x0000043a   Code   RO         7665    i.m_start           motor_drive.lib(mc_pmsm.o)
    0x080115a2   0x080115a2   0x00000002   PAD
    0x080115a4   0x080115a4   0x0000029c   Code   RO         1964    i.main              main.o
    0x08011840   0x08011840   0x0000000e   Code   RO         3879    i.min               xmc_can.o
    0x0801184e   0x0801184e   0x00000002   PAD
    0x08011850   0x08011850   0x000005f8   Code   RO         7667    i.motor1_control    motor_drive.lib(mc_pmsm.o)
    0x08011e48   0x08011e48   0x00000080   Code   RO         2096    i.move_back         action.o
    0x08011ec8   0x08011ec8   0x000000f4   Code   RO         2097    i.move_continue_back  action.o
    0x08011fbc   0x08011fbc   0x000000f0   Code   RO         2098    i.move_continue_next  action.o
    0x080120ac   0x080120ac   0x00000068   Code   RO         2099    i.move_next         action.o
    0x08012114   0x08012114   0x00000064   Code   RO         2100    i.move_startpoint   action.o
    0x08012178   0x08012178   0x00000324   Code   RO         2101    i.move_xy           action.o
    0x0801249c   0x0801249c   0x00000080   Code   RO         2923    i.movestep_x        step_motor_drv.o
    0x0801251c   0x0801251c   0x00000088   Code   RO         2924    i.movestep_y        step_motor_drv.o
    0x080125a4   0x080125a4   0x00000020   Code   RO         2926    i.movestep_zx       step_motor_drv.o
    0x080125c4   0x080125c4   0x0000002c   Code   RO         2927    i.multipule_program_beginning  step_motor_drv.o
    0x080125f0   0x080125f0   0x00000028   Code   RO         2928    i.multipule_program_end  step_motor_drv.o
    0x08012618   0x08012618   0x00000014   Code   RO         2836    i.mymemcpy          parameter.o
    0x0801262c   0x0801262c   0x00000010   Code   RO         2837    i.mymemset          parameter.o
    0x0801263c   0x0801263c   0x00000070   Code   RO         2102    i.needle_down       action.o
    0x080126ac   0x080126ac   0x000001c4   Code   RO         3683    i.nopmove_calculate_move_time  nopmove_speed.o
    0x08012870   0x08012870   0x00000068   Code   RO         3684    i.nopmove_init      nopmove_speed.o
    0x080128d8   0x080128d8   0x000000bc   Code   RO         3685    i.nopmove_refresh_para  nopmove_speed.o
    0x08012994   0x08012994   0x00000090   Code   RO         8137    i.park_calc         motor_drive.lib(app_svpwm.o)
    0x08012a24   0x08012a24   0x000001f0   Code   RO         2103    i.pause_stop        action.o
    0x08012c14   0x08012c14   0x0000079c   Code   RO         7668    i.pmsm1_100us_task  motor_drive.lib(mc_pmsm.o)
    0x080133b0   0x080133b0   0x00000002   Code   RO         3163    i.poweroff_status   system.o
    0x080133b2   0x080133b2   0x00000002   PAD
    0x080133b4   0x080133b4   0x000003c0   Code   RO         3164    i.pre_running       system.o
    0x08013774   0x08013774   0x000005d8   Code   RO         3165    i.preedit_status    system.o
    0x08013d4c   0x08013d4c   0x00000190   Code   RO         3166    i.prewind_status    system.o
    0x08013edc   0x08013edc   0x000003c4   Code   RO         2104    i.process_data      action.o
    0x080142a0   0x080142a0   0x0000036c   Code   RO         2105    i.process_making_pen_signal  action.o
    0x0801460c   0x0801460c   0x000002f4   Code   RO         2106    i.process_nop_move_pause  action.o
    0x08014900   0x08014900   0x00003774   Code   RO         2683    i.protocol          communication.o
    0x08018074   0x08018074   0x0000002c   Code   RO         2930    i.read_multipule_program_status  step_motor_drv.o
    0x080180a0   0x080180a0   0x00000022   Code   RO         2838    i.read_par          parameter.o
    0x080180c2   0x080180c2   0x00000014   Code   RO         2839    i.read_para_group   parameter.o
    0x080180d6   0x080180d6   0x00000002   PAD
    0x080180d8   0x080180d8   0x00000090   Code   RO         2931    i.read_stepmotor_config_para  step_motor_drv.o
    0x08018168   0x08018168   0x00000054   Code   RO         2932    i.read_stepmotor_curve_crc  step_motor_drv.o
    0x080181bc   0x080181bc   0x00000058   Code   RO         2933    i.read_stepmotor_up_drv  step_motor_drv.o
    0x08018214   0x08018214   0x0000116c   Code   RO         3167    i.ready_status      system.o
    0x08019380   0x08019380   0x00000020   Code   RO         2684    i.rec_com           communication.o
    0x080193a0   0x080193a0   0x00000080   Code   RO         2107    i.remove_01         action.o
    0x08019420   0x08019420   0x0000004c   Code   RO         2108    i.remove_03         action.o
    0x0801946c   0x0801946c   0x00000080   Code   RO         2109    i.remove_04         action.o
    0x080194ec   0x080194ec   0x00000048   Code   RO         2110    i.remove_06         action.o
    0x08019534   0x08019534   0x00000080   Code   RO         2111    i.remove_07         action.o
    0x080195b4   0x080195b4   0x00000048   Code   RO         2112    i.remove_09         action.o
    0x080195fc   0x080195fc   0x00000080   Code   RO         2113    i.remove_10         action.o
    0x0801967c   0x0801967c   0x00000048   Code   RO         2114    i.remove_12         action.o
    0x080196c4   0x080196c4   0x0000001c   Code   RO         2115    i.remove_stop       action.o
    0x080196e0   0x080196e0   0x00000070   Code   RO         2840    i.restore_para45_from_eeprom  parameter.o
    0x08019750   0x08019750   0x0000003c   Code   RO         2841    i.restore_para_from_eeprom  parameter.o
    0x0801978c   0x0801978c   0x00001690   Code   RO         3168    i.run_status        system.o
    0x0801ae1c   0x0801ae1c   0x00000030   Code   RO         2934    i.send_dsp1_command  step_motor_drv.o
    0x0801ae4c   0x0801ae4c   0x00000030   Code   RO         2935    i.send_dsp2_command  step_motor_drv.o
    0x0801ae7c   0x0801ae7c   0x00000030   Code   RO         2936    i.send_dsp3_command  step_motor_drv.o
    0x0801aeac   0x0801aeac   0x00000030   Code   RO         2937    i.send_dsp4_command  step_motor_drv.o
    0x0801aedc   0x0801aedc   0x000000ec   Code   RO         2938    i.send_dsp_command  step_motor_drv.o
    0x0801afc8   0x0801afc8   0x0000005c   Code   RO         2939    i.send_multipule_program_data  step_motor_drv.o
    0x0801b024   0x0801b024   0x0000002c   Code   RO         2940    i.send_stepmotor_end_drv  step_motor_drv.o
    0x0801b050   0x0801b050   0x00000060   Code   RO         2941    i.send_stepmotor_up_drv  step_motor_drv.o
    0x0801b0b0   0x0801b0b0   0x00000044   Code   RO         2116    i.set_mainmotor_stop_angle  action.o
    0x0801b0f4   0x0801b0f4   0x0000005c   Code   RO         2117    i.set_tension_value  action.o
    0x0801b150   0x0801b150   0x00000494   Code   RO         3169    i.setout_status     system.o
    0x0801b5e4   0x0801b5e4   0x00000018   Code   RO         2118    i.sewing_stop       action.o
    0x0801b5fc   0x0801b5fc   0x00000090   Code   RO         2119    i.shift_01          action.o
    0x0801b68c   0x0801b68c   0x0000005c   Code   RO         2120    i.shift_03          action.o
    0x0801b6e8   0x0801b6e8   0x0000008c   Code   RO         2121    i.shift_04          action.o
    0x0801b774   0x0801b774   0x00000058   Code   RO         2122    i.shift_06          action.o
    0x0801b7cc   0x0801b7cc   0x0000008c   Code   RO         2123    i.shift_07          action.o
    0x0801b858   0x0801b858   0x00000058   Code   RO         2124    i.shift_09          action.o
    0x0801b8b0   0x0801b8b0   0x0000008c   Code   RO         2125    i.shift_10          action.o
    0x0801b93c   0x0801b93c   0x0000005c   Code   RO         2126    i.shift_12          action.o
    0x0801b998   0x0801b998   0x00000158   Code   RO         2127    i.shift_func        action.o
    0x0801baf0   0x0801baf0   0x000001e0   Code   RO         2128    i.single_back       action.o
    0x0801bcd0   0x0801bcd0   0x000001a0   Code   RO         2129    i.single_continue_back  action.o
    0x0801be70   0x0801be70   0x00000250   Code   RO         2130    i.single_continue_next  action.o
    0x0801c0c0   0x0801c0c0   0x00000044   Code   RO         2131    i.single_end        action.o
    0x0801c104   0x0801c104   0x00000584   Code   RO         2132    i.single_move_func  action.o
    0x0801c688   0x0801c688   0x00000144   Code   RO         2133    i.single_move_xy    action.o
    0x0801c7cc   0x0801c7cc   0x00000190   Code   RO         2134    i.single_next       action.o
    0x0801c95c   0x0801c95c   0x00000044   Code   RO         2135    i.single_start      action.o
    0x0801c9a0   0x0801c9a0   0x00000030   Code   RO         2136    i.single_stop       action.o
    0x0801c9d0   0x0801c9d0   0x00000564   Code   RO         3170    i.slack_status      system.o
    0x0801cf34   0x0801cf34   0x00000384   Code   RO         2137    i.special_sewing    action.o
    0x0801d2b8   0x0801d2b8   0x00001058   Code   RO         8247    i.spi_fifo_recISR   motor_drive.lib(app_spi.o)
    0x0801e310   0x0801e310   0x00000024   Code   RO         1130    i.spi_flash_dma_rx_handler  bsp_spiflash.o
    0x0801e334   0x0801e334   0x00000002   Code   RO         1131    i.spi_flash_dma_tx_handler  bsp_spiflash.o
    0x0801e336   0x0801e336   0x00000002   PAD
    0x0801e338   0x0801e338   0x000000a0   Code   RO         2942    i.spi_read_wirte_lowlevel  step_motor_drv.o
    0x0801e3d8   0x0801e3d8   0x000002f0   Code   RO         3462    i.stepper_check_error  stepper_function.o
    0x0801e6c8   0x0801e6c8   0x00000078   Code   RO         3463    i.stepper_check_motion_done  stepper_function.o
    0x0801e740   0x0801e740   0x000000b4   Code   RO         3464    i.stepper_get_z_status  stepper_function.o
    0x0801e7f4   0x0801e7f4   0x000001be   Code   RO         3465    i.stepper_go_origin  stepper_function.o
    0x0801e9b2   0x0801e9b2   0x00000002   PAD
    0x0801e9b4   0x0801e9b4   0x00000928   Code   RO         3466    i.stepper_go_origin_multiple  stepper_function.o
    0x0801f2dc   0x0801f2dc   0x0000024c   Code   RO         3467    i.stepper_init      stepper_function.o
    0x0801f528   0x0801f528   0x00000170   Code   RO         3468    i.stepper_motor_move  stepper_function.o
    0x0801f698   0x0801f698   0x000000c0   Code   RO         3469    i.stepper_motor_move_sync  stepper_function.o
    0x0801f758   0x0801f758   0x0000006e   Code   RO         3470    i.stepper_motor_sync_angle  stepper_function.o
    0x0801f7c6   0x0801f7c6   0x00000002   PAD
    0x0801f7c8   0x0801f7c8   0x00000140   Code   RO         3471    i.stepper_pause     stepper_function.o
    0x0801f908   0x0801f908   0x00000054   Code   RO         3472    i.stepper_refresh_mc_para  stepper_function.o
    0x0801f95c   0x0801f95c   0x000000f8   Code   RO         3473    i.stepper_refresh_para  stepper_function.o
    0x0801fa54   0x0801fa54   0x00000136   Code   RO         3474    i.stepper_setup_motor  stepper_function.o
    0x0801fb8a   0x0801fb8a   0x00000002   PAD
    0x0801fb8c   0x0801fb8c   0x00000040   Code   RO         2138    i.stretch_foot_in   action.o
    0x0801fbcc   0x0801fbcc   0x00000040   Code   RO         2139    i.stretch_foot_out  action.o
    0x0801fc0c   0x0801fc0c   0x000000f4   Code   RO         2140    i.tail_sewing       action.o
    0x0801fd00   0x0801fd00   0x00000084   Code   RO         2685    i.tra_com           communication.o
    0x0801fd84   0x0801fd84   0x00000244   Code   RO         2141    i.trim_action       action.o
    0x0801ffc8   0x0801ffc8   0x0000016c   Code   RO         2686    i.ui_receive_fsm    communication.o
    0x08020134   0x08020134   0x0000001a   Code   RO         2687    i.verify            communication.o
    0x0802014e   0x0802014e   0x00000002   PAD
    0x08020150   0x08020150   0x00000020   Code   RO         2688    i.verify_code       communication.o
    0x08020170   0x08020170   0x00000078   Code   RO         2943    i.version_check     step_motor_drv.o
    0x080201e8   0x080201e8   0x000000e8   Code   RO         3171    i.wind_status       system.o
    0x080202d0   0x080202d0   0x00000034   Code   RO         2843    i.write_par         parameter.o
    0x08020304   0x08020304   0x00000014   Code   RO         2844    i.write_para_group  parameter.o
    0x08020318   0x08020318   0x000000b0   Code   RO         2944    i.write_stepmotor_config_para  step_motor_drv.o
    0x080203c8   0x080203c8   0x000000ec   Code   RO         2945    i.write_stepmotor_curve  step_motor_drv.o
    0x080204b4   0x080204b4   0x00000018   Code   RO         2946    i.x_quickmove       step_motor_drv.o
    0x080204cc   0x080204cc   0x00000018   Code   RO         2947    i.y_quickmove       step_motor_drv.o
    0x080204e4   0x080204e4   0x000000d8   Code   RO         2142    i.yj_follow_udctos  action.o
    0x080205bc   0x080205bc   0x00000178   Code   RO         2143    i.zoom_in_one_stitch  action.o
    0x08020734   0x08020734   0x000000d0   Code   RO         2144    i.zpl_process       action.o
    0x08020804   0x08020804   0x00000018   Code   RO         2948    i.zx_quickmove      step_motor_drv.o
    0x0802081c   0x0802081c   0x00000800   Code   RO         9233    isqrt_table         motor_drive.lib(IQtables.o)
    0x0802101c   0x0802101c   0x0000000a   Code   RO         9411    x$fpl$fpinit        g_wm.l(fpinit.o)
    0x08021026   0x08021026   0x00000000   Code   RO         9296    x$fpl$usenofp       g_wm.l(usenofp.o)
    0x08021026   0x08021026   0x00000002   PAD
    0x08021028   0x08021028   0x00000018   Data   RO          660    .constdata          bsp_gpio.o
    0x08021040   0x08021040   0x00000030   Data   RO          798    .constdata          bsp_rs485.o
    0x08021070   0x08021070   0x00000024   Data   RO          889    .constdata          bsp_uart.o
    0x08021094   0x08021094   0x0000006c   Data   RO         1026    .constdata          bsp_spibus.o
    0x08021100   0x08021100   0x00000074   Data   RO         1133    .constdata          bsp_spiflash.o
    0x08021174   0x08021174   0x00000014   Data   RO         1280    .constdata          bsp_scu.o
    0x08021188   0x08021188   0x000000f8   Data   RO         1535    .constdata          spi_master_conf.o
    0x08021280   0x08021280   0x0000000c   Data   RO         1582    .constdata          bsp_watch.o
    0x0802128c   0x0802128c   0x000000e0   Data   RO         1759    .constdata          can_node_conf.o
    0x0802136c   0x0802136c   0x000003e7   Data   RO         2145    .constdata          action.o
    0x08021753   0x08021753   0x00000001   PAD
    0x08021754   0x08021754   0x00002710   Data   RO         3476    .constdata          stepper_function.o
    0x08023e64   0x08023e64   0x00000010   Data   RO         5793    .constdata          xmc_vadc.o
    0x08023e74   0x08023e74   0x00000804   Data   RO         9206    .constdata          arm_cortexM4lf_math.lib(arm_common_tables.o)
    0x08024678   0x08024678   0x00000020   Data   RO         9473    Region$$Table       anon$$obj.o


    Execution Region RW_IRAM1 (Exec base: 0x20000000, Load base: 0x08024698, Size: 0x00009b38, Max: 0x0000ffc0, ABSOLUTE, COMPRESSED[0x0000026c])

    Exec Addr    Load Addr    Size         Type   Attr      Idx    E Section Name        Object

    0x20000000   COMPRESSED   0x00000008   Data   RW          890    .data               bsp_uart.o
    0x20000008   COMPRESSED   0x00000007   Data   RW         1134    .data               bsp_spiflash.o
    0x2000000f   COMPRESSED   0x00000001   PAD
    0x20000010   COMPRESSED   0x0000000c   Data   RW         1312    .data               bsp_delay.o
    0x2000001c   COMPRESSED   0x00000060   Data   RW         1536    .data               spi_master_conf.o
    0x2000007c   COMPRESSED   0x00000008   Data   RW         1583    .data               bsp_watch.o
    0x20000084   COMPRESSED   0x00000004   PAD
    0x20000088   COMPRESSED   0x00000030   Data   RW         1760    .data               can_node_conf.o
    0x200000b8   COMPRESSED   0x0000000c   Data   RW         1818    .data               global_can_conf.o
    0x200000c4   COMPRESSED   0x0000042d   Data   RW         1844    .data               sys_variable.o
    0x200004f1   COMPRESSED   0x00000001   PAD
    0x200004f2   COMPRESSED   0x00000013   Data   RW         1885    .data               watch.o
    0x20000505   COMPRESSED   0x00000003   PAD
    0x20000508   COMPRESSED   0x00000024   Data   RW         1965    .data               main.o
    0x2000052c   COMPRESSED   0x0000000c   Data   RW         2690    .data               communication.o
    0x20000538   COMPRESSED   0x00000012   Data   RW         2795    .data               initial.o
    0x2000054a   COMPRESSED   0x0000002c   Data   RW         2949    .data               step_motor_drv.o
    0x20000576   COMPRESSED   0x0000000a   Data   RW         3321    .data               io_function.o
    0x20000580   COMPRESSED   0x0000014c   Data   RW         3477    .data               stepper_function.o
    0x200006cc   COMPRESSED   0x0000000a   Data   RW         3687    .data               nopmove_speed.o
    0x200006d6   COMPRESSED   0x00000002   PAD
    0x200006d8   COMPRESSED   0x00000038   Data   RW         7318    .data               motor_drive.lib(app_adc.o)
    0x20000710   COMPRESSED   0x000000e4   Data   RW         7574    .data               motor_drive.lib(bsp_adc.o)
    0x200007f4   COMPRESSED   0x0000018c   Data   RW         7670    .data               motor_drive.lib(mc_pmsm.o)
    0x20000980   COMPRESSED   0x000000b0   Data   RW         8138    .data               motor_drive.lib(app_svpwm.o)
    0x20000a30   COMPRESSED   0x00000014   Data   RW         8214    .data               motor_drive.lib(app_stepposif.o)
    0x20000a44   COMPRESSED   0x00000006   Data   RW         8248    .data               motor_drive.lib(app_spi.o)
    0x20000a4a   COMPRESSED   0x00000002   PAD
    0x20000a4c   COMPRESSED   0x00000048   Data   RW         8336    .data               motor_drive.lib(bsp_posif.o)
    0x20000a94   COMPRESSED   0x0000007c   Data   RW         8383    .data               motor_drive.lib(bsp_svpwm.o)
    0x20000b10   COMPRESSED   0x00000004   Data   RW         8480    .data               motor_drive.lib(mc_step.o)
    0x20000b14   COMPRESSED   0x00000334   Data   RW         8509    .data               motor_drive.lib(all_globalvars.o)
    0x20000e48   COMPRESSED   0x0000003c   Data   RW         8593    .data               motor_drive.lib(bsp_ccu4.o)
    0x20000e84   COMPRESSED   0x00000002   Data   RW         8644    .data               motor_drive.lib(mc_config.o)
    0x20000e86   COMPRESSED   0x00000002   PAD
    0x20000e88   COMPRESSED   0x00000008   Data   RW         8678    .data               motor_drive.lib(mc_curve.o)
    0x20000e90   COMPRESSED   0x00000024   Data   RW         8769    .data               motor_drive.lib(mc_stamach.o)
    0x20000eb4        -       0x00000258   Zero   RW          888    .bss                bsp_uart.o
    0x2000110c        -       0x00001000   Zero   RW         1132    .bss                bsp_spiflash.o
    0x2000210c        -       0x00000014   Zero   RW         1534    .bss                spi_master_conf.o
    0x20002120        -       0x00006308   Zero   RW         1843    .bss                sys_variable.o
    0x20008428        -       0x00000387   Zero   RW         2689    .bss                communication.o
    0x200087af        -       0x00000009   Zero   RW         2794    .bss                initial.o
    0x200087b8        -       0x00000400   Zero   RW         3320    .bss                io_function.o
    0x20008bb8        -       0x00000168   Zero   RW         3475    .bss                stepper_function.o
    0x20008d20        -       0x0000000c   Zero   RW         3595    .bss                debug.o
    0x20008d2c        -       0x00000168   Zero   RW         3686    .bss                nopmove_speed.o
    0x20008e94        -       0x00000020   Zero   RW         4687    .bss                xmc_dma.o
    0x20008eb4        -       0x00000084   Zero   RW         7669    .bss                motor_drive.lib(mc_pmsm.o)
    0x20008f38        -       0x0000000c   Zero   RW         8335    .bss                motor_drive.lib(bsp_posif.o)
    0x20008f44        -       0x00000190   Zero   RW         8508    .bss                motor_drive.lib(all_globalvars.o)
    0x200090d4        -       0x00000060   Zero   RW         9341    .bss                c_w.l(libspace.o)
    0x20009134   COMPRESSED   0x00000004   PAD
    0x20009138        -       0x00000200   Zero   RW         3735    HEAP                startup_xmc4402.o
    0x20009338        -       0x00000800   Zero   RW         3734    STACK               startup_xmc4402.o



  Load Region LR$$.ARM.__AT_0x2000FFC0 (Base: 0x2000ffc0, Size: 0x00000000, Max: 0x00000004, ABSOLUTE)

    Execution Region ER$$.ARM.__AT_0x2000FFC0 (Exec base: 0x2000ffc0, Load base: 0x2000ffc0, Size: 0x00000004, Max: 0x00000004, ABSOLUTE, UNINIT)

    Exec Addr    Load Addr    Size         Type   Attr      Idx    E Section Name        Object

    0x2000ffc0        -       0x00000004   Zero   RW         3750    .ARM.__AT_0x2000FFC0  system_xmc4400.o



  Load Region LR$$.ARM.__AT_0x2000FFC4 (Base: 0x2000ffc4, Size: 0x00000000, Max: 0x00000010, ABSOLUTE)

    Execution Region ER$$.ARM.__AT_0x2000FFC4 (Exec base: 0x2000ffc4, Load base: 0x2000ffc4, Size: 0x00000010, Max: 0x00000010, ABSOLUTE, UNINIT)

    Exec Addr    Load Addr    Size         Type   Attr      Idx    E Section Name        Object

    0x2000ffc4        -       0x00000010   Zero   RW         3751    .ARM.__AT_0x2000FFC4  system_xmc4400.o



  Load Region LR$$.ARM.__AT_0x2000FFD4 (Base: 0x2000ffd4, Size: 0x00000000, Max: 0x0000000c, ABSOLUTE)

    Execution Region ER$$.ARM.__AT_0x2000FFD4 (Exec base: 0x2000ffd4, Load base: 0x2000ffd4, Size: 0x0000000c, Max: 0x0000000c, ABSOLUTE, UNINIT)

    Exec Addr    Load Addr    Size         Type   Attr      Idx    E Section Name        Object

    0x2000ffd4        -       0x0000000c   Zero   RW         3752    .ARM.__AT_0x2000FFD4  system_xmc4400.o


==============================================================================

Image component sizes


      Code (inc. data)   RO Data    RW Data    ZI Data      Debug   Object Name

     27186       4096        999          0          0      76616   action.o
        16          6          0          0          0     505891   app_can.o
        52          0          0          0          0       1714   app_dac.o
       122         14          0          0          0       8174   app_init.o
        66          0          0          0          0       1984   app_spiflash.o
        84         16          0          0          0       8100   bsp_dac.o
       458         34          0         12          0      15639   bsp_delay.o
       268         34         24          0          0       1417   bsp_gpio.o
       408         30         48          0          0      51133   bsp_rs485.o
        28          4         20          0          0        816   bsp_scu.o
       738         50        108          0          0      58927   bsp_spibus.o
      2572        134        116          7       4096      72768   bsp_spiflash.o
       420         48         36          8        600      14437   bsp_uart.o
       340         44         12          8          0      43413   bsp_watch.o
       486          0          0          0          0      18087   can_node.o
         0          0        224         48          0       1251   can_node_conf.o
     15038       2130          0         12        903      16622   communication.o
       116         20          0          0         12       2409   debug.o
        42          0          0          0          0       1206   delay.o
        30          0          0          0          0       1826   global_can.o
         0          0          0         12          0        275   global_can_conf.o
      4638       2076          0         18          9       5116   initial.o
      6236        480          0         10       1024      21433   io_function.o
      2616        394          0         36          0      17147   main.o
      1310         38          0         10        360       8198   nopmove_speed.o
       366         30          0          0          0       6422   parameter.o
       760          0          0          0          0      30282   spi_master.o
       384         46        248         96         20      14746   spi_master_conf.o
        56         32        512          0       2560        488   startup_xmc4402.o
      2450        330          0         44          0      19315   step_motor_drv.o
      7018        140      10000        332        360      25685   stepper_function.o
         0          0          0       1069      25352      35373   sys_variable.o
     21568       3236          0          0          0      29632   system.o
       860         96          0          0         32       7176   system_xmc4400.o
       368         48          0         19          0      19886   watch.o
        32          4          0          0          0        597   xmc4_eru.o
       176         10          0          0          0       1268   xmc4_gpio.o
      1448        190          0          0          0      33018   xmc4_scu.o
       896         18          0          0          0      17821   xmc_can.o
       560         30          0          0          0      23095   xmc_ccu4.o
       446         18          0          0          0      25991   xmc_ccu8.o
       264          6          0          0          0      11160   xmc_dac.o
      1400         36          0          0         32      15692   xmc_dma.o
        72          0          0          0          0       8518   xmc_eru.o
       126         10          0          0          0       7876   xmc_posif.o
       188          4          0          0          0      22993   xmc_spi.o
       186          0          0          0          0       6908   xmc_uart.o
       456         46          0          0          0      18267   xmc_usic.o
       658          4         16          0          0      26785   xmc_vadc.o

    ----------------------------------------------------------------------
    104080      13982      12396       1752      35360    1363593   Object Totals
         0          0         32          0          0          0   (incl. Generated)
        72          0          1         11          0          0   (incl. Padding)

    ----------------------------------------------------------------------

      Code (inc. data)   RO Data    RW Data    ZI Data      Debug   Library Member Name

         0          0       2052          0          0       4704   arm_common_tables.o
       120         12          0          0          0      17170   arm_cos_f32.o
       148         18          0          0          0        814   arm_sin_f32.o
        90          0          0          0          0          0   __dczerorl2.o
         8          0          0          0          0         68   __main.o
         0          0          0          0          0          0   __rtentry.o
        12          0          0          0          0          0   __rtentry2.o
         6          0          0          0          0          0   __rtentry4.o
        52          8          0          0          0          0   __scatter.o
        28          0          0          0          0          0   __scatter_zi.o
        18          0          0          0          0         80   exit.o
         6          0          0          0          0        152   heapauxi.o
         0          0          0          0          0          0   indicate_semi.o
         2          0          0          0          0          0   libinit.o
         6          0          0          0          0          0   libinit2.o
         2          0          0          0          0          0   libshutdown.o
         2          0          0          0          0          0   libshutdown2.o
         8          4          0          0         96         68   libspace.o
        72          0          0          0          0         76   llsdiv.o
       238          0          0          0          0        100   lludivv7m.o
        88          0          0          0          0         76   memcmp.o
        78          0          0          0          0         80   rt_memclr_w.o
       138          0          0          0          0         68   rt_memcpy_v6.o
       100          0          0          0          0         80   rt_memcpy_w.o
         2          0          0          0          0          0   rtexit.o
        10          0          0          0          0          0   rtexit2.o
        12          4          0          0          0         68   sys_exit.o
        74          0          0          0          0         80   sys_stackheap_outer.o
         2          0          0          0          0         68   use_no_semi.o
        10          0          0          0          0        116   fpinit.o
         0          0          0          0          0          0   usenofp.o
       112         14          0          0          0        116   floorf.o
       288          4          0          0          0        480   IQNdiv.o
        32          4          0          0          0        360   IQNmpy.o
       108         10          0          0          0        220   IQNsqrt.o
      2048       2048          0          0          0        148   IQtables.o
         0          0          0        820        400       3690   all_globalvars.o
       526         94          0         56          0     521257   app_adc.o
      4692        464          0          6          0      19885   app_spi.o
       220         42          0         20          0        906   app_stepposif.o
       776         46          0          0          0       3630   app_stepwm.o
      2716        196          0        176          0      28356   app_svpwm.o
       572        118          0        228          0      51547   bsp_adc.o
       698         82          0         60          0      15574   bsp_ccu4.o
       374         96          0         72         12      24306   bsp_posif.o
       800         86          0        124          0      24981   bsp_svpwm.o
       648         58          0          2          0       2233   mc_config.o
      1198         50          0          0          0       3502   mc_control.o
      1444        148          0          8          0       3734   mc_curve.o
      2100        240          0          0          0       4240   mc_driver.o
      6672        910          0        396        132     534326   mc_pmsm.o
      2728        228          0         36          0       4171   mc_stamach.o
       236         52          0          4          0       1001   mc_step.o
       272         50          0          0          0       4918   motor_drive.o

    ----------------------------------------------------------------------
     30616       5086       2052       2012        644    1277449   Library Totals
        24          0          0          4          4          0   (incl. Padding)

    ----------------------------------------------------------------------

      Code (inc. data)   RO Data    RW Data    ZI Data      Debug   Library Name

       268         30       2052          0          0      22688   arm_cortexM4lf_math.lib
      1054         16          0          0         96       1064   c_w.l
        10          0          0          0          0        116   g_wm.l
       112         14          0          0          0        116   m_wm.l
     29148       5026          0       2008        544    1253465   motor_drive.lib

    ----------------------------------------------------------------------
     30616       5086       2052       2012        644    1277449   Library Totals

    ----------------------------------------------------------------------

==============================================================================


      Code (inc. data)   RO Data    RW Data    ZI Data      Debug   

    134696      19068      14448       3764      36004    2591374   Grand Totals
    134696      19068      14448        620      36004    2591374   ELF Image Totals (compressed)
    134696      19068      14448        620          0          0   ROM Totals

==============================================================================

    Total RO  Size (Code + RO Data)               149144 ( 145.65kB)
    Total RW  Size (RW Data + ZI Data)             39768 (  38.84kB)
    Total ROM Size (Code + RO Data + RW Data)     149764 ( 146.25kB)

==============================================================================

