<!doctype html public "-//w3c//dtd html 4.0 transitional//en">
<html><head>
<title>Static Call Graph - [.\Objects\XmcProject.axf]</title></head>
<body><HR>
<H1>Static Call Graph for image .\Objects\XmcProject.axf</H1><HR>
<BR><P>#&#060CALLGRAPH&#062# ARM Linker, 5060750: Last Updated: Thu Jun 27 16:20:36 2019
<BR><P>
<H3>Maximum Stack Usage =        576 bytes + Unknown(Functions without stacksize, Cycles, Untraceable Function Pointers)</H3><H3>
Call chain for Maximum Stack Depth:</H3>
__rt_entry_main &rArr; main &rArr; run_status &rArr; go_beginpoint &rArr; find_dead_center &rArr; rec_com &rArr; protocol &rArr; single_next &rArr; process_making_pen_signal &rArr;  rec_com (Cycle)
<P>
<H3>
Functions with no stack information
</H3><UL>
 <LI><a href="#[8b]">__user_initial_stackheap</a>
 <LI><a href="#[c4]">_IQ10div</a>
 <LI><a href="#[c0]">_IQ10mpy</a>
 <LI><a href="#[c3]">_IQ10sqrt</a>
 <LI><a href="#[c1]">_IQ20div</a>
 <LI><a href="#[c2]">_IQ20mpy</a>
</UL>
</UL>
<P>
<H3>
Mutually Recursive functions
</H3> <LI><a href="#[7]">BusFault_Handler</a>&nbsp;&nbsp;&nbsp;&rArr;&nbsp;&nbsp;&nbsp;<a href="#[7]">BusFault_Handler</a><BR>
 <LI><a href="#[1cf]">process_making_pen_signal</a>&nbsp;&nbsp;&nbsp;&rArr;&nbsp;&nbsp;&nbsp;<a href="#[105]">rec_com</a><BR>
 <LI><a href="#[1a9]">delay_ms</a>&nbsp;&nbsp;&nbsp;&rArr;&nbsp;&nbsp;&nbsp;<a href="#[105]">rec_com</a><BR>
 <LI><a href="#[1ab]">inpress_down</a>&nbsp;&nbsp;&nbsp;&rArr;&nbsp;&nbsp;&nbsp;<a href="#[1ae]">foot_down</a><BR>
</UL>
<P>
<H3>
Function Pointers
</H3><UL>
 <LI><a href="#[7]">BusFault_Handler</a> from startup_xmc4402.o(.text) referenced from startup_xmc4402.o(RESET)
 <LI><a href="#[55]">CAN0_0_IRQHandler</a> from startup_xmc4402.o(.text) referenced from startup_xmc4402.o(RESET)
 <LI><a href="#[56]">CAN0_1_IRQHandler</a> from startup_xmc4402.o(.text) referenced from startup_xmc4402.o(RESET)
 <LI><a href="#[57]">CAN0_2_IRQHandler</a> from startup_xmc4402.o(.text) referenced from startup_xmc4402.o(RESET)
 <LI><a href="#[58]">CAN0_3_IRQHandler</a> from startup_xmc4402.o(.text) referenced from startup_xmc4402.o(RESET)
 <LI><a href="#[59]">CAN0_4_IRQHandler</a> from startup_xmc4402.o(.text) referenced from startup_xmc4402.o(RESET)
 <LI><a href="#[5a]">CAN0_5_IRQHandler</a> from startup_xmc4402.o(.text) referenced from startup_xmc4402.o(RESET)
 <LI><a href="#[5b]">CAN0_6_IRQHandler</a> from startup_xmc4402.o(.text) referenced from startup_xmc4402.o(RESET)
 <LI><a href="#[5c]">CAN0_7_IRQHandler</a> from startup_xmc4402.o(.text) referenced from startup_xmc4402.o(RESET)
 <LI><a href="#[35]">CCU40_0_IRQHandler</a> from startup_xmc4402.o(.text) referenced from startup_xmc4402.o(RESET)
 <LI><a href="#[36]">CCU40_1_IRQHandler</a> from startup_xmc4402.o(.text) referenced from startup_xmc4402.o(RESET)
 <LI><a href="#[37]">CCU40_2_IRQHandler</a> from mc_pmsm.o(i.CCU40_2_IRQHandler) referenced from startup_xmc4402.o(RESET)
 <LI><a href="#[38]">CCU40_3_IRQHandler</a> from startup_xmc4402.o(.text) referenced from startup_xmc4402.o(RESET)
 <LI><a href="#[39]">CCU41_0_IRQHandler</a> from startup_xmc4402.o(.text) referenced from startup_xmc4402.o(RESET)
 <LI><a href="#[3a]">CCU41_1_IRQHandler</a> from startup_xmc4402.o(.text) referenced from startup_xmc4402.o(RESET)
 <LI><a href="#[3b]">CCU41_2_IRQHandler</a> from startup_xmc4402.o(.text) referenced from startup_xmc4402.o(RESET)
 <LI><a href="#[3c]">CCU41_3_IRQHandler</a> from startup_xmc4402.o(.text) referenced from startup_xmc4402.o(RESET)
 <LI><a href="#[3d]">CCU42_0_IRQHandler</a> from startup_xmc4402.o(.text) referenced from startup_xmc4402.o(RESET)
 <LI><a href="#[3e]">CCU42_1_IRQHandler</a> from startup_xmc4402.o(.text) referenced from startup_xmc4402.o(RESET)
 <LI><a href="#[3f]">CCU42_2_IRQHandler</a> from startup_xmc4402.o(.text) referenced from startup_xmc4402.o(RESET)
 <LI><a href="#[40]">CCU42_3_IRQHandler</a> from startup_xmc4402.o(.text) referenced from startup_xmc4402.o(RESET)
 <LI><a href="#[41]">CCU43_0_IRQHandler</a> from startup_xmc4402.o(.text) referenced from startup_xmc4402.o(RESET)
 <LI><a href="#[42]">CCU43_1_IRQHandler</a> from startup_xmc4402.o(.text) referenced from startup_xmc4402.o(RESET)
 <LI><a href="#[43]">CCU43_2_IRQHandler</a> from watch.o(i.CCU43_2_IRQHandler) referenced from startup_xmc4402.o(RESET)
 <LI><a href="#[44]">CCU43_3_IRQHandler</a> from startup_xmc4402.o(.text) referenced from startup_xmc4402.o(RESET)
 <LI><a href="#[45]">CCU80_0_IRQHandler</a> from startup_xmc4402.o(.text) referenced from startup_xmc4402.o(RESET)
 <LI><a href="#[46]">CCU80_1_IRQHandler</a> from startup_xmc4402.o(.text) referenced from startup_xmc4402.o(RESET)
 <LI><a href="#[47]">CCU80_2_IRQHandler</a> from startup_xmc4402.o(.text) referenced from startup_xmc4402.o(RESET)
 <LI><a href="#[48]">CCU80_3_IRQHandler</a> from startup_xmc4402.o(.text) referenced from startup_xmc4402.o(RESET)
 <LI><a href="#[49]">CCU81_0_IRQHandler</a> from startup_xmc4402.o(.text) referenced from startup_xmc4402.o(RESET)
 <LI><a href="#[4a]">CCU81_1_IRQHandler</a> from startup_xmc4402.o(.text) referenced from startup_xmc4402.o(RESET)
 <LI><a href="#[4b]">CCU81_2_IRQHandler</a> from startup_xmc4402.o(.text) referenced from startup_xmc4402.o(RESET)
 <LI><a href="#[4c]">CCU81_3_IRQHandler</a> from startup_xmc4402.o(.text) referenced from startup_xmc4402.o(RESET)
 <LI><a href="#[33]">DAC0_0_IRQHandler</a> from startup_xmc4402.o(.text) referenced from startup_xmc4402.o(RESET)
 <LI><a href="#[34]">DAC0_1_IRQHandler</a> from startup_xmc4402.o(.text) referenced from startup_xmc4402.o(RESET)
 <LI><a href="#[2b]">DSD0_0_IRQHandler</a> from startup_xmc4402.o(.text) referenced from startup_xmc4402.o(RESET)
 <LI><a href="#[2c]">DSD0_1_IRQHandler</a> from startup_xmc4402.o(.text) referenced from startup_xmc4402.o(RESET)
 <LI><a href="#[2d]">DSD0_2_IRQHandler</a> from startup_xmc4402.o(.text) referenced from startup_xmc4402.o(RESET)
 <LI><a href="#[2e]">DSD0_3_IRQHandler</a> from startup_xmc4402.o(.text) referenced from startup_xmc4402.o(RESET)
 <LI><a href="#[2f]">DSD0_4_IRQHandler</a> from startup_xmc4402.o(.text) referenced from startup_xmc4402.o(RESET)
 <LI><a href="#[30]">DSD0_5_IRQHandler</a> from startup_xmc4402.o(.text) referenced from startup_xmc4402.o(RESET)
 <LI><a href="#[31]">DSD0_6_IRQHandler</a> from startup_xmc4402.o(.text) referenced from startup_xmc4402.o(RESET)
 <LI><a href="#[32]">DSD0_7_IRQHandler</a> from startup_xmc4402.o(.text) referenced from startup_xmc4402.o(RESET)
 <LI><a href="#[a]">DebugMon_Handler</a> from startup_xmc4402.o(.text) referenced from startup_xmc4402.o(RESET)
 <LI><a href="#[e]">ERU0_0_IRQHandler</a> from mc_pmsm.o(i.ERU0_0_IRQHandler) referenced from startup_xmc4402.o(RESET)
 <LI><a href="#[f]">ERU0_1_IRQHandler</a> from startup_xmc4402.o(.text) referenced from startup_xmc4402.o(RESET)
 <LI><a href="#[10]">ERU0_2_IRQHandler</a> from startup_xmc4402.o(.text) referenced from startup_xmc4402.o(RESET)
 <LI><a href="#[11]">ERU0_3_IRQHandler</a> from startup_xmc4402.o(.text) referenced from startup_xmc4402.o(RESET)
 <LI><a href="#[12]">ERU1_0_IRQHandler</a> from startup_xmc4402.o(.text) referenced from startup_xmc4402.o(RESET)
 <LI><a href="#[13]">ERU1_1_IRQHandler</a> from startup_xmc4402.o(.text) referenced from startup_xmc4402.o(RESET)
 <LI><a href="#[14]">ERU1_2_IRQHandler</a> from startup_xmc4402.o(.text) referenced from startup_xmc4402.o(RESET)
 <LI><a href="#[15]">ERU1_3_IRQHandler</a> from startup_xmc4402.o(.text) referenced from startup_xmc4402.o(RESET)
 <LI><a href="#[6a]">FCE0_0_IRQHandler</a> from startup_xmc4402.o(.text) referenced from startup_xmc4402.o(RESET)
 <LI><a href="#[6b]">GPDMA0_0_IRQHandler</a> from bsp_spiflash.o(i.GPDMA0_0_IRQHandler) referenced from startup_xmc4402.o(RESET)
 <LI><a href="#[51]">HRPWM_0_IRQHandler</a> from startup_xmc4402.o(.text) referenced from startup_xmc4402.o(RESET)
 <LI><a href="#[52]">HRPWM_1_IRQHandler</a> from startup_xmc4402.o(.text) referenced from startup_xmc4402.o(RESET)
 <LI><a href="#[53]">HRPWM_2_IRQHandler</a> from startup_xmc4402.o(.text) referenced from startup_xmc4402.o(RESET)
 <LI><a href="#[54]">HRPWM_3_IRQHandler</a> from startup_xmc4402.o(.text) referenced from startup_xmc4402.o(RESET)
 <LI><a href="#[5]">HardFault_Handler</a> from startup_xmc4402.o(.text) referenced from startup_xmc4402.o(RESET)
 <LI><a href="#[69]">LEDTS0_0_IRQHandler</a> from startup_xmc4402.o(.text) referenced from startup_xmc4402.o(RESET)
 <LI><a href="#[6]">MemManage_Handler</a> from startup_xmc4402.o(.text) referenced from startup_xmc4402.o(RESET)
 <LI><a href="#[4]">NMI_Handler</a> from startup_xmc4402.o(.text) referenced from startup_xmc4402.o(RESET)
 <LI><a href="#[16]">PMU0_0_IRQHandler</a> from startup_xmc4402.o(.text) referenced from startup_xmc4402.o(RESET)
 <LI><a href="#[4d]">POSIF0_0_IRQHandler</a> from startup_xmc4402.o(.text) referenced from startup_xmc4402.o(RESET)
 <LI><a href="#[4e]">POSIF0_1_IRQHandler</a> from startup_xmc4402.o(.text) referenced from startup_xmc4402.o(RESET)
 <LI><a href="#[4f]">POSIF1_0_IRQHandler</a> from startup_xmc4402.o(.text) referenced from startup_xmc4402.o(RESET)
 <LI><a href="#[50]">POSIF1_1_IRQHandler</a> from startup_xmc4402.o(.text) referenced from startup_xmc4402.o(RESET)
 <LI><a href="#[b]">PendSV_Handler</a> from startup_xmc4402.o(.text) referenced from startup_xmc4402.o(RESET)
 <LI><a href="#[3]">Reset_Handler</a> from startup_xmc4402.o(.text) referenced from startup_xmc4402.o(RESET)
 <LI><a href="#[d]">SCU_0_IRQHandler</a> from startup_xmc4402.o(.text) referenced from startup_xmc4402.o(RESET)
 <LI><a href="#[74]">SPI_MASTER_0_lInit</a> from spi_master_conf.o(i.SPI_MASTER_0_lInit) referenced from spi_master_conf.o(.constdata)
 <LI><a href="#[9]">SVC_Handler</a> from startup_xmc4402.o(.text) referenced from startup_xmc4402.o(RESET)
 <LI><a href="#[c]">SysTick_Handler</a> from startup_xmc4402.o(.text) referenced from startup_xmc4402.o(RESET)
 <LI><a href="#[6d]">SystemInit</a> from system_xmc4400.o(i.SystemInit) referenced from startup_xmc4402.o(.text)
 <LI><a href="#[6c]">USB0_0_IRQHandler</a> from startup_xmc4402.o(.text) referenced from startup_xmc4402.o(RESET)
 <LI><a href="#[5d]">USIC0_0_IRQHandler</a> from communication.o(i.USIC0_0_IRQHandler) referenced from startup_xmc4402.o(RESET)
 <LI><a href="#[5e]">USIC0_1_IRQHandler</a> from communication.o(i.USIC0_1_IRQHandler) referenced from startup_xmc4402.o(RESET)
 <LI><a href="#[5f]">USIC0_2_IRQHandler</a> from startup_xmc4402.o(.text) referenced from startup_xmc4402.o(RESET)
 <LI><a href="#[60]">USIC0_3_IRQHandler</a> from spi_master_conf.o(i.USIC0_3_IRQHandler) referenced from startup_xmc4402.o(RESET)
 <LI><a href="#[61]">USIC0_4_IRQHandler</a> from startup_xmc4402.o(.text) referenced from startup_xmc4402.o(RESET)
 <LI><a href="#[62]">USIC0_5_IRQHandler</a> from spi_master_conf.o(i.USIC0_5_IRQHandler) referenced from startup_xmc4402.o(RESET)
 <LI><a href="#[63]">USIC1_0_IRQHandler</a> from startup_xmc4402.o(.text) referenced from startup_xmc4402.o(RESET)
 <LI><a href="#[64]">USIC1_1_IRQHandler</a> from startup_xmc4402.o(.text) referenced from startup_xmc4402.o(RESET)
 <LI><a href="#[65]">USIC1_2_IRQHandler</a> from startup_xmc4402.o(.text) referenced from startup_xmc4402.o(RESET)
 <LI><a href="#[66]">USIC1_3_IRQHandler</a> from bsp_uart.o(i.USIC1_3_IRQHandler) referenced from startup_xmc4402.o(RESET)
 <LI><a href="#[67]">USIC1_4_IRQHandler</a> from bsp_uart.o(i.USIC1_4_IRQHandler) referenced from startup_xmc4402.o(RESET)
 <LI><a href="#[68]">USIC1_5_IRQHandler</a> from startup_xmc4402.o(.text) referenced from startup_xmc4402.o(RESET)
 <LI><a href="#[72]">Us100_Int_Hook</a> from debug.o(i.Us100_Int_Hook) referenced from debug.o(i.debug_mode_init)
 <LI><a href="#[71]">Us500_Int_Hook</a> from debug.o(i.Us500_Int_Hook) referenced from debug.o(i.debug_mode_init)
 <LI><a href="#[8]">UsageFault_Handler</a> from startup_xmc4402.o(.text) referenced from startup_xmc4402.o(RESET)
 <LI><a href="#[17]">VADC0_C0_0_IRQHandler</a> from startup_xmc4402.o(.text) referenced from startup_xmc4402.o(RESET)
 <LI><a href="#[18]">VADC0_C0_1_IRQHandler</a> from startup_xmc4402.o(.text) referenced from startup_xmc4402.o(RESET)
 <LI><a href="#[19]">VADC0_C0_2_IRQHandler</a> from startup_xmc4402.o(.text) referenced from startup_xmc4402.o(RESET)
 <LI><a href="#[1a]">VADC0_C0_3_IRQHandler</a> from startup_xmc4402.o(.text) referenced from startup_xmc4402.o(RESET)
 <LI><a href="#[1b]">VADC0_G0_0_IRQHandler</a> from app_adc.o(i.VADC0_G0_0_IRQHandler) referenced from startup_xmc4402.o(RESET)
 <LI><a href="#[1c]">VADC0_G0_1_IRQHandler</a> from startup_xmc4402.o(.text) referenced from startup_xmc4402.o(RESET)
 <LI><a href="#[1d]">VADC0_G0_2_IRQHandler</a> from startup_xmc4402.o(.text) referenced from startup_xmc4402.o(RESET)
 <LI><a href="#[1e]">VADC0_G0_3_IRQHandler</a> from startup_xmc4402.o(.text) referenced from startup_xmc4402.o(RESET)
 <LI><a href="#[1f]">VADC0_G1_0_IRQHandler</a> from startup_xmc4402.o(.text) referenced from startup_xmc4402.o(RESET)
 <LI><a href="#[20]">VADC0_G1_1_IRQHandler</a> from startup_xmc4402.o(.text) referenced from startup_xmc4402.o(RESET)
 <LI><a href="#[21]">VADC0_G1_2_IRQHandler</a> from startup_xmc4402.o(.text) referenced from startup_xmc4402.o(RESET)
 <LI><a href="#[22]">VADC0_G1_3_IRQHandler</a> from startup_xmc4402.o(.text) referenced from startup_xmc4402.o(RESET)
 <LI><a href="#[23]">VADC0_G2_0_IRQHandler</a> from startup_xmc4402.o(.text) referenced from startup_xmc4402.o(RESET)
 <LI><a href="#[24]">VADC0_G2_1_IRQHandler</a> from startup_xmc4402.o(.text) referenced from startup_xmc4402.o(RESET)
 <LI><a href="#[25]">VADC0_G2_2_IRQHandler</a> from startup_xmc4402.o(.text) referenced from startup_xmc4402.o(RESET)
 <LI><a href="#[26]">VADC0_G2_3_IRQHandler</a> from startup_xmc4402.o(.text) referenced from startup_xmc4402.o(RESET)
 <LI><a href="#[27]">VADC0_G3_0_IRQHandler</a> from startup_xmc4402.o(.text) referenced from startup_xmc4402.o(RESET)
 <LI><a href="#[28]">VADC0_G3_1_IRQHandler</a> from startup_xmc4402.o(.text) referenced from startup_xmc4402.o(RESET)
 <LI><a href="#[29]">VADC0_G3_2_IRQHandler</a> from startup_xmc4402.o(.text) referenced from startup_xmc4402.o(RESET)
 <LI><a href="#[2a]">VADC0_G3_3_IRQHandler</a> from startup_xmc4402.o(.text) referenced from startup_xmc4402.o(RESET)
 <LI><a href="#[73]">Z_Int_Hook</a> from debug.o(i.Z_Int_Hook) referenced from debug.o(i.debug_mode_init)
 <LI><a href="#[75]">__main</a> from __main.o(!!!main) referenced from startup_xmc4402.o(.text)
 <LI><a href="#[70]">spi_flash_dma_rx_handler</a> from bsp_spiflash.o(i.spi_flash_dma_rx_handler) referenced from bsp_spiflash.o(i.bsp_SpiFlashInit)
 <LI><a href="#[6f]">spi_flash_dma_tx_handler</a> from bsp_spiflash.o(i.spi_flash_dma_tx_handler) referenced from bsp_spiflash.o(i.bsp_SpiFlashInit)
</UL>
<P>
<H3>
Global Symbols
</H3>
<P><STRONG><a name="[75]"></a>__main</STRONG> (Thumb, 8 bytes, Stack size 0 bytes, __main.o(!!!main))
<BR><BR>[Calls]<UL><LI><a href="#[76]">&gt;&gt;</a>&nbsp;&nbsp;&nbsp;__scatterload
<LI><a href="#[77]">&gt;&gt;</a>&nbsp;&nbsp;&nbsp;__rt_entry
</UL>

<P><STRONG><a name="[76]"></a>__scatterload</STRONG> (Thumb, 0 bytes, Stack size unknown bytes, __scatter.o(!!!scatter))
<BR><BR>[Called By]<UL><LI><a href="#[75]">&gt;&gt;</a>&nbsp;&nbsp;&nbsp;__main
</UL>

<P><STRONG><a name="[78]"></a>__scatterload_rt2</STRONG> (Thumb, 44 bytes, Stack size unknown bytes, __scatter.o(!!!scatter), UNUSED)
<BR><BR>[Calls]<UL><LI><a href="#[77]">&gt;&gt;</a>&nbsp;&nbsp;&nbsp;__rt_entry
</UL>

<P><STRONG><a name="[27d]"></a>__scatterload_rt2_thumb_only</STRONG> (Thumb, 0 bytes, Stack size unknown bytes, __scatter.o(!!!scatter), UNUSED)

<P><STRONG><a name="[27e]"></a>__scatterload_null</STRONG> (Thumb, 0 bytes, Stack size unknown bytes, __scatter.o(!!!scatter), UNUSED)

<P><STRONG><a name="[27f]"></a>__decompress</STRONG> (Thumb, 90 bytes, Stack size unknown bytes, __dczerorl2.o(!!dczerorl2), UNUSED)

<P><STRONG><a name="[280]"></a>__decompress1</STRONG> (Thumb, 0 bytes, Stack size unknown bytes, __dczerorl2.o(!!dczerorl2), UNUSED)

<P><STRONG><a name="[281]"></a>__scatterload_zeroinit</STRONG> (Thumb, 28 bytes, Stack size unknown bytes, __scatter_zi.o(!!handler_zi), UNUSED)

<P><STRONG><a name="[7e]"></a>__rt_lib_init</STRONG> (Thumb, 0 bytes, Stack size unknown bytes, libinit.o(.ARM.Collect$$libinit$$00000000))
<BR><BR>[Called By]<UL><LI><a href="#[7d]">&gt;&gt;</a>&nbsp;&nbsp;&nbsp;__rt_entry_li
</UL>

<P><STRONG><a name="[79]"></a>__rt_lib_init_fp_1</STRONG> (Thumb, 0 bytes, Stack size unknown bytes, libinit2.o(.ARM.Collect$$libinit$$00000001))
<BR><BR>[Calls]<UL><LI><a href="#[7a]">&gt;&gt;</a>&nbsp;&nbsp;&nbsp;_fp_init
</UL>

<P><STRONG><a name="[282]"></a>__rt_lib_init_alloca_1</STRONG> (Thumb, 0 bytes, Stack size unknown bytes, libinit2.o(.ARM.Collect$$libinit$$0000002E))

<P><STRONG><a name="[283]"></a>__rt_lib_init_argv_1</STRONG> (Thumb, 0 bytes, Stack size unknown bytes, libinit2.o(.ARM.Collect$$libinit$$0000002C))

<P><STRONG><a name="[284]"></a>__rt_lib_init_atexit_1</STRONG> (Thumb, 0 bytes, Stack size unknown bytes, libinit2.o(.ARM.Collect$$libinit$$0000001B))

<P><STRONG><a name="[285]"></a>__rt_lib_init_clock_1</STRONG> (Thumb, 0 bytes, Stack size unknown bytes, libinit2.o(.ARM.Collect$$libinit$$00000021))

<P><STRONG><a name="[286]"></a>__rt_lib_init_cpp_1</STRONG> (Thumb, 0 bytes, Stack size unknown bytes, libinit2.o(.ARM.Collect$$libinit$$00000032))

<P><STRONG><a name="[287]"></a>__rt_lib_init_exceptions_1</STRONG> (Thumb, 0 bytes, Stack size unknown bytes, libinit2.o(.ARM.Collect$$libinit$$00000030))

<P><STRONG><a name="[288]"></a>__rt_lib_init_fp_trap_1</STRONG> (Thumb, 0 bytes, Stack size unknown bytes, libinit2.o(.ARM.Collect$$libinit$$0000001F))

<P><STRONG><a name="[289]"></a>__rt_lib_init_getenv_1</STRONG> (Thumb, 0 bytes, Stack size unknown bytes, libinit2.o(.ARM.Collect$$libinit$$00000023))

<P><STRONG><a name="[28a]"></a>__rt_lib_init_heap_1</STRONG> (Thumb, 0 bytes, Stack size unknown bytes, libinit2.o(.ARM.Collect$$libinit$$0000000A))

<P><STRONG><a name="[28b]"></a>__rt_lib_init_lc_collate_1</STRONG> (Thumb, 0 bytes, Stack size unknown bytes, libinit2.o(.ARM.Collect$$libinit$$00000011))

<P><STRONG><a name="[28c]"></a>__rt_lib_init_lc_ctype_1</STRONG> (Thumb, 0 bytes, Stack size unknown bytes, libinit2.o(.ARM.Collect$$libinit$$00000013))

<P><STRONG><a name="[28d]"></a>__rt_lib_init_lc_monetary_1</STRONG> (Thumb, 0 bytes, Stack size unknown bytes, libinit2.o(.ARM.Collect$$libinit$$00000015))

<P><STRONG><a name="[28e]"></a>__rt_lib_init_lc_numeric_1</STRONG> (Thumb, 0 bytes, Stack size unknown bytes, libinit2.o(.ARM.Collect$$libinit$$00000017))

<P><STRONG><a name="[28f]"></a>__rt_lib_init_lc_time_1</STRONG> (Thumb, 0 bytes, Stack size unknown bytes, libinit2.o(.ARM.Collect$$libinit$$00000019))

<P><STRONG><a name="[290]"></a>__rt_lib_init_preinit_1</STRONG> (Thumb, 0 bytes, Stack size unknown bytes, libinit2.o(.ARM.Collect$$libinit$$00000004))

<P><STRONG><a name="[291]"></a>__rt_lib_init_rand_1</STRONG> (Thumb, 0 bytes, Stack size unknown bytes, libinit2.o(.ARM.Collect$$libinit$$0000000E))

<P><STRONG><a name="[292]"></a>__rt_lib_init_return</STRONG> (Thumb, 0 bytes, Stack size unknown bytes, libinit2.o(.ARM.Collect$$libinit$$00000033))

<P><STRONG><a name="[293]"></a>__rt_lib_init_signal_1</STRONG> (Thumb, 0 bytes, Stack size unknown bytes, libinit2.o(.ARM.Collect$$libinit$$0000001D))

<P><STRONG><a name="[294]"></a>__rt_lib_init_stdio_1</STRONG> (Thumb, 0 bytes, Stack size unknown bytes, libinit2.o(.ARM.Collect$$libinit$$00000025))

<P><STRONG><a name="[295]"></a>__rt_lib_init_user_alloc_1</STRONG> (Thumb, 0 bytes, Stack size unknown bytes, libinit2.o(.ARM.Collect$$libinit$$0000000C))

<P><STRONG><a name="[83]"></a>__rt_lib_shutdown</STRONG> (Thumb, 0 bytes, Stack size unknown bytes, libshutdown.o(.ARM.Collect$$libshutdown$$00000000))
<BR><BR>[Called By]<UL><LI><a href="#[82]">&gt;&gt;</a>&nbsp;&nbsp;&nbsp;__rt_exit_ls
</UL>

<P><STRONG><a name="[296]"></a>__rt_lib_shutdown_cpp_1</STRONG> (Thumb, 0 bytes, Stack size unknown bytes, libshutdown2.o(.ARM.Collect$$libshutdown$$00000002))

<P><STRONG><a name="[297]"></a>__rt_lib_shutdown_fp_trap_1</STRONG> (Thumb, 0 bytes, Stack size unknown bytes, libshutdown2.o(.ARM.Collect$$libshutdown$$00000007))

<P><STRONG><a name="[298]"></a>__rt_lib_shutdown_heap_1</STRONG> (Thumb, 0 bytes, Stack size unknown bytes, libshutdown2.o(.ARM.Collect$$libshutdown$$0000000F))

<P><STRONG><a name="[299]"></a>__rt_lib_shutdown_return</STRONG> (Thumb, 0 bytes, Stack size unknown bytes, libshutdown2.o(.ARM.Collect$$libshutdown$$00000010))

<P><STRONG><a name="[29a]"></a>__rt_lib_shutdown_signal_1</STRONG> (Thumb, 0 bytes, Stack size unknown bytes, libshutdown2.o(.ARM.Collect$$libshutdown$$0000000A))

<P><STRONG><a name="[29b]"></a>__rt_lib_shutdown_stdio_1</STRONG> (Thumb, 0 bytes, Stack size unknown bytes, libshutdown2.o(.ARM.Collect$$libshutdown$$00000004))

<P><STRONG><a name="[29c]"></a>__rt_lib_shutdown_user_alloc_1</STRONG> (Thumb, 0 bytes, Stack size unknown bytes, libshutdown2.o(.ARM.Collect$$libshutdown$$0000000C))

<P><STRONG><a name="[77]"></a>__rt_entry</STRONG> (Thumb, 0 bytes, Stack size unknown bytes, __rtentry.o(.ARM.Collect$$rtentry$$00000000))
<BR><BR>[Called By]<UL><LI><a href="#[75]">&gt;&gt;</a>&nbsp;&nbsp;&nbsp;__main
<LI><a href="#[78]">&gt;&gt;</a>&nbsp;&nbsp;&nbsp;__scatterload_rt2
</UL>

<P><STRONG><a name="[29d]"></a>__rt_entry_presh_1</STRONG> (Thumb, 0 bytes, Stack size unknown bytes, __rtentry2.o(.ARM.Collect$$rtentry$$00000002))

<P><STRONG><a name="[7b]"></a>__rt_entry_sh</STRONG> (Thumb, 0 bytes, Stack size unknown bytes, __rtentry4.o(.ARM.Collect$$rtentry$$00000004))
<BR><BR>[Stack]<UL><LI>Max Depth = 8 + Unknown Stack Size
<LI>Call Chain = __rt_entry_sh &rArr; __user_setup_stackheap
</UL>
<BR>[Calls]<UL><LI><a href="#[7c]">&gt;&gt;</a>&nbsp;&nbsp;&nbsp;__user_setup_stackheap
</UL>

<P><STRONG><a name="[7d]"></a>__rt_entry_li</STRONG> (Thumb, 0 bytes, Stack size unknown bytes, __rtentry2.o(.ARM.Collect$$rtentry$$0000000A))
<BR><BR>[Calls]<UL><LI><a href="#[7e]">&gt;&gt;</a>&nbsp;&nbsp;&nbsp;__rt_lib_init
</UL>

<P><STRONG><a name="[29e]"></a>__rt_entry_postsh_1</STRONG> (Thumb, 0 bytes, Stack size unknown bytes, __rtentry2.o(.ARM.Collect$$rtentry$$00000009))

<P><STRONG><a name="[7f]"></a>__rt_entry_main</STRONG> (Thumb, 0 bytes, Stack size unknown bytes, __rtentry2.o(.ARM.Collect$$rtentry$$0000000D))
<BR><BR>[Stack]<UL><LI>Max Depth = 576 + Unknown Stack Size
<LI>Call Chain = __rt_entry_main &rArr; main &rArr; run_status &rArr; go_beginpoint &rArr; find_dead_center &rArr; rec_com &rArr; protocol &rArr; single_next &rArr; process_making_pen_signal &rArr;  rec_com (Cycle)
</UL>
<BR>[Calls]<UL><LI><a href="#[80]">&gt;&gt;</a>&nbsp;&nbsp;&nbsp;main
<LI><a href="#[81]">&gt;&gt;</a>&nbsp;&nbsp;&nbsp;exit
</UL>

<P><STRONG><a name="[29f]"></a>__rt_entry_postli_1</STRONG> (Thumb, 0 bytes, Stack size unknown bytes, __rtentry2.o(.ARM.Collect$$rtentry$$0000000C))

<P><STRONG><a name="[8c]"></a>__rt_exit</STRONG> (Thumb, 0 bytes, Stack size unknown bytes, rtexit.o(.ARM.Collect$$rtexit$$00000000))
<BR><BR>[Called By]<UL><LI><a href="#[81]">&gt;&gt;</a>&nbsp;&nbsp;&nbsp;exit
</UL>

<P><STRONG><a name="[82]"></a>__rt_exit_ls</STRONG> (Thumb, 0 bytes, Stack size unknown bytes, rtexit2.o(.ARM.Collect$$rtexit$$00000003))
<BR><BR>[Calls]<UL><LI><a href="#[83]">&gt;&gt;</a>&nbsp;&nbsp;&nbsp;__rt_lib_shutdown
</UL>

<P><STRONG><a name="[2a0]"></a>__rt_exit_prels_1</STRONG> (Thumb, 0 bytes, Stack size unknown bytes, rtexit2.o(.ARM.Collect$$rtexit$$00000002))

<P><STRONG><a name="[84]"></a>__rt_exit_exit</STRONG> (Thumb, 0 bytes, Stack size unknown bytes, rtexit2.o(.ARM.Collect$$rtexit$$00000004))
<BR><BR>[Calls]<UL><LI><a href="#[85]">&gt;&gt;</a>&nbsp;&nbsp;&nbsp;_sys_exit
</UL>

<P><STRONG><a name="[3]"></a>Reset_Handler</STRONG> (Thumb, 12 bytes, Stack size 0 bytes, startup_xmc4402.o(.text))
<BR>[Address Reference Count : 1]<UL><LI> startup_xmc4402.o(RESET)
</UL>
<P><STRONG><a name="[7]"></a>BusFault_Handler</STRONG> (Thumb, 0 bytes, Stack size 0 bytes, startup_xmc4402.o(.text))
<BR><BR>[Calls]<UL><LI><a href="#[7]">&gt;&gt;</a>&nbsp;&nbsp;&nbsp;BusFault_Handler
</UL>
<BR>[Called By]<UL><LI><a href="#[7]">&gt;&gt;</a>&nbsp;&nbsp;&nbsp;BusFault_Handler
</UL>
<BR>[Address Reference Count : 1]<UL><LI> startup_xmc4402.o(RESET)
</UL>
<P><STRONG><a name="[55]"></a>CAN0_0_IRQHandler</STRONG> (Thumb, 0 bytes, Stack size 0 bytes, startup_xmc4402.o(.text))
<BR>[Address Reference Count : 1]<UL><LI> startup_xmc4402.o(RESET)
</UL>
<P><STRONG><a name="[56]"></a>CAN0_1_IRQHandler</STRONG> (Thumb, 0 bytes, Stack size 0 bytes, startup_xmc4402.o(.text))
<BR>[Address Reference Count : 1]<UL><LI> startup_xmc4402.o(RESET)
</UL>
<P><STRONG><a name="[57]"></a>CAN0_2_IRQHandler</STRONG> (Thumb, 0 bytes, Stack size 0 bytes, startup_xmc4402.o(.text))
<BR>[Address Reference Count : 1]<UL><LI> startup_xmc4402.o(RESET)
</UL>
<P><STRONG><a name="[58]"></a>CAN0_3_IRQHandler</STRONG> (Thumb, 0 bytes, Stack size 0 bytes, startup_xmc4402.o(.text))
<BR>[Address Reference Count : 1]<UL><LI> startup_xmc4402.o(RESET)
</UL>
<P><STRONG><a name="[59]"></a>CAN0_4_IRQHandler</STRONG> (Thumb, 0 bytes, Stack size 0 bytes, startup_xmc4402.o(.text))
<BR>[Address Reference Count : 1]<UL><LI> startup_xmc4402.o(RESET)
</UL>
<P><STRONG><a name="[5a]"></a>CAN0_5_IRQHandler</STRONG> (Thumb, 0 bytes, Stack size 0 bytes, startup_xmc4402.o(.text))
<BR>[Address Reference Count : 1]<UL><LI> startup_xmc4402.o(RESET)
</UL>
<P><STRONG><a name="[5b]"></a>CAN0_6_IRQHandler</STRONG> (Thumb, 0 bytes, Stack size 0 bytes, startup_xmc4402.o(.text))
<BR>[Address Reference Count : 1]<UL><LI> startup_xmc4402.o(RESET)
</UL>
<P><STRONG><a name="[5c]"></a>CAN0_7_IRQHandler</STRONG> (Thumb, 0 bytes, Stack size 0 bytes, startup_xmc4402.o(.text))
<BR>[Address Reference Count : 1]<UL><LI> startup_xmc4402.o(RESET)
</UL>
<P><STRONG><a name="[35]"></a>CCU40_0_IRQHandler</STRONG> (Thumb, 0 bytes, Stack size 0 bytes, startup_xmc4402.o(.text))
<BR>[Address Reference Count : 1]<UL><LI> startup_xmc4402.o(RESET)
</UL>
<P><STRONG><a name="[36]"></a>CCU40_1_IRQHandler</STRONG> (Thumb, 0 bytes, Stack size 0 bytes, startup_xmc4402.o(.text))
<BR>[Address Reference Count : 1]<UL><LI> startup_xmc4402.o(RESET)
</UL>
<P><STRONG><a name="[38]"></a>CCU40_3_IRQHandler</STRONG> (Thumb, 0 bytes, Stack size 0 bytes, startup_xmc4402.o(.text))
<BR>[Address Reference Count : 1]<UL><LI> startup_xmc4402.o(RESET)
</UL>
<P><STRONG><a name="[39]"></a>CCU41_0_IRQHandler</STRONG> (Thumb, 0 bytes, Stack size 0 bytes, startup_xmc4402.o(.text))
<BR>[Address Reference Count : 1]<UL><LI> startup_xmc4402.o(RESET)
</UL>
<P><STRONG><a name="[3a]"></a>CCU41_1_IRQHandler</STRONG> (Thumb, 0 bytes, Stack size 0 bytes, startup_xmc4402.o(.text))
<BR>[Address Reference Count : 1]<UL><LI> startup_xmc4402.o(RESET)
</UL>
<P><STRONG><a name="[3b]"></a>CCU41_2_IRQHandler</STRONG> (Thumb, 0 bytes, Stack size 0 bytes, startup_xmc4402.o(.text))
<BR>[Address Reference Count : 1]<UL><LI> startup_xmc4402.o(RESET)
</UL>
<P><STRONG><a name="[3c]"></a>CCU41_3_IRQHandler</STRONG> (Thumb, 0 bytes, Stack size 0 bytes, startup_xmc4402.o(.text))
<BR>[Address Reference Count : 1]<UL><LI> startup_xmc4402.o(RESET)
</UL>
<P><STRONG><a name="[3d]"></a>CCU42_0_IRQHandler</STRONG> (Thumb, 0 bytes, Stack size 0 bytes, startup_xmc4402.o(.text))
<BR>[Address Reference Count : 1]<UL><LI> startup_xmc4402.o(RESET)
</UL>
<P><STRONG><a name="[3e]"></a>CCU42_1_IRQHandler</STRONG> (Thumb, 0 bytes, Stack size 0 bytes, startup_xmc4402.o(.text))
<BR>[Address Reference Count : 1]<UL><LI> startup_xmc4402.o(RESET)
</UL>
<P><STRONG><a name="[3f]"></a>CCU42_2_IRQHandler</STRONG> (Thumb, 0 bytes, Stack size 0 bytes, startup_xmc4402.o(.text))
<BR>[Address Reference Count : 1]<UL><LI> startup_xmc4402.o(RESET)
</UL>
<P><STRONG><a name="[40]"></a>CCU42_3_IRQHandler</STRONG> (Thumb, 0 bytes, Stack size 0 bytes, startup_xmc4402.o(.text))
<BR>[Address Reference Count : 1]<UL><LI> startup_xmc4402.o(RESET)
</UL>
<P><STRONG><a name="[41]"></a>CCU43_0_IRQHandler</STRONG> (Thumb, 0 bytes, Stack size 0 bytes, startup_xmc4402.o(.text))
<BR>[Address Reference Count : 1]<UL><LI> startup_xmc4402.o(RESET)
</UL>
<P><STRONG><a name="[42]"></a>CCU43_1_IRQHandler</STRONG> (Thumb, 0 bytes, Stack size 0 bytes, startup_xmc4402.o(.text))
<BR>[Address Reference Count : 1]<UL><LI> startup_xmc4402.o(RESET)
</UL>
<P><STRONG><a name="[44]"></a>CCU43_3_IRQHandler</STRONG> (Thumb, 0 bytes, Stack size 0 bytes, startup_xmc4402.o(.text))
<BR>[Address Reference Count : 1]<UL><LI> startup_xmc4402.o(RESET)
</UL>
<P><STRONG><a name="[45]"></a>CCU80_0_IRQHandler</STRONG> (Thumb, 0 bytes, Stack size 0 bytes, startup_xmc4402.o(.text))
<BR>[Address Reference Count : 1]<UL><LI> startup_xmc4402.o(RESET)
</UL>
<P><STRONG><a name="[46]"></a>CCU80_1_IRQHandler</STRONG> (Thumb, 0 bytes, Stack size 0 bytes, startup_xmc4402.o(.text))
<BR>[Address Reference Count : 1]<UL><LI> startup_xmc4402.o(RESET)
</UL>
<P><STRONG><a name="[47]"></a>CCU80_2_IRQHandler</STRONG> (Thumb, 0 bytes, Stack size 0 bytes, startup_xmc4402.o(.text))
<BR>[Address Reference Count : 1]<UL><LI> startup_xmc4402.o(RESET)
</UL>
<P><STRONG><a name="[48]"></a>CCU80_3_IRQHandler</STRONG> (Thumb, 0 bytes, Stack size 0 bytes, startup_xmc4402.o(.text))
<BR>[Address Reference Count : 1]<UL><LI> startup_xmc4402.o(RESET)
</UL>
<P><STRONG><a name="[49]"></a>CCU81_0_IRQHandler</STRONG> (Thumb, 0 bytes, Stack size 0 bytes, startup_xmc4402.o(.text))
<BR>[Address Reference Count : 1]<UL><LI> startup_xmc4402.o(RESET)
</UL>
<P><STRONG><a name="[4a]"></a>CCU81_1_IRQHandler</STRONG> (Thumb, 0 bytes, Stack size 0 bytes, startup_xmc4402.o(.text))
<BR>[Address Reference Count : 1]<UL><LI> startup_xmc4402.o(RESET)
</UL>
<P><STRONG><a name="[4b]"></a>CCU81_2_IRQHandler</STRONG> (Thumb, 0 bytes, Stack size 0 bytes, startup_xmc4402.o(.text))
<BR>[Address Reference Count : 1]<UL><LI> startup_xmc4402.o(RESET)
</UL>
<P><STRONG><a name="[4c]"></a>CCU81_3_IRQHandler</STRONG> (Thumb, 0 bytes, Stack size 0 bytes, startup_xmc4402.o(.text))
<BR>[Address Reference Count : 1]<UL><LI> startup_xmc4402.o(RESET)
</UL>
<P><STRONG><a name="[33]"></a>DAC0_0_IRQHandler</STRONG> (Thumb, 0 bytes, Stack size 0 bytes, startup_xmc4402.o(.text))
<BR>[Address Reference Count : 1]<UL><LI> startup_xmc4402.o(RESET)
</UL>
<P><STRONG><a name="[34]"></a>DAC0_1_IRQHandler</STRONG> (Thumb, 0 bytes, Stack size 0 bytes, startup_xmc4402.o(.text))
<BR>[Address Reference Count : 1]<UL><LI> startup_xmc4402.o(RESET)
</UL>
<P><STRONG><a name="[2b]"></a>DSD0_0_IRQHandler</STRONG> (Thumb, 0 bytes, Stack size 0 bytes, startup_xmc4402.o(.text))
<BR>[Address Reference Count : 1]<UL><LI> startup_xmc4402.o(RESET)
</UL>
<P><STRONG><a name="[2c]"></a>DSD0_1_IRQHandler</STRONG> (Thumb, 0 bytes, Stack size 0 bytes, startup_xmc4402.o(.text))
<BR>[Address Reference Count : 1]<UL><LI> startup_xmc4402.o(RESET)
</UL>
<P><STRONG><a name="[2d]"></a>DSD0_2_IRQHandler</STRONG> (Thumb, 0 bytes, Stack size 0 bytes, startup_xmc4402.o(.text))
<BR>[Address Reference Count : 1]<UL><LI> startup_xmc4402.o(RESET)
</UL>
<P><STRONG><a name="[2e]"></a>DSD0_3_IRQHandler</STRONG> (Thumb, 0 bytes, Stack size 0 bytes, startup_xmc4402.o(.text))
<BR>[Address Reference Count : 1]<UL><LI> startup_xmc4402.o(RESET)
</UL>
<P><STRONG><a name="[2f]"></a>DSD0_4_IRQHandler</STRONG> (Thumb, 0 bytes, Stack size 0 bytes, startup_xmc4402.o(.text))
<BR>[Address Reference Count : 1]<UL><LI> startup_xmc4402.o(RESET)
</UL>
<P><STRONG><a name="[30]"></a>DSD0_5_IRQHandler</STRONG> (Thumb, 0 bytes, Stack size 0 bytes, startup_xmc4402.o(.text))
<BR>[Address Reference Count : 1]<UL><LI> startup_xmc4402.o(RESET)
</UL>
<P><STRONG><a name="[31]"></a>DSD0_6_IRQHandler</STRONG> (Thumb, 0 bytes, Stack size 0 bytes, startup_xmc4402.o(.text))
<BR>[Address Reference Count : 1]<UL><LI> startup_xmc4402.o(RESET)
</UL>
<P><STRONG><a name="[32]"></a>DSD0_7_IRQHandler</STRONG> (Thumb, 0 bytes, Stack size 0 bytes, startup_xmc4402.o(.text))
<BR>[Address Reference Count : 1]<UL><LI> startup_xmc4402.o(RESET)
</UL>
<P><STRONG><a name="[a]"></a>DebugMon_Handler</STRONG> (Thumb, 0 bytes, Stack size 0 bytes, startup_xmc4402.o(.text))
<BR>[Address Reference Count : 1]<UL><LI> startup_xmc4402.o(RESET)
</UL>
<P><STRONG><a name="[f]"></a>ERU0_1_IRQHandler</STRONG> (Thumb, 0 bytes, Stack size 0 bytes, startup_xmc4402.o(.text))
<BR>[Address Reference Count : 1]<UL><LI> startup_xmc4402.o(RESET)
</UL>
<P><STRONG><a name="[10]"></a>ERU0_2_IRQHandler</STRONG> (Thumb, 0 bytes, Stack size 0 bytes, startup_xmc4402.o(.text))
<BR>[Address Reference Count : 1]<UL><LI> startup_xmc4402.o(RESET)
</UL>
<P><STRONG><a name="[11]"></a>ERU0_3_IRQHandler</STRONG> (Thumb, 0 bytes, Stack size 0 bytes, startup_xmc4402.o(.text))
<BR>[Address Reference Count : 1]<UL><LI> startup_xmc4402.o(RESET)
</UL>
<P><STRONG><a name="[12]"></a>ERU1_0_IRQHandler</STRONG> (Thumb, 0 bytes, Stack size 0 bytes, startup_xmc4402.o(.text))
<BR>[Address Reference Count : 1]<UL><LI> startup_xmc4402.o(RESET)
</UL>
<P><STRONG><a name="[13]"></a>ERU1_1_IRQHandler</STRONG> (Thumb, 0 bytes, Stack size 0 bytes, startup_xmc4402.o(.text))
<BR>[Address Reference Count : 1]<UL><LI> startup_xmc4402.o(RESET)
</UL>
<P><STRONG><a name="[14]"></a>ERU1_2_IRQHandler</STRONG> (Thumb, 0 bytes, Stack size 0 bytes, startup_xmc4402.o(.text))
<BR>[Address Reference Count : 1]<UL><LI> startup_xmc4402.o(RESET)
</UL>
<P><STRONG><a name="[15]"></a>ERU1_3_IRQHandler</STRONG> (Thumb, 0 bytes, Stack size 0 bytes, startup_xmc4402.o(.text))
<BR>[Address Reference Count : 1]<UL><LI> startup_xmc4402.o(RESET)
</UL>
<P><STRONG><a name="[6a]"></a>FCE0_0_IRQHandler</STRONG> (Thumb, 0 bytes, Stack size 0 bytes, startup_xmc4402.o(.text))
<BR>[Address Reference Count : 1]<UL><LI> startup_xmc4402.o(RESET)
</UL>
<P><STRONG><a name="[51]"></a>HRPWM_0_IRQHandler</STRONG> (Thumb, 0 bytes, Stack size 0 bytes, startup_xmc4402.o(.text))
<BR>[Address Reference Count : 1]<UL><LI> startup_xmc4402.o(RESET)
</UL>
<P><STRONG><a name="[52]"></a>HRPWM_1_IRQHandler</STRONG> (Thumb, 0 bytes, Stack size 0 bytes, startup_xmc4402.o(.text))
<BR>[Address Reference Count : 1]<UL><LI> startup_xmc4402.o(RESET)
</UL>
<P><STRONG><a name="[53]"></a>HRPWM_2_IRQHandler</STRONG> (Thumb, 0 bytes, Stack size 0 bytes, startup_xmc4402.o(.text))
<BR>[Address Reference Count : 1]<UL><LI> startup_xmc4402.o(RESET)
</UL>
<P><STRONG><a name="[54]"></a>HRPWM_3_IRQHandler</STRONG> (Thumb, 0 bytes, Stack size 0 bytes, startup_xmc4402.o(.text))
<BR>[Address Reference Count : 1]<UL><LI> startup_xmc4402.o(RESET)
</UL>
<P><STRONG><a name="[5]"></a>HardFault_Handler</STRONG> (Thumb, 0 bytes, Stack size 0 bytes, startup_xmc4402.o(.text))
<BR>[Address Reference Count : 1]<UL><LI> startup_xmc4402.o(RESET)
</UL>
<P><STRONG><a name="[69]"></a>LEDTS0_0_IRQHandler</STRONG> (Thumb, 0 bytes, Stack size 0 bytes, startup_xmc4402.o(.text))
<BR>[Address Reference Count : 1]<UL><LI> startup_xmc4402.o(RESET)
</UL>
<P><STRONG><a name="[6]"></a>MemManage_Handler</STRONG> (Thumb, 0 bytes, Stack size 0 bytes, startup_xmc4402.o(.text))
<BR>[Address Reference Count : 1]<UL><LI> startup_xmc4402.o(RESET)
</UL>
<P><STRONG><a name="[4]"></a>NMI_Handler</STRONG> (Thumb, 0 bytes, Stack size 0 bytes, startup_xmc4402.o(.text))
<BR>[Address Reference Count : 1]<UL><LI> startup_xmc4402.o(RESET)
</UL>
<P><STRONG><a name="[16]"></a>PMU0_0_IRQHandler</STRONG> (Thumb, 0 bytes, Stack size 0 bytes, startup_xmc4402.o(.text))
<BR>[Address Reference Count : 1]<UL><LI> startup_xmc4402.o(RESET)
</UL>
<P><STRONG><a name="[4d]"></a>POSIF0_0_IRQHandler</STRONG> (Thumb, 0 bytes, Stack size 0 bytes, startup_xmc4402.o(.text))
<BR>[Address Reference Count : 1]<UL><LI> startup_xmc4402.o(RESET)
</UL>
<P><STRONG><a name="[4e]"></a>POSIF0_1_IRQHandler</STRONG> (Thumb, 0 bytes, Stack size 0 bytes, startup_xmc4402.o(.text))
<BR>[Address Reference Count : 1]<UL><LI> startup_xmc4402.o(RESET)
</UL>
<P><STRONG><a name="[4f]"></a>POSIF1_0_IRQHandler</STRONG> (Thumb, 0 bytes, Stack size 0 bytes, startup_xmc4402.o(.text))
<BR>[Address Reference Count : 1]<UL><LI> startup_xmc4402.o(RESET)
</UL>
<P><STRONG><a name="[50]"></a>POSIF1_1_IRQHandler</STRONG> (Thumb, 0 bytes, Stack size 0 bytes, startup_xmc4402.o(.text))
<BR>[Address Reference Count : 1]<UL><LI> startup_xmc4402.o(RESET)
</UL>
<P><STRONG><a name="[b]"></a>PendSV_Handler</STRONG> (Thumb, 0 bytes, Stack size 0 bytes, startup_xmc4402.o(.text))
<BR>[Address Reference Count : 1]<UL><LI> startup_xmc4402.o(RESET)
</UL>
<P><STRONG><a name="[d]"></a>SCU_0_IRQHandler</STRONG> (Thumb, 0 bytes, Stack size 0 bytes, startup_xmc4402.o(.text))
<BR>[Address Reference Count : 1]<UL><LI> startup_xmc4402.o(RESET)
</UL>
<P><STRONG><a name="[9]"></a>SVC_Handler</STRONG> (Thumb, 0 bytes, Stack size 0 bytes, startup_xmc4402.o(.text))
<BR>[Address Reference Count : 1]<UL><LI> startup_xmc4402.o(RESET)
</UL>
<P><STRONG><a name="[c]"></a>SysTick_Handler</STRONG> (Thumb, 0 bytes, Stack size 0 bytes, startup_xmc4402.o(.text))
<BR>[Address Reference Count : 1]<UL><LI> startup_xmc4402.o(RESET)
</UL>
<P><STRONG><a name="[6c]"></a>USB0_0_IRQHandler</STRONG> (Thumb, 0 bytes, Stack size 0 bytes, startup_xmc4402.o(.text))
<BR>[Address Reference Count : 1]<UL><LI> startup_xmc4402.o(RESET)
</UL>
<P><STRONG><a name="[5f]"></a>USIC0_2_IRQHandler</STRONG> (Thumb, 0 bytes, Stack size 0 bytes, startup_xmc4402.o(.text))
<BR>[Address Reference Count : 1]<UL><LI> startup_xmc4402.o(RESET)
</UL>
<P><STRONG><a name="[61]"></a>USIC0_4_IRQHandler</STRONG> (Thumb, 0 bytes, Stack size 0 bytes, startup_xmc4402.o(.text))
<BR>[Address Reference Count : 1]<UL><LI> startup_xmc4402.o(RESET)
</UL>
<P><STRONG><a name="[63]"></a>USIC1_0_IRQHandler</STRONG> (Thumb, 0 bytes, Stack size 0 bytes, startup_xmc4402.o(.text))
<BR>[Address Reference Count : 1]<UL><LI> startup_xmc4402.o(RESET)
</UL>
<P><STRONG><a name="[64]"></a>USIC1_1_IRQHandler</STRONG> (Thumb, 0 bytes, Stack size 0 bytes, startup_xmc4402.o(.text))
<BR>[Address Reference Count : 1]<UL><LI> startup_xmc4402.o(RESET)
</UL>
<P><STRONG><a name="[65]"></a>USIC1_2_IRQHandler</STRONG> (Thumb, 0 bytes, Stack size 0 bytes, startup_xmc4402.o(.text))
<BR>[Address Reference Count : 1]<UL><LI> startup_xmc4402.o(RESET)
</UL>
<P><STRONG><a name="[68]"></a>USIC1_5_IRQHandler</STRONG> (Thumb, 0 bytes, Stack size 0 bytes, startup_xmc4402.o(.text))
<BR>[Address Reference Count : 1]<UL><LI> startup_xmc4402.o(RESET)
</UL>
<P><STRONG><a name="[8]"></a>UsageFault_Handler</STRONG> (Thumb, 0 bytes, Stack size 0 bytes, startup_xmc4402.o(.text))
<BR>[Address Reference Count : 1]<UL><LI> startup_xmc4402.o(RESET)
</UL>
<P><STRONG><a name="[17]"></a>VADC0_C0_0_IRQHandler</STRONG> (Thumb, 0 bytes, Stack size 0 bytes, startup_xmc4402.o(.text))
<BR>[Address Reference Count : 1]<UL><LI> startup_xmc4402.o(RESET)
</UL>
<P><STRONG><a name="[18]"></a>VADC0_C0_1_IRQHandler</STRONG> (Thumb, 0 bytes, Stack size 0 bytes, startup_xmc4402.o(.text))
<BR>[Address Reference Count : 1]<UL><LI> startup_xmc4402.o(RESET)
</UL>
<P><STRONG><a name="[19]"></a>VADC0_C0_2_IRQHandler</STRONG> (Thumb, 0 bytes, Stack size 0 bytes, startup_xmc4402.o(.text))
<BR>[Address Reference Count : 1]<UL><LI> startup_xmc4402.o(RESET)
</UL>
<P><STRONG><a name="[1a]"></a>VADC0_C0_3_IRQHandler</STRONG> (Thumb, 0 bytes, Stack size 0 bytes, startup_xmc4402.o(.text))
<BR>[Address Reference Count : 1]<UL><LI> startup_xmc4402.o(RESET)
</UL>
<P><STRONG><a name="[1c]"></a>VADC0_G0_1_IRQHandler</STRONG> (Thumb, 0 bytes, Stack size 0 bytes, startup_xmc4402.o(.text))
<BR>[Address Reference Count : 1]<UL><LI> startup_xmc4402.o(RESET)
</UL>
<P><STRONG><a name="[1d]"></a>VADC0_G0_2_IRQHandler</STRONG> (Thumb, 0 bytes, Stack size 0 bytes, startup_xmc4402.o(.text))
<BR>[Address Reference Count : 1]<UL><LI> startup_xmc4402.o(RESET)
</UL>
<P><STRONG><a name="[1e]"></a>VADC0_G0_3_IRQHandler</STRONG> (Thumb, 0 bytes, Stack size 0 bytes, startup_xmc4402.o(.text))
<BR>[Address Reference Count : 1]<UL><LI> startup_xmc4402.o(RESET)
</UL>
<P><STRONG><a name="[1f]"></a>VADC0_G1_0_IRQHandler</STRONG> (Thumb, 0 bytes, Stack size 0 bytes, startup_xmc4402.o(.text))
<BR>[Address Reference Count : 1]<UL><LI> startup_xmc4402.o(RESET)
</UL>
<P><STRONG><a name="[20]"></a>VADC0_G1_1_IRQHandler</STRONG> (Thumb, 0 bytes, Stack size 0 bytes, startup_xmc4402.o(.text))
<BR>[Address Reference Count : 1]<UL><LI> startup_xmc4402.o(RESET)
</UL>
<P><STRONG><a name="[21]"></a>VADC0_G1_2_IRQHandler</STRONG> (Thumb, 0 bytes, Stack size 0 bytes, startup_xmc4402.o(.text))
<BR>[Address Reference Count : 1]<UL><LI> startup_xmc4402.o(RESET)
</UL>
<P><STRONG><a name="[22]"></a>VADC0_G1_3_IRQHandler</STRONG> (Thumb, 0 bytes, Stack size 0 bytes, startup_xmc4402.o(.text))
<BR>[Address Reference Count : 1]<UL><LI> startup_xmc4402.o(RESET)
</UL>
<P><STRONG><a name="[23]"></a>VADC0_G2_0_IRQHandler</STRONG> (Thumb, 0 bytes, Stack size 0 bytes, startup_xmc4402.o(.text))
<BR>[Address Reference Count : 1]<UL><LI> startup_xmc4402.o(RESET)
</UL>
<P><STRONG><a name="[24]"></a>VADC0_G2_1_IRQHandler</STRONG> (Thumb, 0 bytes, Stack size 0 bytes, startup_xmc4402.o(.text))
<BR>[Address Reference Count : 1]<UL><LI> startup_xmc4402.o(RESET)
</UL>
<P><STRONG><a name="[25]"></a>VADC0_G2_2_IRQHandler</STRONG> (Thumb, 0 bytes, Stack size 0 bytes, startup_xmc4402.o(.text))
<BR>[Address Reference Count : 1]<UL><LI> startup_xmc4402.o(RESET)
</UL>
<P><STRONG><a name="[26]"></a>VADC0_G2_3_IRQHandler</STRONG> (Thumb, 0 bytes, Stack size 0 bytes, startup_xmc4402.o(.text))
<BR>[Address Reference Count : 1]<UL><LI> startup_xmc4402.o(RESET)
</UL>
<P><STRONG><a name="[27]"></a>VADC0_G3_0_IRQHandler</STRONG> (Thumb, 0 bytes, Stack size 0 bytes, startup_xmc4402.o(.text))
<BR>[Address Reference Count : 1]<UL><LI> startup_xmc4402.o(RESET)
</UL>
<P><STRONG><a name="[28]"></a>VADC0_G3_1_IRQHandler</STRONG> (Thumb, 0 bytes, Stack size 0 bytes, startup_xmc4402.o(.text))
<BR>[Address Reference Count : 1]<UL><LI> startup_xmc4402.o(RESET)
</UL>
<P><STRONG><a name="[29]"></a>VADC0_G3_2_IRQHandler</STRONG> (Thumb, 0 bytes, Stack size 0 bytes, startup_xmc4402.o(.text))
<BR>[Address Reference Count : 1]<UL><LI> startup_xmc4402.o(RESET)
</UL>
<P><STRONG><a name="[2a]"></a>VADC0_G3_3_IRQHandler</STRONG> (Thumb, 0 bytes, Stack size 0 bytes, startup_xmc4402.o(.text))
<BR>[Address Reference Count : 1]<UL><LI> startup_xmc4402.o(RESET)
</UL>
<P><STRONG><a name="[8b]"></a>__user_initial_stackheap</STRONG> (Thumb, 0 bytes, Stack size unknown bytes, startup_xmc4402.o(.text))
<BR><BR>[Called By]<UL><LI><a href="#[7c]">&gt;&gt;</a>&nbsp;&nbsp;&nbsp;__user_setup_stackheap
</UL>

<P><STRONG><a name="[110]"></a>arm_cos_f32</STRONG> (Thumb, 108 bytes, Stack size 0 bytes, arm_cos_f32.o(.text))
<BR><BR>[Called By]<UL><LI><a href="#[c8]">&gt;&gt;</a>&nbsp;&nbsp;&nbsp;StepM_CurCtrl
<LI><a href="#[100]">&gt;&gt;</a>&nbsp;&nbsp;&nbsp;park_calc
<LI><a href="#[101]">&gt;&gt;</a>&nbsp;&nbsp;&nbsp;ipark_calc
</UL>

<P><STRONG><a name="[10f]"></a>arm_sin_f32</STRONG> (Thumb, 130 bytes, Stack size 0 bytes, arm_sin_f32.o(.text))
<BR><BR>[Called By]<UL><LI><a href="#[c8]">&gt;&gt;</a>&nbsp;&nbsp;&nbsp;StepM_CurCtrl
<LI><a href="#[100]">&gt;&gt;</a>&nbsp;&nbsp;&nbsp;park_calc
<LI><a href="#[101]">&gt;&gt;</a>&nbsp;&nbsp;&nbsp;ipark_calc
</UL>

<P><STRONG><a name="[cf]"></a>__aeabi_ldivmod</STRONG> (Thumb, 0 bytes, Stack size 8 bytes, llsdiv.o(.text))
<BR><BR>[Stack]<UL><LI>Max Depth = 8<LI>Call Chain = __aeabi_ldivmod
</UL>
<BR>[Called By]<UL><LI><a href="#[ce]">&gt;&gt;</a>&nbsp;&nbsp;&nbsp;GetCurve
</UL>

<P><STRONG><a name="[86]"></a>_ll_sdiv</STRONG> (Thumb, 72 bytes, Stack size 8 bytes, llsdiv.o(.text), UNUSED)
<BR><BR>[Calls]<UL><LI><a href="#[87]">&gt;&gt;</a>&nbsp;&nbsp;&nbsp;__aeabi_uldivmod
</UL>

<P><STRONG><a name="[187]"></a>memcmp</STRONG> (Thumb, 88 bytes, Stack size 8 bytes, memcmp.o(.text))
<BR><BR>[Stack]<UL><LI>Max Depth = 8<LI>Call Chain = memcmp
</UL>
<BR>[Called By]<UL><LI><a href="#[186]">&gt;&gt;</a>&nbsp;&nbsp;&nbsp;bsp_SpiFlashAutoWritePage
</UL>

<P><STRONG><a name="[11e]"></a>__aeabi_memcpy</STRONG> (Thumb, 0 bytes, Stack size 0 bytes, rt_memcpy_v6.o(.text))
<BR><BR>[Called By]<UL><LI><a href="#[186]">&gt;&gt;</a>&nbsp;&nbsp;&nbsp;bsp_SpiFlashAutoWritePage
<LI><a href="#[6d]">&gt;&gt;</a>&nbsp;&nbsp;&nbsp;SystemInit
</UL>

<P><STRONG><a name="[88]"></a>__rt_memcpy</STRONG> (Thumb, 138 bytes, Stack size 0 bytes, rt_memcpy_v6.o(.text), UNUSED)
<BR><BR>[Calls]<UL><LI><a href="#[89]">&gt;&gt;</a>&nbsp;&nbsp;&nbsp;__aeabi_memcpy4
</UL>

<P><STRONG><a name="[2a1]"></a>_memcpy_lastbytes</STRONG> (Thumb, 0 bytes, Stack size unknown bytes, rt_memcpy_v6.o(.text), UNUSED)

<P><STRONG><a name="[89]"></a>__aeabi_memcpy4</STRONG> (Thumb, 0 bytes, Stack size 8 bytes, rt_memcpy_w.o(.text))
<BR><BR>[Stack]<UL><LI>Max Depth = 8<LI>Call Chain = __aeabi_memcpy4
</UL>
<BR>[Called By]<UL><LI><a href="#[125]">&gt;&gt;</a>&nbsp;&nbsp;&nbsp;bsp_Spi_Master_Init
<LI><a href="#[126]">&gt;&gt;</a>&nbsp;&nbsp;&nbsp;bsp_SpiFlashInit
<LI><a href="#[e8]">&gt;&gt;</a>&nbsp;&nbsp;&nbsp;Run_quick
<LI><a href="#[e5]">&gt;&gt;</a>&nbsp;&nbsp;&nbsp;Run_move
<LI><a href="#[ce]">&gt;&gt;</a>&nbsp;&nbsp;&nbsp;GetCurve
<LI><a href="#[88]">&gt;&gt;</a>&nbsp;&nbsp;&nbsp;__rt_memcpy
</UL>

<P><STRONG><a name="[2a2]"></a>__aeabi_memcpy8</STRONG> (Thumb, 0 bytes, Stack size 8 bytes, rt_memcpy_w.o(.text), UNUSED)

<P><STRONG><a name="[2a3]"></a>__rt_memcpy_w</STRONG> (Thumb, 100 bytes, Stack size 8 bytes, rt_memcpy_w.o(.text), UNUSED)

<P><STRONG><a name="[2a4]"></a>_memcpy_lastbytes_aligned</STRONG> (Thumb, 0 bytes, Stack size unknown bytes, rt_memcpy_w.o(.text), UNUSED)

<P><STRONG><a name="[199]"></a>__aeabi_memclr4</STRONG> (Thumb, 0 bytes, Stack size 4 bytes, rt_memclr_w.o(.text))
<BR><BR>[Stack]<UL><LI>Max Depth = 4<LI>Call Chain = __aeabi_memclr4
</UL>
<BR>[Called By]<UL><LI><a href="#[125]">&gt;&gt;</a>&nbsp;&nbsp;&nbsp;bsp_Spi_Master_Init
</UL>

<P><STRONG><a name="[2a5]"></a>__aeabi_memclr8</STRONG> (Thumb, 0 bytes, Stack size 4 bytes, rt_memclr_w.o(.text), UNUSED)

<P><STRONG><a name="[2a6]"></a>__rt_memclr_w</STRONG> (Thumb, 78 bytes, Stack size 4 bytes, rt_memclr_w.o(.text), UNUSED)

<P><STRONG><a name="[2a7]"></a>_memset_w</STRONG> (Thumb, 0 bytes, Stack size unknown bytes, rt_memclr_w.o(.text), UNUSED)

<P><STRONG><a name="[2a8]"></a>__use_two_region_memory</STRONG> (Thumb, 2 bytes, Stack size 0 bytes, heapauxi.o(.text), UNUSED)

<P><STRONG><a name="[2a9]"></a>__rt_heap_escrow$2region</STRONG> (Thumb, 2 bytes, Stack size 0 bytes, heapauxi.o(.text), UNUSED)

<P><STRONG><a name="[2aa]"></a>__rt_heap_expand$2region</STRONG> (Thumb, 2 bytes, Stack size 0 bytes, heapauxi.o(.text), UNUSED)

<P><STRONG><a name="[87]"></a>__aeabi_uldivmod</STRONG> (Thumb, 0 bytes, Stack size 48 bytes, lludivv7m.o(.text), UNUSED)
<BR><BR>[Called By]<UL><LI><a href="#[86]">&gt;&gt;</a>&nbsp;&nbsp;&nbsp;_ll_sdiv
</UL>

<P><STRONG><a name="[2ab]"></a>_ll_udiv</STRONG> (Thumb, 238 bytes, Stack size 48 bytes, lludivv7m.o(.text), UNUSED)

<P><STRONG><a name="[7c]"></a>__user_setup_stackheap</STRONG> (Thumb, 74 bytes, Stack size 8 bytes, sys_stackheap_outer.o(.text))
<BR><BR>[Stack]<UL><LI>Max Depth = 8 + Unknown Stack Size
<LI>Call Chain = __user_setup_stackheap
</UL>
<BR>[Calls]<UL><LI><a href="#[8b]">&gt;&gt;</a>&nbsp;&nbsp;&nbsp;__user_initial_stackheap
<LI><a href="#[8a]">&gt;&gt;</a>&nbsp;&nbsp;&nbsp;__user_perproc_libspace
</UL>
<BR>[Called By]<UL><LI><a href="#[7b]">&gt;&gt;</a>&nbsp;&nbsp;&nbsp;__rt_entry_sh
</UL>

<P><STRONG><a name="[81]"></a>exit</STRONG> (Thumb, 18 bytes, Stack size 8 bytes, exit.o(.text))
<BR><BR>[Stack]<UL><LI>Max Depth = 8 + Unknown Stack Size
<LI>Call Chain = exit
</UL>
<BR>[Calls]<UL><LI><a href="#[8c]">&gt;&gt;</a>&nbsp;&nbsp;&nbsp;__rt_exit
</UL>
<BR>[Called By]<UL><LI><a href="#[7f]">&gt;&gt;</a>&nbsp;&nbsp;&nbsp;__rt_entry_main
</UL>

<P><STRONG><a name="[2ac]"></a>__user_libspace</STRONG> (Thumb, 8 bytes, Stack size 0 bytes, libspace.o(.text), UNUSED)

<P><STRONG><a name="[8a]"></a>__user_perproc_libspace</STRONG> (Thumb, 0 bytes, Stack size 0 bytes, libspace.o(.text))
<BR><BR>[Called By]<UL><LI><a href="#[7c]">&gt;&gt;</a>&nbsp;&nbsp;&nbsp;__user_setup_stackheap
</UL>

<P><STRONG><a name="[2ad]"></a>__user_perthread_libspace</STRONG> (Thumb, 0 bytes, Stack size 0 bytes, libspace.o(.text), UNUSED)

<P><STRONG><a name="[85]"></a>_sys_exit</STRONG> (Thumb, 8 bytes, Stack size 0 bytes, sys_exit.o(.text))
<BR><BR>[Called By]<UL><LI><a href="#[84]">&gt;&gt;</a>&nbsp;&nbsp;&nbsp;__rt_exit_exit
</UL>

<P><STRONG><a name="[2ae]"></a>__I$use$semihosting</STRONG> (Thumb, 0 bytes, Stack size 0 bytes, use_no_semi.o(.text), UNUSED)

<P><STRONG><a name="[2af]"></a>__use_no_semihosting_swi</STRONG> (Thumb, 2 bytes, Stack size 0 bytes, use_no_semi.o(.text), UNUSED)

<P><STRONG><a name="[2b0]"></a>__semihosting_library_function</STRONG> (Thumb, 0 bytes, Stack size unknown bytes, indicate_semi.o(.text), UNUSED)

<P><STRONG><a name="[c4]"></a>_IQ10div</STRONG> (Thumb, 0 bytes, Stack size unknown bytes, IQNdiv.o(_IQ10div))
<BR><BR>[Called By]<UL><LI><a href="#[e7]">&gt;&gt;</a>&nbsp;&nbsp;&nbsp;Run_pattern
<LI><a href="#[bf]">&gt;&gt;</a>&nbsp;&nbsp;&nbsp;CalculateCurve_pattern1
</UL>

<P><STRONG><a name="[c0]"></a>_IQ10mpy</STRONG> (Thumb, 0 bytes, Stack size unknown bytes, IQNmpy.o(_IQ10mpy))
<BR><BR>[Called By]<UL><LI><a href="#[e7]">&gt;&gt;</a>&nbsp;&nbsp;&nbsp;Run_pattern
<LI><a href="#[c5]">&gt;&gt;</a>&nbsp;&nbsp;&nbsp;ExtractionCurve
<LI><a href="#[bf]">&gt;&gt;</a>&nbsp;&nbsp;&nbsp;CalculateCurve_pattern1
<LI><a href="#[be]">&gt;&gt;</a>&nbsp;&nbsp;&nbsp;CalculateCurve1
</UL>

<P><STRONG><a name="[c3]"></a>_IQ10sqrt</STRONG> (Thumb, 0 bytes, Stack size unknown bytes, IQNsqrt.o(_IQ10sqrt))
<BR><BR>[Called By]<UL><LI><a href="#[e7]">&gt;&gt;</a>&nbsp;&nbsp;&nbsp;Run_pattern
<LI><a href="#[bf]">&gt;&gt;</a>&nbsp;&nbsp;&nbsp;CalculateCurve_pattern1
</UL>

<P><STRONG><a name="[c1]"></a>_IQ20div</STRONG> (Thumb, 0 bytes, Stack size unknown bytes, IQNdiv.o(_IQ20div))
<BR><BR>[Called By]<UL><LI><a href="#[c5]">&gt;&gt;</a>&nbsp;&nbsp;&nbsp;ExtractionCurve
<LI><a href="#[e6]">&gt;&gt;</a>&nbsp;&nbsp;&nbsp;Run_step
<LI><a href="#[be]">&gt;&gt;</a>&nbsp;&nbsp;&nbsp;CalculateCurve1
</UL>

<P><STRONG><a name="[c2]"></a>_IQ20mpy</STRONG> (Thumb, 0 bytes, Stack size unknown bytes, IQNmpy.o(_IQ20mpy))
<BR><BR>[Called By]<UL><LI><a href="#[be]">&gt;&gt;</a>&nbsp;&nbsp;&nbsp;CalculateCurve1
</UL>

<P><STRONG><a name="[1ee]"></a>BackData_version</STRONG> (Thumb, 14 bytes, Stack size 0 bytes, app_spi.o(i.BackData_version))
<BR><BR>[Called By]<UL><LI><a href="#[1ed]">&gt;&gt;</a>&nbsp;&nbsp;&nbsp;g_SpiMode_CmdTip
</UL>

<P><STRONG><a name="[8d]"></a>CAN_NODE_Init</STRONG> (Thumb, 216 bytes, Stack size 24 bytes, can_node.o(i.CAN_NODE_Init))
<BR><BR>[Stack]<UL><LI>Max Depth = 112<LI>Call Chain = CAN_NODE_Init &rArr; GLOBAL_CAN_Init &rArr; XMC_CAN_Init &rArr; XMC_CAN_Enable &rArr; XMC_SCU_RESET_DeassertPeripheralReset
</UL>
<BR>[Calls]<UL><LI><a href="#[90]">&gt;&gt;</a>&nbsp;&nbsp;&nbsp;XMC_GPIO_Init
<LI><a href="#[8f]">&gt;&gt;</a>&nbsp;&nbsp;&nbsp;XMC_CAN_NODE_NominalBitTimeConfigure
<LI><a href="#[92]">&gt;&gt;</a>&nbsp;&nbsp;&nbsp;XMC_CAN_AllocateMOtoNodeList
<LI><a href="#[8e]">&gt;&gt;</a>&nbsp;&nbsp;&nbsp;GLOBAL_CAN_Init
<LI><a href="#[93]">&gt;&gt;</a>&nbsp;&nbsp;&nbsp;CAN_NODE_MO_Init
<LI><a href="#[91]">&gt;&gt;</a>&nbsp;&nbsp;&nbsp;CAN_NODE_SetNodeEvents
</UL>
<BR>[Called By]<UL><LI><a href="#[121]">&gt;&gt;</a>&nbsp;&nbsp;&nbsp;app_Can_Init
</UL>

<P><STRONG><a name="[93]"></a>CAN_NODE_MO_Init</STRONG> (Thumb, 76 bytes, Stack size 8 bytes, can_node.o(i.CAN_NODE_MO_Init))
<BR><BR>[Stack]<UL><LI>Max Depth = 28<LI>Call Chain = CAN_NODE_MO_Init &rArr; XMC_CAN_MO_Config
</UL>
<BR>[Calls]<UL><LI><a href="#[94]">&gt;&gt;</a>&nbsp;&nbsp;&nbsp;XMC_CAN_MO_Config
<LI><a href="#[95]">&gt;&gt;</a>&nbsp;&nbsp;&nbsp;XMC_CAN_MO_SetEventNodePointer
<LI><a href="#[96]">&gt;&gt;</a>&nbsp;&nbsp;&nbsp;XMC_CAN_MO_EnableEvent
</UL>
<BR>[Called By]<UL><LI><a href="#[8d]">&gt;&gt;</a>&nbsp;&nbsp;&nbsp;CAN_NODE_Init
</UL>

<P><STRONG><a name="[37]"></a>CCU40_2_IRQHandler</STRONG> (Thumb, 368 bytes, Stack size 8 bytes, mc_pmsm.o(i.CCU40_2_IRQHandler))
<BR><BR>[Stack]<UL><LI>Max Depth = 32<LI>Call Chain = CCU40_2_IRQHandler &rArr; motor1_control &rArr; cal_pid_p_stopn
</UL>
<BR>[Calls]<UL><LI><a href="#[9a]">&gt;&gt;</a>&nbsp;&nbsp;&nbsp;motor1_control
<LI><a href="#[9b]">&gt;&gt;</a>&nbsp;&nbsp;&nbsp;XMC_GPIO_GetInput
<LI><a href="#[9c]">&gt;&gt;</a>&nbsp;&nbsp;&nbsp;Stop_Pwm
</UL>
<BR>[Address Reference Count : 1]<UL><LI> startup_xmc4402.o(RESET)
</UL>
<P><STRONG><a name="[43]"></a>CCU43_2_IRQHandler</STRONG> (Thumb, 70 bytes, Stack size 8 bytes, watch.o(i.CCU43_2_IRQHandler))
<BR><BR>[Stack]<UL><LI>Max Depth = 312 + Unknown Stack Size
<LI>Call Chain = CCU43_2_IRQHandler &rArr; function_1ms_hook &rArr; set_tension_value &rArr; io_set_logic_output &rArr; io_set_physical_output &rArr; dsp1_output_control &rArr; send_dsp_command &rArr; spi_read_wirte_lowlevel &rArr; SimulateSpiCmd &rArr; spi_fifo_recISR &rArr; g_SpiMode_CmdTip &rArr; Run_quick &rArr; GetCurve &rArr; __aeabi_memcpy4
</UL>
<BR>[Calls]<UL><LI><a href="#[9e]">&gt;&gt;</a>&nbsp;&nbsp;&nbsp;function_1ms_hook
<LI><a href="#[9d]">&gt;&gt;</a>&nbsp;&nbsp;&nbsp;Sys_Watch
</UL>
<BR>[Address Reference Count : 1]<UL><LI> startup_xmc4402.o(RESET)
</UL>
<P><STRONG><a name="[9f]"></a>CCU4_Config_Init</STRONG> (Thumb, 582 bytes, Stack size 8 bytes, bsp_ccu4.o(i.CCU4_Config_Init))
<BR><BR>[Stack]<UL><LI>Max Depth = 48<LI>Call Chain = CCU4_Config_Init &rArr; XMC_CCU4_Init &rArr; XMC_CCU4_EnableModule &rArr; XMC_SCU_RESET_DeassertPeripheralReset
</UL>
<BR>[Calls]<UL><LI><a href="#[a2]">&gt;&gt;</a>&nbsp;&nbsp;&nbsp;XMC_CCU4_SetModuleClock
<LI><a href="#[a5]">&gt;&gt;</a>&nbsp;&nbsp;&nbsp;XMC_CCU4_SLICE_SetTimerCountingMode
<LI><a href="#[a7]">&gt;&gt;</a>&nbsp;&nbsp;&nbsp;XMC_CCU4_SLICE_SetInterruptNode
<LI><a href="#[a3]">&gt;&gt;</a>&nbsp;&nbsp;&nbsp;XMC_CCU4_SLICE_CompareInit
<LI><a href="#[a0]">&gt;&gt;</a>&nbsp;&nbsp;&nbsp;XMC_CCU4_Init
<LI><a href="#[ab]">&gt;&gt;</a>&nbsp;&nbsp;&nbsp;XMC_CCU4_SLICE_DirectionConfig
<LI><a href="#[aa]">&gt;&gt;</a>&nbsp;&nbsp;&nbsp;XMC_CCU4_SLICE_CountConfig
<LI><a href="#[ae]">&gt;&gt;</a>&nbsp;&nbsp;&nbsp;XMC_CCU4_SLICE_ConfigureEvent
<LI><a href="#[a9]">&gt;&gt;</a>&nbsp;&nbsp;&nbsp;XMC_CCU4_SLICE_CaptureInit
<LI><a href="#[ad]">&gt;&gt;</a>&nbsp;&nbsp;&nbsp;XMC_CCU4_SLICE_Capture1Config
<LI><a href="#[ac]">&gt;&gt;</a>&nbsp;&nbsp;&nbsp;XMC_CCU4_SLICE_Capture0Config
<LI><a href="#[a1]">&gt;&gt;</a>&nbsp;&nbsp;&nbsp;XMC_CCU4_StartPrescaler
<LI><a href="#[a4]">&gt;&gt;</a>&nbsp;&nbsp;&nbsp;XMC_CCU4_SLICE_SetTimerPeriodMatch
<LI><a href="#[af]">&gt;&gt;</a>&nbsp;&nbsp;&nbsp;XMC_CCU4_SLICE_SetTimerCompareMatch
<LI><a href="#[a6]">&gt;&gt;</a>&nbsp;&nbsp;&nbsp;XMC_CCU4_EnableShadowTransfer
<LI><a href="#[a8]">&gt;&gt;</a>&nbsp;&nbsp;&nbsp;XMC_CCU4_EnableClock
</UL>
<BR>[Called By]<UL><LI><a href="#[d7]">&gt;&gt;</a>&nbsp;&nbsp;&nbsp;Posif_Config_Init
</UL>

<P><STRONG><a name="[b0]"></a>CCU80_CC80_Config_Init</STRONG> (Thumb, 666 bytes, Stack size 8 bytes, bsp_svpwm.o(i.CCU80_CC80_Config_Init))
<BR><BR>[Stack]<UL><LI>Max Depth = 48<LI>Call Chain = CCU80_CC80_Config_Init &rArr; XMC_CCU8_Init &rArr; XMC_CCU8_EnableModule &rArr; XMC_SCU_RESET_DeassertPeripheralReset
</UL>
<BR>[Calls]<UL><LI><a href="#[90]">&gt;&gt;</a>&nbsp;&nbsp;&nbsp;XMC_GPIO_Init
<LI><a href="#[b3]">&gt;&gt;</a>&nbsp;&nbsp;&nbsp;XMC_CCU8_SetModuleClock
<LI><a href="#[ba]">&gt;&gt;</a>&nbsp;&nbsp;&nbsp;XMC_CCU8_SLICE_StartConfig
<LI><a href="#[b5]">&gt;&gt;</a>&nbsp;&nbsp;&nbsp;XMC_CCU8_SLICE_SetTimerPeriodMatch
<LI><a href="#[b6]">&gt;&gt;</a>&nbsp;&nbsp;&nbsp;XMC_CCU8_SLICE_SetTimerCompareMatch
<LI><a href="#[bb]">&gt;&gt;</a>&nbsp;&nbsp;&nbsp;XMC_CCU8_SLICE_SetInterruptNode
<LI><a href="#[bc]">&gt;&gt;</a>&nbsp;&nbsp;&nbsp;XMC_CCU8_SLICE_DeadTimeInit
<LI><a href="#[b9]">&gt;&gt;</a>&nbsp;&nbsp;&nbsp;XMC_CCU8_SLICE_ConfigureEvent
<LI><a href="#[b4]">&gt;&gt;</a>&nbsp;&nbsp;&nbsp;XMC_CCU8_SLICE_CompareInit
<LI><a href="#[b1]">&gt;&gt;</a>&nbsp;&nbsp;&nbsp;XMC_CCU8_Init
<LI><a href="#[b2]">&gt;&gt;</a>&nbsp;&nbsp;&nbsp;XMC_CCU8_StartPrescaler
<LI><a href="#[b7]">&gt;&gt;</a>&nbsp;&nbsp;&nbsp;XMC_CCU8_SLICE_SetShadowTransferMode
<LI><a href="#[b8]">&gt;&gt;</a>&nbsp;&nbsp;&nbsp;XMC_CCU8_EnableShadowTransfer
<LI><a href="#[bd]">&gt;&gt;</a>&nbsp;&nbsp;&nbsp;XMC_CCU8_EnableClock
</UL>
<BR>[Called By]<UL><LI><a href="#[d6]">&gt;&gt;</a>&nbsp;&nbsp;&nbsp;Pmsm1Initial
</UL>

<P><STRONG><a name="[be]"></a>CalculateCurve1</STRONG> (Thumb, 708 bytes, Stack size 16 bytes, mc_curve.o(i.CalculateCurve1))
<BR><BR>[Stack]<UL><LI>Max Depth = 48 + Unknown Stack Size
<LI>Call Chain = CalculateCurve1 &rArr; CalculateCurve_pattern1
</UL>
<BR>[Calls]<UL><LI><a href="#[c1]">&gt;&gt;</a>&nbsp;&nbsp;&nbsp;_IQ20div
<LI><a href="#[c0]">&gt;&gt;</a>&nbsp;&nbsp;&nbsp;_IQ10mpy
<LI><a href="#[c2]">&gt;&gt;</a>&nbsp;&nbsp;&nbsp;_IQ20mpy
<LI><a href="#[bf]">&gt;&gt;</a>&nbsp;&nbsp;&nbsp;CalculateCurve_pattern1
</UL>
<BR>[Called By]<UL><LI><a href="#[10b]">&gt;&gt;</a>&nbsp;&nbsp;&nbsp;Stp_StaMach
</UL>

<P><STRONG><a name="[bf]"></a>CalculateCurve_pattern1</STRONG> (Thumb, 328 bytes, Stack size 32 bytes, mc_curve.o(i.CalculateCurve_pattern1))
<BR><BR>[Stack]<UL><LI>Max Depth = 32 + Unknown Stack Size
<LI>Call Chain = CalculateCurve_pattern1
</UL>
<BR>[Calls]<UL><LI><a href="#[c0]">&gt;&gt;</a>&nbsp;&nbsp;&nbsp;_IQ10mpy
<LI><a href="#[c3]">&gt;&gt;</a>&nbsp;&nbsp;&nbsp;_IQ10sqrt
<LI><a href="#[c4]">&gt;&gt;</a>&nbsp;&nbsp;&nbsp;_IQ10div
</UL>
<BR>[Called By]<UL><LI><a href="#[be]">&gt;&gt;</a>&nbsp;&nbsp;&nbsp;CalculateCurve1
</UL>

<P><STRONG><a name="[1a2]"></a>ChangeX</STRONG> (Thumb, 32 bytes, Stack size 8 bytes, action.o(i.ChangeX))
<BR><BR>[Stack]<UL><LI>Max Depth = 8<LI>Call Chain = ChangeX
</UL>
<BR>[Called By]<UL><LI><a href="#[226]">&gt;&gt;</a>&nbsp;&nbsp;&nbsp;preedit_status
<LI><a href="#[1f2]">&gt;&gt;</a>&nbsp;&nbsp;&nbsp;process_data
<LI><a href="#[1c6]">&gt;&gt;</a>&nbsp;&nbsp;&nbsp;conprocess_data
<LI><a href="#[1a1]">&gt;&gt;</a>&nbsp;&nbsp;&nbsp;check_data
</UL>

<P><STRONG><a name="[1a3]"></a>ChangeY</STRONG> (Thumb, 34 bytes, Stack size 8 bytes, action.o(i.ChangeY))
<BR><BR>[Stack]<UL><LI>Max Depth = 8<LI>Call Chain = ChangeY
</UL>
<BR>[Called By]<UL><LI><a href="#[226]">&gt;&gt;</a>&nbsp;&nbsp;&nbsp;preedit_status
<LI><a href="#[1f2]">&gt;&gt;</a>&nbsp;&nbsp;&nbsp;process_data
<LI><a href="#[1c6]">&gt;&gt;</a>&nbsp;&nbsp;&nbsp;conprocess_data
<LI><a href="#[1a1]">&gt;&gt;</a>&nbsp;&nbsp;&nbsp;check_data
</UL>

<P><STRONG><a name="[e]"></a>ERU0_0_IRQHandler</STRONG> (Thumb, 112 bytes, Stack size 8 bytes, mc_pmsm.o(i.ERU0_0_IRQHandler))
<BR><BR>[Stack]<UL><LI>Max Depth = 8<LI>Call Chain = ERU0_0_IRQHandler
</UL>
<BR>[Address Reference Count : 1]<UL><LI> startup_xmc4402.o(RESET)
</UL>
<P><STRONG><a name="[12f]"></a>Encoder_Capt</STRONG> (Thumb, 178 bytes, Stack size 0 bytes, app_stepposif.o(i.Encoder_Capt))
<BR><BR>[Called By]<UL><LI><a href="#[1b]">&gt;&gt;</a>&nbsp;&nbsp;&nbsp;VADC0_G0_0_IRQHandler
</UL>

<P><STRONG><a name="[c5]"></a>ExtractionCurve</STRONG> (Thumb, 102 bytes, Stack size 24 bytes, app_spi.o(i.ExtractionCurve))
<BR><BR>[Stack]<UL><LI>Max Depth = 24 + Unknown Stack Size
<LI>Call Chain = ExtractionCurve
</UL>
<BR>[Calls]<UL><LI><a href="#[c1]">&gt;&gt;</a>&nbsp;&nbsp;&nbsp;_IQ20div
<LI><a href="#[c0]">&gt;&gt;</a>&nbsp;&nbsp;&nbsp;_IQ10mpy
<LI><a href="#[c6]">&gt;&gt;</a>&nbsp;&nbsp;&nbsp;StepLoop_Init_reload
</UL>
<BR>[Called By]<UL><LI><a href="#[e8]">&gt;&gt;</a>&nbsp;&nbsp;&nbsp;Run_quick
<LI><a href="#[e5]">&gt;&gt;</a>&nbsp;&nbsp;&nbsp;Run_move
</UL>

<P><STRONG><a name="[c7]"></a>Find_InitPos</STRONG> (Thumb, 252 bytes, Stack size 16 bytes, mc_config.o(i.Find_InitPos))
<BR><BR>[Stack]<UL><LI>Max Depth = 56<LI>Call Chain = Find_InitPos &rArr; StepM_CurCtrl
</UL>
<BR>[Calls]<UL><LI><a href="#[cb]">&gt;&gt;</a>&nbsp;&nbsp;&nbsp;Stop_StepPwm
<LI><a href="#[c9]">&gt;&gt;</a>&nbsp;&nbsp;&nbsp;StepPwm_Update
<LI><a href="#[ca]">&gt;&gt;</a>&nbsp;&nbsp;&nbsp;Start_StepPwm
<LI><a href="#[c8]">&gt;&gt;</a>&nbsp;&nbsp;&nbsp;StepM_CurCtrl
<LI><a href="#[c6]">&gt;&gt;</a>&nbsp;&nbsp;&nbsp;StepLoop_Init_reload
</UL>
<BR>[Called By]<UL><LI><a href="#[10a]">&gt;&gt;</a>&nbsp;&nbsp;&nbsp;StepContrl
</UL>

<P><STRONG><a name="[116]"></a>Find_StartPoint</STRONG> (Thumb, 344 bytes, Stack size 12 bytes, mc_config.o(i.Find_StartPoint))
<BR><BR>[Stack]<UL><LI>Max Depth = 12<LI>Call Chain = Find_StartPoint
</UL>
<BR>[Called By]<UL><LI><a href="#[10b]">&gt;&gt;</a>&nbsp;&nbsp;&nbsp;Stp_StaMach
</UL>

<P><STRONG><a name="[107]"></a>ForFunc</STRONG> (Thumb, 92 bytes, Stack size 0 bytes, motor_drive.o(i.ForFunc))
<BR><BR>[Called By]<UL><LI><a href="#[106]">&gt;&gt;</a>&nbsp;&nbsp;&nbsp;SimulateSpiCmd
</UL>

<P><STRONG><a name="[8e]"></a>GLOBAL_CAN_Init</STRONG> (Thumb, 30 bytes, Stack size 16 bytes, global_can.o(i.GLOBAL_CAN_Init))
<BR><BR>[Stack]<UL><LI>Max Depth = 88<LI>Call Chain = GLOBAL_CAN_Init &rArr; XMC_CAN_Init &rArr; XMC_CAN_Enable &rArr; XMC_SCU_RESET_DeassertPeripheralReset
</UL>
<BR>[Calls]<UL><LI><a href="#[cc]">&gt;&gt;</a>&nbsp;&nbsp;&nbsp;XMC_CAN_Init
</UL>
<BR>[Called By]<UL><LI><a href="#[8d]">&gt;&gt;</a>&nbsp;&nbsp;&nbsp;CAN_NODE_Init
</UL>

<P><STRONG><a name="[6b]"></a>GPDMA0_0_IRQHandler</STRONG> (Thumb, 10 bytes, Stack size 8 bytes, bsp_spiflash.o(i.GPDMA0_0_IRQHandler))
<BR><BR>[Stack]<UL><LI>Max Depth = 56<LI>Call Chain = GPDMA0_0_IRQHandler &rArr; XMC_DMA_IRQHandler &rArr; XMC_DMA_CH_ClearEventStatus
</UL>
<BR>[Calls]<UL><LI><a href="#[cd]">&gt;&gt;</a>&nbsp;&nbsp;&nbsp;XMC_DMA_IRQHandler
</UL>
<BR>[Address Reference Count : 1]<UL><LI> startup_xmc4402.o(RESET)
</UL>
<P><STRONG><a name="[ce]"></a>GetCurve</STRONG> (Thumb, 232 bytes, Stack size 88 bytes, app_spi.o(i.GetCurve))
<BR><BR>[Stack]<UL><LI>Max Depth = 96<LI>Call Chain = GetCurve &rArr; __aeabi_memcpy4
</UL>
<BR>[Calls]<UL><LI><a href="#[89]">&gt;&gt;</a>&nbsp;&nbsp;&nbsp;__aeabi_memcpy4
<LI><a href="#[cf]">&gt;&gt;</a>&nbsp;&nbsp;&nbsp;__aeabi_ldivmod
</UL>
<BR>[Called By]<UL><LI><a href="#[e8]">&gt;&gt;</a>&nbsp;&nbsp;&nbsp;Run_quick
<LI><a href="#[e5]">&gt;&gt;</a>&nbsp;&nbsp;&nbsp;Run_move
</UL>

<P><STRONG><a name="[d1]"></a>GetPmsm1Angle</STRONG> (Thumb, 8 bytes, Stack size 0 bytes, mc_pmsm.o(i.GetPmsm1Angle))
<BR><BR>[Called By]<UL><LI><a href="#[243]">&gt;&gt;</a>&nbsp;&nbsp;&nbsp;protocol
<LI><a href="#[d0]">&gt;&gt;</a>&nbsp;&nbsp;&nbsp;GetPmsm1Angle_Adjust
</UL>

<P><STRONG><a name="[d0]"></a>GetPmsm1Angle_Adjust</STRONG> (Thumb, 44 bytes, Stack size 8 bytes, action.o(i.GetPmsm1Angle_Adjust))
<BR><BR>[Stack]<UL><LI>Max Depth = 8<LI>Call Chain = GetPmsm1Angle_Adjust
</UL>
<BR>[Calls]<UL><LI><a href="#[d1]">&gt;&gt;</a>&nbsp;&nbsp;&nbsp;GetPmsm1Angle
</UL>
<BR>[Called By]<UL><LI><a href="#[221]">&gt;&gt;</a>&nbsp;&nbsp;&nbsp;run_status
<LI><a href="#[220]">&gt;&gt;</a>&nbsp;&nbsp;&nbsp;ready_status
<LI><a href="#[222]">&gt;&gt;</a>&nbsp;&nbsp;&nbsp;prewind_status
<LI><a href="#[226]">&gt;&gt;</a>&nbsp;&nbsp;&nbsp;preedit_status
<LI><a href="#[1a4]">&gt;&gt;</a>&nbsp;&nbsp;&nbsp;checki04_status
<LI><a href="#[72]">&gt;&gt;</a>&nbsp;&nbsp;&nbsp;Us100_Int_Hook
<LI><a href="#[243]">&gt;&gt;</a>&nbsp;&nbsp;&nbsp;protocol
<LI><a href="#[25f]">&gt;&gt;</a>&nbsp;&nbsp;&nbsp;zoom_in_one_stitch
<LI><a href="#[23c]">&gt;&gt;</a>&nbsp;&nbsp;&nbsp;trim_action
<LI><a href="#[261]">&gt;&gt;</a>&nbsp;&nbsp;&nbsp;tail_sewing
<LI><a href="#[104]">&gt;&gt;</a>&nbsp;&nbsp;&nbsp;special_sewing
<LI><a href="#[241]">&gt;&gt;</a>&nbsp;&nbsp;&nbsp;single_move_func
<LI><a href="#[23b]">&gt;&gt;</a>&nbsp;&nbsp;&nbsp;pause_stop
<LI><a href="#[235]">&gt;&gt;</a>&nbsp;&nbsp;&nbsp;move_xy
<LI><a href="#[1bd]">&gt;&gt;</a>&nbsp;&nbsp;&nbsp;find_dead_center
<LI><a href="#[1bc]">&gt;&gt;</a>&nbsp;&nbsp;&nbsp;detect_position
<LI><a href="#[102]">&gt;&gt;</a>&nbsp;&nbsp;&nbsp;SewingReverse
</UL>

<P><STRONG><a name="[1e4]"></a>GetPmsm1SpeedRef</STRONG> (Thumb, 8 bytes, Stack size 0 bytes, mc_pmsm.o(i.GetPmsm1SpeedRef))
<BR><BR>[Called By]<UL><LI><a href="#[220]">&gt;&gt;</a>&nbsp;&nbsp;&nbsp;ready_status
<LI><a href="#[243]">&gt;&gt;</a>&nbsp;&nbsp;&nbsp;protocol
<LI><a href="#[1bf]">&gt;&gt;</a>&nbsp;&nbsp;&nbsp;needle_down
<LI><a href="#[21a]">&gt;&gt;</a>&nbsp;&nbsp;&nbsp;keep_running_for_dead_center
<LI><a href="#[1bd]">&gt;&gt;</a>&nbsp;&nbsp;&nbsp;find_dead_center
</UL>

<P><STRONG><a name="[21f]"></a>GetPmsm1Version</STRONG> (Thumb, 4 bytes, Stack size 0 bytes, mc_pmsm.o(i.GetPmsm1Version))
<BR><BR>[Called By]<UL><LI><a href="#[80]">&gt;&gt;</a>&nbsp;&nbsp;&nbsp;main
</UL>

<P><STRONG><a name="[1d4]"></a>Install_MC_Int_Fun</STRONG> (Thumb, 26 bytes, Stack size 8 bytes, mc_pmsm.o(i.Install_MC_Int_Fun))
<BR><BR>[Stack]<UL><LI>Max Depth = 8<LI>Call Chain = Install_MC_Int_Fun
</UL>
<BR>[Called By]<UL><LI><a href="#[1d3]">&gt;&gt;</a>&nbsp;&nbsp;&nbsp;debug_mode_init
</UL>

<P><STRONG><a name="[d3]"></a>Judge_Quadrant</STRONG> (Thumb, 30 bytes, Stack size 0 bytes, action.o(i.Judge_Quadrant))
<BR><BR>[Called By]<UL><LI><a href="#[d2]">&gt;&gt;</a>&nbsp;&nbsp;&nbsp;PBP_Line
</UL>

<P><STRONG><a name="[11c]"></a>OSCHP_GetFrequency</STRONG> (Thumb, 4 bytes, Stack size 0 bytes, system_xmc4400.o(i.OSCHP_GetFrequency))
<BR><BR>[Called By]<UL><LI><a href="#[11d]">&gt;&gt;</a>&nbsp;&nbsp;&nbsp;SystemCoreClockUpdate
<LI><a href="#[11a]">&gt;&gt;</a>&nbsp;&nbsp;&nbsp;SystemCoreClockSetup
<LI><a href="#[163]">&gt;&gt;</a>&nbsp;&nbsp;&nbsp;XMC_SCU_CLOCK_StartSystemPll
<LI><a href="#[155]">&gt;&gt;</a>&nbsp;&nbsp;&nbsp;XMC_SCU_CLOCK_EnableHighPerformanceOscillator
</UL>

<P><STRONG><a name="[d2]"></a>PBP_Line</STRONG> (Thumb, 218 bytes, Stack size 32 bytes, action.o(i.PBP_Line))
<BR><BR>[Stack]<UL><LI>Max Depth = 448 + Unknown Stack Size
<LI>Call Chain = PBP_Line &rArr; add_one_action &rArr; rec_com &rArr; protocol &rArr; single_next &rArr; process_making_pen_signal &rArr;  rec_com (Cycle)
</UL>
<BR>[Calls]<UL><LI><a href="#[d4]">&gt;&gt;</a>&nbsp;&nbsp;&nbsp;add_one_action
<LI><a href="#[d3]">&gt;&gt;</a>&nbsp;&nbsp;&nbsp;Judge_Quadrant
</UL>
<BR>[Called By]<UL><LI><a href="#[221]">&gt;&gt;</a>&nbsp;&nbsp;&nbsp;run_status
</UL>

<P><STRONG><a name="[22c]"></a>Pid_calc</STRONG> (Thumb, 174 bytes, Stack size 0 bytes, mc_pmsm.o(i.Pid_calc))
<BR><BR>[Called By]<UL><LI><a href="#[9a]">&gt;&gt;</a>&nbsp;&nbsp;&nbsp;motor1_control
</UL>

<P><STRONG><a name="[103]"></a>Pmsm1Control</STRONG> (Thumb, 120 bytes, Stack size 0 bytes, mc_pmsm.o(i.Pmsm1Control))
<BR><BR>[Called By]<UL><LI><a href="#[221]">&gt;&gt;</a>&nbsp;&nbsp;&nbsp;run_status
<LI><a href="#[220]">&gt;&gt;</a>&nbsp;&nbsp;&nbsp;ready_status
<LI><a href="#[222]">&gt;&gt;</a>&nbsp;&nbsp;&nbsp;prewind_status
<LI><a href="#[1a4]">&gt;&gt;</a>&nbsp;&nbsp;&nbsp;checki04_status
<LI><a href="#[23c]">&gt;&gt;</a>&nbsp;&nbsp;&nbsp;trim_action
<LI><a href="#[104]">&gt;&gt;</a>&nbsp;&nbsp;&nbsp;special_sewing
<LI><a href="#[1e5]">&gt;&gt;</a>&nbsp;&nbsp;&nbsp;set_mainmotor_stop_angle
<LI><a href="#[23b]">&gt;&gt;</a>&nbsp;&nbsp;&nbsp;pause_stop
<LI><a href="#[1bf]">&gt;&gt;</a>&nbsp;&nbsp;&nbsp;needle_down
<LI><a href="#[21a]">&gt;&gt;</a>&nbsp;&nbsp;&nbsp;keep_running_for_dead_center
<LI><a href="#[1bd]">&gt;&gt;</a>&nbsp;&nbsp;&nbsp;find_dead_center
<LI><a href="#[1a1]">&gt;&gt;</a>&nbsp;&nbsp;&nbsp;check_data
<LI><a href="#[102]">&gt;&gt;</a>&nbsp;&nbsp;&nbsp;SewingReverse
</UL>

<P><STRONG><a name="[d5]"></a>Pmsm1FindZero</STRONG> (Thumb, 106 bytes, Stack size 8 bytes, mc_pmsm.o(i.Pmsm1FindZero))
<BR><BR>[Stack]<UL><LI>Max Depth = 8<LI>Call Chain = Pmsm1FindZero
</UL>
<BR>[Calls]<UL><LI><a href="#[9b]">&gt;&gt;</a>&nbsp;&nbsp;&nbsp;XMC_GPIO_GetInput
</UL>
<BR>[Called By]<UL><LI><a href="#[209]">&gt;&gt;</a>&nbsp;&nbsp;&nbsp;initial_mainmotor
<LI><a href="#[131]">&gt;&gt;</a>&nbsp;&nbsp;&nbsp;pmsm1_100us_task
</UL>

<P><STRONG><a name="[d6]"></a>Pmsm1Initial</STRONG> (Thumb, 58 bytes, Stack size 8 bytes, mc_pmsm.o(i.Pmsm1Initial))
<BR><BR>[Stack]<UL><LI>Max Depth = 76<LI>Call Chain = Pmsm1Initial &rArr; VADC_Config_Init &rArr; XMC_VADC_GROUP_Init &rArr; XMC_VADC_GROUP_InputClassInit
</UL>
<BR>[Calls]<UL><LI><a href="#[d8]">&gt;&gt;</a>&nbsp;&nbsp;&nbsp;VADC_Config_Init
<LI><a href="#[da]">&gt;&gt;</a>&nbsp;&nbsp;&nbsp;StepM_Para_init
<LI><a href="#[d7]">&gt;&gt;</a>&nbsp;&nbsp;&nbsp;Posif_Config_Init
<LI><a href="#[b0]">&gt;&gt;</a>&nbsp;&nbsp;&nbsp;CCU80_CC80_Config_Init
<LI><a href="#[d9]">&gt;&gt;</a>&nbsp;&nbsp;&nbsp;XMC_GPIO_SetOutputLow
</UL>
<BR>[Called By]<UL><LI><a href="#[1c1]">&gt;&gt;</a>&nbsp;&nbsp;&nbsp;config_mainmotor
</UL>

<P><STRONG><a name="[1c4]"></a>Pmsm1ParaAddSend</STRONG> (Thumb, 54 bytes, Stack size 16 bytes, mc_pmsm.o(i.Pmsm1ParaAddSend))
<BR><BR>[Stack]<UL><LI>Max Depth = 16<LI>Call Chain = Pmsm1ParaAddSend
</UL>
<BR>[Called By]<UL><LI><a href="#[1c1]">&gt;&gt;</a>&nbsp;&nbsp;&nbsp;config_mainmotor
</UL>

<P><STRONG><a name="[db]"></a>Pmsm1PowerOnWatch</STRONG> (Thumb, 20 bytes, Stack size 8 bytes, mc_pmsm.o(i.Pmsm1PowerOnWatch))
<BR><BR>[Stack]<UL><LI>Max Depth = 8<LI>Call Chain = Pmsm1PowerOnWatch
</UL>
<BR>[Calls]<UL><LI><a href="#[9b]">&gt;&gt;</a>&nbsp;&nbsp;&nbsp;XMC_GPIO_GetInput
</UL>
<BR>[Called By]<UL><LI><a href="#[1c1]">&gt;&gt;</a>&nbsp;&nbsp;&nbsp;config_mainmotor
</UL>

<P><STRONG><a name="[1eb]"></a>Pmsm1RunningWatch</STRONG> (Thumb, 62 bytes, Stack size 0 bytes, mc_pmsm.o(i.Pmsm1RunningWatch))
<BR><BR>[Called By]<UL><LI><a href="#[9e]">&gt;&gt;</a>&nbsp;&nbsp;&nbsp;function_1ms_hook
</UL>

<P><STRONG><a name="[20a]"></a>Pmsm1TaskCheck</STRONG> (Thumb, 6 bytes, Stack size 0 bytes, mc_pmsm.o(i.Pmsm1TaskCheck))
<BR><BR>[Called By]<UL><LI><a href="#[209]">&gt;&gt;</a>&nbsp;&nbsp;&nbsp;initial_mainmotor
</UL>

<P><STRONG><a name="[1a7]"></a>Pmsm1_Run_State</STRONG> (Thumb, 6 bytes, Stack size 0 bytes, mc_pmsm.o(i.Pmsm1_Run_State))
<BR><BR>[Called By]<UL><LI><a href="#[223]">&gt;&gt;</a>&nbsp;&nbsp;&nbsp;wind_status
<LI><a href="#[221]">&gt;&gt;</a>&nbsp;&nbsp;&nbsp;run_status
<LI><a href="#[220]">&gt;&gt;</a>&nbsp;&nbsp;&nbsp;ready_status
<LI><a href="#[222]">&gt;&gt;</a>&nbsp;&nbsp;&nbsp;prewind_status
<LI><a href="#[1e2]">&gt;&gt;</a>&nbsp;&nbsp;&nbsp;error_status
<LI><a href="#[1a4]">&gt;&gt;</a>&nbsp;&nbsp;&nbsp;checki04_status
<LI><a href="#[25f]">&gt;&gt;</a>&nbsp;&nbsp;&nbsp;zoom_in_one_stitch
<LI><a href="#[23c]">&gt;&gt;</a>&nbsp;&nbsp;&nbsp;trim_action
<LI><a href="#[261]">&gt;&gt;</a>&nbsp;&nbsp;&nbsp;tail_sewing
<LI><a href="#[23b]">&gt;&gt;</a>&nbsp;&nbsp;&nbsp;pause_stop
<LI><a href="#[1bf]">&gt;&gt;</a>&nbsp;&nbsp;&nbsp;needle_down
<LI><a href="#[21a]">&gt;&gt;</a>&nbsp;&nbsp;&nbsp;keep_running_for_dead_center
<LI><a href="#[1bd]">&gt;&gt;</a>&nbsp;&nbsp;&nbsp;find_dead_center
</UL>

<P><STRONG><a name="[d7]"></a>Posif_Config_Init</STRONG> (Thumb, 272 bytes, Stack size 8 bytes, bsp_posif.o(i.Posif_Config_Init))
<BR><BR>[Stack]<UL><LI>Max Depth = 56<LI>Call Chain = Posif_Config_Init &rArr; CCU4_Config_Init &rArr; XMC_CCU4_Init &rArr; XMC_CCU4_EnableModule &rArr; XMC_SCU_RESET_DeassertPeripheralReset
</UL>
<BR>[Calls]<UL><LI><a href="#[90]">&gt;&gt;</a>&nbsp;&nbsp;&nbsp;XMC_GPIO_Init
<LI><a href="#[df]">&gt;&gt;</a>&nbsp;&nbsp;&nbsp;XMC_POSIF_QD_Init
<LI><a href="#[de]">&gt;&gt;</a>&nbsp;&nbsp;&nbsp;XMC_POSIF_Init
<LI><a href="#[dd]">&gt;&gt;</a>&nbsp;&nbsp;&nbsp;XMC_ERU_OGU_Init
<LI><a href="#[dc]">&gt;&gt;</a>&nbsp;&nbsp;&nbsp;XMC_ERU_ETL_Init
<LI><a href="#[9f]">&gt;&gt;</a>&nbsp;&nbsp;&nbsp;CCU4_Config_Init
<LI><a href="#[e0]">&gt;&gt;</a>&nbsp;&nbsp;&nbsp;XMC_CCU4_SLICE_StartTimer
</UL>
<BR>[Called By]<UL><LI><a href="#[d6]">&gt;&gt;</a>&nbsp;&nbsp;&nbsp;Pmsm1Initial
</UL>

<P><STRONG><a name="[115]"></a>Quard_decode_check_false</STRONG> (Thumb, 56 bytes, Stack size 0 bytes, mc_stamach.o(i.Quard_decode_check_false))
<BR><BR>[Called By]<UL><LI><a href="#[10b]">&gt;&gt;</a>&nbsp;&nbsp;&nbsp;Stp_StaMach
</UL>

<P><STRONG><a name="[e1]"></a>Rs485_ReceiveEn</STRONG> (Thumb, 12 bytes, Stack size 8 bytes, bsp_rs485.o(i.Rs485_ReceiveEn))
<BR><BR>[Stack]<UL><LI>Max Depth = 8<LI>Call Chain = Rs485_ReceiveEn
</UL>
<BR>[Calls]<UL><LI><a href="#[e2]">&gt;&gt;</a>&nbsp;&nbsp;&nbsp;XMC_GPIO_SetOutputLow
</UL>
<BR>[Called By]<UL><LI><a href="#[120]">&gt;&gt;</a>&nbsp;&nbsp;&nbsp;System_Init
<LI><a href="#[5d]">&gt;&gt;</a>&nbsp;&nbsp;&nbsp;USIC0_0_IRQHandler
</UL>

<P><STRONG><a name="[e3]"></a>Rs485_WriteEn</STRONG> (Thumb, 12 bytes, Stack size 8 bytes, bsp_rs485.o(i.Rs485_WriteEn))
<BR><BR>[Stack]<UL><LI>Max Depth = 8<LI>Call Chain = Rs485_WriteEn
</UL>
<BR>[Calls]<UL><LI><a href="#[e4]">&gt;&gt;</a>&nbsp;&nbsp;&nbsp;XMC_GPIO_SetOutputHigh
</UL>
<BR>[Called By]<UL><LI><a href="#[245]">&gt;&gt;</a>&nbsp;&nbsp;&nbsp;tra_com
</UL>

<P><STRONG><a name="[e5]"></a>Run_move</STRONG> (Thumb, 564 bytes, Stack size 56 bytes, mc_driver.o(i.Run_move))
<BR><BR>[Stack]<UL><LI>Max Depth = 152 + Unknown Stack Size
<LI>Call Chain = Run_move &rArr; GetCurve &rArr; __aeabi_memcpy4
</UL>
<BR>[Calls]<UL><LI><a href="#[ce]">&gt;&gt;</a>&nbsp;&nbsp;&nbsp;GetCurve
<LI><a href="#[c5]">&gt;&gt;</a>&nbsp;&nbsp;&nbsp;ExtractionCurve
<LI><a href="#[89]">&gt;&gt;</a>&nbsp;&nbsp;&nbsp;__aeabi_memcpy4
<LI><a href="#[e6]">&gt;&gt;</a>&nbsp;&nbsp;&nbsp;Run_step
</UL>
<BR>[Called By]<UL><LI><a href="#[1ed]">&gt;&gt;</a>&nbsp;&nbsp;&nbsp;g_SpiMode_CmdTip
</UL>

<P><STRONG><a name="[e7]"></a>Run_pattern</STRONG> (Thumb, 264 bytes, Stack size 40 bytes, mc_driver.o(i.Run_pattern))
<BR><BR>[Stack]<UL><LI>Max Depth = 40 + Unknown Stack Size
<LI>Call Chain = Run_pattern
</UL>
<BR>[Calls]<UL><LI><a href="#[c0]">&gt;&gt;</a>&nbsp;&nbsp;&nbsp;_IQ10mpy
<LI><a href="#[c6]">&gt;&gt;</a>&nbsp;&nbsp;&nbsp;StepLoop_Init_reload
<LI><a href="#[c3]">&gt;&gt;</a>&nbsp;&nbsp;&nbsp;_IQ10sqrt
<LI><a href="#[c4]">&gt;&gt;</a>&nbsp;&nbsp;&nbsp;_IQ10div
</UL>
<BR>[Called By]<UL><LI><a href="#[108]">&gt;&gt;</a>&nbsp;&nbsp;&nbsp;spi_fifo_recISR
</UL>

<P><STRONG><a name="[e8]"></a>Run_quick</STRONG> (Thumb, 670 bytes, Stack size 56 bytes, mc_driver.o(i.Run_quick))
<BR><BR>[Stack]<UL><LI>Max Depth = 152 + Unknown Stack Size
<LI>Call Chain = Run_quick &rArr; GetCurve &rArr; __aeabi_memcpy4
</UL>
<BR>[Calls]<UL><LI><a href="#[ce]">&gt;&gt;</a>&nbsp;&nbsp;&nbsp;GetCurve
<LI><a href="#[c5]">&gt;&gt;</a>&nbsp;&nbsp;&nbsp;ExtractionCurve
<LI><a href="#[89]">&gt;&gt;</a>&nbsp;&nbsp;&nbsp;__aeabi_memcpy4
</UL>
<BR>[Called By]<UL><LI><a href="#[1ed]">&gt;&gt;</a>&nbsp;&nbsp;&nbsp;g_SpiMode_CmdTip
</UL>

<P><STRONG><a name="[e6]"></a>Run_step</STRONG> (Thumb, 362 bytes, Stack size 16 bytes, mc_driver.o(i.Run_step))
<BR><BR>[Stack]<UL><LI>Max Depth = 16 + Unknown Stack Size
<LI>Call Chain = Run_step
</UL>
<BR>[Calls]<UL><LI><a href="#[c1]">&gt;&gt;</a>&nbsp;&nbsp;&nbsp;_IQ20div
<LI><a href="#[c6]">&gt;&gt;</a>&nbsp;&nbsp;&nbsp;StepLoop_Init_reload
</UL>
<BR>[Called By]<UL><LI><a href="#[10b]">&gt;&gt;</a>&nbsp;&nbsp;&nbsp;Stp_StaMach
<LI><a href="#[e5]">&gt;&gt;</a>&nbsp;&nbsp;&nbsp;Run_move
</UL>

<P><STRONG><a name="[e9]"></a>SCU_Config_Init</STRONG> (Thumb, 24 bytes, Stack size 8 bytes, bsp_scu.o(i.SCU_Config_Init))
<BR><BR>[Stack]<UL><LI>Max Depth = 96<LI>Call Chain = SCU_Config_Init &rArr; XMC_SCU_CLOCK_Init &rArr; XMC_SCU_CLOCK_StartSystemPll &rArr; XMC_SCU_CLOCK_StepSystemPllFrequency &rArr; XMC_SCU_lDelay &rArr; SystemCoreClockUpdate
</UL>
<BR>[Calls]<UL><LI><a href="#[eb]">&gt;&gt;</a>&nbsp;&nbsp;&nbsp;XMC_SCU_HIB_SetRtcClockSource
<LI><a href="#[ec]">&gt;&gt;</a>&nbsp;&nbsp;&nbsp;XMC_SCU_CLOCK_StartUsbPll
<LI><a href="#[ea]">&gt;&gt;</a>&nbsp;&nbsp;&nbsp;XMC_SCU_CLOCK_Init
</UL>
<BR>[Called By]<UL><LI><a href="#[120]">&gt;&gt;</a>&nbsp;&nbsp;&nbsp;System_Init
</UL>

<P><STRONG><a name="[f3]"></a>SPI_MASTER_Transfer</STRONG> (Thumb, 106 bytes, Stack size 32 bytes, spi_master.o(i.SPI_MASTER_Transfer))
<BR><BR>[Stack]<UL><LI>Max Depth = 64<LI>Call Chain = SPI_MASTER_Transfer &rArr; SPI_MASTER_lReceivePolling &rArr; SPI_MASTER_lStdRBUFFlush
</UL>
<BR>[Calls]<UL><LI><a href="#[f4]">&gt;&gt;</a>&nbsp;&nbsp;&nbsp;SPI_MASTER_lReceivePolling
</UL>
<BR>[Called By]<UL><LI><a href="#[180]">&gt;&gt;</a>&nbsp;&nbsp;&nbsp;bsp_Mster_WR
</UL>

<P><STRONG><a name="[fe]"></a>SVPWM_t_calc</STRONG> (Thumb, 2026 bytes, Stack size 64 bytes, app_svpwm.o(i.SVPWM_t_calc))
<BR><BR>[Stack]<UL><LI>Max Depth = 80<LI>Call Chain = SVPWM_t_calc &rArr; park_calc
</UL>
<BR>[Calls]<UL><LI><a href="#[100]">&gt;&gt;</a>&nbsp;&nbsp;&nbsp;park_calc
<LI><a href="#[101]">&gt;&gt;</a>&nbsp;&nbsp;&nbsp;ipark_calc
<LI><a href="#[ff]">&gt;&gt;</a>&nbsp;&nbsp;&nbsp;clarke_calc
</UL>
<BR>[Called By]<UL><LI><a href="#[118]">&gt;&gt;</a>&nbsp;&nbsp;&nbsp;Svpwm_Update
</UL>

<P><STRONG><a name="[102]"></a>SewingReverse</STRONG> (Thumb, 208 bytes, Stack size 8 bytes, action.o(i.SewingReverse))
<BR><BR>[Stack]<UL><LI>Max Depth = 472 + Unknown Stack Size
<LI>Call Chain = SewingReverse &rArr; special_sewing &rArr; rec_com &rArr; protocol &rArr; single_next &rArr; process_making_pen_signal &rArr;  rec_com (Cycle)
</UL>
<BR>[Calls]<UL><LI><a href="#[105]">&gt;&gt;</a>&nbsp;&nbsp;&nbsp;rec_com
<LI><a href="#[103]">&gt;&gt;</a>&nbsp;&nbsp;&nbsp;Pmsm1Control
<LI><a href="#[104]">&gt;&gt;</a>&nbsp;&nbsp;&nbsp;special_sewing
<LI><a href="#[d0]">&gt;&gt;</a>&nbsp;&nbsp;&nbsp;GetPmsm1Angle_Adjust
</UL>
<BR>[Called By]<UL><LI><a href="#[221]">&gt;&gt;</a>&nbsp;&nbsp;&nbsp;run_status
</UL>

<P><STRONG><a name="[106]"></a>SimulateSpiCmd</STRONG> (Thumb, 102 bytes, Stack size 16 bytes, motor_drive.o(i.SimulateSpiCmd))
<BR><BR>[Stack]<UL><LI>Max Depth = 208 + Unknown Stack Size
<LI>Call Chain = SimulateSpiCmd &rArr; spi_fifo_recISR &rArr; g_SpiMode_CmdTip &rArr; Run_quick &rArr; GetCurve &rArr; __aeabi_memcpy4
</UL>
<BR>[Calls]<UL><LI><a href="#[108]">&gt;&gt;</a>&nbsp;&nbsp;&nbsp;spi_fifo_recISR
<LI><a href="#[107]">&gt;&gt;</a>&nbsp;&nbsp;&nbsp;ForFunc
</UL>
<BR>[Called By]<UL><LI><a href="#[263]">&gt;&gt;</a>&nbsp;&nbsp;&nbsp;spi_read_wirte_lowlevel
</UL>

<P><STRONG><a name="[109]"></a>SingleIo_Init</STRONG> (Thumb, 234 bytes, Stack size 8 bytes, bsp_gpio.o(i.SingleIo_Init))
<BR><BR>[Stack]<UL><LI>Max Depth = 20<LI>Call Chain = SingleIo_Init &rArr; XMC_GPIO_Init
</UL>
<BR>[Calls]<UL><LI><a href="#[90]">&gt;&gt;</a>&nbsp;&nbsp;&nbsp;XMC_GPIO_Init
</UL>
<BR>[Called By]<UL><LI><a href="#[120]">&gt;&gt;</a>&nbsp;&nbsp;&nbsp;System_Init
</UL>

<P><STRONG><a name="[23d]"></a>Start_Pwm</STRONG> (Thumb, 14 bytes, Stack size 0 bytes, app_svpwm.o(i.Start_Pwm))
<BR><BR>[Called By]<UL><LI><a href="#[131]">&gt;&gt;</a>&nbsp;&nbsp;&nbsp;pmsm1_100us_task
</UL>

<P><STRONG><a name="[ca]"></a>Start_StepPwm</STRONG> (Thumb, 14 bytes, Stack size 0 bytes, app_stepwm.o(i.Start_StepPwm))
<BR><BR>[Called By]<UL><LI><a href="#[10a]">&gt;&gt;</a>&nbsp;&nbsp;&nbsp;StepContrl
<LI><a href="#[c7]">&gt;&gt;</a>&nbsp;&nbsp;&nbsp;Find_InitPos
</UL>

<P><STRONG><a name="[10a]"></a>StepContrl</STRONG> (Thumb, 184 bytes, Stack size 8 bytes, mc_step.o(i.StepContrl))
<BR><BR>[Stack]<UL><LI>Max Depth = 136 + Unknown Stack Size
<LI>Call Chain = StepContrl &rArr; Stp_StaMach &rArr; StepLoop_Update_close &rArr; StepM_PosCtrl &rArr; StepM_SpdCtrl &rArr; StepM_CurCtrl
</UL>
<BR>[Calls]<UL><LI><a href="#[10b]">&gt;&gt;</a>&nbsp;&nbsp;&nbsp;Stp_StaMach
<LI><a href="#[cb]">&gt;&gt;</a>&nbsp;&nbsp;&nbsp;Stop_StepPwm
<LI><a href="#[c9]">&gt;&gt;</a>&nbsp;&nbsp;&nbsp;StepPwm_Update
<LI><a href="#[ca]">&gt;&gt;</a>&nbsp;&nbsp;&nbsp;Start_StepPwm
<LI><a href="#[c7]">&gt;&gt;</a>&nbsp;&nbsp;&nbsp;Find_InitPos
<LI><a href="#[c6]">&gt;&gt;</a>&nbsp;&nbsp;&nbsp;StepLoop_Init_reload
</UL>
<BR>[Called By]<UL><LI><a href="#[1b]">&gt;&gt;</a>&nbsp;&nbsp;&nbsp;VADC0_G0_0_IRQHandler
</UL>

<P><STRONG><a name="[117]"></a>StepLoop_Init</STRONG> (Thumb, 94 bytes, Stack size 0 bytes, mc_curve.o(i.StepLoop_Init))
<BR><BR>[Called By]<UL><LI><a href="#[10b]">&gt;&gt;</a>&nbsp;&nbsp;&nbsp;Stp_StaMach
</UL>

[...]
<LI><a href="#[fd]">&gt;&gt;</a>&nbsp;&nbsp;&nbsp;XMC_SPI_CH_ClearStatusFlag
<LI><a href="#[f6]">&gt;&gt;</a>&nbsp;&nbsp;&nbsp;SPI_MASTER_lStdRBUFFlush
<LI><a href="#[f9]">&gt;&gt;</a>&nbsp;&nbsp;&nbsp;XMC_SPI_CH_GetReceivedData
</UL>
<BR>[Called By]<UL><LI><a href="#[f3]">&gt;&gt;</a>&nbsp;&nbsp;&nbsp;SPI_MASTER_Transfer
</UL>

<P><STRONG><a name="[f6]"></a>SPI_MASTER_lStdRBUFFlush</STRONG> (Thumb, 18 bytes, Stack size 8 bytes, spi_master.o(i.SPI_MASTER_lStdRBUFFlush))
<BR><BR>[Stack]<UL><LI>Max Depth = 8<LI>Call Chain = SPI_MASTER_lStdRBUFFlush
</UL>
<BR>[Calls]<UL><LI><a href="#[f9]">&gt;&gt;</a>&nbsp;&nbsp;&nbsp;XMC_SPI_CH_GetReceivedData
</UL>
<BR>[Called By]<UL><LI><a href="#[f4]">&gt;&gt;</a>&nbsp;&nbsp;&nbsp;SPI_MASTER_lReceivePolling
</UL>

<P><STRONG><a name="[fd]"></a>XMC_SPI_CH_ClearStatusFlag</STRONG> (Thumb, 8 bytes, Stack size 0 bytes, spi_master.o(i.XMC_SPI_CH_ClearStatusFlag))
<BR><BR>[Called By]<UL><LI><a href="#[f4]">&gt;&gt;</a>&nbsp;&nbsp;&nbsp;SPI_MASTER_lReceivePolling
</UL>

<P><STRONG><a name="[f5]"></a>XMC_SPI_CH_SetTransmitMode</STRONG> (Thumb, 10 bytes, Stack size 0 bytes, spi_master.o(i.XMC_SPI_CH_SetTransmitMode))
<BR><BR>[Called By]<UL><LI><a href="#[f4]">&gt;&gt;</a>&nbsp;&nbsp;&nbsp;SPI_MASTER_lReceivePolling
</UL>

<P><STRONG><a name="[fc]"></a>XMC_USIC_CH_GetReceiveBufferStatus</STRONG> (Thumb, 10 bytes, Stack size 0 bytes, spi_master.o(i.XMC_USIC_CH_GetReceiveBufferStatus))
<BR><BR>[Called By]<UL><LI><a href="#[f4]">&gt;&gt;</a>&nbsp;&nbsp;&nbsp;SPI_MASTER_lReceivePolling
</UL>

<P><STRONG><a name="[fa]"></a>XMC_USIC_CH_GetTransmitBufferStatus</STRONG> (Thumb, 10 bytes, Stack size 0 bytes, spi_master.o(i.XMC_USIC_CH_GetTransmitBufferStatus))
<BR><BR>[Called By]<UL><LI><a href="#[f4]">&gt;&gt;</a>&nbsp;&nbsp;&nbsp;SPI_MASTER_lReceivePolling
</UL>

<P><STRONG><a name="[f8]"></a>XMC_USIC_CH_RXFIFO_IsEmpty</STRONG> (Thumb, 12 bytes, Stack size 0 bytes, spi_master.o(i.XMC_USIC_CH_RXFIFO_IsEmpty))
<BR><BR>[Called By]<UL><LI><a href="#[f4]">&gt;&gt;</a>&nbsp;&nbsp;&nbsp;SPI_MASTER_lReceivePolling
</UL>

<P><STRONG><a name="[f7]"></a>XMC_USIC_CH_TXFIFO_PutDataHPCMode</STRONG> (Thumb, 10 bytes, Stack size 0 bytes, spi_master.o(i.XMC_USIC_CH_TXFIFO_PutDataHPCMode))
<BR><BR>[Called By]<UL><LI><a href="#[f4]">&gt;&gt;</a>&nbsp;&nbsp;&nbsp;SPI_MASTER_lReceivePolling
</UL>

<P><STRONG><a name="[fb]"></a>XMC_USIC_CH_WriteToTBUFTCI</STRONG> (Thumb, 10 bytes, Stack size 0 bytes, spi_master.o(i.XMC_USIC_CH_WriteToTBUFTCI))
<BR><BR>[Called By]<UL><LI><a href="#[f4]">&gt;&gt;</a>&nbsp;&nbsp;&nbsp;SPI_MASTER_lReceivePolling
</UL>

<P><STRONG><a name="[74]"></a>SPI_MASTER_0_lInit</STRONG> (Thumb, 334 bytes, Stack size 16 bytes, spi_master_conf.o(i.SPI_MASTER_0_lInit))
<BR><BR>[Stack]<UL><LI>Max Depth = 88<LI>Call Chain = SPI_MASTER_0_lInit &rArr; XMC_SPI_CH_Init &rArr; XMC_USIC_CH_SetBaudrate
</UL>
<BR>[Calls]<UL><LI><a href="#[90]">&gt;&gt;</a>&nbsp;&nbsp;&nbsp;XMC_GPIO_Init
<LI><a href="#[f0]">&gt;&gt;</a>&nbsp;&nbsp;&nbsp;XMC_USIC_CH_TXFIFO_SetInterruptNodePointer
<LI><a href="#[ef]">&gt;&gt;</a>&nbsp;&nbsp;&nbsp;XMC_USIC_CH_TXFIFO_Configure
<LI><a href="#[f2]">&gt;&gt;</a>&nbsp;&nbsp;&nbsp;XMC_USIC_CH_RXFIFO_SetInterruptNodePointer
<LI><a href="#[f1]">&gt;&gt;</a>&nbsp;&nbsp;&nbsp;XMC_USIC_CH_RXFIFO_Configure
<LI><a href="#[ed]">&gt;&gt;</a>&nbsp;&nbsp;&nbsp;XMC_SPI_CH_Init
<LI><a href="#[ee]">&gt;&gt;</a>&nbsp;&nbsp;&nbsp;XMC_USIC_CH_SetInterruptNodePointer
</UL>
<BR>[Address Reference Count : 1]<UL><LI> spi_master_conf.o(.constdata)
</UL>
<P><STRONG><a name="[91]"></a>CAN_NODE_SetNodeEvents</STRONG> (Thumb, 76 bytes, Stack size 16 bytes, can_node.o(i.CAN_NODE_SetNodeEvents))
<BR><BR>[Stack]<UL><LI>Max Depth = 32<LI>Call Chain = CAN_NODE_SetNodeEvents &rArr; CAN_NODE_SetNodePointer &rArr; XMC_CAN_NODE_SetEventNodePointer
</UL>
<BR>[Calls]<UL><LI><a href="#[98]">&gt;&gt;</a>&nbsp;&nbsp;&nbsp;XMC_CAN_NODE_EnableEvent
<LI><a href="#[97]">&gt;&gt;</a>&nbsp;&nbsp;&nbsp;CAN_NODE_SetNodePointer
</UL>
<BR>[Called By]<UL><LI><a href="#[8d]">&gt;&gt;</a>&nbsp;&nbsp;&nbsp;CAN_NODE_Init
</UL>

<P><STRONG><a name="[97]"></a>CAN_NODE_SetNodePointer</STRONG> (Thumb, 62 bytes, Stack size 8 bytes, can_node.o(i.CAN_NODE_SetNodePointer))
<BR><BR>[Stack]<UL><LI>Max Depth = 16<LI>Call Chain = CAN_NODE_SetNodePointer &rArr; XMC_CAN_NODE_SetEventNodePointer
</UL>
<BR>[Calls]<UL><LI><a href="#[99]">&gt;&gt;</a>&nbsp;&nbsp;&nbsp;XMC_CAN_NODE_SetEventNodePointer
</UL>
<BR>[Called By]<UL><LI><a href="#[91]">&gt;&gt;</a>&nbsp;&nbsp;&nbsp;CAN_NODE_SetNodeEvents
</UL>

<P><STRONG><a name="[96]"></a>XMC_CAN_MO_EnableEvent</STRONG> (Thumb, 12 bytes, Stack size 0 bytes, can_node.o(i.XMC_CAN_MO_EnableEvent))
<BR><BR>[Called By]<UL><LI><a href="#[93]">&gt;&gt;</a>&nbsp;&nbsp;&nbsp;CAN_NODE_MO_Init
</UL>

<P><STRONG><a name="[95]"></a>XMC_CAN_MO_SetEventNodePointer</STRONG> (Thumb, 24 bytes, Stack size 8 bytes, can_node.o(i.XMC_CAN_MO_SetEventNodePointer))
<BR><BR>[Stack]<UL><LI>Max Depth = 8<LI>Call Chain = XMC_CAN_MO_SetEventNodePointer
</UL>
<BR>[Called By]<UL><LI><a href="#[93]">&gt;&gt;</a>&nbsp;&nbsp;&nbsp;CAN_NODE_MO_Init
</UL>

<P><STRONG><a name="[99]"></a>XMC_CAN_NODE_SetEventNodePointer</STRONG> (Thumb, 20 bytes, Stack size 8 bytes, can_node.o(i.XMC_CAN_NODE_SetEventNodePointer))
<BR><BR>[Stack]<UL><LI>Max Depth = 8<LI>Call Chain = XMC_CAN_NODE_SetEventNodePointer
</UL>
<BR>[Called By]<UL><LI><a href="#[97]">&gt;&gt;</a>&nbsp;&nbsp;&nbsp;CAN_NODE_SetNodePointer
</UL>

<P><STRONG><a name="[119]"></a>XMC_GPIO_GetInput</STRONG> (Thumb, 12 bytes, Stack size 0 bytes, watch.o(i.XMC_GPIO_GetInput))
<BR><BR>[Called By]<UL><LI><a href="#[9d]">&gt;&gt;</a>&nbsp;&nbsp;&nbsp;Sys_Watch
</UL>

<P><STRONG><a name="[214]"></a>XMC_GPIO_GetInput</STRONG> (Thumb, 12 bytes, Stack size 0 bytes, io_function.o(i.XMC_GPIO_GetInput))
<BR><BR>[Called By]<UL><LI><a href="#[213]">&gt;&gt;</a>&nbsp;&nbsp;&nbsp;io_get_physical_input
</UL>

<P><STRONG><a name="[215]"></a>XMC_GPIO_GetOutput</STRONG> (Thumb, 12 bytes, Stack size 0 bytes, io_function.o(i.XMC_GPIO_GetOutput))
<BR><BR>[Called By]<UL><LI><a href="#[212]">&gt;&gt;</a>&nbsp;&nbsp;&nbsp;io_get_physical_output
</UL>

<P><STRONG><a name="[217]"></a>XMC_GPIO_SetOutputLevel</STRONG> (Thumb, 8 bytes, Stack size 0 bytes, io_function.o(i.XMC_GPIO_SetOutputLevel))
<BR><BR>[Called By]<UL><LI><a href="#[216]">&gt;&gt;</a>&nbsp;&nbsp;&nbsp;io_set_physical_output
</UL>

<P><STRONG><a name="[219]"></a>XMC_GPIO_ToggleOutput</STRONG> (Thumb, 10 bytes, Stack size 0 bytes, io_function.o(i.XMC_GPIO_ToggleOutput))
<BR><BR>[Called By]<UL><LI><a href="#[218]">&gt;&gt;</a>&nbsp;&nbsp;&nbsp;io_toggle_physical_output
</UL>

<P><STRONG><a name="[20d]"></a>io_sc0719_bsp_init</STRONG> (Thumb, 318 bytes, Stack size 16 bytes, io_function.o(i.io_sc0719_bsp_init))
<BR><BR>[Stack]<UL><LI>Max Depth = 28<LI>Call Chain = io_sc0719_bsp_init &rArr; XMC_GPIO_Init
</UL>
<BR>[Calls]<UL><LI><a href="#[90]">&gt;&gt;</a>&nbsp;&nbsp;&nbsp;XMC_GPIO_Init
</UL>
<BR>[Called By]<UL><LI><a href="#[20c]">&gt;&gt;</a>&nbsp;&nbsp;&nbsp;io_function_init
</UL>

<P><STRONG><a name="[20e]"></a>io_sc0720_bsp_init</STRONG> (Thumb, 308 bytes, Stack size 16 bytes, io_function.o(i.io_sc0720_bsp_init))
<BR><BR>[Stack]<UL><LI>Max Depth = 28<LI>Call Chain = io_sc0720_bsp_init &rArr; XMC_GPIO_Init
</UL>
<BR>[Calls]<UL><LI><a href="#[90]">&gt;&gt;</a>&nbsp;&nbsp;&nbsp;XMC_GPIO_Init
</UL>
<BR>[Called By]<UL><LI><a href="#[20c]">&gt;&gt;</a>&nbsp;&nbsp;&nbsp;io_function_init
</UL>

<P><STRONG><a name="[210]"></a>io_sc0720a_bsp_init</STRONG> (Thumb, 302 bytes, Stack size 16 bytes, io_function.o(i.io_sc0720a_bsp_init))
<BR><BR>[Stack]<UL><LI>Max Depth = 28<LI>Call Chain = io_sc0720a_bsp_init &rArr; XMC_GPIO_Init
</UL>
<BR>[Calls]<UL><LI><a href="#[90]">&gt;&gt;</a>&nbsp;&nbsp;&nbsp;XMC_GPIO_Init
</UL>
<BR>[Called By]<UL><LI><a href="#[20c]">&gt;&gt;</a>&nbsp;&nbsp;&nbsp;io_function_init
</UL>

<P><STRONG><a name="[20f]"></a>io_sc0723_bsp_init</STRONG> (Thumb, 302 bytes, Stack size 16 bytes, io_function.o(i.io_sc0723_bsp_init))
<BR><BR>[Stack]<UL><LI>Max Depth = 28<LI>Call Chain = io_sc0723_bsp_init &rArr; XMC_GPIO_Init
</UL>
<BR>[Calls]<UL><LI><a href="#[90]">&gt;&gt;</a>&nbsp;&nbsp;&nbsp;XMC_GPIO_Init
</UL>
<BR>[Called By]<UL><LI><a href="#[20c]">&gt;&gt;</a>&nbsp;&nbsp;&nbsp;io_function_init
</UL>

<P><STRONG><a name="[278]"></a>check_motor_cfg_para</STRONG> (Thumb, 458 bytes, Stack size 0 bytes, stepper_function.o(i.check_motor_cfg_para))
<BR><BR>[Called By]<UL><LI><a href="#[21d]">&gt;&gt;</a>&nbsp;&nbsp;&nbsp;stepper_init
</UL>

<P><STRONG><a name="[27a]"></a>check_physical_port_used_or_not</STRONG> (Thumb, 76 bytes, Stack size 0 bytes, stepper_function.o(i.check_physical_port_used_or_not))
<BR><BR>[Called By]<UL><LI><a href="#[21d]">&gt;&gt;</a>&nbsp;&nbsp;&nbsp;stepper_init
</UL>

<P><STRONG><a name="[1ef]"></a>get_motor_cfg</STRONG> (Thumb, 64 bytes, Stack size 24 bytes, stepper_function.o(i.get_motor_cfg))
<BR><BR>[Stack]<UL><LI>Max Depth = 24<LI>Call Chain = get_motor_cfg
</UL>
<BR>[Calls]<UL><LI><a href="#[1d2]">&gt;&gt;</a>&nbsp;&nbsp;&nbsp;mymemcpy
</UL>
<BR>[Called By]<UL><LI><a href="#[272]">&gt;&gt;</a>&nbsp;&nbsp;&nbsp;stepper_refresh_para
</UL>

<P><STRONG><a name="[276]"></a>get_physical_num_and_channel</STRONG> (Thumb, 146 bytes, Stack size 0 bytes, stepper_function.o(i.get_physical_num_and_channel))
<BR><BR>[Called By]<UL><LI><a href="#[21e]">&gt;&gt;</a>&nbsp;&nbsp;&nbsp;stepper_motor_sync_angle
<LI><a href="#[1f0]">&gt;&gt;</a>&nbsp;&nbsp;&nbsp;stepper_get_z_status
<LI><a href="#[279]">&gt;&gt;</a>&nbsp;&nbsp;&nbsp;stepper_setup_motor
<LI><a href="#[236]">&gt;&gt;</a>&nbsp;&nbsp;&nbsp;stepper_motor_move_sync
<LI><a href="#[1b2]">&gt;&gt;</a>&nbsp;&nbsp;&nbsp;stepper_motor_move
<LI><a href="#[264]">&gt;&gt;</a>&nbsp;&nbsp;&nbsp;stepper_check_error
<LI><a href="#[1f7]">&gt;&gt;</a>&nbsp;&nbsp;&nbsp;stepper_pause
<LI><a href="#[1b3]">&gt;&gt;</a>&nbsp;&nbsp;&nbsp;stepper_check_motion_done
</UL>

<P><STRONG><a name="[277]"></a>init_motor_handler_sturct</STRONG> (Thumb, 150 bytes, Stack size 0 bytes, stepper_function.o(i.init_motor_handler_sturct))
<BR><BR>[Called By]<UL><LI><a href="#[21d]">&gt;&gt;</a>&nbsp;&nbsp;&nbsp;stepper_init
</UL>

<P><STRONG><a name="[279]"></a>stepper_setup_motor</STRONG> (Thumb, 310 bytes, Stack size 16 bytes, stepper_function.o(i.stepper_setup_motor))
<BR><BR>[Stack]<UL><LI>Max Depth = 248 + Unknown Stack Size
<LI>Call Chain = stepper_setup_motor &rArr; send_dsp_command &rArr; spi_read_wirte_lowlevel &rArr; SimulateSpiCmd &rArr; spi_fifo_recISR &rArr; g_SpiMode_CmdTip &rArr; Run_quick &rArr; GetCurve &rArr; __aeabi_memcpy4
</UL>
<BR>[Calls]<UL><LI><a href="#[276]">&gt;&gt;</a>&nbsp;&nbsp;&nbsp;get_physical_num_and_channel
<LI><a href="#[1e1]">&gt;&gt;</a>&nbsp;&nbsp;&nbsp;send_dsp_command
</UL>
<BR>[Called By]<UL><LI><a href="#[21d]">&gt;&gt;</a>&nbsp;&nbsp;&nbsp;stepper_init
</UL>

<P><STRONG><a name="[238]"></a>_nopmove_get_length</STRONG> (Thumb, 106 bytes, Stack size 20 bytes, nopmove_speed.o(i._nopmove_get_length))
<BR><BR>[Stack]<UL><LI>Max Depth = 20<LI>Call Chain = _nopmove_get_length
</UL>
<BR>[Called By]<UL><LI><a href="#[1f4]">&gt;&gt;</a>&nbsp;&nbsp;&nbsp;nopmove_calculate_move_time
</UL>

<P><STRONG><a name="[237]"></a>_nopmove_get_speed</STRONG> (Thumb, 148 bytes, Stack size 12 bytes, nopmove_speed.o(i._nopmove_get_speed))
<BR><BR>[Stack]<UL><LI>Max Depth = 12<LI>Call Chain = _nopmove_get_speed
</UL>
<BR>[Called By]<UL><LI><a href="#[1f4]">&gt;&gt;</a>&nbsp;&nbsp;&nbsp;nopmove_calculate_move_time
</UL>

<P><STRONG><a name="[23a]"></a>_nopmove_sort_speed_point</STRONG> (Thumb, 312 bytes, Stack size 20 bytes, nopmove_speed.o(i._nopmove_sort_speed_point))
<BR><BR>[Stack]<UL><LI>Max Depth = 20<LI>Call Chain = _nopmove_sort_speed_point
</UL>
<BR>[Called By]<UL><LI><a href="#[239]">&gt;&gt;</a>&nbsp;&nbsp;&nbsp;nopmove_refresh_para
<LI><a href="#[208]">&gt;&gt;</a>&nbsp;&nbsp;&nbsp;nopmove_init
</UL>

<P><STRONG><a name="[239]"></a>nopmove_refresh_para</STRONG> (Thumb, 178 bytes, Stack size 24 bytes, nopmove_speed.o(i.nopmove_refresh_para))
<BR><BR>[Stack]<UL><LI>Max Depth = 104<LI>Call Chain = nopmove_refresh_para &rArr; app_SpiFlashRead &rArr; bsp_SpiFlashReadBuffer &rArr; bsp_SpiFlashTransmit
</UL>
<BR>[Calls]<UL><LI><a href="#[173]">&gt;&gt;</a>&nbsp;&nbsp;&nbsp;app_SpiFlashRead
<LI><a href="#[23a]">&gt;&gt;</a>&nbsp;&nbsp;&nbsp;_nopmove_sort_speed_point
<LI><a href="#[1d2]">&gt;&gt;</a>&nbsp;&nbsp;&nbsp;mymemcpy
</UL>
<BR>[Called By]<UL><LI><a href="#[208]">&gt;&gt;</a>&nbsp;&nbsp;&nbsp;nopmove_init
</UL>

<P><STRONG><a name="[11b]"></a>delay</STRONG> (Thumb, 24 bytes, Stack size 8 bytes, system_xmc4400.o(i.delay))
<BR><BR>[Stack]<UL><LI>Max Depth = 8<LI>Call Chain = delay
</UL>
<BR>[Called By]<UL><LI><a href="#[11a]">&gt;&gt;</a>&nbsp;&nbsp;&nbsp;SystemCoreClockSetup
</UL>

<P><STRONG><a name="[13f]"></a>min</STRONG> (Thumb, 14 bytes, Stack size 0 bytes, xmc_can.o(i.min))
<BR><BR>[Called By]<UL><LI><a href="#[cc]">&gt;&gt;</a>&nbsp;&nbsp;&nbsp;XMC_CAN_Init
</UL>

<P><STRONG><a name="[148]"></a>XMC_DAC_CH_SetMode</STRONG> (Thumb, 22 bytes, Stack size 8 bytes, xmc_dac.o(i.XMC_DAC_CH_SetMode))
<BR><BR>[Stack]<UL><LI>Max Depth = 8<LI>Call Chain = XMC_DAC_CH_SetMode
</UL>
<BR>[Called By]<UL><LI><a href="#[147]">&gt;&gt;</a>&nbsp;&nbsp;&nbsp;XMC_DAC_CH_StartDataMode
</UL>

<P><STRONG><a name="[149]"></a>XMC_DAC_CH_SetTrigger</STRONG> (Thumb, 26 bytes, Stack size 8 bytes, xmc_dac.o(i.XMC_DAC_CH_SetTrigger))
<BR><BR>[Stack]<UL><LI>Max Depth = 8<LI>Call Chain = XMC_DAC_CH_SetTrigger
</UL>
<BR>[Called By]<UL><LI><a href="#[147]">&gt;&gt;</a>&nbsp;&nbsp;&nbsp;XMC_DAC_CH_StartDataMode
</UL>

<P><STRONG><a name="[168]"></a>XMC_SPI_CH_ClearStatusFlag</STRONG> (Thumb, 8 bytes, Stack size 0 bytes, xmc_spi.o(i.XMC_SPI_CH_ClearStatusFlag))
<BR><BR>[Called By]<UL><LI><a href="#[167]">&gt;&gt;</a>&nbsp;&nbsp;&nbsp;XMC_SPI_CH_DisableSlaveSelect
</UL>

<P><STRONG><a name="[16f]"></a>XMC_VADC_GROUP_QueueDisableArbitrationSlot</STRONG> (Thumb, 14 bytes, Stack size 0 bytes, xmc_vadc.o(i.XMC_VADC_GROUP_QueueDisableArbitrationSlot))
<BR><BR>[Called By]<UL><LI><a href="#[134]">&gt;&gt;</a>&nbsp;&nbsp;&nbsp;XMC_VADC_GROUP_QueueInit
</UL>

<P><STRONG><a name="[164]"></a>XMC_SCU_lDelay</STRONG> (Thumb, 34 bytes, Stack size 16 bytes, xmc4_scu.o(i.XMC_SCU_lDelay))
<BR><BR>[Stack]<UL><LI>Max Depth = 32<LI>Call Chain = XMC_SCU_lDelay &rArr; SystemCoreClockUpdate
</UL>
<BR>[Calls]<UL><LI><a href="#[11d]">&gt;&gt;</a>&nbsp;&nbsp;&nbsp;SystemCoreClockUpdate
</UL>
<BR>[Called By]<UL><LI><a href="#[166]">&gt;&gt;</a>&nbsp;&nbsp;&nbsp;XMC_SCU_CLOCK_StepSystemPllFrequency
<LI><a href="#[15b]">&gt;&gt;</a>&nbsp;&nbsp;&nbsp;XMC_SCU_CLOCK_SetBackupClockCalibrationMode
</UL>

<P><STRONG><a name="[12e]"></a>XMC_VADC_GROUP_GetResult</STRONG> (Thumb, 14 bytes, Stack size 0 bytes, app_adc.o(i.XMC_VADC_GROUP_GetResult))
<BR><BR>[Called By]<UL><LI><a href="#[1b]">&gt;&gt;</a>&nbsp;&nbsp;&nbsp;VADC0_G0_0_IRQHandler
</UL>

<P><STRONG><a name="[13a]"></a>XMC_VADC_GROUP_QueueInsertChannel</STRONG> (Thumb, 10 bytes, Stack size 12 bytes, bsp_adc.o(i.XMC_VADC_GROUP_QueueInsertChannel))
<BR><BR>[Stack]<UL><LI>Max Depth = 12<LI>Call Chain = XMC_VADC_GROUP_QueueInsertChannel
</UL>
<BR>[Called By]<UL><LI><a href="#[d8]">&gt;&gt;</a>&nbsp;&nbsp;&nbsp;VADC_Config_Init
</UL>

<P><STRONG><a name="[136]"></a>XMC_VADC_GROUP_ResultInit</STRONG> (Thumb, 14 bytes, Stack size 8 bytes, bsp_adc.o(i.XMC_VADC_GROUP_ResultInit))
<BR><BR>[Stack]<UL><LI>Max Depth = 8<LI>Call Chain = XMC_VADC_GROUP_ResultInit
</UL>
<BR>[Called By]<UL><LI><a href="#[d8]">&gt;&gt;</a>&nbsp;&nbsp;&nbsp;VADC_Config_Init
</UL>

<P><STRONG><a name="[9b]"></a>XMC_GPIO_GetInput</STRONG> (Thumb, 12 bytes, Stack size 0 bytes, mc_pmsm.o(i.XMC_GPIO_GetInput))
<BR><BR>[Called By]<UL><LI><a href="#[db]">&gt;&gt;</a>&nbsp;&nbsp;&nbsp;Pmsm1PowerOnWatch
<LI><a href="#[d5]">&gt;&gt;</a>&nbsp;&nbsp;&nbsp;Pmsm1FindZero
<LI><a href="#[37]">&gt;&gt;</a>&nbsp;&nbsp;&nbsp;CCU40_2_IRQHandler
<LI><a href="#[131]">&gt;&gt;</a>&nbsp;&nbsp;&nbsp;pmsm1_100us_task
</UL>

<P><STRONG><a name="[d9]"></a>XMC_GPIO_SetOutputLow</STRONG> (Thumb, 10 bytes, Stack size 0 bytes, mc_pmsm.o(i.XMC_GPIO_SetOutputLow))
<BR><BR>[Called By]<UL><LI><a href="#[d6]">&gt;&gt;</a>&nbsp;&nbsp;&nbsp;Pmsm1Initial
<LI><a href="#[131]">&gt;&gt;</a>&nbsp;&nbsp;&nbsp;pmsm1_100us_task
</UL>

<P><STRONG><a name="[114]"></a>XMC_CCU8_EnableShadowTransfer</STRONG> (Thumb, 4 bytes, Stack size 0 bytes, app_svpwm.o(i.XMC_CCU8_EnableShadowTransfer))
<BR><BR>[Called By]<UL><LI><a href="#[118]">&gt;&gt;</a>&nbsp;&nbsp;&nbsp;Svpwm_Update
<LI><a href="#[9c]">&gt;&gt;</a>&nbsp;&nbsp;&nbsp;Stop_Pwm
</UL>

<P><STRONG><a name="[273]"></a>CheckOut</STRONG> (Thumb, 46 bytes, Stack size 0 bytes, app_spi.o(i.CheckOut))
<BR><BR>[Called By]<UL><LI><a href="#[108]">&gt;&gt;</a>&nbsp;&nbsp;&nbsp;spi_fifo_recISR
</UL>

<P><STRONG><a name="[274]"></a>XMC_GPIO_GetInput</STRONG> (Thumb, 12 bytes, Stack size 0 bytes, app_spi.o(i.XMC_GPIO_GetInput))
<BR><BR>[Called By]<UL><LI><a href="#[108]">&gt;&gt;</a>&nbsp;&nbsp;&nbsp;spi_fifo_recISR
</UL>

<P><STRONG><a name="[e0]"></a>XMC_CCU4_SLICE_StartTimer</STRONG> (Thumb, 6 bytes, Stack size 0 bytes, bsp_posif.o(i.XMC_CCU4_SLICE_StartTimer))
<BR><BR>[Called By]<UL><LI><a href="#[d7]">&gt;&gt;</a>&nbsp;&nbsp;&nbsp;Posif_Config_Init
</UL>

<P><STRONG><a name="[bd]"></a>XMC_CCU8_EnableClock</STRONG> (Thumb, 12 bytes, Stack size 0 bytes, bsp_svpwm.o(i.XMC_CCU8_EnableClock))
<BR><BR>[Called By]<UL><LI><a href="#[b0]">&gt;&gt;</a>&nbsp;&nbsp;&nbsp;CCU80_CC80_Config_Init
</UL>

<P><STRONG><a name="[b8]"></a>XMC_CCU8_EnableShadowTransfer</STRONG> (Thumb, 4 bytes, Stack size 0 bytes, bsp_svpwm.o(i.XMC_CCU8_EnableShadowTransfer))
<BR><BR>[Called By]<UL><LI><a href="#[b0]">&gt;&gt;</a>&nbsp;&nbsp;&nbsp;CCU80_CC80_Config_Init
</UL>

<P><STRONG><a name="[b7]"></a>XMC_CCU8_SLICE_SetShadowTransferMode</STRONG> (Thumb, 22 bytes, Stack size 0 bytes, bsp_svpwm.o(i.XMC_CCU8_SLICE_SetShadowTransferMode))
<BR><BR>[Called By]<UL><LI><a href="#[b0]">&gt;&gt;</a>&nbsp;&nbsp;&nbsp;CCU80_CC80_Config_Init
</UL>

<P><STRONG><a name="[b2]"></a>XMC_CCU8_StartPrescaler</STRONG> (Thumb, 10 bytes, Stack size 0 bytes, bsp_svpwm.o(i.XMC_CCU8_StartPrescaler))
<BR><BR>[Called By]<UL><LI><a href="#[b0]">&gt;&gt;</a>&nbsp;&nbsp;&nbsp;CCU80_CC80_Config_Init
</UL>

<P><STRONG><a name="[113]"></a>XMC_CCU8_EnableShadowTransfer</STRONG> (Thumb, 4 bytes, Stack size 0 bytes, app_stepwm.o(i.XMC_CCU8_EnableShadowTransfer))
<BR><BR>[Called By]<UL><LI><a href="#[cb]">&gt;&gt;</a>&nbsp;&nbsp;&nbsp;Stop_StepPwm
<LI><a href="#[c9]">&gt;&gt;</a>&nbsp;&nbsp;&nbsp;StepPwm_Update
</UL>

<P><STRONG><a name="[a8]"></a>XMC_CCU4_EnableClock</STRONG> (Thumb, 12 bytes, Stack size 0 bytes, bsp_ccu4.o(i.XMC_CCU4_EnableClock))
<BR><BR>[Called By]<UL><LI><a href="#[9f]">&gt;&gt;</a>&nbsp;&nbsp;&nbsp;CCU4_Config_Init
</UL>

<P><STRONG><a name="[a6]"></a>XMC_CCU4_EnableShadowTransfer</STRONG> (Thumb, 4 bytes, Stack size 0 bytes, bsp_ccu4.o(i.XMC_CCU4_EnableShadowTransfer))
<BR><BR>[Called By]<UL><LI><a href="#[9f]">&gt;&gt;</a>&nbsp;&nbsp;&nbsp;CCU4_Config_Init
</UL>

<P><STRONG><a name="[af]"></a>XMC_CCU4_SLICE_SetTimerCompareMatch</STRONG> (Thumb, 4 bytes, Stack size 0 bytes, bsp_ccu4.o(i.XMC_CCU4_SLICE_SetTimerCompareMatch))
<BR><BR>[Called By]<UL><LI><a href="#[9f]">&gt;&gt;</a>&nbsp;&nbsp;&nbsp;CCU4_Config_Init
</UL>

<P><STRONG><a name="[a4]"></a>XMC_CCU4_SLICE_SetTimerPeriodMatch</STRONG> (Thumb, 4 bytes, Stack size 0 bytes, bsp_ccu4.o(i.XMC_CCU4_SLICE_SetTimerPeriodMatch))
<BR><BR>[Called By]<UL><LI><a href="#[9f]">&gt;&gt;</a>&nbsp;&nbsp;&nbsp;CCU4_Config_Init
</UL>

<P><STRONG><a name="[a1]"></a>XMC_CCU4_StartPrescaler</STRONG> (Thumb, 10 bytes, Stack size 0 bytes, bsp_ccu4.o(i.XMC_CCU4_StartPrescaler))
<BR><BR>[Called By]<UL><LI><a href="#[9f]">&gt;&gt;</a>&nbsp;&nbsp;&nbsp;CCU4_Config_Init
</UL>
<P>
<H3>
Undefined Global Symbols
</H3><HR></body></html>
