<html>
<body>
<pre>
<h1>µVision Build Log</h1>
<h2>Tool Versions:</h2>
IDE-Version: ¦ÌVision V5.25.3.0
Copyright (C) 2018 ARM Ltd and ARM Germany GmbH. All rights reserved.
License Information: k Microsoft, Microsoft, LIC=KRMZ9-41LT8-HLGCL-0NAR4-SG493-RN7MF
 
Tool Versions:
Toolchain:       MDK-ARM Plus  Version: 5.25.2.0
Toolchain Path:  C:\Keil_v5\ARM\ARMCC\Bin
C Compiler:      Armcc.exe V5.06 update 6 (build 750)
Assembler:       Armasm.exe V5.06 update 6 (build 750)
Linker/Locator:  ArmLink.exe V5.06 update 6 (build 750)
Library Manager: ArmAr.exe V5.06 update 6 (build 750)
Hex Converter:   FromElf.exe V5.06 update 6 (build 750)
CPU DLL:         SARMCM3.DLL V5.25.2.0
Dialog DLL:      DCM.DLL V1.17.1.0
Target DLL:      Segger\JL2CM3.dll V2.99.29.0
Dialog DLL:      TCM.DLL V1.35.1.0
 
<h2>Project:</h2>
D:\git_svn\XMC4_NEW\Project\MDKARM\XmcProject.uvprojx
Project File Date:  12/25/2018

<h2>Output:</h2>
*** Using Compiler 'V5.06 update 6 (build 750)', folder: 'C:\Keil_v5\ARM\ARMCC\Bin'
Rebuild target 'Debug'
compiling app_dac.c...
compiling app_delay.c...
compiling app_can.c...
compiling app_eeprom.c...
compiling app_pwm.c...
compiling app_uart.c...
compiling app_gpio.c...
compiling app_flash.c...
compiling app_spiflash.c...
compiling bsp_can.c...
compiling app_Init.c...
compiling bsp_dac.c...
compiling bsp_flash.c...
compiling bsp_iic.c...
compiling bsp_gpio.c...
compiling bsp_uart.c...
compiling bsp_pwm.c...
compiling bsp_rs485.c...
compiling bsp_spibus.c...
compiling bsp_scu.c...
compiling bsp_spiflash.c...
compiling spi_master.c...
compiling bsp_delay.c...
compiling spi_master_conf.c...
compiling bsp_watch.c...
compiling can_node.c...
compiling can_node_conf.c...
compiling global_can_conf.c...
compiling global_can.c...
compiling unit_crc.c...
compiling unit_lrc.c...
compiling sys_variable.c...
compiling watch.c...
compiling action.c...
..\..\Applications\User\src\action.c(2079): warning:  #550-D: variable "c_flag"  was set but never used
  	uint8_t temp8,max8,c_flag;
..\..\Applications\User\src\action.c(4837): warning:  #550-D: variable "action_flag0"  was set but never used
  	uint8_t action_flag0,action_flag1,action_flag2,action_flag3,action_flag4,action_flag5;
..\..\Applications\User\src\action.c(4837): warning:  #550-D: variable "action_flag1"  was set but never used
  	uint8_t action_flag0,action_flag1,action_flag2,action_flag3,action_flag4,action_flag5;
..\..\Applications\User\src\action.c(4838): warning:  #177-D: variable "max_angle"  was declared but never referenced
  	int16_t inpress_up_angle,inpress_down_angle,max_angle;
..\..\Applications\User\src\action.c(5048): warning:  #177-D: variable "tmp"  was declared but never referenced
  	int8_t tmp_x,tmp_y,remain_x,remain_y,i,tmp,flag;
..\..\Applications\User\src\action.c(5048): warning:  #177-D: variable "flag"  was declared but never referenced
  	int8_t tmp_x,tmp_y,remain_x,remain_y,i,tmp,flag;
..\..\Applications\User\src\action.c(5050): warning:  #177-D: variable "action_flag0"  was declared but never referenced
  	uint8_t action_flag0,action_flag1,action_flag2,action_flag3,action_flag4;
..\..\Applications\User\src\action.c(5050): warning:  #177-D: variable "action_flag1"  was declared but never referenced
  	uint8_t action_flag0,action_flag1,action_flag2,action_flag3,action_flag4;
..\..\Applications\User\src\action.c(5050): warning:  #177-D: variable "action_flag2"  was declared but never referenced
  	uint8_t action_flag0,action_flag1,action_flag2,action_flag3,action_flag4;
..\..\Applications\User\src\action.c(5050): warning:  #177-D: variable "action_flag3"  was declared but never referenced
  	uint8_t action_flag0,action_flag1,action_flag2,action_flag3,action_flag4;
..\..\Applications\User\src\action.c(5050): warning:  #177-D: variable "action_flag4"  was declared but never referenced
  	uint8_t action_flag0,action_flag1,action_flag2,action_flag3,action_flag4;
..\..\Applications\User\src\action.c: 11 warnings, 0 errors
compiling communication.c...
compiling main.c...
compiling initial.c...
compiling delay.c...
compiling parameter.c...
..\..\Applications\User\src\parameter.c(54): warning:  #1-D: last line of file ends without a newline
  	
..\..\Applications\User\src\parameter.c: 1 warning, 0 errors
compiling step_motor_drv.c...
..\..\Applications\User\src\step_motor_drv.c(141): warning:  #177-D: variable "return_code"  was declared but never referenced
  	uint16_t return_code;
..\..\Applications\User\src\step_motor_drv.c: 1 warning, 0 errors
compiling io_file_struct.c...
assembling startup_XMC4402.s...
compiling io_function.c...
compiling system.c...
..\..\Applications\User\src\system.c(853): warning:  #550-D: variable "flag1"  was set but never used
  	int8_t tmp_stitchs,flag1;
..\..\Applications\User\src\system.c(858): warning:  #177-D: variable "dly"  was declared but never referenced
  	uint16_t temp_speed,dly,tmp_angle;
..\..\Applications\User\src\system.c(858): warning:  #177-D: variable "tmp_angle"  was declared but never referenced
  	uint16_t temp_speed,dly,tmp_angle;
..\..\Applications\User\src\system.c(860): warning:  #177-D: variable "max_angle"  was declared but never referenced
  	int16_t max_angle,inpress_position_tmp;
..\..\Applications\User\src\system.c(860): warning:  #177-D: variable "inpress_position_tmp"  was declared but never referenced
  	int16_t max_angle,inpress_position_tmp;
..\..\Applications\User\src\system.c(861): warning:  #550-D: variable "action_flag4"  was set but never used
  	uint8_t action_flag0,action_flag1,action_flag2,action_flag3,action_flag4;
..\..\Applications\User\src\system.c: 6 warnings, 0 errors
compiling system_XMC4400.c...
compiling xmc_acmp.c...
compiling xmc_bccu.c...
compiling xmc_can.c...
compiling xmc_ccu4.c...
compiling xmc_ccu8.c...
compiling xmc_common.c...
compiling xmc_dac.c...
compiling xmc_dma.c...
compiling xmc_dsd.c...
compiling xmc_ebu.c...
compiling xmc_eru.c...
compiling xmc_fce.c...
compiling xmc_spi.c...
compiling xmc_gpio.c...
compiling xmc_math.c...
compiling xmc_pau.c...
compiling xmc_posif.c...
compiling xmc_prng.c...
compiling xmc_rtc.c...
compiling xmc_uart.c...
compiling xmc_usic.c...
compiling xmc_vadc.c...
compiling xmc_wdt.c...
compiling xmc4_eru.c...
compiling xmc4_flash.c...
compiling xmc4_gpio.c...
compiling xmc4_rtc.c...
compiling xmc4_scu.c...
linking...
Program Size: Code=108080 RO-data=4412 RW-data=13152 ZI-data=34128  
FromELF: creating hex file...
After Build - User command #1: fromelf --bin --output "D:\git_svn\XMC4_NEW\Project\MDKARM\Objects\XmcProject.bin"  "D:\git_svn\XMC4_NEW\Project\MDKARM\Objects\XmcProject.axf"
".\Objects\XmcProject.axf" - 0 Error(s), 19 Warning(s).

<h2>Software Packages used:</h2>

Package Vendor: ARM
                http://www.keil.com/pack/ARM.CMSIS.5.3.0.pack
                ARM.CMSIS.5.3.0
                CMSIS (Cortex Microcontroller Software Interface Standard)
   * Component: DSP Version: 1.5.2

Package Vendor: Infineon
                http://dave.infineon.com/Libraries/CMSIS_PACK/Infineon.XMC4000_DFP.2.10.0.pack
                Infineon.XMC4000_DFP.2.10.0
                Infineon XMC4000 Series Device Support, Drivers and Examples
      Note: The new PACK download address is http://dave.infineon.com/Libraries/CMSIS_PACK/

<h2>Collection of Component include folders:</h2>
  .\RTE\_Debug
  C:\Keil_v5\ARM\PACK\ARM\CMSIS\5.3.0\CMSIS\Include
  C:\Keil_v5\ARM\PACK\Infineon\XMC4000_DFP\2.10.0\Device\XMC4400_series\Include

<h2>Collection of Component Files used:</h2>

   * Component: ARM::CMSIS:DSP:1.5.2
      Include file:  CMSIS\Include\arm_math.h
      Library file:  CMSIS\Lib\ARM\arm_cortexM4lf_math.lib
Build Time Elapsed:  00:02:08
</pre>
</body>
</html>
