<!doctype html public "-//w3c//dtd html 4.0 transitional//en">
<html><head>
<title>Static Call Graph - [.\Objects\XmcProject.axf]</title></head>
<body><HR>
<H1>Static Call Graph for image .\Objects\XmcProject.axf</H1><HR>
<BR><P>#&#060CALLGRAPH&#062# ARM Linker, 5060750: Last Updated: Mon Dec 03 12:03:09 2018
<BR><P>
<H3>Maximum Stack Usage =        304 bytes + Unknown(Functions without stacksize, Cycles, Untraceable Function Pointers)</H3><H3>
Call chain for Maximum Stack Depth:</H3>
__rt_entry_main &rArr; main &rArr; run_status &rArr; go_beginpoint &rArr; y_quickmove &rArr; process_quickmove_data &rArr; delay_ms &rArr; rec_com &rArr; protocol &rArr; read_stepmotor_config_para &rArr; delay_us &rArr; bsp_DelayUs
<P>
<H3>
Functions with no stack information
</H3><UL>
 <LI><a href="#[85]">__user_initial_stackheap</a>
</UL>
</UL>
<P>
<H3>
Mutually Recursive functions
</H3> <LI><a href="#[6]">BusFault_Handler</a>&nbsp;&nbsp;&nbsp;&rArr;&nbsp;&nbsp;&nbsp;<a href="#[6]">BusFault_Handler</a><BR>
</UL>
<P>
<H3>
Function Pointers
</H3><UL>
 <LI><a href="#[6]">BusFault_Handler</a> from startup_xmc4402.o(.text) referenced from startup_xmc4402.o(RESET)
 <LI><a href="#[54]">CAN0_0_IRQHandler</a> from startup_xmc4402.o(.text) referenced from startup_xmc4402.o(RESET)
 <LI><a href="#[55]">CAN0_1_IRQHandler</a> from startup_xmc4402.o(.text) referenced from startup_xmc4402.o(RESET)
 <LI><a href="#[56]">CAN0_2_IRQHandler</a> from startup_xmc4402.o(.text) referenced from startup_xmc4402.o(RESET)
 <LI><a href="#[57]">CAN0_3_IRQHandler</a> from startup_xmc4402.o(.text) referenced from startup_xmc4402.o(RESET)
 <LI><a href="#[58]">CAN0_4_IRQHandler</a> from startup_xmc4402.o(.text) referenced from startup_xmc4402.o(RESET)
 <LI><a href="#[59]">CAN0_5_IRQHandler</a> from startup_xmc4402.o(.text) referenced from startup_xmc4402.o(RESET)
 <LI><a href="#[5a]">CAN0_6_IRQHandler</a> from startup_xmc4402.o(.text) referenced from startup_xmc4402.o(RESET)
 <LI><a href="#[5b]">CAN0_7_IRQHandler</a> from startup_xmc4402.o(.text) referenced from startup_xmc4402.o(RESET)
 <LI><a href="#[34]">CCU40_0_IRQHandler</a> from mc_driver.o(i.CCU40_0_IRQHandler) referenced from startup_xmc4402.o(RESET)
 <LI><a href="#[35]">CCU40_1_IRQHandler</a> from startup_xmc4402.o(.text) referenced from startup_xmc4402.o(RESET)
 <LI><a href="#[36]">CCU40_2_IRQHandler</a> from startup_xmc4402.o(.text) referenced from startup_xmc4402.o(RESET)
 <LI><a href="#[37]">CCU40_3_IRQHandler</a> from startup_xmc4402.o(.text) referenced from startup_xmc4402.o(RESET)
 <LI><a href="#[38]">CCU41_0_IRQHandler</a> from startup_xmc4402.o(.text) referenced from startup_xmc4402.o(RESET)
 <LI><a href="#[39]">CCU41_1_IRQHandler</a> from startup_xmc4402.o(.text) referenced from startup_xmc4402.o(RESET)
 <LI><a href="#[3a]">CCU41_2_IRQHandler</a> from startup_xmc4402.o(.text) referenced from startup_xmc4402.o(RESET)
 <LI><a href="#[3b]">CCU41_3_IRQHandler</a> from startup_xmc4402.o(.text) referenced from startup_xmc4402.o(RESET)
 <LI><a href="#[3c]">CCU42_0_IRQHandler</a> from startup_xmc4402.o(.text) referenced from startup_xmc4402.o(RESET)
 <LI><a href="#[3d]">CCU42_1_IRQHandler</a> from startup_xmc4402.o(.text) referenced from startup_xmc4402.o(RESET)
 <LI><a href="#[3e]">CCU42_2_IRQHandler</a> from startup_xmc4402.o(.text) referenced from startup_xmc4402.o(RESET)
 <LI><a href="#[3f]">CCU42_3_IRQHandler</a> from startup_xmc4402.o(.text) referenced from startup_xmc4402.o(RESET)
 <LI><a href="#[40]">CCU43_0_IRQHandler</a> from startup_xmc4402.o(.text) referenced from startup_xmc4402.o(RESET)
 <LI><a href="#[41]">CCU43_1_IRQHandler</a> from startup_xmc4402.o(.text) referenced from startup_xmc4402.o(RESET)
 <LI><a href="#[42]">CCU43_2_IRQHandler</a> from watch.o(i.CCU43_2_IRQHandler) referenced from startup_xmc4402.o(RESET)
 <LI><a href="#[43]">CCU43_3_IRQHandler</a> from startup_xmc4402.o(.text) referenced from startup_xmc4402.o(RESET)
 <LI><a href="#[44]">CCU80_0_IRQHandler</a> from startup_xmc4402.o(.text) referenced from startup_xmc4402.o(RESET)
 <LI><a href="#[45]">CCU80_1_IRQHandler</a> from startup_xmc4402.o(.text) referenced from startup_xmc4402.o(RESET)
 <LI><a href="#[46]">CCU80_2_IRQHandler</a> from startup_xmc4402.o(.text) referenced from startup_xmc4402.o(RESET)
 <LI><a href="#[47]">CCU80_3_IRQHandler</a> from startup_xmc4402.o(.text) referenced from startup_xmc4402.o(RESET)
 <LI><a href="#[48]">CCU81_0_IRQHandler</a> from startup_xmc4402.o(.text) referenced from startup_xmc4402.o(RESET)
 <LI><a href="#[49]">CCU81_1_IRQHandler</a> from startup_xmc4402.o(.text) referenced from startup_xmc4402.o(RESET)
 <LI><a href="#[4a]">CCU81_2_IRQHandler</a> from startup_xmc4402.o(.text) referenced from startup_xmc4402.o(RESET)
 <LI><a href="#[4b]">CCU81_3_IRQHandler</a> from startup_xmc4402.o(.text) referenced from startup_xmc4402.o(RESET)
 <LI><a href="#[32]">DAC0_0_IRQHandler</a> from startup_xmc4402.o(.text) referenced from startup_xmc4402.o(RESET)
 <LI><a href="#[33]">DAC0_1_IRQHandler</a> from startup_xmc4402.o(.text) referenced from startup_xmc4402.o(RESET)
 <LI><a href="#[2a]">DSD0_0_IRQHandler</a> from startup_xmc4402.o(.text) referenced from startup_xmc4402.o(RESET)
 <LI><a href="#[2b]">DSD0_1_IRQHandler</a> from startup_xmc4402.o(.text) referenced from startup_xmc4402.o(RESET)
 <LI><a href="#[2c]">DSD0_2_IRQHandler</a> from startup_xmc4402.o(.text) referenced from startup_xmc4402.o(RESET)
 <LI><a href="#[2d]">DSD0_3_IRQHandler</a> from startup_xmc4402.o(.text) referenced from startup_xmc4402.o(RESET)
 <LI><a href="#[2e]">DSD0_4_IRQHandler</a> from startup_xmc4402.o(.text) referenced from startup_xmc4402.o(RESET)
 <LI><a href="#[2f]">DSD0_5_IRQHandler</a> from startup_xmc4402.o(.text) referenced from startup_xmc4402.o(RESET)
 <LI><a href="#[30]">DSD0_6_IRQHandler</a> from startup_xmc4402.o(.text) referenced from startup_xmc4402.o(RESET)
 <LI><a href="#[31]">DSD0_7_IRQHandler</a> from startup_xmc4402.o(.text) referenced from startup_xmc4402.o(RESET)
 <LI><a href="#[9]">DebugMon_Handler</a> from startup_xmc4402.o(.text) referenced from startup_xmc4402.o(RESET)
 <LI><a href="#[d]">ERU0_0_IRQHandler</a> from startup_xmc4402.o(.text) referenced from startup_xmc4402.o(RESET)
 <LI><a href="#[e]">ERU0_1_IRQHandler</a> from startup_xmc4402.o(.text) referenced from startup_xmc4402.o(RESET)
 <LI><a href="#[f]">ERU0_2_IRQHandler</a> from startup_xmc4402.o(.text) referenced from startup_xmc4402.o(RESET)
 <LI><a href="#[10]">ERU0_3_IRQHandler</a> from startup_xmc4402.o(.text) referenced from startup_xmc4402.o(RESET)
 <LI><a href="#[11]">ERU1_0_IRQHandler</a> from startup_xmc4402.o(.text) referenced from startup_xmc4402.o(RESET)
 <LI><a href="#[12]">ERU1_1_IRQHandler</a> from startup_xmc4402.o(.text) referenced from startup_xmc4402.o(RESET)
 <LI><a href="#[13]">ERU1_2_IRQHandler</a> from startup_xmc4402.o(.text) referenced from startup_xmc4402.o(RESET)
 <LI><a href="#[14]">ERU1_3_IRQHandler</a> from startup_xmc4402.o(.text) referenced from startup_xmc4402.o(RESET)
 <LI><a href="#[69]">FCE0_0_IRQHandler</a> from startup_xmc4402.o(.text) referenced from startup_xmc4402.o(RESET)
 <LI><a href="#[6a]">GPDMA0_0_IRQHandler</a> from bsp_spiflash.o(i.GPDMA0_0_IRQHandler) referenced from startup_xmc4402.o(RESET)
 <LI><a href="#[50]">HRPWM_0_IRQHandler</a> from startup_xmc4402.o(.text) referenced from startup_xmc4402.o(RESET)
 <LI><a href="#[51]">HRPWM_1_IRQHandler</a> from startup_xmc4402.o(.text) referenced from startup_xmc4402.o(RESET)
 <LI><a href="#[52]">HRPWM_2_IRQHandler</a> from startup_xmc4402.o(.text) referenced from startup_xmc4402.o(RESET)
 <LI><a href="#[53]">HRPWM_3_IRQHandler</a> from startup_xmc4402.o(.text) referenced from startup_xmc4402.o(RESET)
 <LI><a href="#[4]">HardFault_Handler</a> from startup_xmc4402.o(.text) referenced from startup_xmc4402.o(RESET)
 <LI><a href="#[68]">LEDTS0_0_IRQHandler</a> from startup_xmc4402.o(.text) referenced from startup_xmc4402.o(RESET)
 <LI><a href="#[5]">MemManage_Handler</a> from startup_xmc4402.o(.text) referenced from startup_xmc4402.o(RESET)
 <LI><a href="#[3]">NMI_Handler</a> from startup_xmc4402.o(.text) referenced from startup_xmc4402.o(RESET)
 <LI><a href="#[15]">PMU0_0_IRQHandler</a> from startup_xmc4402.o(.text) referenced from startup_xmc4402.o(RESET)
 <LI><a href="#[4c]">POSIF0_0_IRQHandler</a> from startup_xmc4402.o(.text) referenced from startup_xmc4402.o(RESET)
 <LI><a href="#[4d]">POSIF0_1_IRQHandler</a> from startup_xmc4402.o(.text) referenced from startup_xmc4402.o(RESET)
 <LI><a href="#[4e]">POSIF1_0_IRQHandler</a> from startup_xmc4402.o(.text) referenced from startup_xmc4402.o(RESET)
 <LI><a href="#[4f]">POSIF1_1_IRQHandler</a> from startup_xmc4402.o(.text) referenced from startup_xmc4402.o(RESET)
 <LI><a href="#[a]">PendSV_Handler</a> from startup_xmc4402.o(.text) referenced from startup_xmc4402.o(RESET)
 <LI><a href="#[2]">Reset_Handler</a> from startup_xmc4402.o(.text) referenced from startup_xmc4402.o(RESET)
 <LI><a href="#[c]">SCU_0_IRQHandler</a> from startup_xmc4402.o(.text) referenced from startup_xmc4402.o(RESET)
 <LI><a href="#[70]">SPI_MASTER_0_lInit</a> from spi_master_conf.o(i.SPI_MASTER_0_lInit) referenced from spi_master_conf.o(.constdata)
 <LI><a href="#[8]">SVC_Handler</a> from startup_xmc4402.o(.text) referenced from startup_xmc4402.o(RESET)
 <LI><a href="#[b]">SysTick_Handler</a> from startup_xmc4402.o(.text) referenced from startup_xmc4402.o(RESET)
 <LI><a href="#[6c]">SystemInit</a> from system_xmc4400.o(i.SystemInit) referenced from startup_xmc4402.o(.text)
 <LI><a href="#[6b]">USB0_0_IRQHandler</a> from startup_xmc4402.o(.text) referenced from startup_xmc4402.o(RESET)
 <LI><a href="#[5c]">USIC0_0_IRQHandler</a> from communication.o(i.USIC0_0_IRQHandler) referenced from startup_xmc4402.o(RESET)
 <LI><a href="#[5d]">USIC0_1_IRQHandler</a> from communication.o(i.USIC0_1_IRQHandler) referenced from startup_xmc4402.o(RESET)
 <LI><a href="#[5e]">USIC0_2_IRQHandler</a> from startup_xmc4402.o(.text) referenced from startup_xmc4402.o(RESET)
 <LI><a href="#[5f]">USIC0_3_IRQHandler</a> from spi_master_conf.o(i.USIC0_3_IRQHandler) referenced from startup_xmc4402.o(RESET)
 <LI><a href="#[60]">USIC0_4_IRQHandler</a> from startup_xmc4402.o(.text) referenced from startup_xmc4402.o(RESET)
 <LI><a href="#[61]">USIC0_5_IRQHandler</a> from spi_master_conf.o(i.USIC0_5_IRQHandler) referenced from startup_xmc4402.o(RESET)
 <LI><a href="#[62]">USIC1_0_IRQHandler</a> from bsp_uart.o(i.USIC1_0_IRQHandler) referenced from startup_xmc4402.o(RESET)
 <LI><a href="#[63]">USIC1_1_IRQHandler</a> from bsp_uart.o(i.USIC1_1_IRQHandler) referenced from startup_xmc4402.o(RESET)
 <LI><a href="#[64]">USIC1_2_IRQHandler</a> from startup_xmc4402.o(.text) referenced from startup_xmc4402.o(RESET)
 <LI><a href="#[65]">USIC1_3_IRQHandler</a> from startup_xmc4402.o(.text) referenced from startup_xmc4402.o(RESET)
 <LI><a href="#[66]">USIC1_4_IRQHandler</a> from startup_xmc4402.o(.text) referenced from startup_xmc4402.o(RESET)
 <LI><a href="#[67]">USIC1_5_IRQHandler</a> from startup_xmc4402.o(.text) referenced from startup_xmc4402.o(RESET)
 <LI><a href="#[7]">UsageFault_Handler</a> from startup_xmc4402.o(.text) referenced from startup_xmc4402.o(RESET)
 <LI><a href="#[16]">VADC0_C0_0_IRQHandler</a> from startup_xmc4402.o(.text) referenced from startup_xmc4402.o(RESET)
 <LI><a href="#[17]">VADC0_C0_1_IRQHandler</a> from startup_xmc4402.o(.text) referenced from startup_xmc4402.o(RESET)
 <LI><a href="#[18]">VADC0_C0_2_IRQHandler</a> from startup_xmc4402.o(.text) referenced from startup_xmc4402.o(RESET)
 <LI><a href="#[19]">VADC0_C0_3_IRQHandler</a> from startup_xmc4402.o(.text) referenced from startup_xmc4402.o(RESET)
 <LI><a href="#[1a]">VADC0_G0_0_IRQHandler</a> from bsp_adc.o(i.VADC0_G0_0_IRQHandler) referenced from startup_xmc4402.o(RESET)
 <LI><a href="#[1b]">VADC0_G0_1_IRQHandler</a> from startup_xmc4402.o(.text) referenced from startup_xmc4402.o(RESET)
 <LI><a href="#[1c]">VADC0_G0_2_IRQHandler</a> from startup_xmc4402.o(.text) referenced from startup_xmc4402.o(RESET)
 <LI><a href="#[1d]">VADC0_G0_3_IRQHandler</a> from startup_xmc4402.o(.text) referenced from startup_xmc4402.o(RESET)
 <LI><a href="#[1e]">VADC0_G1_0_IRQHandler</a> from startup_xmc4402.o(.text) referenced from startup_xmc4402.o(RESET)
 <LI><a href="#[1f]">VADC0_G1_1_IRQHandler</a> from startup_xmc4402.o(.text) referenced from startup_xmc4402.o(RESET)
 <LI><a href="#[20]">VADC0_G1_2_IRQHandler</a> from startup_xmc4402.o(.text) referenced from startup_xmc4402.o(RESET)
 <LI><a href="#[21]">VADC0_G1_3_IRQHandler</a> from startup_xmc4402.o(.text) referenced from startup_xmc4402.o(RESET)
 <LI><a href="#[22]">VADC0_G2_0_IRQHandler</a> from startup_xmc4402.o(.text) referenced from startup_xmc4402.o(RESET)
 <LI><a href="#[23]">VADC0_G2_1_IRQHandler</a> from startup_xmc4402.o(.text) referenced from startup_xmc4402.o(RESET)
 <LI><a href="#[24]">VADC0_G2_2_IRQHandler</a> from startup_xmc4402.o(.text) referenced from startup_xmc4402.o(RESET)
 <LI><a href="#[25]">VADC0_G2_3_IRQHandler</a> from startup_xmc4402.o(.text) referenced from startup_xmc4402.o(RESET)
 <LI><a href="#[26]">VADC0_G3_0_IRQHandler</a> from startup_xmc4402.o(.text) referenced from startup_xmc4402.o(RESET)
 <LI><a href="#[27]">VADC0_G3_1_IRQHandler</a> from startup_xmc4402.o(.text) referenced from startup_xmc4402.o(RESET)
 <LI><a href="#[28]">VADC0_G3_2_IRQHandler</a> from startup_xmc4402.o(.text) referenced from startup_xmc4402.o(RESET)
 <LI><a href="#[29]">VADC0_G3_3_IRQHandler</a> from startup_xmc4402.o(.text) referenced from startup_xmc4402.o(RESET)
 <LI><a href="#[71]">__main</a> from __main.o(!!!main) referenced from startup_xmc4402.o(.text)
 <LI><a href="#[6f]">spi_flash_dma_rx_handler</a> from bsp_spiflash.o(i.spi_flash_dma_rx_handler) referenced from bsp_spiflash.o(i.bsp_SpiFlashInit)
 <LI><a href="#[6e]">spi_flash_dma_tx_handler</a> from bsp_spiflash.o(i.spi_flash_dma_tx_handler) referenced from bsp_spiflash.o(i.bsp_SpiFlashInit)
</UL>
<P>
<H3>
Global Symbols
</H3>
<P><STRONG><a name="[71]"></a>__main</STRONG> (Thumb, 8 bytes, Stack size 0 bytes, __main.o(!!!main))
<BR><BR>[Calls]<UL><LI><a href="#[72]">&gt;&gt;</a>&nbsp;&nbsp;&nbsp;__scatterload
<LI><a href="#[73]">&gt;&gt;</a>&nbsp;&nbsp;&nbsp;__rt_entry
</UL>

<P><STRONG><a name="[72]"></a>__scatterload</STRONG> (Thumb, 0 bytes, Stack size unknown bytes, __scatter.o(!!!scatter))
<BR><BR>[Called By]<UL><LI><a href="#[71]">&gt;&gt;</a>&nbsp;&nbsp;&nbsp;__main
</UL>

<P><STRONG><a name="[74]"></a>__scatterload_rt2</STRONG> (Thumb, 44 bytes, Stack size unknown bytes, __scatter.o(!!!scatter), UNUSED)
<BR><BR>[Calls]<UL><LI><a href="#[73]">&gt;&gt;</a>&nbsp;&nbsp;&nbsp;__rt_entry
</UL>

<P><STRONG><a name="[1b2]"></a>__scatterload_rt2_thumb_only</STRONG> (Thumb, 0 bytes, Stack size unknown bytes, __scatter.o(!!!scatter), UNUSED)

<P><STRONG><a name="[1b3]"></a>__scatterload_null</STRONG> (Thumb, 0 bytes, Stack size unknown bytes, __scatter.o(!!!scatter), UNUSED)

<P><STRONG><a name="[1b4]"></a>__decompress</STRONG> (Thumb, 90 bytes, Stack size unknown bytes, __dczerorl2.o(!!dczerorl2), UNUSED)

<P><STRONG><a name="[1b5]"></a>__decompress1</STRONG> (Thumb, 0 bytes, Stack size unknown bytes, __dczerorl2.o(!!dczerorl2), UNUSED)

<P><STRONG><a name="[1b6]"></a>__scatterload_zeroinit</STRONG> (Thumb, 28 bytes, Stack size unknown bytes, __scatter_zi.o(!!handler_zi), UNUSED)

<P><STRONG><a name="[7a]"></a>__rt_lib_init</STRONG> (Thumb, 0 bytes, Stack size unknown bytes, libinit.o(.ARM.Collect$$libinit$$00000000))
<BR><BR>[Called By]<UL><LI><a href="#[79]">&gt;&gt;</a>&nbsp;&nbsp;&nbsp;__rt_entry_li
</UL>

<P><STRONG><a name="[75]"></a>__rt_lib_init_fp_1</STRONG> (Thumb, 0 bytes, Stack size unknown bytes, libinit2.o(.ARM.Collect$$libinit$$00000001))
<BR><BR>[Calls]<UL><LI><a href="#[76]">&gt;&gt;</a>&nbsp;&nbsp;&nbsp;_fp_init
</UL>

<P><STRONG><a name="[1b7]"></a>__rt_lib_init_alloca_1</STRONG> (Thumb, 0 bytes, Stack size unknown bytes, libinit2.o(.ARM.Collect$$libinit$$0000002E))

<P><STRONG><a name="[1b8]"></a>__rt_lib_init_argv_1</STRONG> (Thumb, 0 bytes, Stack size unknown bytes, libinit2.o(.ARM.Collect$$libinit$$0000002C))

<P><STRONG><a name="[1b9]"></a>__rt_lib_init_atexit_1</STRONG> (Thumb, 0 bytes, Stack size unknown bytes, libinit2.o(.ARM.Collect$$libinit$$0000001B))

<P><STRONG><a name="[1ba]"></a>__rt_lib_init_clock_1</STRONG> (Thumb, 0 bytes, Stack size unknown bytes, libinit2.o(.ARM.Collect$$libinit$$00000021))

<P><STRONG><a name="[1bb]"></a>__rt_lib_init_cpp_1</STRONG> (Thumb, 0 bytes, Stack size unknown bytes, libinit2.o(.ARM.Collect$$libinit$$00000032))

<P><STRONG><a name="[1bc]"></a>__rt_lib_init_exceptions_1</STRONG> (Thumb, 0 bytes, Stack size unknown bytes, libinit2.o(.ARM.Collect$$libinit$$00000030))

<P><STRONG><a name="[1bd]"></a>__rt_lib_init_fp_trap_1</STRONG> (Thumb, 0 bytes, Stack size unknown bytes, libinit2.o(.ARM.Collect$$libinit$$0000001F))

<P><STRONG><a name="[1be]"></a>__rt_lib_init_getenv_1</STRONG> (Thumb, 0 bytes, Stack size unknown bytes, libinit2.o(.ARM.Collect$$libinit$$00000023))

<P><STRONG><a name="[1bf]"></a>__rt_lib_init_heap_1</STRONG> (Thumb, 0 bytes, Stack size unknown bytes, libinit2.o(.ARM.Collect$$libinit$$0000000A))

<P><STRONG><a name="[1c0]"></a>__rt_lib_init_lc_collate_1</STRONG> (Thumb, 0 bytes, Stack size unknown bytes, libinit2.o(.ARM.Collect$$libinit$$00000011))

<P><STRONG><a name="[1c1]"></a>__rt_lib_init_lc_ctype_1</STRONG> (Thumb, 0 bytes, Stack size unknown bytes, libinit2.o(.ARM.Collect$$libinit$$00000013))

<P><STRONG><a name="[1c2]"></a>__rt_lib_init_lc_monetary_1</STRONG> (Thumb, 0 bytes, Stack size unknown bytes, libinit2.o(.ARM.Collect$$libinit$$00000015))

<P><STRONG><a name="[1c3]"></a>__rt_lib_init_lc_numeric_1</STRONG> (Thumb, 0 bytes, Stack size unknown bytes, libinit2.o(.ARM.Collect$$libinit$$00000017))

<P><STRONG><a name="[1c4]"></a>__rt_lib_init_lc_time_1</STRONG> (Thumb, 0 bytes, Stack size unknown bytes, libinit2.o(.ARM.Collect$$libinit$$00000019))

<P><STRONG><a name="[1c5]"></a>__rt_lib_init_preinit_1</STRONG> (Thumb, 0 bytes, Stack size unknown bytes, libinit2.o(.ARM.Collect$$libinit$$00000004))

<P><STRONG><a name="[1c6]"></a>__rt_lib_init_rand_1</STRONG> (Thumb, 0 bytes, Stack size unknown bytes, libinit2.o(.ARM.Collect$$libinit$$0000000E))

<P><STRONG><a name="[1c7]"></a>__rt_lib_init_return</STRONG> (Thumb, 0 bytes, Stack size unknown bytes, libinit2.o(.ARM.Collect$$libinit$$00000033))

<P><STRONG><a name="[1c8]"></a>__rt_lib_init_signal_1</STRONG> (Thumb, 0 bytes, Stack size unknown bytes, libinit2.o(.ARM.Collect$$libinit$$0000001D))

<P><STRONG><a name="[1c9]"></a>__rt_lib_init_stdio_1</STRONG> (Thumb, 0 bytes, Stack size unknown bytes, libinit2.o(.ARM.Collect$$libinit$$00000025))

<P><STRONG><a name="[1ca]"></a>__rt_lib_init_user_alloc_1</STRONG> (Thumb, 0 bytes, Stack size unknown bytes, libinit2.o(.ARM.Collect$$libinit$$0000000C))

<P><STRONG><a name="[7f]"></a>__rt_lib_shutdown</STRONG> (Thumb, 0 bytes, Stack size unknown bytes, libshutdown.o(.ARM.Collect$$libshutdown$$00000000))
<BR><BR>[Called By]<UL><LI><a href="#[7e]">&gt;&gt;</a>&nbsp;&nbsp;&nbsp;__rt_exit_ls
</UL>

<P><STRONG><a name="[1cb]"></a>__rt_lib_shutdown_cpp_1</STRONG> (Thumb, 0 bytes, Stack size unknown bytes, libshutdown2.o(.ARM.Collect$$libshutdown$$00000002))

<P><STRONG><a name="[1cc]"></a>__rt_lib_shutdown_fp_trap_1</STRONG> (Thumb, 0 bytes, Stack size unknown bytes, libshutdown2.o(.ARM.Collect$$libshutdown$$00000007))

<P><STRONG><a name="[1cd]"></a>__rt_lib_shutdown_heap_1</STRONG> (Thumb, 0 bytes, Stack size unknown bytes, libshutdown2.o(.ARM.Collect$$libshutdown$$0000000F))

<P><STRONG><a name="[1ce]"></a>__rt_lib_shutdown_return</STRONG> (Thumb, 0 bytes, Stack size unknown bytes, libshutdown2.o(.ARM.Collect$$libshutdown$$00000010))

<P><STRONG><a name="[1cf]"></a>__rt_lib_shutdown_signal_1</STRONG> (Thumb, 0 bytes, Stack size unknown bytes, libshutdown2.o(.ARM.Collect$$libshutdown$$0000000A))

<P><STRONG><a name="[1d0]"></a>__rt_lib_shutdown_stdio_1</STRONG> (Thumb, 0 bytes, Stack size unknown bytes, libshutdown2.o(.ARM.Collect$$libshutdown$$00000004))

<P><STRONG><a name="[1d1]"></a>__rt_lib_shutdown_user_alloc_1</STRONG> (Thumb, 0 bytes, Stack size unknown bytes, libshutdown2.o(.ARM.Collect$$libshutdown$$0000000C))

<P><STRONG><a name="[73]"></a>__rt_entry</STRONG> (Thumb, 0 bytes, Stack size unknown bytes, __rtentry.o(.ARM.Collect$$rtentry$$00000000))
<BR><BR>[Called By]<UL><LI><a href="#[74]">&gt;&gt;</a>&nbsp;&nbsp;&nbsp;__scatterload_rt2
<LI><a href="#[71]">&gt;&gt;</a>&nbsp;&nbsp;&nbsp;__main
</UL>

<P><STRONG><a name="[1d2]"></a>__rt_entry_presh_1</STRONG> (Thumb, 0 bytes, Stack size unknown bytes, __rtentry2.o(.ARM.Collect$$rtentry$$00000002))

<P><STRONG><a name="[77]"></a>__rt_entry_sh</STRONG> (Thumb, 0 bytes, Stack size unknown bytes, __rtentry4.o(.ARM.Collect$$rtentry$$00000004))
<BR><BR>[Stack]<UL><LI>Max Depth = 8 + Unknown Stack Size
<LI>Call Chain = __rt_entry_sh &rArr; __user_setup_stackheap
</UL>
<BR>[Calls]<UL><LI><a href="#[78]">&gt;&gt;</a>&nbsp;&nbsp;&nbsp;__user_setup_stackheap
</UL>

<P><STRONG><a name="[79]"></a>__rt_entry_li</STRONG> (Thumb, 0 bytes, Stack size unknown bytes, __rtentry2.o(.ARM.Collect$$rtentry$$0000000A))
<BR><BR>[Calls]<UL><LI><a href="#[7a]">&gt;&gt;</a>&nbsp;&nbsp;&nbsp;__rt_lib_init
</UL>

<P><STRONG><a name="[1d3]"></a>__rt_entry_postsh_1</STRONG> (Thumb, 0 bytes, Stack size unknown bytes, __rtentry2.o(.ARM.Collect$$rtentry$$00000009))

<P><STRONG><a name="[7b]"></a>__rt_entry_main</STRONG> (Thumb, 0 bytes, Stack size unknown bytes, __rtentry2.o(.ARM.Collect$$rtentry$$0000000D))
<BR><BR>[Stack]<UL><LI>Max Depth = 304 + Unknown Stack Size
<LI>Call Chain = __rt_entry_main &rArr; main &rArr; run_status &rArr; go_beginpoint &rArr; y_quickmove &rArr; process_quickmove_data &rArr; delay_ms &rArr; rec_com &rArr; protocol &rArr; read_stepmotor_config_para &rArr; delay_us &rArr; bsp_DelayUs
</UL>
<BR>[Calls]<UL><LI><a href="#[7c]">&gt;&gt;</a>&nbsp;&nbsp;&nbsp;main
<LI><a href="#[7d]">&gt;&gt;</a>&nbsp;&nbsp;&nbsp;exit
</UL>

<P><STRONG><a name="[1d4]"></a>__rt_entry_postli_1</STRONG> (Thumb, 0 bytes, Stack size unknown bytes, __rtentry2.o(.ARM.Collect$$rtentry$$0000000C))

<P><STRONG><a name="[86]"></a>__rt_exit</STRONG> (Thumb, 0 bytes, Stack size unknown bytes, rtexit.o(.ARM.Collect$$rtexit$$00000000))
<BR><BR>[Called By]<UL><LI><a href="#[7d]">&gt;&gt;</a>&nbsp;&nbsp;&nbsp;exit
</UL>

<P><STRONG><a name="[7e]"></a>__rt_exit_ls</STRONG> (Thumb, 0 bytes, Stack size unknown bytes, rtexit2.o(.ARM.Collect$$rtexit$$00000003))
<BR><BR>[Calls]<UL><LI><a href="#[7f]">&gt;&gt;</a>&nbsp;&nbsp;&nbsp;__rt_lib_shutdown
</UL>

<P><STRONG><a name="[1d5]"></a>__rt_exit_prels_1</STRONG> (Thumb, 0 bytes, Stack size unknown bytes, rtexit2.o(.ARM.Collect$$rtexit$$00000002))

<P><STRONG><a name="[80]"></a>__rt_exit_exit</STRONG> (Thumb, 0 bytes, Stack size unknown bytes, rtexit2.o(.ARM.Collect$$rtexit$$00000004))
<BR><BR>[Calls]<UL><LI><a href="#[81]">&gt;&gt;</a>&nbsp;&nbsp;&nbsp;_sys_exit
</UL>

<P><STRONG><a name="[2]"></a>Reset_Handler</STRONG> (Thumb, 12 bytes, Stack size 0 bytes, startup_xmc4402.o(.text))
<BR>[Address Reference Count : 1]<UL><LI> startup_xmc4402.o(RESET)
</UL>
<P><STRONG><a name="[6]"></a>BusFault_Handler</STRONG> (Thumb, 0 bytes, Stack size 0 bytes, startup_xmc4402.o(.text))
<BR><BR>[Calls]<UL><LI><a href="#[6]">&gt;&gt;</a>&nbsp;&nbsp;&nbsp;BusFault_Handler
</UL>
<BR>[Called By]<UL><LI><a href="#[6]">&gt;&gt;</a>&nbsp;&nbsp;&nbsp;BusFault_Handler
</UL>
<BR>[Address Reference Count : 1]<UL><LI> startup_xmc4402.o(RESET)
</UL>
<P><STRONG><a name="[54]"></a>CAN0_0_IRQHandler</STRONG> (Thumb, 0 bytes, Stack size 0 bytes, startup_xmc4402.o(.text))
<BR>[Address Reference Count : 1]<UL><LI> startup_xmc4402.o(RESET)
</UL>
<P><STRONG><a name="[55]"></a>CAN0_1_IRQHandler</STRONG> (Thumb, 0 bytes, Stack size 0 bytes, startup_xmc4402.o(.text))
<BR>[Address Reference Count : 1]<UL><LI> startup_xmc4402.o(RESET)
</UL>
<P><STRONG><a name="[56]"></a>CAN0_2_IRQHandler</STRONG> (Thumb, 0 bytes, Stack size 0 bytes, startup_xmc4402.o(.text))
<BR>[Address Reference Count : 1]<UL><LI> startup_xmc4402.o(RESET)
</UL>
<P><STRONG><a name="[57]"></a>CAN0_3_IRQHandler</STRONG> (Thumb, 0 bytes, Stack size 0 bytes, startup_xmc4402.o(.text))
<BR>[Address Reference Count : 1]<UL><LI> startup_xmc4402.o(RESET)
</UL>
<P><STRONG><a name="[58]"></a>CAN0_4_IRQHandler</STRONG> (Thumb, 0 bytes, Stack size 0 bytes, startup_xmc4402.o(.text))
<BR>[Address Reference Count : 1]<UL><LI> startup_xmc4402.o(RESET)
</UL>
<P><STRONG><a name="[59]"></a>CAN0_5_IRQHandler</STRONG> (Thumb, 0 bytes, Stack size 0 bytes, startup_xmc4402.o(.text))
<BR>[Address Reference Count : 1]<UL><LI> startup_xmc4402.o(RESET)
</UL>
<P><STRONG><a name="[5a]"></a>CAN0_6_IRQHandler</STRONG> (Thumb, 0 bytes, Stack size 0 bytes, startup_xmc4402.o(.text))
<BR>[Address Reference Count : 1]<UL><LI> startup_xmc4402.o(RESET)
</UL>
<P><STRONG><a name="[5b]"></a>CAN0_7_IRQHandler</STRONG> (Thumb, 0 bytes, Stack size 0 bytes, startup_xmc4402.o(.text))
<BR>[Address Reference Count : 1]<UL><LI> startup_xmc4402.o(RESET)
</UL>
<P><STRONG><a name="[35]"></a>CCU40_1_IRQHandler</STRONG> (Thumb, 0 bytes, Stack size 0 bytes, startup_xmc4402.o(.text))
<BR>[Address Reference Count : 1]<UL><LI> startup_xmc4402.o(RESET)
</UL>
<P><STRONG><a name="[36]"></a>CCU40_2_IRQHandler</STRONG> (Thumb, 0 bytes, Stack size 0 bytes, startup_xmc4402.o(.text))
<BR>[Address Reference Count : 1]<UL><LI> startup_xmc4402.o(RESET)
</UL>
<P><STRONG><a name="[37]"></a>CCU40_3_IRQHandler</STRONG> (Thumb, 0 bytes, Stack size 0 bytes, startup_xmc4402.o(.text))
<BR>[Address Reference Count : 1]<UL><LI> startup_xmc4402.o(RESET)
</UL>
<P><STRONG><a name="[38]"></a>CCU41_0_IRQHandler</STRONG> (Thumb, 0 bytes, Stack size 0 bytes, startup_xmc4402.o(.text))
<BR>[Address Reference Count : 1]<UL><LI> startup_xmc4402.o(RESET)
</UL>
<P><STRONG><a name="[39]"></a>CCU41_1_IRQHandler</STRONG> (Thumb, 0 bytes, Stack size 0 bytes, startup_xmc4402.o(.text))
<BR>[Address Reference Count : 1]<UL><LI> startup_xmc4402.o(RESET)
</UL>
<P><STRONG><a name="[3a]"></a>CCU41_2_IRQHandler</STRONG> (Thumb, 0 bytes, Stack size 0 bytes, startup_xmc4402.o(.text))
<BR>[Address Reference Count : 1]<UL><LI> startup_xmc4402.o(RESET)
</UL>
<P><STRONG><a name="[3b]"></a>CCU41_3_IRQHandler</STRONG> (Thumb, 0 bytes, Stack size 0 bytes, startup_xmc4402.o(.text))
<BR>[Address Reference Count : 1]<UL><LI> startup_xmc4402.o(RESET)
</UL>
<P><STRONG><a name="[3c]"></a>CCU42_0_IRQHandler</STRONG> (Thumb, 0 bytes, Stack size 0 bytes, startup_xmc4402.o(.text))
<BR>[Address Reference Count : 1]<UL><LI> startup_xmc4402.o(RESET)
</UL>
<P><STRONG><a name="[3d]"></a>CCU42_1_IRQHandler</STRONG> (Thumb, 0 bytes, Stack size 0 bytes, startup_xmc4402.o(.text))
<BR>[Address Reference Count : 1]<UL><LI> startup_xmc4402.o(RESET)
</UL>
<P><STRONG><a name="[3e]"></a>CCU42_2_IRQHandler</STRONG> (Thumb, 0 bytes, Stack size 0 bytes, startup_xmc4402.o(.text))
<BR>[Address Reference Count : 1]<UL><LI> startup_xmc4402.o(RESET)
</UL>
<P><STRONG><a name="[3f]"></a>CCU42_3_IRQHandler</STRONG> (Thumb, 0 bytes, Stack size 0 bytes, startup_xmc4402.o(.text))
<BR>[Address Reference Count : 1]<UL><LI> startup_xmc4402.o(RESET)
</UL>
<P><STRONG><a name="[40]"></a>CCU43_0_IRQHandler</STRONG> (Thumb, 0 bytes, Stack size 0 bytes, startup_xmc4402.o(.text))
<BR>[Address Reference Count : 1]<UL><LI> startup_xmc4402.o(RESET)
</UL>
<P><STRONG><a name="[41]"></a>CCU43_1_IRQHandler</STRONG> (Thumb, 0 bytes, Stack size 0 bytes, startup_xmc4402.o(.text))
<BR>[Address Reference Count : 1]<UL><LI> startup_xmc4402.o(RESET)
</UL>
<P><STRONG><a name="[43]"></a>CCU43_3_IRQHandler</STRONG> (Thumb, 0 bytes, Stack size 0 bytes, startup_xmc4402.o(.text))
<BR>[Address Reference Count : 1]<UL><LI> startup_xmc4402.o(RESET)
</UL>
<P><STRONG><a name="[44]"></a>CCU80_0_IRQHandler</STRONG> (Thumb, 0 bytes, Stack size 0 bytes, startup_xmc4402.o(.text))
<BR>[Address Reference Count : 1]<UL><LI> startup_xmc4402.o(RESET)
</UL>
<P><STRONG><a name="[45]"></a>CCU80_1_IRQHandler</STRONG> (Thumb, 0 bytes, Stack size 0 bytes, startup_xmc4402.o(.text))
<BR>[Address Reference Count : 1]<UL><LI> startup_xmc4402.o(RESET)
</UL>
<P><STRONG><a name="[46]"></a>CCU80_2_IRQHandler</STRONG> (Thumb, 0 bytes, Stack size 0 bytes, startup_xmc4402.o(.text))
<BR>[Address Reference Count : 1]<UL><LI> startup_xmc4402.o(RESET)
</UL>
<P><STRONG><a name="[47]"></a>CCU80_3_IRQHandler</STRONG> (Thumb, 0 bytes, Stack size 0 bytes, startup_xmc4402.o(.text))
<BR>[Address Reference Count : 1]<UL><LI> startup_xmc4402.o(RESET)
</UL>
<P><STRONG><a name="[48]"></a>CCU81_0_IRQHandler</STRONG> (Thumb, 0 bytes, Stack size 0 bytes, startup_xmc4402.o(.text))
<BR>[Address Reference Count : 1]<UL><LI> startup_xmc4402.o(RESET)
</UL>
<P><STRONG><a name="[49]"></a>CCU81_1_IRQHandler</STRONG> (Thumb, 0 bytes, Stack size 0 bytes, startup_xmc4402.o(.text))
<BR>[Address Reference Count : 1]<UL><LI> startup_xmc4402.o(RESET)
</UL>
<P><STRONG><a name="[4a]"></a>CCU81_2_IRQHandler</STRONG> (Thumb, 0 bytes, Stack size 0 bytes, startup_xmc4402.o(.text))
<BR>[Address Reference Count : 1]<UL><LI> startup_xmc4402.o(RESET)
</UL>
<P><STRONG><a name="[4b]"></a>CCU81_3_IRQHandler</STRONG> (Thumb, 0 bytes, Stack size 0 bytes, startup_xmc4402.o(.text))
<BR>[Address Reference Count : 1]<UL><LI> startup_xmc4402.o(RESET)
</UL>
<P><STRONG><a name="[32]"></a>DAC0_0_IRQHandler</STRONG> (Thumb, 0 bytes, Stack size 0 bytes, startup_xmc4402.o(.text))
<BR>[Address Reference Count : 1]<UL><LI> startup_xmc4402.o(RESET)
</UL>
<P><STRONG><a name="[33]"></a>DAC0_1_IRQHandler</STRONG> (Thumb, 0 bytes, Stack size 0 bytes, startup_xmc4402.o(.text))
<BR>[Address Reference Count : 1]<UL><LI> startup_xmc4402.o(RESET)
</UL>
<P><STRONG><a name="[2a]"></a>DSD0_0_IRQHandler</STRONG> (Thumb, 0 bytes, Stack size 0 bytes, startup_xmc4402.o(.text))
<BR>[Address Reference Count : 1]<UL><LI> startup_xmc4402.o(RESET)
</UL>
<P><STRONG><a name="[2b]"></a>DSD0_1_IRQHandler</STRONG> (Thumb, 0 bytes, Stack size 0 bytes, startup_xmc4402.o(.text))
<BR>[Address Reference Count : 1]<UL><LI> startup_xmc4402.o(RESET)
</UL>
<P><STRONG><a name="[2c]"></a>DSD0_2_IRQHandler</STRONG> (Thumb, 0 bytes, Stack size 0 bytes, startup_xmc4402.o(.text))
<BR>[Address Reference Count : 1]<UL><LI> startup_xmc4402.o(RESET)
</UL>
<P><STRONG><a name="[2d]"></a>DSD0_3_IRQHandler</STRONG> (Thumb, 0 bytes, Stack size 0 bytes, startup_xmc4402.o(.text))
<BR>[Address Reference Count : 1]<UL><LI> startup_xmc4402.o(RESET)
</UL>
<P><STRONG><a name="[2e]"></a>DSD0_4_IRQHandler</STRONG> (Thumb, 0 bytes, Stack size 0 bytes, startup_xmc4402.o(.text))
<BR>[Address Reference Count : 1]<UL><LI> startup_xmc4402.o(RESET)
</UL>
<P><STRONG><a name="[2f]"></a>DSD0_5_IRQHandler</STRONG> (Thumb, 0 bytes, Stack size 0 bytes, startup_xmc4402.o(.text))
<BR>[Address Reference Count : 1]<UL><LI> startup_xmc4402.o(RESET)
</UL>
<P><STRONG><a name="[30]"></a>DSD0_6_IRQHandler</STRONG> (Thumb, 0 bytes, Stack size 0 bytes, startup_xmc4402.o(.text))
<BR>[Address Reference Count : 1]<UL><LI> startup_xmc4402.o(RESET)
</UL>
<P><STRONG><a name="[31]"></a>DSD0_7_IRQHandler</STRONG> (Thumb, 0 bytes, Stack size 0 bytes, startup_xmc4402.o(.text))
<BR>[Address Reference Count : 1]<UL><LI> startup_xmc4402.o(RESET)
</UL>
<P><STRONG><a name="[9]"></a>DebugMon_Handler</STRONG> (Thumb, 0 bytes, Stack size 0 bytes, startup_xmc4402.o(.text))
<BR>[Address Reference Count : 1]<UL><LI> startup_xmc4402.o(RESET)
</UL>
<P><STRONG><a name="[d]"></a>ERU0_0_IRQHandler</STRONG> (Thumb, 0 bytes, Stack size 0 bytes, startup_xmc4402.o(.text))
<BR>[Address Reference Count : 1]<UL><LI> startup_xmc4402.o(RESET)
</UL>
<P><STRONG><a name="[e]"></a>ERU0_1_IRQHandler</STRONG> (Thumb, 0 bytes, Stack size 0 bytes, startup_xmc4402.o(.text))
<BR>[Address Reference Count : 1]<UL><LI> startup_xmc4402.o(RESET)
</UL>
<P><STRONG><a name="[f]"></a>ERU0_2_IRQHandler</STRONG> (Thumb, 0 bytes, Stack size 0 bytes, startup_xmc4402.o(.text))
<BR>[Address Reference Count : 1]<UL><LI> startup_xmc4402.o(RESET)
</UL>
<P><STRONG><a name="[10]"></a>ERU0_3_IRQHandler</STRONG> (Thumb, 0 bytes, Stack size 0 bytes, startup_xmc4402.o(.text))
<BR>[Address Reference Count : 1]<UL><LI> startup_xmc4402.o(RESET)
</UL>
<P><STRONG><a name="[11]"></a>ERU1_0_IRQHandler</STRONG> (Thumb, 0 bytes, Stack size 0 bytes, startup_xmc4402.o(.text))
<BR>[Address Reference Count : 1]<UL><LI> startup_xmc4402.o(RESET)
</UL>
<P><STRONG><a name="[12]"></a>ERU1_1_IRQHandler</STRONG> (Thumb, 0 bytes, Stack size 0 bytes, startup_xmc4402.o(.text))
<BR>[Address Reference Count : 1]<UL><LI> startup_xmc4402.o(RESET)
</UL>
<P><STRONG><a name="[13]"></a>ERU1_2_IRQHandler</STRONG> (Thumb, 0 bytes, Stack size 0 bytes, startup_xmc4402.o(.text))
<BR>[Address Reference Count : 1]<UL><LI> startup_xmc4402.o(RESET)
</UL>
<P><STRONG><a name="[14]"></a>ERU1_3_IRQHandler</STRONG> (Thumb, 0 bytes, Stack size 0 bytes, startup_xmc4402.o(.text))
<BR>[Address Reference Count : 1]<UL><LI> startup_xmc4402.o(RESET)
</UL>
<P><STRONG><a name="[69]"></a>FCE0_0_IRQHandler</STRONG> (Thumb, 0 bytes, Stack size 0 bytes, startup_xmc4402.o(.text))
<BR>[Address Reference Count : 1]<UL><LI> startup_xmc4402.o(RESET)
</UL>
<P><STRONG><a name="[50]"></a>HRPWM_0_IRQHandler</STRONG> (Thumb, 0 bytes, Stack size 0 bytes, startup_xmc4402.o(.text))
<BR>[Address Reference Count : 1]<UL><LI> startup_xmc4402.o(RESET)
</UL>
<P><STRONG><a name="[51]"></a>HRPWM_1_IRQHandler</STRONG> (Thumb, 0 bytes, Stack size 0 bytes, startup_xmc4402.o(.text))
<BR>[Address Reference Count : 1]<UL><LI> startup_xmc4402.o(RESET)
</UL>
<P><STRONG><a name="[52]"></a>HRPWM_2_IRQHandler</STRONG> (Thumb, 0 bytes, Stack size 0 bytes, startup_xmc4402.o(.text))
<BR>[Address Reference Count : 1]<UL><LI> startup_xmc4402.o(RESET)
</UL>
<P><STRONG><a name="[53]"></a>HRPWM_3_IRQHandler</STRONG> (Thumb, 0 bytes, Stack size 0 bytes, startup_xmc4402.o(.text))
<BR>[Address Reference Count : 1]<UL><LI> startup_xmc4402.o(RESET)
</UL>
<P><STRONG><a name="[4]"></a>HardFault_Handler</STRONG> (Thumb, 0 bytes, Stack size 0 bytes, startup_xmc4402.o(.text))
<BR>[Address Reference Count : 1]<UL><LI> startup_xmc4402.o(RESET)
</UL>
<P><STRONG><a name="[68]"></a>LEDTS0_0_IRQHandler</STRONG> (Thumb, 0 bytes, Stack size 0 bytes, startup_xmc4402.o(.text))
<BR>[Address Reference Count : 1]<UL><LI> startup_xmc4402.o(RESET)
</UL>
<P><STRONG><a name="[5]"></a>MemManage_Handler</STRONG> (Thumb, 0 bytes, Stack size 0 bytes, startup_xmc4402.o(.text))
<BR>[Address Reference Count : 1]<UL><LI> startup_xmc4402.o(RESET)
</UL>
<P><STRONG><a name="[3]"></a>NMI_Handler</STRONG> (Thumb, 0 bytes, Stack size 0 bytes, startup_xmc4402.o(.text))
<BR>[Address Reference Count : 1]<UL><LI> startup_xmc4402.o(RESET)
</UL>
<P><STRONG><a name="[15]"></a>PMU0_0_IRQHandler</STRONG> (Thumb, 0 bytes, Stack size 0 bytes, startup_xmc4402.o(.text))
<BR>[Address Reference Count : 1]<UL><LI> startup_xmc4402.o(RESET)
</UL>
<P><STRONG><a name="[4c]"></a>POSIF0_0_IRQHandler</STRONG> (Thumb, 0 bytes, Stack size 0 bytes, startup_xmc4402.o(.text))
<BR>[Address Reference Count : 1]<UL><LI> startup_xmc4402.o(RESET)
</UL>
<P><STRONG><a name="[4d]"></a>POSIF0_1_IRQHandler</STRONG> (Thumb, 0 bytes, Stack size 0 bytes, startup_xmc4402.o(.text))
<BR>[Address Reference Count : 1]<UL><LI> startup_xmc4402.o(RESET)
</UL>
<P><STRONG><a name="[4e]"></a>POSIF1_0_IRQHandler</STRONG> (Thumb, 0 bytes, Stack size 0 bytes, startup_xmc4402.o(.text))
<BR>[Address Reference Count : 1]<UL><LI> startup_xmc4402.o(RESET)
</UL>
<P><STRONG><a name="[4f]"></a>POSIF1_1_IRQHandler</STRONG> (Thumb, 0 bytes, Stack size 0 bytes, startup_xmc4402.o(.text))
<BR>[Address Reference Count : 1]<UL><LI> startup_xmc4402.o(RESET)
</UL>
<P><STRONG><a name="[a]"></a>PendSV_Handler</STRONG> (Thumb, 0 bytes, Stack size 0 bytes, startup_xmc4402.o(.text))
<BR>[Address Reference Count : 1]<UL><LI> startup_xmc4402.o(RESET)
</UL>
<P><STRONG><a name="[c]"></a>SCU_0_IRQHandler</STRONG> (Thumb, 0 bytes, Stack size 0 bytes, startup_xmc4402.o(.text))
<BR>[Address Reference Count : 1]<UL><LI> startup_xmc4402.o(RESET)
</UL>
<P><STRONG><a name="[8]"></a>SVC_Handler</STRONG> (Thumb, 0 bytes, Stack size 0 bytes, startup_xmc4402.o(.text))
<BR>[Address Reference Count : 1]<UL><LI> startup_xmc4402.o(RESET)
</UL>
<P><STRONG><a name="[b]"></a>SysTick_Handler</STRONG> (Thumb, 0 bytes, Stack size 0 bytes, startup_xmc4402.o(.text))
<BR>[Address Reference Count : 1]<UL><LI> startup_xmc4402.o(RESET)
</UL>
<P><STRONG><a name="[6b]"></a>USB0_0_IRQHandler</STRONG> (Thumb, 0 bytes, Stack size 0 bytes, startup_xmc4402.o(.text))
<BR>[Address Reference Count : 1]<UL><LI> startup_xmc4402.o(RESET)
</UL>
<P><STRONG><a name="[5e]"></a>USIC0_2_IRQHandler</STRONG> (Thumb, 0 bytes, Stack size 0 bytes, startup_xmc4402.o(.text))
<BR>[Address Reference Count : 1]<UL><LI> startup_xmc4402.o(RESET)
</UL>
<P><STRONG><a name="[60]"></a>USIC0_4_IRQHandler</STRONG> (Thumb, 0 bytes, Stack size 0 bytes, startup_xmc4402.o(.text))
<BR>[Address Reference Count : 1]<UL><LI> startup_xmc4402.o(RESET)
</UL>
<P><STRONG><a name="[64]"></a>USIC1_2_IRQHandler</STRONG> (Thumb, 0 bytes, Stack size 0 bytes, startup_xmc4402.o(.text))
<BR>[Address Reference Count : 1]<UL><LI> startup_xmc4402.o(RESET)
</UL>
<P><STRONG><a name="[65]"></a>USIC1_3_IRQHandler</STRONG> (Thumb, 0 bytes, Stack size 0 bytes, startup_xmc4402.o(.text))
<BR>[Address Reference Count : 1]<UL><LI> startup_xmc4402.o(RESET)
</UL>
<P><STRONG><a name="[66]"></a>USIC1_4_IRQHandler</STRONG> (Thumb, 0 bytes, Stack size 0 bytes, startup_xmc4402.o(.text))
<BR>[Address Reference Count : 1]<UL><LI> startup_xmc4402.o(RESET)
</UL>
<P><STRONG><a name="[67]"></a>USIC1_5_IRQHandler</STRONG> (Thumb, 0 bytes, Stack size 0 bytes, startup_xmc4402.o(.text))
<BR>[Address Reference Count : 1]<UL><LI> startup_xmc4402.o(RESET)
</UL>
<P><STRONG><a name="[7]"></a>UsageFault_Handler</STRONG> (Thumb, 0 bytes, Stack size 0 bytes, startup_xmc4402.o(.text))
<BR>[Address Reference Count : 1]<UL><LI> startup_xmc4402.o(RESET)
</UL>
<P><STRONG><a name="[16]"></a>VADC0_C0_0_IRQHandler</STRONG> (Thumb, 0 bytes, Stack size 0 bytes, startup_xmc4402.o(.text))
<BR>[Address Reference Count : 1]<UL><LI> startup_xmc4402.o(RESET)
</UL>
<P><STRONG><a name="[17]"></a>VADC0_C0_1_IRQHandler</STRONG> (Thumb, 0 bytes, Stack size 0 bytes, startup_xmc4402.o(.text))
<BR>[Address Reference Count : 1]<UL><LI> startup_xmc4402.o(RESET)
</UL>
<P><STRONG><a name="[18]"></a>VADC0_C0_2_IRQHandler</STRONG> (Thumb, 0 bytes, Stack size 0 bytes, startup_xmc4402.o(.text))
<BR>[Address Reference Count : 1]<UL><LI> startup_xmc4402.o(RESET)
</UL>
<P><STRONG><a name="[19]"></a>VADC0_C0_3_IRQHandler</STRONG> (Thumb, 0 bytes, Stack size 0 bytes, startup_xmc4402.o(.text))
<BR>[Address Reference Count : 1]<UL><LI> startup_xmc4402.o(RESET)
</UL>
<P><STRONG><a name="[1b]"></a>VADC0_G0_1_IRQHandler</STRONG> (Thumb, 0 bytes, Stack size 0 bytes, startup_xmc4402.o(.text))
<BR>[Address Reference Count : 1]<UL><LI> startup_xmc4402.o(RESET)
</UL>
<P><STRONG><a name="[1c]"></a>VADC0_G0_2_IRQHandler</STRONG> (Thumb, 0 bytes, Stack size 0 bytes, startup_xmc4402.o(.text))
<BR>[Address Reference Count : 1]<UL><LI> startup_xmc4402.o(RESET)
</UL>
<P><STRONG><a name="[1d]"></a>VADC0_G0_3_IRQHandler</STRONG> (Thumb, 0 bytes, Stack size 0 bytes, startup_xmc4402.o(.text))
<BR>[Address Reference Count : 1]<UL><LI> startup_xmc4402.o(RESET)
</UL>
<P><STRONG><a name="[1e]"></a>VADC0_G1_0_IRQHandler</STRONG> (Thumb, 0 bytes, Stack size 0 bytes, startup_xmc4402.o(.text))
<BR>[Address Reference Count : 1]<UL><LI> startup_xmc4402.o(RESET)
</UL>
<P><STRONG><a name="[1f]"></a>VADC0_G1_1_IRQHandler</STRONG> (Thumb, 0 bytes, Stack size 0 bytes, startup_xmc4402.o(.text))
<BR>[Address Reference Count : 1]<UL><LI> startup_xmc4402.o(RESET)
</UL>
<P><STRONG><a name="[20]"></a>VADC0_G1_2_IRQHandler</STRONG> (Thumb, 0 bytes, Stack size 0 bytes, startup_xmc4402.o(.text))
<BR>[Address Reference Count : 1]<UL><LI> startup_xmc4402.o(RESET)
</UL>
<P><STRONG><a name="[21]"></a>VADC0_G1_3_IRQHandler</STRONG> (Thumb, 0 bytes, Stack size 0 bytes, startup_xmc4402.o(.text))
<BR>[Address Reference Count : 1]<UL><LI> startup_xmc4402.o(RESET)
</UL>
<P><STRONG><a name="[22]"></a>VADC0_G2_0_IRQHandler</STRONG> (Thumb, 0 bytes, Stack size 0 bytes, startup_xmc4402.o(.text))
<BR>[Address Reference Count : 1]<UL><LI> startup_xmc4402.o(RESET)
</UL>
<P><STRONG><a name="[23]"></a>VADC0_G2_1_IRQHandler</STRONG> (Thumb, 0 bytes, Stack size 0 bytes, startup_xmc4402.o(.text))
<BR>[Address Reference Count : 1]<UL><LI> startup_xmc4402.o(RESET)
</UL>
<P><STRONG><a name="[24]"></a>VADC0_G2_2_IRQHandler</STRONG> (Thumb, 0 bytes, Stack size 0 bytes, startup_xmc4402.o(.text))
<BR>[Address Reference Count : 1]<UL><LI> startup_xmc4402.o(RESET)
</UL>
<P><STRONG><a name="[25]"></a>VADC0_G2_3_IRQHandler</STRONG> (Thumb, 0 bytes, Stack size 0 bytes, startup_xmc4402.o(.text))
<BR>[Address Reference Count : 1]<UL><LI> startup_xmc4402.o(RESET)
</UL>
<P><STRONG><a name="[26]"></a>VADC0_G3_0_IRQHandler</STRONG> (Thumb, 0 bytes, Stack size 0 bytes, startup_xmc4402.o(.text))
<BR>[Address Reference Count : 1]<UL><LI> startup_xmc4402.o(RESET)
</UL>
<P><STRONG><a name="[27]"></a>VADC0_G3_1_IRQHandler</STRONG> (Thumb, 0 bytes, Stack size 0 bytes, startup_xmc4402.o(.text))
<BR>[Address Reference Count : 1]<UL><LI> startup_xmc4402.o(RESET)
</UL>
<P><STRONG><a name="[28]"></a>VADC0_G3_2_IRQHandler</STRONG> (Thumb, 0 bytes, Stack size 0 bytes, startup_xmc4402.o(.text))
<BR>[Address Reference Count : 1]<UL><LI> startup_xmc4402.o(RESET)
</UL>
<P><STRONG><a name="[29]"></a>VADC0_G3_3_IRQHandler</STRONG> (Thumb, 0 bytes, Stack size 0 bytes, startup_xmc4402.o(.text))
<BR>[Address Reference Count : 1]<UL><LI> startup_xmc4402.o(RESET)
</UL>
<P><STRONG><a name="[85]"></a>__user_initial_stackheap</STRONG> (Thumb, 0 bytes, Stack size unknown bytes, startup_xmc4402.o(.text))
<BR><BR>[Called By]<UL><LI><a href="#[78]">&gt;&gt;</a>&nbsp;&nbsp;&nbsp;__user_setup_stackheap
</UL>

<P><STRONG><a name="[bb]"></a>__aeabi_memcpy</STRONG> (Thumb, 0 bytes, Stack size 0 bytes, rt_memcpy_v6.o(.text))
<BR><BR>[Called By]<UL><LI><a href="#[6c]">&gt;&gt;</a>&nbsp;&nbsp;&nbsp;SystemInit
</UL>

<P><STRONG><a name="[82]"></a>__rt_memcpy</STRONG> (Thumb, 138 bytes, Stack size 0 bytes, rt_memcpy_v6.o(.text), UNUSED)
<BR><BR>[Calls]<UL><LI><a href="#[83]">&gt;&gt;</a>&nbsp;&nbsp;&nbsp;__aeabi_memcpy4
</UL>

<P><STRONG><a name="[1d6]"></a>_memcpy_lastbytes</STRONG> (Thumb, 0 bytes, Stack size unknown bytes, rt_memcpy_v6.o(.text), UNUSED)

<P><STRONG><a name="[83]"></a>__aeabi_memcpy4</STRONG> (Thumb, 0 bytes, Stack size 8 bytes, rt_memcpy_w.o(.text))
<BR><BR>[Stack]<UL><LI>Max Depth = 8<LI>Call Chain = __aeabi_memcpy4
</UL>
<BR>[Called By]<UL><LI><a href="#[c3]">&gt;&gt;</a>&nbsp;&nbsp;&nbsp;bsp_Spi_Master_Init
<LI><a href="#[c4]">&gt;&gt;</a>&nbsp;&nbsp;&nbsp;bsp_SpiFlashInit
<LI><a href="#[82]">&gt;&gt;</a>&nbsp;&nbsp;&nbsp;__rt_memcpy
</UL>

<P><STRONG><a name="[1d7]"></a>__aeabi_memcpy8</STRONG> (Thumb, 0 bytes, Stack size 8 bytes, rt_memcpy_w.o(.text), UNUSED)

<P><STRONG><a name="[1d8]"></a>__rt_memcpy_w</STRONG> (Thumb, 100 bytes, Stack size 8 bytes, rt_memcpy_w.o(.text), UNUSED)

<P><STRONG><a name="[1d9]"></a>_memcpy_lastbytes_aligned</STRONG> (Thumb, 0 bytes, Stack size unknown bytes, rt_memcpy_w.o(.text), UNUSED)

<P><STRONG><a name="[111]"></a>__aeabi_memclr4</STRONG> (Thumb, 0 bytes, Stack size 4 bytes, rt_memclr_w.o(.text))
<BR><BR>[Stack]<UL><LI>Max Depth = 4<LI>Call Chain = __aeabi_memclr4
</UL>
<BR>[Called By]<UL><LI><a href="#[c3]">&gt;&gt;</a>&nbsp;&nbsp;&nbsp;bsp_Spi_Master_Init
</UL>

<P><STRONG><a name="[1da]"></a>__aeabi_memclr8</STRONG> (Thumb, 0 bytes, Stack size 4 bytes, rt_memclr_w.o(.text), UNUSED)

<P><STRONG><a name="[1db]"></a>__rt_memclr_w</STRONG> (Thumb, 78 bytes, Stack size 4 bytes, rt_memclr_w.o(.text), UNUSED)

<P><STRONG><a name="[1dc]"></a>_memset_w</STRONG> (Thumb, 0 bytes, Stack size unknown bytes, rt_memclr_w.o(.text), UNUSED)

<P><STRONG><a name="[1dd]"></a>__use_two_region_memory</STRONG> (Thumb, 2 bytes, Stack size 0 bytes, heapauxi.o(.text), UNUSED)

<P><STRONG><a name="[1de]"></a>__rt_heap_escrow$2region</STRONG> (Thumb, 2 bytes, Stack size 0 bytes, heapauxi.o(.text), UNUSED)

<P><STRONG><a name="[1df]"></a>__rt_heap_expand$2region</STRONG> (Thumb, 2 bytes, Stack size 0 bytes, heapauxi.o(.text), UNUSED)

<P><STRONG><a name="[78]"></a>__user_setup_stackheap</STRONG> (Thumb, 74 bytes, Stack size 8 bytes, sys_stackheap_outer.o(.text))
<BR><BR>[Stack]<UL><LI>Max Depth = 8 + Unknown Stack Size
<LI>Call Chain = __user_setup_stackheap
</UL>
<BR>[Calls]<UL><LI><a href="#[85]">&gt;&gt;</a>&nbsp;&nbsp;&nbsp;__user_initial_stackheap
<LI><a href="#[84]">&gt;&gt;</a>&nbsp;&nbsp;&nbsp;__user_perproc_libspace
</UL>
<BR>[Called By]<UL><LI><a href="#[77]">&gt;&gt;</a>&nbsp;&nbsp;&nbsp;__rt_entry_sh
</UL>

<P><STRONG><a name="[7d]"></a>exit</STRONG> (Thumb, 18 bytes, Stack size 8 bytes, exit.o(.text))
<BR><BR>[Stack]<UL><LI>Max Depth = 8 + Unknown Stack Size
<LI>Call Chain = exit
</UL>
<BR>[Calls]<UL><LI><a href="#[86]">&gt;&gt;</a>&nbsp;&nbsp;&nbsp;__rt_exit
</UL>
<BR>[Called By]<UL><LI><a href="#[7b]">&gt;&gt;</a>&nbsp;&nbsp;&nbsp;__rt_entry_main
</UL>

<P><STRONG><a name="[1e0]"></a>__user_libspace</STRONG> (Thumb, 8 bytes, Stack size 0 bytes, libspace.o(.text), UNUSED)

<P><STRONG><a name="[84]"></a>__user_perproc_libspace</STRONG> (Thumb, 0 bytes, Stack size 0 bytes, libspace.o(.text))
<BR><BR>[Called By]<UL><LI><a href="#[78]">&gt;&gt;</a>&nbsp;&nbsp;&nbsp;__user_setup_stackheap
</UL>

<P><STRONG><a name="[1e1]"></a>__user_perthread_libspace</STRONG> (Thumb, 0 bytes, Stack size 0 bytes, libspace.o(.text), UNUSED)

<P><STRONG><a name="[81]"></a>_sys_exit</STRONG> (Thumb, 8 bytes, Stack size 0 bytes, sys_exit.o(.text))
<BR><BR>[Called By]<UL><LI><a href="#[80]">&gt;&gt;</a>&nbsp;&nbsp;&nbsp;__rt_exit_exit
</UL>

<P><STRONG><a name="[1e2]"></a>__I$use$semihosting</STRONG> (Thumb, 0 bytes, Stack size 0 bytes, use_no_semi.o(.text), UNUSED)

<P><STRONG><a name="[1e3]"></a>__use_no_semihosting_swi</STRONG> (Thumb, 2 bytes, Stack size 0 bytes, use_no_semi.o(.text), UNUSED)

<P><STRONG><a name="[87]"></a>CAN_NODE_Init</STRONG> (Thumb, 216 bytes, Stack size 24 bytes, can_node.o(i.CAN_NODE_Init))
<BR><BR>[Stack]<UL><LI>Max Depth = 112<LI>Call Chain = CAN_NODE_Init &rArr; GLOBAL_CAN_Init &rArr; XMC_CAN_Init &rArr; XMC_CAN_Enable &rArr; XMC_SCU_RESET_DeassertPeripheralReset
</UL>
<BR>[Calls]<UL><LI><a href="#[8a]">&gt;&gt;</a>&nbsp;&nbsp;&nbsp;XMC_GPIO_Init
<LI><a href="#[89]">&gt;&gt;</a>&nbsp;&nbsp;&nbsp;XMC_CAN_NODE_NominalBitTimeConfigure
<LI><a href="#[8c]">&gt;&gt;</a>&nbsp;&nbsp;&nbsp;XMC_CAN_AllocateMOtoNodeList
<LI><a href="#[88]">&gt;&gt;</a>&nbsp;&nbsp;&nbsp;GLOBAL_CAN_Init
<LI><a href="#[8d]">&gt;&gt;</a>&nbsp;&nbsp;&nbsp;CAN_NODE_MO_Init
<LI><a href="#[8b]">&gt;&gt;</a>&nbsp;&nbsp;&nbsp;CAN_NODE_SetNodeEvents
</UL>
<BR>[Called By]<UL><LI><a href="#[be]">&gt;&gt;</a>&nbsp;&nbsp;&nbsp;app_Can_Init
</UL>

<P><STRONG><a name="[1e4]"></a>__semihosting_library_function</STRONG> (Thumb, 0 bytes, Stack size 24 bytes, indicate_semi.o(.text), UNUSED)

<P><STRONG><a name="[8d]"></a>CAN_NODE_MO_Init</STRONG> (Thumb, 76 bytes, Stack size 8 bytes, can_node.o(i.CAN_NODE_MO_Init))
<BR><BR>[Stack]<UL><LI>Max Depth = 28<LI>Call Chain = CAN_NODE_MO_Init &rArr; XMC_CAN_MO_Config
</UL>
<BR>[Calls]<UL><LI><a href="#[8e]">&gt;&gt;</a>&nbsp;&nbsp;&nbsp;XMC_CAN_MO_Config
<LI><a href="#[8f]">&gt;&gt;</a>&nbsp;&nbsp;&nbsp;XMC_CAN_MO_SetEventNodePointer
<LI><a href="#[90]">&gt;&gt;</a>&nbsp;&nbsp;&nbsp;XMC_CAN_MO_EnableEvent
</UL>
<BR>[Called By]<UL><LI><a href="#[87]">&gt;&gt;</a>&nbsp;&nbsp;&nbsp;CAN_NODE_Init
</UL>

<P><STRONG><a name="[34]"></a>CCU40_0_IRQHandler</STRONG> (Thumb, 52 bytes, Stack size 0 bytes, mc_driver.o(i.CCU40_0_IRQHandler))
<BR>[Address Reference Count : 1]<UL><LI> startup_xmc4402.o(RESET)
</UL>
<P><STRONG><a name="[42]"></a>CCU43_2_IRQHandler</STRONG> (Thumb, 70 bytes, Stack size 8 bytes, watch.o(i.CCU43_2_IRQHandler))
<BR><BR>[Stack]<UL><LI>Max Depth = 24<LI>Call Chain = CCU43_2_IRQHandler &rArr; function_1ms_hook &rArr; app_DacSetValue
</UL>
<BR>[Calls]<UL><LI><a href="#[95]">&gt;&gt;</a>&nbsp;&nbsp;&nbsp;function_1ms_hook
<LI><a href="#[94]">&gt;&gt;</a>&nbsp;&nbsp;&nbsp;Sys_Watch
</UL>
<BR>[Address Reference Count : 1]<UL><LI> startup_xmc4402.o(RESET)
</UL>
<P><STRONG><a name="[155]"></a>Calculate_QuickMove_Time</STRONG> (Thumb, 290 bytes, Stack size 16 bytes, step_motor_drv.o(i.Calculate_QuickMove_Time))
<BR><BR>[Stack]<UL><LI>Max Depth = 16<LI>Call Chain = Calculate_QuickMove_Time
</UL>
<BR>[Called By]<UL><LI><a href="#[180]">&gt;&gt;</a>&nbsp;&nbsp;&nbsp;process_nop_move_pause
<LI><a href="#[15d]">&gt;&gt;</a>&nbsp;&nbsp;&nbsp;go_setoutpoint
<LI><a href="#[136]">&gt;&gt;</a>&nbsp;&nbsp;&nbsp;go_commandpoint
<LI><a href="#[152]">&gt;&gt;</a>&nbsp;&nbsp;&nbsp;go_beginpoint
</UL>

<P><STRONG><a name="[117]"></a>ChangeX</STRONG> (Thumb, 32 bytes, Stack size 8 bytes, action.o(i.ChangeX))
<BR><BR>[Stack]<UL><LI>Max Depth = 8<LI>Call Chain = ChangeX
</UL>
<BR>[Called By]<UL><LI><a href="#[16f]">&gt;&gt;</a>&nbsp;&nbsp;&nbsp;preedit_status
<LI><a href="#[153]">&gt;&gt;</a>&nbsp;&nbsp;&nbsp;process_data
<LI><a href="#[133]">&gt;&gt;</a>&nbsp;&nbsp;&nbsp;conprocess_data
<LI><a href="#[116]">&gt;&gt;</a>&nbsp;&nbsp;&nbsp;check_data
</UL>

<P><STRONG><a name="[118]"></a>ChangeY</STRONG> (Thumb, 34 bytes, Stack size 8 bytes, action.o(i.ChangeY))
<BR><BR>[Stack]<UL><LI>Max Depth = 8<LI>Call Chain = ChangeY
</UL>
<BR>[Called By]<UL><LI><a href="#[16f]">&gt;&gt;</a>&nbsp;&nbsp;&nbsp;preedit_status
<LI><a href="#[153]">&gt;&gt;</a>&nbsp;&nbsp;&nbsp;process_data
<LI><a href="#[133]">&gt;&gt;</a>&nbsp;&nbsp;&nbsp;conprocess_data
<LI><a href="#[116]">&gt;&gt;</a>&nbsp;&nbsp;&nbsp;check_data
</UL>

<P><STRONG><a name="[88]"></a>GLOBAL_CAN_Init</STRONG> (Thumb, 30 bytes, Stack size 16 bytes, global_can.o(i.GLOBAL_CAN_Init))
<BR><BR>[Stack]<UL><LI>Max Depth = 88<LI>Call Chain = GLOBAL_CAN_Init &rArr; XMC_CAN_Init &rArr; XMC_CAN_Enable &rArr; XMC_SCU_RESET_DeassertPeripheralReset
</UL>
<BR>[Calls]<UL><LI><a href="#[96]">&gt;&gt;</a>&nbsp;&nbsp;&nbsp;XMC_CAN_Init
</UL>
<BR>[Called By]<UL><LI><a href="#[87]">&gt;&gt;</a>&nbsp;&nbsp;&nbsp;CAN_NODE_Init
</UL>

<P><STRONG><a name="[6a]"></a>GPDMA0_0_IRQHandler</STRONG> (Thumb, 10 bytes, Stack size 8 bytes, bsp_spiflash.o(i.GPDMA0_0_IRQHandler))
<BR><BR>[Stack]<UL><LI>Max Depth = 56<LI>Call Chain = GPDMA0_0_IRQHandler &rArr; XMC_DMA_IRQHandler &rArr; XMC_DMA_CH_ClearEventStatus
</UL>
<BR>[Calls]<UL><LI><a href="#[97]">&gt;&gt;</a>&nbsp;&nbsp;&nbsp;XMC_DMA_IRQHandler
</UL>
<BR>[Address Reference Count : 1]<UL><LI> startup_xmc4402.o(RESET)
</UL>
<P><STRONG><a name="[b9]"></a>OSCHP_GetFrequency</STRONG> (Thumb, 4 bytes, Stack size 0 bytes, system_xmc4400.o(i.OSCHP_GetFrequency))
<BR><BR>[Called By]<UL><LI><a href="#[ba]">&gt;&gt;</a>&nbsp;&nbsp;&nbsp;SystemCoreClockUpdate
<LI><a href="#[b7]">&gt;&gt;</a>&nbsp;&nbsp;&nbsp;SystemCoreClockSetup
<LI><a href="#[f2]">&gt;&gt;</a>&nbsp;&nbsp;&nbsp;XMC_SCU_CLOCK_StartSystemPll
<LI><a href="#[e4]">&gt;&gt;</a>&nbsp;&nbsp;&nbsp;XMC_SCU_CLOCK_EnableHighPerformanceOscillator
</UL>

<P><STRONG><a name="[98]"></a>Rs485_ReceiveEn</STRONG> (Thumb, 12 bytes, Stack size 8 bytes, bsp_rs485.o(i.Rs485_ReceiveEn))
<BR><BR>[Stack]<UL><LI>Max Depth = 8<LI>Call Chain = Rs485_ReceiveEn
</UL>
<BR>[Calls]<UL><LI><a href="#[99]">&gt;&gt;</a>&nbsp;&nbsp;&nbsp;XMC_GPIO_SetOutputLow
</UL>
<BR>[Called By]<UL><LI><a href="#[bd]">&gt;&gt;</a>&nbsp;&nbsp;&nbsp;System_Init
<LI><a href="#[5c]">&gt;&gt;</a>&nbsp;&nbsp;&nbsp;USIC0_0_IRQHandler
</UL>

<P><STRONG><a name="[9a]"></a>Rs485_WriteEn</STRONG> (Thumb, 12 bytes, Stack size 8 bytes, bsp_rs485.o(i.Rs485_WriteEn))
<BR><BR>[Stack]<UL><LI>Max Depth = 8<LI>Call Chain = Rs485_WriteEn
</UL>
<BR>[Calls]<UL><LI><a href="#[9b]">&gt;&gt;</a>&nbsp;&nbsp;&nbsp;XMC_GPIO_SetOutputHigh
</UL>
<BR>[Called By]<UL><LI><a href="#[185]">&gt;&gt;</a>&nbsp;&nbsp;&nbsp;tra_com
</UL>

<P><STRONG><a name="[9c]"></a>SCU_Config_Init</STRONG> (Thumb, 24 bytes, Stack size 8 bytes, bsp_scu.o(i.SCU_Config_Init))
<BR><BR>[Stack]<UL><LI>Max Depth = 96<LI>Call Chain = SCU_Config_Init &rArr; XMC_SCU_CLOCK_Init &rArr; XMC_SCU_CLOCK_StartSystemPll &rArr; XMC_SCU_CLOCK_StepSystemPllFrequency &rArr; XMC_SCU_lDelay &rArr; SystemCoreClockUpdate
</UL>
<BR>[Calls]<UL><LI><a href="#[9e]">&gt;&gt;</a>&nbsp;&nbsp;&nbsp;XMC_SCU_HIB_SetRtcClockSource
<LI><a href="#[9f]">&gt;&gt;</a>&nbsp;&nbsp;&nbsp;XMC_SCU_CLOCK_StartUsbPll
<LI><a href="#[9d]">&gt;&gt;</a>&nbsp;&nbsp;&nbsp;XMC_SCU_CLOCK_Init
</UL>
<BR>[Called By]<UL><LI><a href="#[bd]">&gt;&gt;</a>&nbsp;&nbsp;&nbsp;System_Init
</UL>

<P><STRONG><a name="[a9]"></a>SPI_MASTER_lReceiveHandler</STRONG> (Thumb, 254 bytes, Stack size 24 bytes, spi_master.o(i.SPI_MASTER_lReceiveHandler))
<BR><BR>[Stack]<UL><LI>Max Depth = 48<LI>Call Chain = SPI_MASTER_lReceiveHandler &rArr; SPI_MASTER_lReconfigureRxFIFO
</UL>
<BR>[Calls]<UL><LI><a href="#[a8]">&gt;&gt;</a>&nbsp;&nbsp;&nbsp;XMC_USIC_CH_RXFIFO_DisableEvent
<LI><a href="#[ab]">&gt;&gt;</a>&nbsp;&nbsp;&nbsp;XMC_USIC_CH_GetReceiveBufferStatus
<LI><a href="#[aa]">&gt;&gt;</a>&nbsp;&nbsp;&nbsp;SPI_MASTER_lReconfigureRxFIFO
<LI><a href="#[a6]">&gt;&gt;</a>&nbsp;&nbsp;&nbsp;SPI_MASTER_lFIFORead
<LI><a href="#[a7]">&gt;&gt;</a>&nbsp;&nbsp;&nbsp;XMC_SPI_CH_GetReceivedData
<LI><a href="#[ac]">&gt;&gt;</a>&nbsp;&nbsp;&nbsp;XMC_SPI_CH_DisableEvent
</UL>
<BR>[Called By]<UL><LI><a href="#[61]">&gt;&gt;</a>&nbsp;&nbsp;&nbsp;USIC0_5_IRQHandler
</UL>

<P><STRONG><a name="[ae]"></a>SPI_MASTER_lTransmitHandler</STRONG> (Thumb, 272 bytes, Stack size 24 bytes, spi_master.o(i.SPI_MASTER_lTransmitHandler))
<BR><BR>[Stack]<UL><LI>Max Depth = 24<LI>Call Chain = SPI_MASTER_lTransmitHandler
</UL>
<BR>[Calls]<UL><LI><a href="#[b0]">&gt;&gt;</a>&nbsp;&nbsp;&nbsp;XMC_USIC_CH_WriteToTBUFTCI
<LI><a href="#[af]">&gt;&gt;</a>&nbsp;&nbsp;&nbsp;XMC_USIC_CH_TXFIFO_PutDataHPCMode
<LI><a href="#[b1]">&gt;&gt;</a>&nbsp;&nbsp;&nbsp;XMC_USIC_CH_TXFIFO_DisableEvent
</UL>
<BR>[Called By]<UL><LI><a href="#[5f]">&gt;&gt;</a>&nbsp;&nbsp;&nbsp;USIC0_3_IRQHandler
</UL>

<P><STRONG><a name="[b2]"></a>SewingReverse</STRONG> (Thumb, 194 bytes, Stack size 8 bytes, action.o(i.SewingReverse))
<BR><BR>[Stack]<UL><LI>Max Depth = 164<LI>Call Chain = SewingReverse &rArr; special_sewing &rArr; check_data &rArr; ChangeY
</UL>
<BR>[Calls]<UL><LI><a href="#[b4]">&gt;&gt;</a>&nbsp;&nbsp;&nbsp;rec_com
<LI><a href="#[b3]">&gt;&gt;</a>&nbsp;&nbsp;&nbsp;special_sewing
</UL>
<BR>[Called By]<UL><LI><a href="#[16a]">&gt;&gt;</a>&nbsp;&nbsp;&nbsp;run_status
</UL>

<P><STRONG><a name="[b5]"></a>SingleIo_Init</STRONG> (Thumb, 234 bytes, Stack size 8 bytes, bsp_gpio.o(i.SingleIo_Init))
<BR><BR>[Stack]<UL><LI>Max Depth = 20<LI>Call Chain = SingleIo_Init &rArr; XMC_GPIO_Init
</UL>
<BR>[Calls]<UL><LI><a href="#[8a]">&gt;&gt;</a>&nbsp;&nbsp;&nbsp;XMC_GPIO_Init
</UL>
<BR>[Called By]<UL><LI><a href="#[bd]">&gt;&gt;</a>&nbsp;&nbsp;&nbsp;System_Init
</UL>

<P><STRONG><a name="[94]"></a>Sys_Watch</STRONG> (Thumb, 238 bytes, Stack size 8 bytes, watch.o(i.Sys_Watch))
<BR><BR>[Stack]<UL><LI>Max Depth = 8<LI>Call Chain = Sys_Watch
</UL>
<BR>[Calls]<UL><LI><a href="#[b6]">&gt;&gt;</a>&nbsp;&nbsp;&nbsp;XMC_GPIO_GetInput
</UL>
<BR>[Called By]<UL><LI><a href="#[42]">&gt;&gt;</a>&nbsp;&nbsp;&nbsp;CCU43_2_IRQHandler
</UL>

<P><STRONG><a name="[b7]"></a>SystemCoreClockSetup</STRONG> (Thumb, 484 bytes, Stack size 8 bytes, system_xmc4400.o(i.SystemCoreClockSetup))
<BR><BR>[Stack]<UL><LI>Max Depth = 24<LI>Call Chain = SystemCoreClockSetup &rArr; SystemCoreClockUpdate
</UL>
<BR>[Calls]<UL><LI><a href="#[ba]">&gt;&gt;</a>&nbsp;&nbsp;&nbsp;SystemCoreClockUpdate
<LI><a href="#[b9]">&gt;&gt;</a>&nbsp;&nbsp;&nbsp;OSCHP_GetFrequency
<LI><a href="#[b8]">&gt;&gt;</a>&nbsp;&nbsp;&nbsp;delay
</UL>
<BR>[Called By]<UL><LI><a href="#[6c]">&gt;&gt;</a>&nbsp;&nbsp;&nbsp;SystemInit
</UL>

<P><STRONG><a name="[ba]"></a>SystemCoreClockUpdate</STRONG> (Thumb, 148 bytes, Stack size 16 bytes, system_xmc4400.o(i.SystemCoreClockUpdate))
<BR><BR>[Stack]<UL><LI>Max Depth = 16<LI>Call Chain = SystemCoreClockUpdate
</UL>
<BR>[Calls]<UL><LI><a href="#[b9]">&gt;&gt;</a>&nbsp;&nbsp;&nbsp;OSCHP_GetFrequency
</UL>
<BR>[Called By]<UL><LI><a href="#[9d]">&gt;&gt;</a>&nbsp;&nbsp;&nbsp;XMC_SCU_CLOCK_Init
<LI><a href="#[b7]">&gt;&gt;</a>&nbsp;&nbsp;&nbsp;SystemCoreClockSetup
<LI><a href="#[f3]">&gt;&gt;</a>&nbsp;&nbsp;&nbsp;XMC_SCU_lDelay
</UL>

<P><STRONG><a name="[bc]"></a>SystemCoreSetup</STRONG> (Thumb, 74 bytes, Stack size 0 bytes, system_xmc4400.o(i.SystemCoreSetup))
<BR><BR>[Called By]<UL><LI><a href="#[6c]">&gt;&gt;</a>&nbsp;&nbsp;&nbsp;SystemInit
</UL>

<P><STRONG><a name="[6c]"></a>SystemInit</STRONG> (Thumb, 30 bytes, Stack size 8 bytes, system_xmc4400.o(i.SystemInit))
<BR><BR>[Stack]<UL><LI>Max Depth = 32<LI>Call Chain = SystemInit &rArr; SystemCoreClockSetup &rArr; SystemCoreClockUpdate
</UL>
<BR>[Calls]<UL><LI><a href="#[bc]">&gt;&gt;</a>&nbsp;&nbsp;&nbsp;SystemCoreSetup
<LI><a href="#[b7]">&gt;&gt;</a>&nbsp;&nbsp;&nbsp;SystemCoreClockSetup
<LI><a href="#[bb]">&gt;&gt;</a>&nbsp;&nbsp;&nbsp;__aeabi_memcpy
</UL>
<BR>[Address Reference Count : 1]<UL><LI> startup_xmc4402.o(.text)
</UL>
<P><STRONG><a name="[bd]"></a>System_Init</STRONG> (Thumb, 98 bytes, Stack size 8 bytes, app_init.o(i.System_Init))
<BR><BR>[Stack]<UL><LI>Max Depth = 240<LI>Call Chain = System_Init &rArr; bsp_SpiFlashInit &rArr; XMC_SPI_CH_Init &rArr; XMC_USIC_CH_SetBaudrate
</UL>
<BR>[Calls]<UL><LI><a href="#[c1]">&gt;&gt;</a>&nbsp;&nbsp;&nbsp;bsp_Watch_Init
<LI><a href="#[c3]">&gt;&gt;</a>&nbsp;&nbsp;&nbsp;bsp_Spi_Master_Init
<LI><a href="#[c4]">&gt;&gt;</a>&nbsp;&nbsp;&nbsp;bsp_SpiFlashInit
<LI><a href="#[c2]">&gt;&gt;</a>&nbsp;&nbsp;&nbsp;bsp_Rs485Init
<LI><a href="#[bf]">&gt;&gt;</a>&nbsp;&nbsp;&nbsp;bsp_DelayInit
<LI><a href="#[c0]">&gt;&gt;</a>&nbsp;&nbsp;&nbsp;VADC_Config_Init
<LI><a href="#[b5]">&gt;&gt;</a>&nbsp;&nbsp;&nbsp;SingleIo_Init
<LI><a href="#[9c]">&gt;&gt;</a>&nbsp;&nbsp;&nbsp;SCU_Config_Init
<LI><a href="#[98]">&gt;&gt;</a>&nbsp;&nbsp;&nbsp;Rs485_ReceiveEn
<LI><a href="#[c5]">&gt;&gt;</a>&nbsp;&nbsp;&nbsp;XMC_GPIO_SetOutputLow
<LI><a href="#[be]">&gt;&gt;</a>&nbsp;&nbsp;&nbsp;app_Can_Init
</UL>
<BR>[Called By]<UL><LI><a href="#[7c]">&gt;&gt;</a>&nbsp;&nbsp;&nbsp;main
</UL>

<P><STRONG><a name="[5c]"></a>USIC0_0_IRQHandler</STRONG> (Thumb, 72 bytes, Stack size 8 bytes, communication.o(i.USIC0_0_IRQHandler))
<BR><BR>[Stack]<UL><LI>Max Depth = 16<LI>Call Chain = USIC0_0_IRQHandler &rArr; Rs485_ReceiveEn
</UL>
<BR>[Calls]<UL><LI><a href="#[98]">&gt;&gt;</a>&nbsp;&nbsp;&nbsp;Rs485_ReceiveEn
<LI><a href="#[c6]">&gt;&gt;</a>&nbsp;&nbsp;&nbsp;XMC_UART_CH_Transmit
</UL>
<BR>[Address Reference Count : 1]<UL><LI> startup_xmc4402.o(RESET)
</UL>
<P><STRONG><a name="[5d]"></a>USIC0_1_IRQHandler</STRONG> (Thumb, 84 bytes, Stack size 8 bytes, communication.o(i.USIC0_1_IRQHandler))
<BR><BR>[Stack]<UL><LI>Max Depth = 8<LI>Call Chain = USIC0_1_IRQHandler
</UL>
<BR>[Calls]<UL><LI><a href="#[c7]">&gt;&gt;</a>&nbsp;&nbsp;&nbsp;XMC_UART_CH_GetReceivedData
</UL>
<BR>[Address Reference Count : 1]<UL><LI> startup_xmc4402.o(RESET)
</UL>
<P><STRONG><a name="[5f]"></a>USIC0_3_IRQHandler</STRONG> (Thumb, 10 bytes, Stack size 8 bytes, spi_master_conf.o(i.USIC0_3_IRQHandler))
<BR><BR>[Stack]<UL><LI>Max Depth = 32<LI>Call Chain = USIC0_3_IRQHandler &rArr; SPI_MASTER_lTransmitHandler
</UL>
<BR>[Calls]<UL><LI><a href="#[ae]">&gt;&gt;</a>&nbsp;&nbsp;&nbsp;SPI_MASTER_lTransmitHandler
</UL>
<BR>[Address Reference Count : 1]<UL><LI> startup_xmc4402.o(RESET)
</UL>
<P><STRONG><a name="[61]"></a>USIC0_5_IRQHandler</STRONG> (Thumb, 10 bytes, Stack size 8 bytes, spi_master_conf.o(i.USIC0_5_IRQHandler))
<BR><BR>[Stack]<UL><LI>Max Depth = 56<LI>Call Chain = USIC0_5_IRQHandler &rArr; SPI_MASTER_lReceiveHandler &rArr; SPI_MASTER_lReconfigureRxFIFO
</UL>
<BR>[Calls]<UL><LI><a href="#[a9]">&gt;&gt;</a>&nbsp;&nbsp;&nbsp;SPI_MASTER_lReceiveHandler
</UL>
<BR>[Address Reference Count : 1]<UL><LI> startup_xmc4402.o(RESET)
</UL>
<P><STRONG><a name="[62]"></a>USIC1_0_IRQHandler</STRONG> (Thumb, 2 bytes, Stack size 0 bytes, bsp_uart.o(i.USIC1_0_IRQHandler))
<BR>[Address Reference Count : 1]<UL><LI> startup_xmc4402.o(RESET)
</UL>
<P><STRONG><a name="[63]"></a>USIC1_1_IRQHandler</STRONG> (Thumb, 20 bytes, Stack size 8 bytes, bsp_uart.o(i.USIC1_1_IRQHandler))
<BR><BR>[Stack]<UL><LI>Max Depth = 8<LI>Call Chain = USIC1_1_IRQHandler
</UL>
<BR>[Calls]<UL><LI><a href="#[c7]">&gt;&gt;</a>&nbsp;&nbsp;&nbsp;XMC_UART_CH_GetReceivedData
<LI><a href="#[c6]">&gt;&gt;</a>&nbsp;&nbsp;&nbsp;XMC_UART_CH_Transmit
</UL>
<BR>[Address Reference Count : 1]<UL><LI> startup_xmc4402.o(RESET)
</UL>
<P><STRONG><a name="[1a]"></a>VADC0_G0_0_IRQHandler</STRONG> (Thumb, 302 bytes, Stack size 8 bytes, bsp_adc.o(i.VADC0_G0_0_IRQHandler))
<BR><BR>[Stack]<UL><LI>Max Depth = 8<LI>Call Chain = VADC0_G0_0_IRQHandler
</UL>
<BR>[Calls]<UL><LI><a href="#[c8]">&gt;&gt;</a>&nbsp;&nbsp;&nbsp;XMC_VADC_GROUP_GetResult
</UL>
<BR>[Address Reference Count : 1]<UL><LI> startup_xmc4402.o(RESET)
</UL>
<P><STRONG><a name="[c0]"></a>VADC_Config_Init</STRONG> (Thumb, 430 bytes, Stack size 16 bytes, bsp_adc.o(i.VADC_Config_Init))
<BR><BR>[Stack]<UL><LI>Max Depth = 76<LI>Call Chain = VADC_Config_Init &rArr; XMC_VADC_GROUP_Init &rArr; XMC_VADC_GROUP_InputClassInit
</UL>
<BR>[Calls]<UL><LI><a href="#[cf]">&gt;&gt;</a>&nbsp;&nbsp;&nbsp;XMC_VADC_GROUP_SetPowerMode
<LI><a href="#[ce]">&gt;&gt;</a>&nbsp;&nbsp;&nbsp;XMC_VADC_GROUP_QueueSetReqSrcEventInterruptNode
<LI><a href="#[cb]">&gt;&gt;</a>&nbsp;&nbsp;&nbsp;XMC_VADC_GROUP_QueueInit
<LI><a href="#[ca]">&gt;&gt;</a>&nbsp;&nbsp;&nbsp;XMC_VADC_GROUP_Init
<LI><a href="#[cc]">&gt;&gt;</a>&nbsp;&nbsp;&nbsp;XMC_VADC_GROUP_ChannelInit
<LI><a href="#[d0]">&gt;&gt;</a>&nbsp;&nbsp;&nbsp;XMC_VADC_GLOBAL_StartupCalibration
<LI><a href="#[c9]">&gt;&gt;</a>&nbsp;&nbsp;&nbsp;XMC_VADC_GLOBAL_Init
<LI><a href="#[8a]">&gt;&gt;</a>&nbsp;&nbsp;&nbsp;XMC_GPIO_Init
<LI><a href="#[cd]">&gt;&gt;</a>&nbsp;&nbsp;&nbsp;XMC_VADC_GROUP_ResultInit
<LI><a href="#[d1]">&gt;&gt;</a>&nbsp;&nbsp;&nbsp;XMC_VADC_GROUP_QueueInsertChannel
</UL>
<BR>[Called By]<UL><LI><a href="#[bd]">&gt;&gt;</a>&nbsp;&nbsp;&nbsp;System_Init
</UL>

<P><STRONG><a name="[8c]"></a>XMC_CAN_AllocateMOtoNodeList</STRONG> (Thumb, 62 bytes, Stack size 16 bytes, xmc_can.o(i.XMC_CAN_AllocateMOtoNodeList))
<BR><BR>[Stack]<UL><LI>Max Depth = 16<LI>Call Chain = XMC_CAN_AllocateMOtoNodeList
</UL>
<BR>[Called By]<UL><LI><a href="#[87]">&gt;&gt;</a>&nbsp;&nbsp;&nbsp;CAN_NODE_Init
</UL>

<P><STRONG><a name="[d2]"></a>XMC_CAN_Enable</STRONG> (Thumb, 38 bytes, Stack size 8 bytes, xmc_can.o(i.XMC_CAN_Enable))
<BR><BR>[Stack]<UL><LI>Max Depth = 16<LI>Call Chain = XMC_CAN_Enable &rArr; XMC_SCU_RESET_DeassertPeripheralReset
</UL>
<BR>[Calls]<UL><LI><a href="#[d4]">&gt;&gt;</a>&nbsp;&nbsp;&nbsp;XMC_SCU_RESET_DeassertPeripheralReset
<LI><a href="#[d3]">&gt;&gt;</a>&nbsp;&nbsp;&nbsp;XMC_SCU_CLOCK_UngatePeripheralClock
</UL>
<BR>[Called By]<UL><LI><a href="#[96]">&gt;&gt;</a>&nbsp;&nbsp;&nbsp;XMC_CAN_Init
</UL>

<P><STRONG><a name="[96]"></a>XMC_CAN_Init</STRONG> (Thumb, 186 bytes, Stack size 56 bytes, xmc_can.o(i.XMC_CAN_Init))
<BR><BR>[Stack]<UL><LI>Max Depth = 72<LI>Call Chain = XMC_CAN_Init &rArr; XMC_CAN_Enable &rArr; XMC_SCU_RESET_DeassertPeripheralReset
</UL>
<BR>[Calls]<UL><LI><a href="#[d5]">&gt;&gt;</a>&nbsp;&nbsp;&nbsp;XMC_SCU_CLOCK_GetPeripheralClockFrequency
<LI><a href="#[d2]">&gt;&gt;</a>&nbsp;&nbsp;&nbsp;XMC_CAN_Enable
<LI><a href="#[d6]">&gt;&gt;</a>&nbsp;&nbsp;&nbsp;min
</UL>
<BR>[Called By]<UL><LI><a href="#[88]">&gt;&gt;</a>&nbsp;&nbsp;&nbsp;GLOBAL_CAN_Init
</UL>

<P><STRONG><a name="[8e]"></a>XMC_CAN_MO_Config</STRONG> (Thumb, 176 bytes, Stack size 20 bytes, xmc_can.o(i.XMC_CAN_MO_Config))
<BR><BR>[Stack]<UL><LI>Max Depth = 20<LI>Call Chain = XMC_CAN_MO_Config
</UL>
<BR>[Calls]<UL><LI><a href="#[d7]">&gt;&gt;</a>&nbsp;&nbsp;&nbsp;XMC_CAN_MO_UpdateData
</UL>
<BR>[Called By]<UL><LI><a href="#[8d]">&gt;&gt;</a>&nbsp;&nbsp;&nbsp;CAN_NODE_MO_Init
</UL>

<P><STRONG><a name="[d7]"></a>XMC_CAN_MO_UpdateData</STRONG> (Thumb, 56 bytes, Stack size 0 bytes, xmc_can.o(i.XMC_CAN_MO_UpdateData))
<BR><BR>[Called By]<UL><LI><a href="#[8e]">&gt;&gt;</a>&nbsp;&nbsp;&nbsp;XMC_CAN_MO_Config
</UL>

<P><STRONG><a name="[92]"></a>XMC_CAN_NODE_EnableEvent</STRONG> (Thumb, 22 bytes, Stack size 0 bytes, xmc_can.o(i.XMC_CAN_NODE_EnableEvent))
<BR><BR>[Called By]<UL><LI><a href="#[8b]">&gt;&gt;</a>&nbsp;&nbsp;&nbsp;CAN_NODE_SetNodeEvents
</UL>

<P><STRONG><a name="[89]"></a>XMC_CAN_NODE_NominalBitTimeConfigure</STRONG> (Thumb, 324 bytes, Stack size 40 bytes, xmc_can.o(i.XMC_CAN_NODE_NominalBitTimeConfigure))
<BR><BR>[Stack]<UL><LI>Max Depth = 40<LI>Call Chain = XMC_CAN_NODE_NominalBitTimeConfigure
</UL>
<BR>[Called By]<UL><LI><a href="#[87]">&gt;&gt;</a>&nbsp;&nbsp;&nbsp;CAN_NODE_Init
</UL>

<P><STRONG><a name="[d8]"></a>XMC_CCU4_EnableModule</STRONG> (Thumb, 128 bytes, Stack size 16 bytes, xmc_ccu4.o(i.XMC_CCU4_EnableModule))
<BR><BR>[Stack]<UL><LI>Max Depth = 24<LI>Call Chain = XMC_CCU4_EnableModule &rArr; XMC_SCU_RESET_DeassertPeripheralReset
</UL>
<BR>[Calls]<UL><LI><a href="#[d9]">&gt;&gt;</a>&nbsp;&nbsp;&nbsp;XMC_SCU_CLOCK_EnableClock
<LI><a href="#[d4]">&gt;&gt;</a>&nbsp;&nbsp;&nbsp;XMC_SCU_RESET_DeassertPeripheralReset
<LI><a href="#[d3]">&gt;&gt;</a>&nbsp;&nbsp;&nbsp;XMC_SCU_CLOCK_UngatePeripheralClock
</UL>
<BR>[Called By]<UL><LI><a href="#[da]">&gt;&gt;</a>&nbsp;&nbsp;&nbsp;XMC_CCU4_Init
</UL>

<P><STRONG><a name="[da]"></a>XMC_CCU4_Init</STRONG> (Thumb, 38 bytes, Stack size 16 bytes, xmc_ccu4.o(i.XMC_CCU4_Init))
<BR><BR>[Stack]<UL><LI>Max Depth = 40<LI>Call Chain = XMC_CCU4_Init &rArr; XMC_CCU4_EnableModule &rArr; XMC_SCU_RESET_DeassertPeripheralReset
</UL>
<BR>[Calls]<UL><LI><a href="#[d8]">&gt;&gt;</a>&nbsp;&nbsp;&nbsp;XMC_CCU4_EnableModule
</UL>
<BR>[Called By]<UL><LI><a href="#[c1]">&gt;&gt;</a>&nbsp;&nbsp;&nbsp;bsp_Watch_Init
<LI><a href="#[bf]">&gt;&gt;</a>&nbsp;&nbsp;&nbsp;bsp_DelayInit
</UL>

<P><STRONG><a name="[101]"></a>XMC_CCU4_SLICE_CompareInit</STRONG> (Thumb, 48 bytes, Stack size 0 bytes, xmc_ccu4.o(i.XMC_CCU4_SLICE_CompareInit))
<BR><BR>[Called By]<UL><LI><a href="#[c1]">&gt;&gt;</a>&nbsp;&nbsp;&nbsp;bsp_Watch_Init
<LI><a href="#[bf]">&gt;&gt;</a>&nbsp;&nbsp;&nbsp;bsp_DelayInit
</UL>

<P><STRONG><a name="[103]"></a>XMC_CCU4_SLICE_SetInterruptNode</STRONG> (Thumb, 86 bytes, Stack size 16 bytes, xmc_ccu4.o(i.XMC_CCU4_SLICE_SetInterruptNode))
<BR><BR>[Stack]<UL><LI>Max Depth = 16<LI>Call Chain = XMC_CCU4_SLICE_SetInterruptNode
</UL>
<BR>[Called By]<UL><LI><a href="#[c1]">&gt;&gt;</a>&nbsp;&nbsp;&nbsp;bsp_Watch_Init
<LI><a href="#[bf]">&gt;&gt;</a>&nbsp;&nbsp;&nbsp;bsp_DelayInit
</UL>

<P><STRONG><a name="[102]"></a>XMC_CCU4_SLICE_SetTimerCountingMode</STRONG> (Thumb, 22 bytes, Stack size 0 bytes, xmc_ccu4.o(i.XMC_CCU4_SLICE_SetTimerCountingMode))
<BR><BR>[Called By]<UL><LI><a href="#[c1]">&gt;&gt;</a>&nbsp;&nbsp;&nbsp;bsp_Watch_Init
<LI><a href="#[bf]">&gt;&gt;</a>&nbsp;&nbsp;&nbsp;bsp_DelayInit
</UL>

<P><STRONG><a name="[100]"></a>XMC_CCU4_SetModuleClock</STRONG> (Thumb, 16 bytes, Stack size 0 bytes, xmc_ccu4.o(i.XMC_CCU4_SetModuleClock))
<BR><BR>[Called By]<UL><LI><a href="#[c1]">&gt;&gt;</a>&nbsp;&nbsp;&nbsp;bsp_Watch_Init
<LI><a href="#[bf]">&gt;&gt;</a>&nbsp;&nbsp;&nbsp;bsp_DelayInit
</UL>

<P><STRONG><a name="[df]"></a>XMC_DMA_CH_ClearEventStatus</STRONG> (Thumb, 38 bytes, Stack size 16 bytes, xmc_dma.o(i.XMC_DMA_CH_ClearEventStatus))
<BR><BR>[Stack]<UL><LI>Max Depth = 16<LI>Call Chain = XMC_DMA_CH_ClearEventStatus
</UL>
<BR>[Called By]<UL><LI><a href="#[97]">&gt;&gt;</a>&nbsp;&nbsp;&nbsp;XMC_DMA_IRQHandler
<LI><a href="#[db]">&gt;&gt;</a>&nbsp;&nbsp;&nbsp;XMC_DMA_CH_Init
</UL>

<P><STRONG><a name="[10f]"></a>XMC_DMA_CH_EnableEvent</STRONG> (Thumb, 40 bytes, Stack size 16 bytes, xmc_dma.o(i.XMC_DMA_CH_EnableEvent))
<BR><BR>[Stack]<UL><LI>Max Depth = 16<LI>Call Chain = XMC_DMA_CH_EnableEvent
</UL>
<BR>[Called By]<UL><LI><a href="#[c4]">&gt;&gt;</a>&nbsp;&nbsp;&nbsp;bsp_SpiFlashInit
</UL>

<P><STRONG><a name="[db]"></a>XMC_DMA_CH_Init</STRONG> (Thumb, 800 bytes, Stack size 32 bytes, xmc_dma.o(i.XMC_DMA_CH_Init))
<BR><BR>[Stack]<UL><LI>Max Depth = 56<LI>Call Chain = XMC_DMA_CH_Init &rArr; XMC_DMA_IsEnabled &rArr; XMC_SCU_CLOCK_IsPeripheralClockGated
</UL>
<BR>[Calls]<UL><LI><a href="#[dc]">&gt;&gt;</a>&nbsp;&nbsp;&nbsp;XMC_DMA_IsEnabled
<LI><a href="#[de]">&gt;&gt;</a>&nbsp;&nbsp;&nbsp;XMC_DMA_EnableRequestLine
<LI><a href="#[dd]">&gt;&gt;</a>&nbsp;&nbsp;&nbsp;XMC_DMA_CH_IsEnabled
<LI><a href="#[df]">&gt;&gt;</a>&nbsp;&nbsp;&nbsp;XMC_DMA_CH_ClearEventStatus
</UL>
<BR>[Called By]<UL><LI><a href="#[c4]">&gt;&gt;</a>&nbsp;&nbsp;&nbsp;bsp_SpiFlashInit
</UL>

<P><STRONG><a name="[dd]"></a>XMC_DMA_CH_IsEnabled</STRONG> (Thumb, 22 bytes, Stack size 0 bytes, xmc_dma.o(i.XMC_DMA_CH_IsEnabled))
<BR><BR>[Called By]<UL><LI><a href="#[db]">&gt;&gt;</a>&nbsp;&nbsp;&nbsp;XMC_DMA_CH_Init
</UL>

<P><STRONG><a name="[110]"></a>XMC_DMA_CH_SetEventHandler</STRONG> (Thumb, 8 bytes, Stack size 0 bytes, xmc_dma.o(i.XMC_DMA_CH_SetEventHandler))
<BR><BR>[Called By]<UL><LI><a href="#[c4]">&gt;&gt;</a>&nbsp;&nbsp;&nbsp;bsp_SpiFlashInit
</UL>

<P><STRONG><a name="[e0]"></a>XMC_DMA_Enable</STRONG> (Thumb, 24 bytes, Stack size 8 bytes, xmc_dma.o(i.XMC_DMA_Enable))
<BR><BR>[Stack]<UL><LI>Max Depth = 16<LI>Call Chain = XMC_DMA_Enable &rArr; XMC_SCU_RESET_DeassertPeripheralReset
</UL>
<BR>[Calls]<UL><LI><a href="#[d4]">&gt;&gt;</a>&nbsp;&nbsp;&nbsp;XMC_SCU_RESET_DeassertPeripheralReset
<LI><a href="#[d3]">&gt;&gt;</a>&nbsp;&nbsp;&nbsp;XMC_SCU_CLOCK_UngatePeripheralClock
</UL>
<BR>[Called By]<UL><LI><a href="#[e1]">&gt;&gt;</a>&nbsp;&nbsp;&nbsp;XMC_DMA_Init
</UL>

<P><STRONG><a name="[de]"></a>XMC_DMA_EnableRequestLine</STRONG> (Thumb, 52 bytes, Stack size 12 bytes, xmc_dma.o(i.XMC_DMA_EnableRequestLine))
<BR><BR>[Stack]<UL><LI>Max Depth = 12<LI>Call Chain = XMC_DMA_EnableRequestLine
</UL>
<BR>[Called By]<UL><LI><a href="#[db]">&gt;&gt;</a>&nbsp;&nbsp;&nbsp;XMC_DMA_CH_Init
</UL>

<P><STRONG><a name="[97]"></a>XMC_DMA_IRQHandler</STRONG> (Thumb, 322 bytes, Stack size 32 bytes, xmc_dma.o(i.XMC_DMA_IRQHandler))
<BR><BR>[Stack]<UL><LI>Max Depth = 48<LI>Call Chain = XMC_DMA_IRQHandler &rArr; XMC_DMA_CH_ClearEventStatus
</UL>
<BR>[Calls]<UL><LI><a href="#[df]">&gt;&gt;</a>&nbsp;&nbsp;&nbsp;XMC_DMA_CH_ClearEventStatus
</UL>
<BR>[Called By]<UL><LI><a href="#[6a]">&gt;&gt;</a>&nbsp;&nbsp;&nbsp;GPDMA0_0_IRQHandler
</UL>

<P><STRONG><a name="[e1]"></a>XMC_DMA_Init</STRONG> (Thumb, 12 bytes, Stack size 8 bytes, xmc_dma.o(i.XMC_DMA_Init))
<BR><BR>[Stack]<UL><LI>Max Depth = 24<LI>Call Chain = XMC_DMA_Init &rArr; XMC_DMA_Enable &rArr; XMC_SCU_RESET_DeassertPeripheralReset
</UL>
<BR>[Calls]<UL><LI><a href="#[e0]">&gt;&gt;</a>&nbsp;&nbsp;&nbsp;XMC_DMA_Enable
</UL>
<BR>[Called By]<UL><LI><a href="#[c4]">&gt;&gt;</a>&nbsp;&nbsp;&nbsp;bsp_SpiFlashInit
</UL>

<P><STRONG><a name="[dc]"></a>XMC_DMA_IsEnabled</STRONG> (Thumb, 56 bytes, Stack size 16 bytes, xmc_dma.o(i.XMC_DMA_IsEnabled))
<BR><BR>[Stack]<UL><LI>Max Depth = 24<LI>Call Chain = XMC_DMA_IsEnabled &rArr; XMC_SCU_CLOCK_IsPeripheralClockGated
</UL>
<BR>[Calls]<UL><LI><a href="#[e3]">&gt;&gt;</a>&nbsp;&nbsp;&nbsp;XMC_SCU_CLOCK_IsPeripheralClockGated
<LI><a href="#[e2]">&gt;&gt;</a>&nbsp;&nbsp;&nbsp;XMC_SCU_RESET_IsPeripheralResetAsserted
</UL>
<BR>[Called By]<UL><LI><a href="#[db]">&gt;&gt;</a>&nbsp;&nbsp;&nbsp;XMC_DMA_CH_Init
</UL>

<P><STRONG><a name="[8a]"></a>XMC_GPIO_Init</STRONG> (Thumb, 166 bytes, Stack size 12 bytes, xmc4_gpio.o(i.XMC_GPIO_Init))
<BR><BR>[Stack]<UL><LI>Max Depth = 12<LI>Call Chain = XMC_GPIO_Init
</UL>
<BR>[Called By]<UL><LI><a href="#[c3]">&gt;&gt;</a>&nbsp;&nbsp;&nbsp;bsp_Spi_Master_Init
<LI><a href="#[c4]">&gt;&gt;</a>&nbsp;&nbsp;&nbsp;bsp_SpiFlashInit
<LI><a href="#[c2]">&gt;&gt;</a>&nbsp;&nbsp;&nbsp;bsp_Rs485Init
<LI><a href="#[c0]">&gt;&gt;</a>&nbsp;&nbsp;&nbsp;VADC_Config_Init
<LI><a href="#[b5]">&gt;&gt;</a>&nbsp;&nbsp;&nbsp;SingleIo_Init
<LI><a href="#[87]">&gt;&gt;</a>&nbsp;&nbsp;&nbsp;CAN_NODE_Init
<LI><a href="#[109]">&gt;&gt;</a>&nbsp;&nbsp;&nbsp;bsp_GpioWatchInit
<LI><a href="#[70]">&gt;&gt;</a>&nbsp;&nbsp;&nbsp;SPI_MASTER_0_lInit
</UL>

<P><STRONG><a name="[f0]"></a>XMC_SCU_CLOCK_DisableSystemPll</STRONG> (Thumb, 14 bytes, Stack size 0 bytes, xmc4_scu.o(i.XMC_SCU_CLOCK_DisableSystemPll))
<BR><BR>[Called By]<UL><LI><a href="#[9d]">&gt;&gt;</a>&nbsp;&nbsp;&nbsp;XMC_SCU_CLOCK_Init
</UL>

<P><STRONG><a name="[d9]"></a>XMC_SCU_CLOCK_EnableClock</STRONG> (Thumb, 6 bytes, Stack size 0 bytes, xmc4_scu.o(i.XMC_SCU_CLOCK_EnableClock))
<BR><BR>[Called By]<UL><LI><a href="#[d8]">&gt;&gt;</a>&nbsp;&nbsp;&nbsp;XMC_CCU4_EnableModule
</UL>

<P><STRONG><a name="[e4]"></a>XMC_SCU_CLOCK_EnableHighPerformanceOscillator</STRONG> (Thumb, 60 bytes, Stack size 8 bytes, xmc4_scu.o(i.XMC_SCU_CLOCK_EnableHighPerformanceOscillator))
<BR><BR>[Stack]<UL><LI>Max Depth = 8<LI>Call Chain = XMC_SCU_CLOCK_EnableHighPerformanceOscillator
</UL>
<BR>[Calls]<UL><LI><a href="#[b9]">&gt;&gt;</a>&nbsp;&nbsp;&nbsp;OSCHP_GetFrequency
</UL>
<BR>[Called By]<UL><LI><a href="#[9d]">&gt;&gt;</a>&nbsp;&nbsp;&nbsp;XMC_SCU_CLOCK_Init
</UL>

<P><STRONG><a name="[e7]"></a>XMC_SCU_CLOCK_EnableLowPowerOscillator</STRONG> (Thumb, 98 bytes, Stack size 0 bytes, xmc4_scu.o(i.XMC_SCU_CLOCK_EnableLowPowerOscillator))
<BR><BR>[Called By]<UL><LI><a href="#[9d]">&gt;&gt;</a>&nbsp;&nbsp;&nbsp;XMC_SCU_CLOCK_Init
</UL>

<P><STRONG><a name="[f1]"></a>XMC_SCU_CLOCK_EnableSystemPll</STRONG> (Thumb, 14 bytes, Stack size 0 bytes, xmc4_scu.o(i.XMC_SCU_CLOCK_EnableSystemPll))
<BR><BR>[Called By]<UL><LI><a href="#[9d]">&gt;&gt;</a>&nbsp;&nbsp;&nbsp;XMC_SCU_CLOCK_Init
</UL>

<P><STRONG><a name="[d5]"></a>XMC_SCU_CLOCK_GetPeripheralClockFrequency</STRONG> (Thumb, 18 bytes, Stack size 0 bytes, xmc4_scu.o(i.XMC_SCU_CLOCK_GetPeripheralClockFrequency))
<BR><BR>[Called By]<UL><LI><a href="#[96]">&gt;&gt;</a>&nbsp;&nbsp;&nbsp;XMC_CAN_Init
<LI><a href="#[f7]">&gt;&gt;</a>&nbsp;&nbsp;&nbsp;XMC_USIC_CH_SetBaudrate
</UL>

<P><STRONG><a name="[9d]"></a>XMC_SCU_CLOCK_Init</STRONG> (Thumb, 154 bytes, Stack size 16 bytes, xmc4_scu.o(i.XMC_SCU_CLOCK_Init))
<BR><BR>[Stack]<UL><LI>Max Depth = 88<LI>Call Chain = XMC_SCU_CLOCK_Init &rArr; XMC_SCU_CLOCK_StartSystemPll &rArr; XMC_SCU_CLOCK_StepSystemPllFrequency &rArr; XMC_SCU_lDelay &rArr; SystemCoreClockUpdate
</UL>
<BR>[Calls]<UL><LI><a href="#[ba]">&gt;&gt;</a>&nbsp;&nbsp;&nbsp;SystemCoreClockUpdate
<LI><a href="#[e6]">&gt;&gt;</a>&nbsp;&nbsp;&nbsp;XMC_SCU_HIB_EnableHibernateDomain
<LI><a href="#[e9]">&gt;&gt;</a>&nbsp;&nbsp;&nbsp;XMC_SCU_HIB_SetStandbyClockSource
<LI><a href="#[f2]">&gt;&gt;</a>&nbsp;&nbsp;&nbsp;XMC_SCU_CLOCK_StartSystemPll
<LI><a href="#[e5]">&gt;&gt;</a>&nbsp;&nbsp;&nbsp;XMC_SCU_CLOCK_SetSystemClockSource
<LI><a href="#[eb]">&gt;&gt;</a>&nbsp;&nbsp;&nbsp;XMC_SCU_CLOCK_SetSystemClockDivider
<LI><a href="#[ee]">&gt;&gt;</a>&nbsp;&nbsp;&nbsp;XMC_SCU_CLOCK_SetPeripheralClockDivider
<LI><a href="#[ec]">&gt;&gt;</a>&nbsp;&nbsp;&nbsp;XMC_SCU_CLOCK_SetCpuClockDivider
<LI><a href="#[ed]">&gt;&gt;</a>&nbsp;&nbsp;&nbsp;XMC_SCU_CLOCK_SetCcuClockDivider
<LI><a href="#[ea]">&gt;&gt;</a>&nbsp;&nbsp;&nbsp;XMC_SCU_CLOCK_SetBackupClockCalibrationMode
<LI><a href="#[e8]">&gt;&gt;</a>&nbsp;&nbsp;&nbsp;XMC_SCU_CLOCK_IsLowPowerOscillatorStable
<LI><a href="#[ef]">&gt;&gt;</a>&nbsp;&nbsp;&nbsp;XMC_SCU_CLOCK_IsHighPerformanceOscillatorStable
<LI><a href="#[f1]">&gt;&gt;</a>&nbsp;&nbsp;&nbsp;XMC_SCU_CLOCK_EnableSystemPll
<LI><a href="#[e7]">&gt;&gt;</a>&nbsp;&nbsp;&nbsp;XMC_SCU_CLOCK_EnableLowPowerOscillator
<LI><a href="#[e4]">&gt;&gt;</a>&nbsp;&nbsp;&nbsp;XMC_SCU_CLOCK_EnableHighPerformanceOscillator
<LI><a href="#[f0]">&gt;&gt;</a>&nbsp;&nbsp;&nbsp;XMC_SCU_CLOCK_DisableSystemPll
</UL>
<BR>[Called By]<UL><LI><a href="#[9c]">&gt;&gt;</a>&nbsp;&nbsp;&nbsp;SCU_Config_Init
</UL>

<P><STRONG><a name="[ef]"></a>XMC_SCU_CLOCK_IsHighPerformanceOscillatorStable</STRONG> (Thumb, 22 bytes, Stack size 0 bytes, xmc4_scu.o(i.XMC_SCU_CLOCK_IsHighPerformanceOscillatorStable))
<BR><BR>[Called By]<UL><LI><a href="#[9d]">&gt;&gt;</a>&nbsp;&nbsp;&nbsp;XMC_SCU_CLOCK_Init
</UL>

<P><STRONG><a name="[e8]"></a>XMC_SCU_CLOCK_IsLowPowerOscillatorStable</STRONG> (Thumb, 12 bytes, Stack size 0 bytes, xmc4_scu.o(i.XMC_SCU_CLOCK_IsLowPowerOscillatorStable))
<BR><BR>[Called By]<UL><LI><a href="#[9d]">&gt;&gt;</a>&nbsp;&nbsp;&nbsp;XMC_SCU_CLOCK_Init
</UL>

<P><STRONG><a name="[e3]"></a>XMC_SCU_CLOCK_IsPeripheralClockGated</STRONG> (Thumb, 32 bytes, Stack size 8 bytes, xmc4_scu.o(i.XMC_SCU_CLOCK_IsPeripheralClockGated))
<BR><BR>[Stack]<UL><LI>Max Depth = 8<LI>Call Chain = XMC_SCU_CLOCK_IsPeripheralClockGated
</UL>
<BR>[Called By]<UL><LI><a href="#[dc]">&gt;&gt;</a>&nbsp;&nbsp;&nbsp;XMC_DMA_IsEnabled
</UL>

<P><STRONG><a name="[ea]"></a>XMC_SCU_CLOCK_SetBackupClockCalibrationMode</STRONG> (Thumb, 56 bytes, Stack size 8 bytes, xmc4_scu.o(i.XMC_SCU_CLOCK_SetBackupClockCalibrationMode))
<BR><BR>[Stack]<UL><LI>Max Depth = 40<LI>Call Chain = XMC_SCU_CLOCK_SetBackupClockCalibrationMode &rArr; XMC_SCU_lDelay &rArr; SystemCoreClockUpdate
</UL>
<BR>[Calls]<UL><LI><a href="#[f3]">&gt;&gt;</a>&nbsp;&nbsp;&nbsp;XMC_SCU_lDelay
</UL>
<BR>[Called By]<UL><LI><a href="#[9d]">&gt;&gt;</a>&nbsp;&nbsp;&nbsp;XMC_SCU_CLOCK_Init
</UL>

<P><STRONG><a name="[ed]"></a>XMC_SCU_CLOCK_SetCcuClockDivider</STRONG> (Thumb, 18 bytes, Stack size 0 bytes, xmc4_scu.o(i.XMC_SCU_CLOCK_SetCcuClockDivider))
<BR><BR>[Called By]<UL><LI><a href="#[9d]">&gt;&gt;</a>&nbsp;&nbsp;&nbsp;XMC_SCU_CLOCK_Init
</UL>

<P><STRONG><a name="[ec]"></a>XMC_SCU_CLOCK_SetCpuClockDivider</STRONG> (Thumb, 18 bytes, Stack size 0 bytes, xmc4_scu.o(i.XMC_SCU_CLOCK_SetCpuClockDivider))
<BR><BR>[Called By]<UL><LI><a href="#[9d]">&gt;&gt;</a>&nbsp;&nbsp;&nbsp;XMC_SCU_CLOCK_Init
</UL>

<P><STRONG><a name="[ee]"></a>XMC_SCU_CLOCK_SetPeripheralClockDivider</STRONG> (Thumb, 18 bytes, Stack size 0 bytes, xmc4_scu.o(i.XMC_SCU_CLOCK_SetPeripheralClockDivider))
<BR><BR>[Called By]<UL><LI><a href="#[9d]">&gt;&gt;</a>&nbsp;&nbsp;&nbsp;XMC_SCU_CLOCK_Init
</UL>

<P><STRONG><a name="[eb]"></a>XMC_SCU_CLOCK_SetSystemClockDivider</STRONG> (Thumb, 18 bytes, Stack size 0 bytes, xmc4_scu.o(i.XMC_SCU_CLOCK_SetSystemClockDivider))
<BR><BR>[Called By]<UL><LI><a href="#[9d]">&gt;&gt;</a>&nbsp;&nbsp;&nbsp;XMC_SCU_CLOCK_Init
</UL>

<P><STRONG><a name="[e5]"></a>XMC_SCU_CLOCK_SetSystemClockSource</STRONG> (Thumb, 16 bytes, Stack size 0 bytes, xmc4_scu.o(i.XMC_SCU_CLOCK_SetSystemClockSource))
<BR><BR>[Called By]<UL><LI><a href="#[9d]">&gt;&gt;</a>&nbsp;&nbsp;&nbsp;XMC_SCU_CLOCK_Init
</UL>

<P><STRONG><a name="[f4]"></a>XMC_SCU_CLOCK_SetSystemPllClockSource</STRONG> (Thumb, 34 bytes, Stack size 0 bytes, xmc4_scu.o(i.XMC_SCU_CLOCK_SetSystemPllClockSource))
<BR><BR>[Called By]<UL><LI><a href="#[f2]">&gt;&gt;</a>&nbsp;&nbsp;&nbsp;XMC_SCU_CLOCK_StartSystemPll
</UL>

<P><STRONG><a name="[f2]"></a>XMC_SCU_CLOCK_StartSystemPll</STRONG> (Thumb, 294 bytes, Stack size 32 bytes, xmc4_scu.o(i.XMC_SCU_CLOCK_StartSystemPll))
<BR><BR>[Stack]<UL><LI>Max Depth = 72<LI>Call Chain = XMC_SCU_CLOCK_StartSystemPll &rArr; XMC_SCU_CLOCK_StepSystemPllFrequency &rArr; XMC_SCU_lDelay &rArr; SystemCoreClockUpdate
</UL>
<BR>[Calls]<UL><LI><a href="#[b9]">&gt;&gt;</a>&nbsp;&nbsp;&nbsp;OSCHP_GetFrequency
<LI><a href="#[f5]">&gt;&gt;</a>&nbsp;&nbsp;&nbsp;XMC_SCU_CLOCK_StepSystemPllFrequency
<LI><a href="#[f4]">&gt;&gt;</a>&nbsp;&nbsp;&nbsp;XMC_SCU_CLOCK_SetSystemPllClockSource
</UL>
<BR>[Called By]<UL><LI><a href="#[9d]">&gt;&gt;</a>&nbsp;&nbsp;&nbsp;XMC_SCU_CLOCK_Init
</UL>

<P><STRONG><a name="[9f]"></a>XMC_SCU_CLOCK_StartUsbPll</STRONG> (Thumb, 84 bytes, Stack size 0 bytes, xmc4_scu.o(i.XMC_SCU_CLOCK_StartUsbPll))
[...]
<LI><a href="#[b3]">&gt;&gt;</a>&nbsp;&nbsp;&nbsp;special_sewing
<LI><a href="#[181]">&gt;&gt;</a>&nbsp;&nbsp;&nbsp;single_move_func
<LI><a href="#[13c]">&gt;&gt;</a>&nbsp;&nbsp;&nbsp;process_making_pen_signal
<LI><a href="#[17d]">&gt;&gt;</a>&nbsp;&nbsp;&nbsp;pause_stop
<LI><a href="#[152]">&gt;&gt;</a>&nbsp;&nbsp;&nbsp;go_beginpoint
<LI><a href="#[14e]">&gt;&gt;</a>&nbsp;&nbsp;&nbsp;foot_half_down
<LI><a href="#[125]">&gt;&gt;</a>&nbsp;&nbsp;&nbsp;foot_down
</UL>

<P><STRONG><a name="[123]"></a>turn_on_io</STRONG> (Thumb, 2 bytes, Stack size 0 bytes, io_function.o(i.turn_on_io))
<BR><BR>[Called By]<UL><LI><a href="#[16a]">&gt;&gt;</a>&nbsp;&nbsp;&nbsp;run_status
<LI><a href="#[122]">&gt;&gt;</a>&nbsp;&nbsp;&nbsp;checki05_status
<LI><a href="#[95]">&gt;&gt;</a>&nbsp;&nbsp;&nbsp;function_1ms_hook
<LI><a href="#[19f]">&gt;&gt;</a>&nbsp;&nbsp;&nbsp;zoom_in_one_stitch
<LI><a href="#[160]">&gt;&gt;</a>&nbsp;&nbsp;&nbsp;stretch_foot_out
<LI><a href="#[15f]">&gt;&gt;</a>&nbsp;&nbsp;&nbsp;stretch_foot_in
<LI><a href="#[b3]">&gt;&gt;</a>&nbsp;&nbsp;&nbsp;special_sewing
<LI><a href="#[13c]">&gt;&gt;</a>&nbsp;&nbsp;&nbsp;process_making_pen_signal
<LI><a href="#[126]">&gt;&gt;</a>&nbsp;&nbsp;&nbsp;foot_up
<LI><a href="#[14d]">&gt;&gt;</a>&nbsp;&nbsp;&nbsp;foot_half_up
</UL>

<P><STRONG><a name="[193]"></a>verify</STRONG> (Thumb, 26 bytes, Stack size 8 bytes, communication.o(i.verify))
<BR><BR>[Stack]<UL><LI>Max Depth = 8<LI>Call Chain = verify
</UL>
<BR>[Called By]<UL><LI><a href="#[b4]">&gt;&gt;</a>&nbsp;&nbsp;&nbsp;rec_com
</UL>

<P><STRONG><a name="[184]"></a>verify_code</STRONG> (Thumb, 26 bytes, Stack size 0 bytes, communication.o(i.verify_code))
<BR><BR>[Called By]<UL><LI><a href="#[183]">&gt;&gt;</a>&nbsp;&nbsp;&nbsp;protocol
</UL>

<P><STRONG><a name="[168]"></a>version_check</STRONG> (Thumb, 174 bytes, Stack size 8 bytes, step_motor_drv.o(i.version_check))
<BR><BR>[Stack]<UL><LI>Max Depth = 104<LI>Call Chain = version_check &rArr; delay_ms &rArr; rec_com &rArr; protocol &rArr; read_stepmotor_config_para &rArr; delay_us &rArr; bsp_DelayUs
</UL>
<BR>[Calls]<UL><LI><a href="#[11f]">&gt;&gt;</a>&nbsp;&nbsp;&nbsp;delay_ms
<LI><a href="#[191]">&gt;&gt;</a>&nbsp;&nbsp;&nbsp;send_dsp4_command
<LI><a href="#[190]">&gt;&gt;</a>&nbsp;&nbsp;&nbsp;send_dsp3_command
<LI><a href="#[18f]">&gt;&gt;</a>&nbsp;&nbsp;&nbsp;send_dsp2_command
<LI><a href="#[11a]">&gt;&gt;</a>&nbsp;&nbsp;&nbsp;send_dsp1_command
</UL>
<BR>[Called By]<UL><LI><a href="#[7c]">&gt;&gt;</a>&nbsp;&nbsp;&nbsp;main
</UL>

<P><STRONG><a name="[16c]"></a>wind_status</STRONG> (Thumb, 200 bytes, Stack size 8 bytes, system.o(i.wind_status))
<BR><BR>[Stack]<UL><LI>Max Depth = 104<LI>Call Chain = wind_status &rArr; delay_ms &rArr; rec_com &rArr; protocol &rArr; read_stepmotor_config_para &rArr; delay_us &rArr; bsp_DelayUs
</UL>
<BR>[Calls]<UL><LI><a href="#[b4]">&gt;&gt;</a>&nbsp;&nbsp;&nbsp;rec_com
<LI><a href="#[11f]">&gt;&gt;</a>&nbsp;&nbsp;&nbsp;delay_ms
<LI><a href="#[14a]">&gt;&gt;</a>&nbsp;&nbsp;&nbsp;check_io_level
<LI><a href="#[11d]">&gt;&gt;</a>&nbsp;&nbsp;&nbsp;sewing_stop
<LI><a href="#[11e]">&gt;&gt;</a>&nbsp;&nbsp;&nbsp;inpress_up
</UL>
<BR>[Called By]<UL><LI><a href="#[7c]">&gt;&gt;</a>&nbsp;&nbsp;&nbsp;main
</UL>

<P><STRONG><a name="[14c]"></a>write_par</STRONG> (Thumb, 2 bytes, Stack size 0 bytes, parameter.o(i.write_par))
<BR><BR>[Called By]<UL><LI><a href="#[170]">&gt;&gt;</a>&nbsp;&nbsp;&nbsp;slack_status
<LI><a href="#[14b]">&gt;&gt;</a>&nbsp;&nbsp;&nbsp;finish_status
<LI><a href="#[1ae]">&gt;&gt;</a>&nbsp;&nbsp;&nbsp;write_para_group
</UL>

<P><STRONG><a name="[1ae]"></a>write_para_group</STRONG> (Thumb, 46 bytes, Stack size 16 bytes, parameter.o(i.write_para_group))
<BR><BR>[Stack]<UL><LI>Max Depth = 16<LI>Call Chain = write_para_group
</UL>
<BR>[Calls]<UL><LI><a href="#[14c]">&gt;&gt;</a>&nbsp;&nbsp;&nbsp;write_par
</UL>
<BR>[Called By]<UL><LI><a href="#[170]">&gt;&gt;</a>&nbsp;&nbsp;&nbsp;slack_status
<LI><a href="#[1ad]">&gt;&gt;</a>&nbsp;&nbsp;&nbsp;write_stepmotor_curve
</UL>

<P><STRONG><a name="[1ac]"></a>write_stepmotor_config_para</STRONG> (Thumb, 48 bytes, Stack size 16 bytes, step_motor_drv.o(i.write_stepmotor_config_para))
<BR><BR>[Stack]<UL><LI>Max Depth = 112<LI>Call Chain = write_stepmotor_config_para &rArr; delay_ms &rArr; rec_com &rArr; protocol &rArr; read_stepmotor_config_para &rArr; delay_us &rArr; bsp_DelayUs
</UL>
<BR>[Calls]<UL><LI><a href="#[11f]">&gt;&gt;</a>&nbsp;&nbsp;&nbsp;delay_ms
<LI><a href="#[165]">&gt;&gt;</a>&nbsp;&nbsp;&nbsp;send_dsp_command
</UL>
<BR>[Called By]<UL><LI><a href="#[170]">&gt;&gt;</a>&nbsp;&nbsp;&nbsp;slack_status
</UL>

<P><STRONG><a name="[1ad]"></a>write_stepmotor_curve</STRONG> (Thumb, 278 bytes, Stack size 32 bytes, step_motor_drv.o(i.write_stepmotor_curve))
<BR><BR>[Stack]<UL><LI>Max Depth = 128<LI>Call Chain = write_stepmotor_curve &rArr; delay_ms &rArr; rec_com &rArr; protocol &rArr; read_stepmotor_config_para &rArr; delay_us &rArr; bsp_DelayUs
</UL>
<BR>[Calls]<UL><LI><a href="#[11f]">&gt;&gt;</a>&nbsp;&nbsp;&nbsp;delay_ms
<LI><a href="#[165]">&gt;&gt;</a>&nbsp;&nbsp;&nbsp;send_dsp_command
<LI><a href="#[192]">&gt;&gt;</a>&nbsp;&nbsp;&nbsp;read_stepmotor_curve_crc
<LI><a href="#[1b0]">&gt;&gt;</a>&nbsp;&nbsp;&nbsp;crc_calcu
<LI><a href="#[1ae]">&gt;&gt;</a>&nbsp;&nbsp;&nbsp;write_para_group
<LI><a href="#[1b1]">&gt;&gt;</a>&nbsp;&nbsp;&nbsp;cpy_para_buff
<LI><a href="#[13a]">&gt;&gt;</a>&nbsp;&nbsp;&nbsp;delay_us
</UL>
<BR>[Called By]<UL><LI><a href="#[170]">&gt;&gt;</a>&nbsp;&nbsp;&nbsp;slack_status
</UL>

<P><STRONG><a name="[157]"></a>x_quickmove</STRONG> (Thumb, 18 bytes, Stack size 16 bytes, step_motor_drv.o(i.x_quickmove))
<BR><BR>[Stack]<UL><LI>Max Depth = 152<LI>Call Chain = x_quickmove &rArr; process_quickmove_data &rArr; delay_ms &rArr; rec_com &rArr; protocol &rArr; read_stepmotor_config_para &rArr; delay_us &rArr; bsp_DelayUs
</UL>
<BR>[Calls]<UL><LI><a href="#[159]">&gt;&gt;</a>&nbsp;&nbsp;&nbsp;process_quickmove_data
</UL>
<BR>[Called By]<UL><LI><a href="#[180]">&gt;&gt;</a>&nbsp;&nbsp;&nbsp;process_nop_move_pause
<LI><a href="#[152]">&gt;&gt;</a>&nbsp;&nbsp;&nbsp;go_beginpoint
</UL>

<P><STRONG><a name="[156]"></a>y_quickmove</STRONG> (Thumb, 18 bytes, Stack size 16 bytes, step_motor_drv.o(i.y_quickmove))
<BR><BR>[Stack]<UL><LI>Max Depth = 152<LI>Call Chain = y_quickmove &rArr; process_quickmove_data &rArr; delay_ms &rArr; rec_com &rArr; protocol &rArr; read_stepmotor_config_para &rArr; delay_us &rArr; bsp_DelayUs
</UL>
<BR>[Calls]<UL><LI><a href="#[159]">&gt;&gt;</a>&nbsp;&nbsp;&nbsp;process_quickmove_data
</UL>
<BR>[Called By]<UL><LI><a href="#[180]">&gt;&gt;</a>&nbsp;&nbsp;&nbsp;process_nop_move_pause
<LI><a href="#[152]">&gt;&gt;</a>&nbsp;&nbsp;&nbsp;go_beginpoint
</UL>

<P><STRONG><a name="[19f]"></a>zoom_in_one_stitch</STRONG> (Thumb, 326 bytes, Stack size 32 bytes, action.o(i.zoom_in_one_stitch))
<BR><BR>[Stack]<UL><LI>Max Depth = 128<LI>Call Chain = zoom_in_one_stitch &rArr; delay_ms &rArr; rec_com &rArr; protocol &rArr; read_stepmotor_config_para &rArr; delay_us &rArr; bsp_DelayUs
</UL>
<BR>[Calls]<UL><LI><a href="#[123]">&gt;&gt;</a>&nbsp;&nbsp;&nbsp;turn_on_io
<LI><a href="#[124]">&gt;&gt;</a>&nbsp;&nbsp;&nbsp;turn_off_io
<LI><a href="#[b4]">&gt;&gt;</a>&nbsp;&nbsp;&nbsp;rec_com
<LI><a href="#[11f]">&gt;&gt;</a>&nbsp;&nbsp;&nbsp;delay_ms
<LI><a href="#[13b]">&gt;&gt;</a>&nbsp;&nbsp;&nbsp;movestep_y
<LI><a href="#[139]">&gt;&gt;</a>&nbsp;&nbsp;&nbsp;movestep_x
<LI><a href="#[13a]">&gt;&gt;</a>&nbsp;&nbsp;&nbsp;delay_us
<LI><a href="#[11d]">&gt;&gt;</a>&nbsp;&nbsp;&nbsp;sewing_stop
<LI><a href="#[11e]">&gt;&gt;</a>&nbsp;&nbsp;&nbsp;inpress_up
</UL>
<BR>[Called By]<UL><LI><a href="#[16a]">&gt;&gt;</a>&nbsp;&nbsp;&nbsp;run_status
</UL>

<P><STRONG><a name="[1a0]"></a>zpl_process</STRONG> (Thumb, 166 bytes, Stack size 8 bytes, action.o(i.zpl_process))
<BR><BR>[Stack]<UL><LI>Max Depth = 108<LI>Call Chain = zpl_process &rArr; check_data &rArr; ChangeY
</UL>
<BR>[Calls]<UL><LI><a href="#[14a]">&gt;&gt;</a>&nbsp;&nbsp;&nbsp;check_io_level
<LI><a href="#[153]">&gt;&gt;</a>&nbsp;&nbsp;&nbsp;process_data
<LI><a href="#[116]">&gt;&gt;</a>&nbsp;&nbsp;&nbsp;check_data
<LI><a href="#[19e]">&gt;&gt;</a>&nbsp;&nbsp;&nbsp;calculate_angle
</UL>
<BR>[Called By]<UL><LI><a href="#[16a]">&gt;&gt;</a>&nbsp;&nbsp;&nbsp;run_status
</UL>

<P><STRONG><a name="[76]"></a>_fp_init</STRONG> (Thumb, 10 bytes, Stack size 0 bytes, fpinit.o(x$fpl$fpinit))
<BR><BR>[Called By]<UL><LI><a href="#[75]">&gt;&gt;</a>&nbsp;&nbsp;&nbsp;__rt_lib_init_fp_1
</UL>

<P><STRONG><a name="[1e5]"></a>__fplib_config_fpu_vfp</STRONG> (Thumb, 0 bytes, Stack size unknown bytes, fpinit.o(x$fpl$fpinit), UNUSED)

<P><STRONG><a name="[1e6]"></a>__fplib_config_pureend_doubles</STRONG> (Thumb, 0 bytes, Stack size unknown bytes, fpinit.o(x$fpl$fpinit), UNUSED)
<P>
<H3>
Local Symbols
</H3>
<P><STRONG><a name="[c5]"></a>XMC_GPIO_SetOutputLow</STRONG> (Thumb, 10 bytes, Stack size 0 bytes, app_init.o(i.XMC_GPIO_SetOutputLow))
<BR><BR>[Called By]<UL><LI><a href="#[bd]">&gt;&gt;</a>&nbsp;&nbsp;&nbsp;System_Init
</UL>

<P><STRONG><a name="[c8]"></a>XMC_VADC_GROUP_GetResult</STRONG> (Thumb, 14 bytes, Stack size 0 bytes, bsp_adc.o(i.XMC_VADC_GROUP_GetResult))
<BR><BR>[Called By]<UL><LI><a href="#[1a]">&gt;&gt;</a>&nbsp;&nbsp;&nbsp;VADC0_G0_0_IRQHandler
</UL>

<P><STRONG><a name="[d1]"></a>XMC_VADC_GROUP_QueueInsertChannel</STRONG> (Thumb, 10 bytes, Stack size 12 bytes, bsp_adc.o(i.XMC_VADC_GROUP_QueueInsertChannel))
<BR><BR>[Stack]<UL><LI>Max Depth = 12<LI>Call Chain = XMC_VADC_GROUP_QueueInsertChannel
</UL>
<BR>[Called By]<UL><LI><a href="#[c0]">&gt;&gt;</a>&nbsp;&nbsp;&nbsp;VADC_Config_Init
</UL>

<P><STRONG><a name="[cd]"></a>XMC_VADC_GROUP_ResultInit</STRONG> (Thumb, 14 bytes, Stack size 8 bytes, bsp_adc.o(i.XMC_VADC_GROUP_ResultInit))
<BR><BR>[Stack]<UL><LI>Max Depth = 8<LI>Call Chain = XMC_VADC_GROUP_ResultInit
</UL>
<BR>[Called By]<UL><LI><a href="#[c0]">&gt;&gt;</a>&nbsp;&nbsp;&nbsp;VADC_Config_Init
</UL>

<P><STRONG><a name="[9b]"></a>XMC_GPIO_SetOutputHigh</STRONG> (Thumb, 8 bytes, Stack size 0 bytes, bsp_rs485.o(i.XMC_GPIO_SetOutputHigh))
<BR><BR>[Called By]<UL><LI><a href="#[9a]">&gt;&gt;</a>&nbsp;&nbsp;&nbsp;Rs485_WriteEn
</UL>

<P><STRONG><a name="[99]"></a>XMC_GPIO_SetOutputLow</STRONG> (Thumb, 10 bytes, Stack size 0 bytes, bsp_rs485.o(i.XMC_GPIO_SetOutputLow))
<BR><BR>[Called By]<UL><LI><a href="#[98]">&gt;&gt;</a>&nbsp;&nbsp;&nbsp;Rs485_ReceiveEn
</UL>

<P><STRONG><a name="[10a]"></a>XMC_USIC_CH_EnableEvent</STRONG> (Thumb, 8 bytes, Stack size 0 bytes, bsp_rs485.o(i.XMC_USIC_CH_EnableEvent))
<BR><BR>[Called By]<UL><LI><a href="#[c2]">&gt;&gt;</a>&nbsp;&nbsp;&nbsp;bsp_Rs485Init
</UL>

<P><STRONG><a name="[10c]"></a>__NVIC_EnableIRQ</STRONG> (Thumb, 26 bytes, Stack size 0 bytes, bsp_rs485.o(i.__NVIC_EnableIRQ))
<BR><BR>[Called By]<UL><LI><a href="#[c2]">&gt;&gt;</a>&nbsp;&nbsp;&nbsp;bsp_Rs485Init
</UL>

<P><STRONG><a name="[10b]"></a>__NVIC_SetPriority</STRONG> (Thumb, 32 bytes, Stack size 8 bytes, bsp_rs485.o(i.__NVIC_SetPriority))
<BR><BR>[Stack]<UL><LI>Max Depth = 8<LI>Call Chain = __NVIC_SetPriority
</UL>
<BR>[Called By]<UL><LI><a href="#[c2]">&gt;&gt;</a>&nbsp;&nbsp;&nbsp;bsp_Rs485Init
</UL>

<P><STRONG><a name="[113]"></a>NVIC_EncodePriority</STRONG> (Thumb, 64 bytes, Stack size 20 bytes, bsp_spibus.o(i.NVIC_EncodePriority))
<BR><BR>[Stack]<UL><LI>Max Depth = 20<LI>Call Chain = NVIC_EncodePriority
</UL>
<BR>[Called By]<UL><LI><a href="#[c3]">&gt;&gt;</a>&nbsp;&nbsp;&nbsp;bsp_Spi_Master_Init
</UL>

<P><STRONG><a name="[115]"></a>__NVIC_EnableIRQ</STRONG> (Thumb, 26 bytes, Stack size 0 bytes, bsp_spibus.o(i.__NVIC_EnableIRQ))
<BR><BR>[Called By]<UL><LI><a href="#[c3]">&gt;&gt;</a>&nbsp;&nbsp;&nbsp;bsp_Spi_Master_Init
</UL>

<P><STRONG><a name="[112]"></a>__NVIC_GetPriorityGrouping</STRONG> (Thumb, 10 bytes, Stack size 0 bytes, bsp_spibus.o(i.__NVIC_GetPriorityGrouping))
<BR><BR>[Called By]<UL><LI><a href="#[c3]">&gt;&gt;</a>&nbsp;&nbsp;&nbsp;bsp_Spi_Master_Init
</UL>

<P><STRONG><a name="[114]"></a>__NVIC_SetPriority</STRONG> (Thumb, 32 bytes, Stack size 8 bytes, bsp_spibus.o(i.__NVIC_SetPriority))
<BR><BR>[Stack]<UL><LI>Max Depth = 8<LI>Call Chain = __NVIC_SetPriority
</UL>
<BR>[Called By]<UL><LI><a href="#[c3]">&gt;&gt;</a>&nbsp;&nbsp;&nbsp;bsp_Spi_Master_Init
</UL>

<P><STRONG><a name="[106]"></a>XMC_CCU4_SLICE_ClearEvent</STRONG> (Thumb, 16 bytes, Stack size 0 bytes, bsp_delay.o(i.XMC_CCU4_SLICE_ClearEvent))
<BR><BR>[Called By]<UL><LI><a href="#[108]">&gt;&gt;</a>&nbsp;&nbsp;&nbsp;bsp_DelayUs
<LI><a href="#[104]">&gt;&gt;</a>&nbsp;&nbsp;&nbsp;bsp_DelayMs
</UL>

<P><STRONG><a name="[107]"></a>XMC_CCU4_SLICE_GetEvent</STRONG> (Thumb, 22 bytes, Stack size 0 bytes, bsp_delay.o(i.XMC_CCU4_SLICE_GetEvent))
<BR><BR>[Called By]<UL><LI><a href="#[108]">&gt;&gt;</a>&nbsp;&nbsp;&nbsp;bsp_DelayUs
<LI><a href="#[104]">&gt;&gt;</a>&nbsp;&nbsp;&nbsp;bsp_DelayMs
</UL>

<P><STRONG><a name="[105]"></a>XMC_CCU4_SLICE_SetTimerValue</STRONG> (Thumb, 4 bytes, Stack size 0 bytes, bsp_delay.o(i.XMC_CCU4_SLICE_SetTimerValue))
<BR><BR>[Called By]<UL><LI><a href="#[108]">&gt;&gt;</a>&nbsp;&nbsp;&nbsp;bsp_DelayUs
<LI><a href="#[104]">&gt;&gt;</a>&nbsp;&nbsp;&nbsp;bsp_DelayMs
</UL>

<P><STRONG><a name="[a6]"></a>SPI_MASTER_lFIFORead</STRONG> (Thumb, 116 bytes, Stack size 24 bytes, spi_master.o(i.SPI_MASTER_lFIFORead))
<BR><BR>[Stack]<UL><LI>Max Depth = 24<LI>Call Chain = SPI_MASTER_lFIFORead
</UL>
<BR>[Calls]<UL><LI><a href="#[a8]">&gt;&gt;</a>&nbsp;&nbsp;&nbsp;XMC_USIC_CH_RXFIFO_DisableEvent
<LI><a href="#[a7]">&gt;&gt;</a>&nbsp;&nbsp;&nbsp;XMC_SPI_CH_GetReceivedData
</UL>
<BR>[Called By]<UL><LI><a href="#[a9]">&gt;&gt;</a>&nbsp;&nbsp;&nbsp;SPI_MASTER_lReceiveHandler
</UL>

<P><STRONG><a name="[aa]"></a>SPI_MASTER_lReconfigureRxFIFO</STRONG> (Thumb, 70 bytes, Stack size 24 bytes, spi_master.o(i.SPI_MASTER_lReconfigureRxFIFO))
<BR><BR>[Stack]<UL><LI>Max Depth = 24<LI>Call Chain = SPI_MASTER_lReconfigureRxFIFO
</UL>
<BR>[Calls]<UL><LI><a href="#[ad]">&gt;&gt;</a>&nbsp;&nbsp;&nbsp;XMC_USIC_CH_RXFIFO_SetSizeTriggerLimit
</UL>
<BR>[Called By]<UL><LI><a href="#[a9]">&gt;&gt;</a>&nbsp;&nbsp;&nbsp;SPI_MASTER_lReceiveHandler
</UL>

<P><STRONG><a name="[ab]"></a>XMC_USIC_CH_GetReceiveBufferStatus</STRONG> (Thumb, 10 bytes, Stack size 0 bytes, spi_master.o(i.XMC_USIC_CH_GetReceiveBufferStatus))
<BR><BR>[Called By]<UL><LI><a href="#[a9]">&gt;&gt;</a>&nbsp;&nbsp;&nbsp;SPI_MASTER_lReceiveHandler
</UL>

<P><STRONG><a name="[a8]"></a>XMC_USIC_CH_RXFIFO_DisableEvent</STRONG> (Thumb, 12 bytes, Stack size 0 bytes, spi_master.o(i.XMC_USIC_CH_RXFIFO_DisableEvent))
<BR><BR>[Called By]<UL><LI><a href="#[a6]">&gt;&gt;</a>&nbsp;&nbsp;&nbsp;SPI_MASTER_lFIFORead
<LI><a href="#[a9]">&gt;&gt;</a>&nbsp;&nbsp;&nbsp;SPI_MASTER_lReceiveHandler
</UL>

<P><STRONG><a name="[b1]"></a>XMC_USIC_CH_TXFIFO_DisableEvent</STRONG> (Thumb, 12 bytes, Stack size 0 bytes, spi_master.o(i.XMC_USIC_CH_TXFIFO_DisableEvent))
<BR><BR>[Called By]<UL><LI><a href="#[ae]">&gt;&gt;</a>&nbsp;&nbsp;&nbsp;SPI_MASTER_lTransmitHandler
</UL>

<P><STRONG><a name="[af]"></a>XMC_USIC_CH_TXFIFO_PutDataHPCMode</STRONG> (Thumb, 10 bytes, Stack size 0 bytes, spi_master.o(i.XMC_USIC_CH_TXFIFO_PutDataHPCMode))
<BR><BR>[Called By]<UL><LI><a href="#[ae]">&gt;&gt;</a>&nbsp;&nbsp;&nbsp;SPI_MASTER_lTransmitHandler
</UL>

<P><STRONG><a name="[b0]"></a>XMC_USIC_CH_WriteToTBUFTCI</STRONG> (Thumb, 10 bytes, Stack size 0 bytes, spi_master.o(i.XMC_USIC_CH_WriteToTBUFTCI))
<BR><BR>[Called By]<UL><LI><a href="#[ae]">&gt;&gt;</a>&nbsp;&nbsp;&nbsp;SPI_MASTER_lTransmitHandler
</UL>

<P><STRONG><a name="[70]"></a>SPI_MASTER_0_lInit</STRONG> (Thumb, 334 bytes, Stack size 16 bytes, spi_master_conf.o(i.SPI_MASTER_0_lInit))
<BR><BR>[Stack]<UL><LI>Max Depth = 88<LI>Call Chain = SPI_MASTER_0_lInit &rArr; XMC_SPI_CH_Init &rArr; XMC_USIC_CH_SetBaudrate
</UL>
<BR>[Calls]<UL><LI><a href="#[8a]">&gt;&gt;</a>&nbsp;&nbsp;&nbsp;XMC_GPIO_Init
<LI><a href="#[a3]">&gt;&gt;</a>&nbsp;&nbsp;&nbsp;XMC_USIC_CH_TXFIFO_SetInterruptNodePointer
<LI><a href="#[a2]">&gt;&gt;</a>&nbsp;&nbsp;&nbsp;XMC_USIC_CH_TXFIFO_Configure
<LI><a href="#[a5]">&gt;&gt;</a>&nbsp;&nbsp;&nbsp;XMC_USIC_CH_RXFIFO_SetInterruptNodePointer
<LI><a href="#[a4]">&gt;&gt;</a>&nbsp;&nbsp;&nbsp;XMC_USIC_CH_RXFIFO_Configure
<LI><a href="#[a0]">&gt;&gt;</a>&nbsp;&nbsp;&nbsp;XMC_SPI_CH_Init
<LI><a href="#[a1]">&gt;&gt;</a>&nbsp;&nbsp;&nbsp;XMC_USIC_CH_SetInterruptNodePointer
</UL>
<BR>[Address Reference Count : 1]<UL><LI> spi_master_conf.o(.constdata)
</UL>
<P><STRONG><a name="[8b]"></a>CAN_NODE_SetNodeEvents</STRONG> (Thumb, 76 bytes, Stack size 16 bytes, can_node.o(i.CAN_NODE_SetNodeEvents))
<BR><BR>[Stack]<UL><LI>Max Depth = 32<LI>Call Chain = CAN_NODE_SetNodeEvents &rArr; CAN_NODE_SetNodePointer &rArr; XMC_CAN_NODE_SetEventNodePointer
</UL>
<BR>[Calls]<UL><LI><a href="#[92]">&gt;&gt;</a>&nbsp;&nbsp;&nbsp;XMC_CAN_NODE_EnableEvent
<LI><a href="#[91]">&gt;&gt;</a>&nbsp;&nbsp;&nbsp;CAN_NODE_SetNodePointer
</UL>
<BR>[Called By]<UL><LI><a href="#[87]">&gt;&gt;</a>&nbsp;&nbsp;&nbsp;CAN_NODE_Init
</UL>

<P><STRONG><a name="[91]"></a>CAN_NODE_SetNodePointer</STRONG> (Thumb, 62 bytes, Stack size 8 bytes, can_node.o(i.CAN_NODE_SetNodePointer))
<BR><BR>[Stack]<UL><LI>Max Depth = 16<LI>Call Chain = CAN_NODE_SetNodePointer &rArr; XMC_CAN_NODE_SetEventNodePointer
</UL>
<BR>[Calls]<UL><LI><a href="#[93]">&gt;&gt;</a>&nbsp;&nbsp;&nbsp;XMC_CAN_NODE_SetEventNodePointer
</UL>
<BR>[Called By]<UL><LI><a href="#[8b]">&gt;&gt;</a>&nbsp;&nbsp;&nbsp;CAN_NODE_SetNodeEvents
</UL>

<P><STRONG><a name="[90]"></a>XMC_CAN_MO_EnableEvent</STRONG> (Thumb, 12 bytes, Stack size 0 bytes, can_node.o(i.XMC_CAN_MO_EnableEvent))
<BR><BR>[Called By]<UL><LI><a href="#[8d]">&gt;&gt;</a>&nbsp;&nbsp;&nbsp;CAN_NODE_MO_Init
</UL>

<P><STRONG><a name="[8f]"></a>XMC_CAN_MO_SetEventNodePointer</STRONG> (Thumb, 24 bytes, Stack size 8 bytes, can_node.o(i.XMC_CAN_MO_SetEventNodePointer))
<BR><BR>[Stack]<UL><LI>Max Depth = 8<LI>Call Chain = XMC_CAN_MO_SetEventNodePointer
</UL>
<BR>[Called By]<UL><LI><a href="#[8d]">&gt;&gt;</a>&nbsp;&nbsp;&nbsp;CAN_NODE_MO_Init
</UL>

<P><STRONG><a name="[93]"></a>XMC_CAN_NODE_SetEventNodePointer</STRONG> (Thumb, 20 bytes, Stack size 8 bytes, can_node.o(i.XMC_CAN_NODE_SetEventNodePointer))
<BR><BR>[Stack]<UL><LI>Max Depth = 8<LI>Call Chain = XMC_CAN_NODE_SetEventNodePointer
</UL>
<BR>[Called By]<UL><LI><a href="#[91]">&gt;&gt;</a>&nbsp;&nbsp;&nbsp;CAN_NODE_SetNodePointer
</UL>

<P><STRONG><a name="[b6]"></a>XMC_GPIO_GetInput</STRONG> (Thumb, 12 bytes, Stack size 0 bytes, watch.o(i.XMC_GPIO_GetInput))
<BR><BR>[Called By]<UL><LI><a href="#[94]">&gt;&gt;</a>&nbsp;&nbsp;&nbsp;Sys_Watch
</UL>

<P><STRONG><a name="[b8]"></a>delay</STRONG> (Thumb, 24 bytes, Stack size 8 bytes, system_xmc4400.o(i.delay))
<BR><BR>[Stack]<UL><LI>Max Depth = 8<LI>Call Chain = delay
</UL>
<BR>[Called By]<UL><LI><a href="#[b7]">&gt;&gt;</a>&nbsp;&nbsp;&nbsp;SystemCoreClockSetup
</UL>

<P><STRONG><a name="[d6]"></a>min</STRONG> (Thumb, 14 bytes, Stack size 0 bytes, xmc_can.o(i.min))
<BR><BR>[Called By]<UL><LI><a href="#[96]">&gt;&gt;</a>&nbsp;&nbsp;&nbsp;XMC_CAN_Init
</UL>

<P><STRONG><a name="[fc]"></a>XMC_VADC_GROUP_QueueDisableArbitrationSlot</STRONG> (Thumb, 14 bytes, Stack size 0 bytes, xmc_vadc.o(i.XMC_VADC_GROUP_QueueDisableArbitrationSlot))
<BR><BR>[Called By]<UL><LI><a href="#[cb]">&gt;&gt;</a>&nbsp;&nbsp;&nbsp;XMC_VADC_GROUP_QueueInit
</UL>

<P><STRONG><a name="[f3]"></a>XMC_SCU_lDelay</STRONG> (Thumb, 34 bytes, Stack size 16 bytes, xmc4_scu.o(i.XMC_SCU_lDelay))
<BR><BR>[Stack]<UL><LI>Max Depth = 32<LI>Call Chain = XMC_SCU_lDelay &rArr; SystemCoreClockUpdate
</UL>
<BR>[Calls]<UL><LI><a href="#[ba]">&gt;&gt;</a>&nbsp;&nbsp;&nbsp;SystemCoreClockUpdate
</UL>
<BR>[Called By]<UL><LI><a href="#[f5]">&gt;&gt;</a>&nbsp;&nbsp;&nbsp;XMC_SCU_CLOCK_StepSystemPllFrequency
<LI><a href="#[ea]">&gt;&gt;</a>&nbsp;&nbsp;&nbsp;XMC_SCU_CLOCK_SetBackupClockCalibrationMode
</UL>
<P>
<H3>
Undefined Global Symbols
</H3><HR></body></html>
