<html>
<body>
<pre>
<h1>µVision Build Log</h1>
<h2>Tool Versions:</h2>
IDE-Version: ¦ÌVision V5.25.2.0
Copyright (C) 2018 ARM Ltd and ARM Germany GmbH. All rights reserved.
License Information: a Microsoft, Microsoft, LIC=SDAY8-356R3-GJ46P-M9GJG-A9NMB-C3GEC
 
Tool Versions:
Toolchain:       MDK-ARM Plus  Version: 5.25.2.0
Toolchain Path:  D:\Keil_v5\ARM\ARMCC\Bin
C Compiler:      Armcc.exe V5.06 update 6 (build 750)
Assembler:       Armasm.exe V5.06 update 6 (build 750)
Linker/Locator:  ArmLink.exe V5.06 update 6 (build 750)
Library Manager: ArmAr.exe V5.06 update 6 (build 750)
Hex Converter:   FromElf.exe V5.06 update 6 (build 750)
CPU DLL:         SARMCM3.DLL V5.25.2.0
Dialog DLL:      DCM.DLL V1.17.1.0
Target DLL:      Segger\JL2CM3.dll V2.99.29.0
Dialog DLL:      TCM.DLL V1.35.1.0
 
<h2>Project:</h2>
E:\zla_git\sixth_generation_pattern_machine\project_code\Project\MDKARM\XmcProject.uvprojx
Project File Date:  01/30/2019

<h2>Output:</h2>
*** Using Compiler 'V5.06 update 6 (build 750)', folder: 'D:\Keil_v5\ARM\ARMCC\Bin'
Build target 'Debug'
compiling action.c...
..\..\Applications\User\src\action.c(1609): warning:  #177-D: variable "temp16"  was declared but never referenced
  	uint16_t temp16;
..\..\Applications\User\src\action.c(1610): warning:  #177-D: variable "ret"  was declared but never referenced
  	int8_t ret;
..\..\Applications\User\src\action.c(2199): warning:  #550-D: variable "c_flag"  was set but never used
  	uint8_t temp8,max8,c_flag;
..\..\Applications\User\src\action.c(4991): warning:  #550-D: variable "action_flag0"  was set but never used
  	uint8_t action_flag0,action_flag1,action_flag2,action_flag3,action_flag4,action_flag5;
..\..\Applications\User\src\action.c(4991): warning:  #550-D: variable "action_flag1"  was set but never used
  	uint8_t action_flag0,action_flag1,action_flag2,action_flag3,action_flag4,action_flag5;
..\..\Applications\User\src\action.c(4992): warning:  #177-D: variable "max_angle"  was declared but never referenced
  	int16_t inpress_up_angle,inpress_down_angle,max_angle;
..\..\Applications\User\src\action.c(5205): warning:  #177-D: variable "tmp"  was declared but never referenced
  	int8_t tmp_x,tmp_y,remain_x,remain_y,i,tmp,flag;
..\..\Applications\User\src\action.c(5205): warning:  #177-D: variable "flag"  was declared but never referenced
  	int8_t tmp_x,tmp_y,remain_x,remain_y,i,tmp,flag;
..\..\Applications\User\src\action.c(5207): warning:  #177-D: variable "action_flag0"  was declared but never referenced
  	uint8_t action_flag0,action_flag1,action_flag2,action_flag3,action_flag4;
..\..\Applications\User\src\action.c(5207): warning:  #177-D: variable "action_flag1"  was declared but never referenced
  	uint8_t action_flag0,action_flag1,action_flag2,action_flag3,action_flag4;
..\..\Applications\User\src\action.c(5207): warning:  #177-D: variable "action_flag2"  was declared but never referenced
  	uint8_t action_flag0,action_flag1,action_flag2,action_flag3,action_flag4;
..\..\Applications\User\src\action.c(5207): warning:  #177-D: variable "action_flag3"  was declared but never referenced
  	uint8_t action_flag0,action_flag1,action_flag2,action_flag3,action_flag4;
..\..\Applications\User\src\action.c(5207): warning:  #177-D: variable "action_flag4"  was declared but never referenced
  	uint8_t action_flag0,action_flag1,action_flag2,action_flag3,action_flag4;
..\..\Applications\User\src\action.c: 13 warnings, 0 errors
compiling stepper_function.c...
..\..\Applications\User\src\stepper_function.c(1899): warning:  #186-D: pointless comparison of unsigned integer with zero
  	if( !CHECK_001A_BBBB_PARA(p_motor_handle->cfg_para.BBBB_working_mode) )
..\..\Applications\User\src\stepper_function.c: 1 warning, 0 errors
linking...
Program Size: Code=118196 RO-data=14412 RW-data=13520 ZI-data=34432  
FromELF: creating hex file...
After Build - User command #1: fromelf --bin --output "E:\zla_git\sixth_generation_pattern_machine\project_code\Project\MDKARM\Objects\XmcProject.bin"  "E:\zla_git\sixth_generation_pattern_machine\project_code\Project\MDKARM\Objects\XmcProject.axf"
".\Objects\XmcProject.axf" - 0 Error(s), 14 Warning(s).

<h2>Software Packages used:</h2>

Package Vendor: ARM
                http://www.keil.com/pack/ARM.CMSIS.5.3.0.pack
                ARM.CMSIS.5.3.0
                CMSIS (Cortex Microcontroller Software Interface Standard)
   * Component: DSP Version: 1.5.2

Package Vendor: Infineon
                http://dave.infineon.com/Libraries/CMSIS_PACK/Infineon.XMC4000_DFP.2.10.0.pack
                Infineon.XMC4000_DFP.2.10.0
                Infineon XMC4000 Series Device Support, Drivers and Examples
      Note: The new PACK download address is http://dave.infineon.com/Libraries/CMSIS_PACK/

<h2>Collection of Component include folders:</h2>
  .\RTE\_Debug
  D:\Keil_v5\ARM\PACK\ARM\CMSIS\5.3.0\CMSIS\Include
  D:\Keil_v5\ARM\PACK\Infineon\XMC4000_DFP\2.10.0\Device\XMC4400_series\Include

<h2>Collection of Component Files used:</h2>

   * Component: ARM::CMSIS:DSP:1.5.2
      Include file:  CMSIS\Include\arm_math.h
      Library file:  CMSIS\Lib\ARM\arm_cortexM4lf_math.lib
Build Time Elapsed:  00:00:05
</pre>
</body>
</html>
